Command line invocation:
    /Applications/Xcode.app/Contents/Developer/usr/bin/xcodebuild -project Web.xcodeproj -scheme Web -configuration Debug build

Resolve Package Graph


Resolved source packages:
  swift-collections: https://github.com/apple/swift-collections.git @ 1.2.0
  swift-transformers: https://github.com/huggingface/swift-transformers @ 0.1.22
  mlx-libraries: https://github.com/ml-explore/mlx-swift-examples @ main (6a5d1df)
  Jinja: https://github.com/johnmai-dev/Jinja @ 1.2.1
  mlx-swift: https://github.com/ml-explore/mlx-swift @ main (96c0f69)
  Gzip: https://github.com/1024jp/GzipSwift @ 6.0.1
  swift-argument-parser: https://github.com/apple/swift-argument-parser.git @ 1.4.0
  swift-numerics: https://github.com/apple/swift-numerics @ 1.0.3

2026-02-01 04:53:23.308 xcodebuild[19813:1339002] [MT] IDERunDestination: Supported platforms for the buildables in the current scheme is empty.
--- xcodebuild: WARNING: Using the first of multiple matching destinations:
{ platform:macOS, arch:arm64, id:00008103-001C05400179001E, name:My Mac }
{ platform:macOS, arch:x86_64, id:00008103-001C05400179001E, name:My Mac }
{ platform:macOS, name:Any Mac }
ComputePackagePrebuildTargetDependencyGraph

Prepare packages

CreateBuildRequest

SendProjectDescription

CreateBuildOperation

ComputeTargetDependencyGraph
note: Building targets in dependency order
note: Target dependency graph (36 targets)
    Target 'Web' in project 'Web'
        ➜ Explicit dependency on target 'MLXLLM' in project 'mlx-libraries'
        ➜ Explicit dependency on target 'MLXOptimizers' in project 'mlx-swift'
        ➜ Explicit dependency on target 'MLXNN' in project 'mlx-swift'
        ➜ Explicit dependency on target 'MLX' in project 'mlx-swift'
        ➜ Explicit dependency on target 'MLXLMCommon' in project 'mlx-libraries'
    Target 'MLXLMCommon' in project 'mlx-libraries'
        ➜ Explicit dependency on target 'MLXLMCommon' in project 'mlx-libraries'
        ➜ Explicit dependency on target 'MLX' in project 'mlx-swift'
        ➜ Explicit dependency on target 'MLXNN' in project 'mlx-swift'
        ➜ Explicit dependency on target 'MLXOptimizers' in project 'mlx-swift'
        ➜ Explicit dependency on target 'MLXRandom' in project 'mlx-swift'
        ➜ Explicit dependency on target 'MLXLinalg' in project 'mlx-swift'
        ➜ Explicit dependency on target 'Transformers' in project 'swift-transformers'
    Target 'MLXLLM' in project 'mlx-libraries'
        ➜ Explicit dependency on target 'MLXLLM' in project 'mlx-libraries'
        ➜ Explicit dependency on target 'MLXLMCommon' in project 'mlx-libraries'
        ➜ Explicit dependency on target 'MLX' in project 'mlx-swift'
        ➜ Explicit dependency on target 'MLXNN' in project 'mlx-swift'
        ➜ Explicit dependency on target 'MLXOptimizers' in project 'mlx-swift'
        ➜ Explicit dependency on target 'MLXRandom' in project 'mlx-swift'
        ➜ Explicit dependency on target 'MLXLinalg' in project 'mlx-swift'
        ➜ Explicit dependency on target 'Transformers' in project 'swift-transformers'
        ➜ Explicit dependency on target 'MLXFast' in project 'mlx-swift'
    Target 'MLXLLM' in project 'mlx-libraries'
        ➜ Explicit dependency on target 'MLXLMCommon' in project 'mlx-libraries'
        ➜ Explicit dependency on target 'MLX' in project 'mlx-swift'
        ➜ Explicit dependency on target 'MLXNN' in project 'mlx-swift'
        ➜ Explicit dependency on target 'MLXOptimizers' in project 'mlx-swift'
        ➜ Explicit dependency on target 'MLXRandom' in project 'mlx-swift'
        ➜ Explicit dependency on target 'MLXLinalg' in project 'mlx-swift'
        ➜ Explicit dependency on target 'Transformers' in project 'swift-transformers'
        ➜ Explicit dependency on target 'MLXFast' in project 'mlx-swift'
    Target 'MLXFast' in project 'mlx-swift'
        ➜ Explicit dependency on target 'MLXFast' in project 'mlx-swift'
        ➜ Explicit dependency on target 'Cmlx' in project 'mlx-swift'
        ➜ Explicit dependency on target 'MLX' in project 'mlx-swift'
        ➜ Explicit dependency on target 'Numerics' in project 'swift-numerics'
    Target 'MLXLMCommon' in project 'mlx-libraries'
        ➜ Explicit dependency on target 'MLX' in project 'mlx-swift'
        ➜ Explicit dependency on target 'MLXNN' in project 'mlx-swift'
        ➜ Explicit dependency on target 'MLXOptimizers' in project 'mlx-swift'
        ➜ Explicit dependency on target 'MLXRandom' in project 'mlx-swift'
        ➜ Explicit dependency on target 'MLXLinalg' in project 'mlx-swift'
        ➜ Explicit dependency on target 'Transformers' in project 'swift-transformers'
    Target 'Transformers' in project 'swift-transformers'
        ➜ Explicit dependency on target 'Tokenizers' in project 'swift-transformers'
        ➜ Explicit dependency on target 'Generation' in project 'swift-transformers'
        ➜ Explicit dependency on target 'Models' in project 'swift-transformers'
        ➜ Explicit dependency on target 'Hub' in project 'swift-transformers'
        ➜ Explicit dependency on target 'TensorUtils' in project 'swift-transformers'
        ➜ Explicit dependency on target 'Jinja' in project 'Jinja'
    Target 'Models' in project 'swift-transformers'
        ➜ Explicit dependency on target 'Hub' in project 'swift-transformers'
        ➜ Explicit dependency on target 'Tokenizers' in project 'swift-transformers'
        ➜ Explicit dependency on target 'TensorUtils' in project 'swift-transformers'
        ➜ Explicit dependency on target 'Generation' in project 'swift-transformers'
        ➜ Explicit dependency on target 'Jinja' in project 'Jinja'
    Target 'Generation' in project 'swift-transformers'
        ➜ Explicit dependency on target 'Hub' in project 'swift-transformers'
        ➜ Explicit dependency on target 'Tokenizers' in project 'swift-transformers'
        ➜ Explicit dependency on target 'TensorUtils' in project 'swift-transformers'
        ➜ Explicit dependency on target 'Jinja' in project 'Jinja'
    Target 'TensorUtils' in project 'swift-transformers' (no dependencies)
    Target 'Tokenizers' in project 'swift-transformers'
        ➜ Explicit dependency on target 'Hub' in project 'swift-transformers'
        ➜ Explicit dependency on target 'Jinja' in project 'Jinja'
    Target 'Jinja' in project 'Jinja'
        ➜ Explicit dependency on target 'Jinja' in project 'Jinja'
        ➜ Explicit dependency on target 'OrderedCollections' in project 'swift-collections'
    Target 'Jinja' in project 'Jinja'
        ➜ Explicit dependency on target 'OrderedCollections' in project 'swift-collections'
    Target 'OrderedCollections' in project 'swift-collections'
        ➜ Explicit dependency on target 'OrderedCollections' in project 'swift-collections'
        ➜ Explicit dependency on target 'InternalCollectionsUtilities' in project 'swift-collections'
    Target 'OrderedCollections' in project 'swift-collections'
        ➜ Explicit dependency on target 'InternalCollectionsUtilities' in project 'swift-collections'
    Target 'InternalCollectionsUtilities' in project 'swift-collections' (no dependencies)
    Target 'Hub' in project 'swift-transformers'
        ➜ Explicit dependency on target 'swift-transformers_Hub' in project 'swift-transformers'
    Target 'swift-transformers_Hub' in project 'swift-transformers' (no dependencies)
    Target 'MLXLinalg' in project 'mlx-swift'
        ➜ Explicit dependency on target 'MLXLinalg' in project 'mlx-swift'
        ➜ Explicit dependency on target 'Cmlx' in project 'mlx-swift'
        ➜ Explicit dependency on target 'MLX' in project 'mlx-swift'
        ➜ Explicit dependency on target 'Numerics' in project 'swift-numerics'
    Target 'MLXLinalg' in project 'mlx-swift'
        ➜ Explicit dependency on target 'Cmlx' in project 'mlx-swift'
        ➜ Explicit dependency on target 'MLX' in project 'mlx-swift'
        ➜ Explicit dependency on target 'Numerics' in project 'swift-numerics'
    Target 'MLXRandom' in project 'mlx-swift'
        ➜ Explicit dependency on target 'MLXRandom' in project 'mlx-swift'
        ➜ Explicit dependency on target 'Cmlx' in project 'mlx-swift'
        ➜ Explicit dependency on target 'MLX' in project 'mlx-swift'
        ➜ Explicit dependency on target 'Numerics' in project 'swift-numerics'
    Target 'MLXOptimizers' in project 'mlx-swift'
        ➜ Explicit dependency on target 'MLXOptimizers' in project 'mlx-swift'
        ➜ Explicit dependency on target 'Cmlx' in project 'mlx-swift'
        ➜ Explicit dependency on target 'MLX' in project 'mlx-swift'
        ➜ Explicit dependency on target 'MLXRandom' in project 'mlx-swift'
        ➜ Explicit dependency on target 'MLXFast' in project 'mlx-swift'
        ➜ Explicit dependency on target 'MLXNN' in project 'mlx-swift'
        ➜ Explicit dependency on target 'Numerics' in project 'swift-numerics'
    Target 'MLXOptimizers' in project 'mlx-swift'
        ➜ Explicit dependency on target 'Cmlx' in project 'mlx-swift'
        ➜ Explicit dependency on target 'MLX' in project 'mlx-swift'
        ➜ Explicit dependency on target 'MLXRandom' in project 'mlx-swift'
        ➜ Explicit dependency on target 'MLXFast' in project 'mlx-swift'
        ➜ Explicit dependency on target 'MLXNN' in project 'mlx-swift'
        ➜ Explicit dependency on target 'Numerics' in project 'swift-numerics'
    Target 'MLXNN' in project 'mlx-swift'
        ➜ Explicit dependency on target 'MLXNN' in project 'mlx-swift'
        ➜ Explicit dependency on target 'Cmlx' in project 'mlx-swift'
        ➜ Explicit dependency on target 'MLX' in project 'mlx-swift'
        ➜ Explicit dependency on target 'MLXRandom' in project 'mlx-swift'
        ➜ Explicit dependency on target 'MLXFast' in project 'mlx-swift'
        ➜ Explicit dependency on target 'Numerics' in project 'swift-numerics'
    Target 'MLXNN' in project 'mlx-swift'
        ➜ Explicit dependency on target 'Cmlx' in project 'mlx-swift'
        ➜ Explicit dependency on target 'MLX' in project 'mlx-swift'
        ➜ Explicit dependency on target 'MLXRandom' in project 'mlx-swift'
        ➜ Explicit dependency on target 'MLXFast' in project 'mlx-swift'
        ➜ Explicit dependency on target 'Numerics' in project 'swift-numerics'
    Target 'MLXFast' in project 'mlx-swift'
        ➜ Explicit dependency on target 'Cmlx' in project 'mlx-swift'
        ➜ Explicit dependency on target 'MLX' in project 'mlx-swift'
        ➜ Explicit dependency on target 'Numerics' in project 'swift-numerics'
    Target 'MLXRandom' in project 'mlx-swift'
        ➜ Explicit dependency on target 'Cmlx' in project 'mlx-swift'
        ➜ Explicit dependency on target 'MLX' in project 'mlx-swift'
        ➜ Explicit dependency on target 'Numerics' in project 'swift-numerics'
    Target 'MLX' in project 'mlx-swift'
        ➜ Explicit dependency on target 'MLX' in project 'mlx-swift'
        ➜ Explicit dependency on target 'Cmlx' in project 'mlx-swift'
        ➜ Explicit dependency on target 'Numerics' in project 'swift-numerics'
    Target 'MLX' in project 'mlx-swift'
        ➜ Explicit dependency on target 'Cmlx' in project 'mlx-swift'
        ➜ Explicit dependency on target 'Numerics' in project 'swift-numerics'
    Target 'Numerics' in project 'swift-numerics'
        ➜ Explicit dependency on target 'Numerics' in project 'swift-numerics'
        ➜ Explicit dependency on target '_NumericsShims' in project 'swift-numerics'
        ➜ Explicit dependency on target 'RealModule' in project 'swift-numerics'
        ➜ Explicit dependency on target 'ComplexModule' in project 'swift-numerics'
    Target 'Numerics' in project 'swift-numerics'
        ➜ Explicit dependency on target '_NumericsShims' in project 'swift-numerics'
        ➜ Explicit dependency on target 'RealModule' in project 'swift-numerics'
        ➜ Explicit dependency on target 'ComplexModule' in project 'swift-numerics'
    Target 'ComplexModule' in project 'swift-numerics'
        ➜ Explicit dependency on target '_NumericsShims' in project 'swift-numerics'
        ➜ Explicit dependency on target 'RealModule' in project 'swift-numerics'
    Target 'RealModule' in project 'swift-numerics'
        ➜ Explicit dependency on target '_NumericsShims' in project 'swift-numerics'
    Target '_NumericsShims' in project 'swift-numerics' (no dependencies)
    Target 'Cmlx' in project 'mlx-swift'
        ➜ Explicit dependency on target 'mlx-swift_Cmlx' in project 'mlx-swift'
    Target 'mlx-swift_Cmlx' in project 'mlx-swift' (no dependencies)

GatherProvisioningInputs

CreateBuildDescription

ExecuteExternalTool /Applications/Xcode.app/Contents/Developer/Toolchains/XcodeDefault.xctoolchain/usr/bin/clang -v -E -dM -arch arm64 -isysroot /Applications/Xcode.app/Contents/Developer/Platforms/MacOSX.platform/Developer/SDKs/MacOSX26.1.sdk -x c -c /dev/null

ExecuteExternalTool /Applications/Xcode.app/Contents/Developer/Toolchains/XcodeDefault.xctoolchain/usr/bin/swiftc --version

ExecuteExternalTool /Applications/Xcode.app/Contents/Developer/Toolchains/XcodeDefault.xctoolchain/usr/bin/clang -v -E -dM -arch arm64 -isysroot /Applications/Xcode.app/Contents/Developer/Platforms/MacOSX.platform/Developer/SDKs/MacOSX26.1.sdk -x objective-c -c /dev/null

ExecuteExternalTool /Applications/Xcode.app/Contents/Developer/Toolchains/XcodeDefault.xctoolchain/usr/bin/clang -v -E -dM -isysroot /Applications/Xcode.app/Contents/Developer/Platforms/MacOSX.platform/Developer/SDKs/MacOSX26.1.sdk -x c -c /dev/null

ExecuteExternalTool /Applications/Xcode.app/Contents/Developer/usr/bin/actool --version --output-format xml1

ExecuteExternalTool /Applications/Xcode.app/Contents/Developer/Toolchains/XcodeDefault.xctoolchain/usr/bin/ld -version_details

ExecuteExternalTool /Applications/Xcode.app/Contents/Developer/Toolchains/XcodeDefault.xctoolchain/usr/bin/clang -v -E -dM -arch arm64 -isysroot /Applications/Xcode.app/Contents/Developer/Platforms/MacOSX.platform/Developer/SDKs/MacOSX26.1.sdk -x c++ -c /dev/null

ReadFileContents /Applications/Xcode.app/Contents/Developer/Toolchains/XcodeDefault.xctoolchain/usr/share/docc/features.json

Build description signature: 8767f728050896cbe4b3e4e169a8cd5e
Build description path: /Users/mali/Library/Developer/Xcode/DerivedData/Web-fwpjudnzpysruxaxmvjywphkufup/Build/Intermediates.noindex/XCBuildData/8767f728050896cbe4b3e4e169a8cd5e.xcbuilddata
ClangStatCache /Applications/Xcode.app/Contents/Developer/Toolchains/XcodeDefault.xctoolchain/usr/bin/clang-stat-cache /Applications/Xcode.app/Contents/Developer/Platforms/MacOSX.platform/Developer/SDKs/MacOSX26.1.sdk /Users/mali/Library/Developer/Xcode/DerivedData/SDKStatCaches.noindex/macosx26.1-25B74-3885c01c3e6b6a337905948deab2002e3ae1261907bdadc328169391a47051a6.sdkstatcache
    cd /Users/mali/dev/Web/Web.xcodeproj
    /Applications/Xcode.app/Contents/Developer/Toolchains/XcodeDefault.xctoolchain/usr/bin/clang-stat-cache /Applications/Xcode.app/Contents/Developer/Platforms/MacOSX.platform/Developer/SDKs/MacOSX26.1.sdk -o /Users/mali/Library/Developer/Xcode/DerivedData/SDKStatCaches.noindex/macosx26.1-25B74-3885c01c3e6b6a337905948deab2002e3ae1261907bdadc328169391a47051a6.sdkstatcache

Copy /Users/mali/Library/Developer/Xcode/DerivedData/Web-fwpjudnzpysruxaxmvjywphkufup/Build/Intermediates.noindex/GeneratedModuleMaps/Tokenizers.modulemap /Users/mali/Library/Developer/Xcode/DerivedData/Web-fwpjudnzpysruxaxmvjywphkufup/Build/Intermediates.noindex/swift-transformers.build/Debug/Tokenizers.build/Tokenizers.modulemap (in target 'Tokenizers' from project 'swift-transformers')
    cd /Users/mali/Library/Developer/Xcode/DerivedData/Web-fwpjudnzpysruxaxmvjywphkufup/SourcePackages/checkouts/swift-transformers
    builtin-copy -exclude .DS_Store -exclude CVS -exclude .svn -exclude .git -exclude .hg -resolve-src-symlinks /Users/mali/Library/Developer/Xcode/DerivedData/Web-fwpjudnzpysruxaxmvjywphkufup/Build/Intermediates.noindex/swift-transformers.build/Debug/Tokenizers.build/Tokenizers.modulemap /Users/mali/Library/Developer/Xcode/DerivedData/Web-fwpjudnzpysruxaxmvjywphkufup/Build/Intermediates.noindex/GeneratedModuleMaps

Copy /Users/mali/Library/Developer/Xcode/DerivedData/Web-fwpjudnzpysruxaxmvjywphkufup/Build/Intermediates.noindex/GeneratedModuleMaps/TensorUtils.modulemap /Users/mali/Library/Developer/Xcode/DerivedData/Web-fwpjudnzpysruxaxmvjywphkufup/Build/Intermediates.noindex/swift-transformers.build/Debug/TensorUtils.build/TensorUtils.modulemap (in target 'TensorUtils' from project 'swift-transformers')
    cd /Users/mali/Library/Developer/Xcode/DerivedData/Web-fwpjudnzpysruxaxmvjywphkufup/SourcePackages/checkouts/swift-transformers
    builtin-copy -exclude .DS_Store -exclude CVS -exclude .svn -exclude .git -exclude .hg -resolve-src-symlinks /Users/mali/Library/Developer/Xcode/DerivedData/Web-fwpjudnzpysruxaxmvjywphkufup/Build/Intermediates.noindex/swift-transformers.build/Debug/TensorUtils.build/TensorUtils.modulemap /Users/mali/Library/Developer/Xcode/DerivedData/Web-fwpjudnzpysruxaxmvjywphkufup/Build/Intermediates.noindex/GeneratedModuleMaps

Copy /Users/mali/Library/Developer/Xcode/DerivedData/Web-fwpjudnzpysruxaxmvjywphkufup/Build/Intermediates.noindex/GeneratedModuleMaps/RealModule.modulemap /Users/mali/Library/Developer/Xcode/DerivedData/Web-fwpjudnzpysruxaxmvjywphkufup/Build/Intermediates.noindex/swift-numerics.build/Debug/RealModule.build/RealModule.modulemap (in target 'RealModule' from project 'swift-numerics')
    cd /Users/mali/Library/Developer/Xcode/DerivedData/Web-fwpjudnzpysruxaxmvjywphkufup/SourcePackages/checkouts/swift-numerics
    builtin-copy -exclude .DS_Store -exclude CVS -exclude .svn -exclude .git -exclude .hg -resolve-src-symlinks /Users/mali/Library/Developer/Xcode/DerivedData/Web-fwpjudnzpysruxaxmvjywphkufup/Build/Intermediates.noindex/swift-numerics.build/Debug/RealModule.build/RealModule.modulemap /Users/mali/Library/Developer/Xcode/DerivedData/Web-fwpjudnzpysruxaxmvjywphkufup/Build/Intermediates.noindex/GeneratedModuleMaps

Copy /Users/mali/Library/Developer/Xcode/DerivedData/Web-fwpjudnzpysruxaxmvjywphkufup/Build/Intermediates.noindex/GeneratedModuleMaps/OrderedCollections.modulemap /Users/mali/Library/Developer/Xcode/DerivedData/Web-fwpjudnzpysruxaxmvjywphkufup/Build/Intermediates.noindex/swift-collections.build/Debug/OrderedCollections.build/OrderedCollections.modulemap (in target 'OrderedCollections' from project 'swift-collections')
    cd /Users/mali/Library/Developer/Xcode/DerivedData/Web-fwpjudnzpysruxaxmvjywphkufup/SourcePackages/checkouts/swift-collections
    builtin-copy -exclude .DS_Store -exclude CVS -exclude .svn -exclude .git -exclude .hg -resolve-src-symlinks /Users/mali/Library/Developer/Xcode/DerivedData/Web-fwpjudnzpysruxaxmvjywphkufup/Build/Intermediates.noindex/swift-collections.build/Debug/OrderedCollections.build/OrderedCollections.modulemap /Users/mali/Library/Developer/Xcode/DerivedData/Web-fwpjudnzpysruxaxmvjywphkufup/Build/Intermediates.noindex/GeneratedModuleMaps

Copy /Users/mali/Library/Developer/Xcode/DerivedData/Web-fwpjudnzpysruxaxmvjywphkufup/Build/Intermediates.noindex/GeneratedModuleMaps/MLXRandom.modulemap /Users/mali/Library/Developer/Xcode/DerivedData/Web-fwpjudnzpysruxaxmvjywphkufup/Build/Intermediates.noindex/mlx-swift.build/Debug/MLXRandom.build/MLXRandom.modulemap (in target 'MLXRandom' from project 'mlx-swift')
    cd /Users/mali/Library/Developer/Xcode/DerivedData/Web-fwpjudnzpysruxaxmvjywphkufup/SourcePackages/checkouts/mlx-swift
    builtin-copy -exclude .DS_Store -exclude CVS -exclude .svn -exclude .git -exclude .hg -resolve-src-symlinks /Users/mali/Library/Developer/Xcode/DerivedData/Web-fwpjudnzpysruxaxmvjywphkufup/Build/Intermediates.noindex/mlx-swift.build/Debug/MLXRandom.build/MLXRandom.modulemap /Users/mali/Library/Developer/Xcode/DerivedData/Web-fwpjudnzpysruxaxmvjywphkufup/Build/Intermediates.noindex/GeneratedModuleMaps

Copy /Users/mali/Library/Developer/Xcode/DerivedData/Web-fwpjudnzpysruxaxmvjywphkufup/Build/Intermediates.noindex/GeneratedModuleMaps/Numerics.modulemap /Users/mali/Library/Developer/Xcode/DerivedData/Web-fwpjudnzpysruxaxmvjywphkufup/Build/Intermediates.noindex/swift-numerics.build/Debug/Numerics.build/Numerics.modulemap (in target 'Numerics' from project 'swift-numerics')
    cd /Users/mali/Library/Developer/Xcode/DerivedData/Web-fwpjudnzpysruxaxmvjywphkufup/SourcePackages/checkouts/swift-numerics
    builtin-copy -exclude .DS_Store -exclude CVS -exclude .svn -exclude .git -exclude .hg -resolve-src-symlinks /Users/mali/Library/Developer/Xcode/DerivedData/Web-fwpjudnzpysruxaxmvjywphkufup/Build/Intermediates.noindex/swift-numerics.build/Debug/Numerics.build/Numerics.modulemap /Users/mali/Library/Developer/Xcode/DerivedData/Web-fwpjudnzpysruxaxmvjywphkufup/Build/Intermediates.noindex/GeneratedModuleMaps

Copy /Users/mali/Library/Developer/Xcode/DerivedData/Web-fwpjudnzpysruxaxmvjywphkufup/Build/Intermediates.noindex/GeneratedModuleMaps/Models.modulemap /Users/mali/Library/Developer/Xcode/DerivedData/Web-fwpjudnzpysruxaxmvjywphkufup/Build/Intermediates.noindex/swift-transformers.build/Debug/Models.build/Models.modulemap (in target 'Models' from project 'swift-transformers')
    cd /Users/mali/Library/Developer/Xcode/DerivedData/Web-fwpjudnzpysruxaxmvjywphkufup/SourcePackages/checkouts/swift-transformers
    builtin-copy -exclude .DS_Store -exclude CVS -exclude .svn -exclude .git -exclude .hg -resolve-src-symlinks /Users/mali/Library/Developer/Xcode/DerivedData/Web-fwpjudnzpysruxaxmvjywphkufup/Build/Intermediates.noindex/swift-transformers.build/Debug/Models.build/Models.modulemap /Users/mali/Library/Developer/Xcode/DerivedData/Web-fwpjudnzpysruxaxmvjywphkufup/Build/Intermediates.noindex/GeneratedModuleMaps

Ld /Users/mali/Library/Developer/Xcode/DerivedData/Web-fwpjudnzpysruxaxmvjywphkufup/Build/Products/Debug/_NumericsShims.o normal (in target '_NumericsShims' from project 'swift-numerics')
    cd /Users/mali/Library/Developer/Xcode/DerivedData/Web-fwpjudnzpysruxaxmvjywphkufup/SourcePackages/checkouts/swift-numerics
    /Applications/Xcode.app/Contents/Developer/Toolchains/XcodeDefault.xctoolchain/usr/bin/clang -Xlinker -reproducible -target arm64-apple-macos10.13 -r -isysroot /Applications/Xcode.app/Contents/Developer/Platforms/MacOSX.platform/Developer/SDKs/MacOSX26.1.sdk -O0 -w -L/Users/mali/Library/Developer/Xcode/DerivedData/Web-fwpjudnzpysruxaxmvjywphkufup/Build/Intermediates.noindex/EagerLinkingTBDs/Debug -L/Users/mali/Library/Developer/Xcode/DerivedData/Web-fwpjudnzpysruxaxmvjywphkufup/Build/Products/Debug -L/Applications/Xcode.app/Contents/Developer/Platforms/MacOSX.platform/Developer/usr/lib -F/Users/mali/Library/Developer/Xcode/DerivedData/Web-fwpjudnzpysruxaxmvjywphkufup/Build/Intermediates.noindex/EagerLinkingTBDs/Debug -F/Users/mali/Library/Developer/Xcode/DerivedData/Web-fwpjudnzpysruxaxmvjywphkufup/Build/Products/Debug -iframework /Applications/Xcode.app/Contents/Developer/Platforms/MacOSX.platform/Developer/Library/Frameworks -filelist /Users/mali/Library/Developer/Xcode/DerivedData/Web-fwpjudnzpysruxaxmvjywphkufup/Build/Intermediates.noindex/swift-numerics.build/Debug/_NumericsShims.build/Objects-normal/arm64/_NumericsShims.LinkFileList -nostdlib -Xlinker -object_path_lto -Xlinker /Users/mali/Library/Developer/Xcode/DerivedData/Web-fwpjudnzpysruxaxmvjywphkufup/Build/Intermediates.noindex/swift-numerics.build/Debug/_NumericsShims.build/Objects-normal/arm64/_NumericsShims_lto.o -rdynamic -Xlinker -no_deduplicate -Xlinker -debug_variant -Xlinker -dependency_info -Xlinker /Users/mali/Library/Developer/Xcode/DerivedData/Web-fwpjudnzpysruxaxmvjywphkufup/Build/Intermediates.noindex/swift-numerics.build/Debug/_NumericsShims.build/Objects-normal/arm64/_NumericsShims_dependency_info.dat -o /Users/mali/Library/Developer/Xcode/DerivedData/Web-fwpjudnzpysruxaxmvjywphkufup/Build/Products/Debug/_NumericsShims.o

WriteAuxiliaryFile /Users/mali/Library/Developer/Xcode/DerivedData/Web-fwpjudnzpysruxaxmvjywphkufup/Build/Intermediates.noindex/Web.build/Debug/Web.build/Objects-normal/arm64/Web.SwiftFileList (in target 'Web' from project 'Web')
    cd /Users/mali/dev/Web
    write-file /Users/mali/Library/Developer/Xcode/DerivedData/Web-fwpjudnzpysruxaxmvjywphkufup/Build/Intermediates.noindex/Web.build/Debug/Web.build/Objects-normal/arm64/Web.SwiftFileList

WriteAuxiliaryFile /Users/mali/Library/Developer/Xcode/DerivedData/Web-fwpjudnzpysruxaxmvjywphkufup/Build/Intermediates.noindex/Web.build/Debug/Web.build/Objects-normal/arm64/Web.SwiftConstValuesFileList (in target 'Web' from project 'Web')
    cd /Users/mali/dev/Web
    write-file /Users/mali/Library/Developer/Xcode/DerivedData/Web-fwpjudnzpysruxaxmvjywphkufup/Build/Intermediates.noindex/Web.build/Debug/Web.build/Objects-normal/arm64/Web.SwiftConstValuesFileList

WriteAuxiliaryFile /Users/mali/Library/Developer/Xcode/DerivedData/Web-fwpjudnzpysruxaxmvjywphkufup/Build/Intermediates.noindex/Web.build/Debug/Web.build/Objects-normal/arm64/Web.LinkFileList (in target 'Web' from project 'Web')
    cd /Users/mali/dev/Web
    write-file /Users/mali/Library/Developer/Xcode/DerivedData/Web-fwpjudnzpysruxaxmvjywphkufup/Build/Intermediates.noindex/Web.build/Debug/Web.build/Objects-normal/arm64/Web.LinkFileList

WriteAuxiliaryFile /Users/mali/Library/Developer/Xcode/DerivedData/Web-fwpjudnzpysruxaxmvjywphkufup/Build/Intermediates.noindex/Web.build/Debug/Web.build/Objects-normal/arm64/Web-OutputFileMap.json (in target 'Web' from project 'Web')
    cd /Users/mali/dev/Web
    write-file /Users/mali/Library/Developer/Xcode/DerivedData/Web-fwpjudnzpysruxaxmvjywphkufup/Build/Intermediates.noindex/Web.build/Debug/Web.build/Objects-normal/arm64/Web-OutputFileMap.json

Copy /Users/mali/Library/Developer/Xcode/DerivedData/Web-fwpjudnzpysruxaxmvjywphkufup/Build/Intermediates.noindex/GeneratedModuleMaps/MLXOptimizers.modulemap /Users/mali/Library/Developer/Xcode/DerivedData/Web-fwpjudnzpysruxaxmvjywphkufup/Build/Intermediates.noindex/mlx-swift.build/Debug/MLXOptimizers.build/MLXOptimizers.modulemap (in target 'MLXOptimizers' from project 'mlx-swift')
    cd /Users/mali/Library/Developer/Xcode/DerivedData/Web-fwpjudnzpysruxaxmvjywphkufup/SourcePackages/checkouts/mlx-swift
    builtin-copy -exclude .DS_Store -exclude CVS -exclude .svn -exclude .git -exclude .hg -resolve-src-symlinks /Users/mali/Library/Developer/Xcode/DerivedData/Web-fwpjudnzpysruxaxmvjywphkufup/Build/Intermediates.noindex/mlx-swift.build/Debug/MLXOptimizers.build/MLXOptimizers.modulemap /Users/mali/Library/Developer/Xcode/DerivedData/Web-fwpjudnzpysruxaxmvjywphkufup/Build/Intermediates.noindex/GeneratedModuleMaps

Copy /Users/mali/Library/Developer/Xcode/DerivedData/Web-fwpjudnzpysruxaxmvjywphkufup/Build/Intermediates.noindex/GeneratedModuleMaps/MLXNN.modulemap /Users/mali/Library/Developer/Xcode/DerivedData/Web-fwpjudnzpysruxaxmvjywphkufup/Build/Intermediates.noindex/mlx-swift.build/Debug/MLXNN.build/MLXNN.modulemap (in target 'MLXNN' from project 'mlx-swift')
    cd /Users/mali/Library/Developer/Xcode/DerivedData/Web-fwpjudnzpysruxaxmvjywphkufup/SourcePackages/checkouts/mlx-swift
    builtin-copy -exclude .DS_Store -exclude CVS -exclude .svn -exclude .git -exclude .hg -resolve-src-symlinks /Users/mali/Library/Developer/Xcode/DerivedData/Web-fwpjudnzpysruxaxmvjywphkufup/Build/Intermediates.noindex/mlx-swift.build/Debug/MLXNN.build/MLXNN.modulemap /Users/mali/Library/Developer/Xcode/DerivedData/Web-fwpjudnzpysruxaxmvjywphkufup/Build/Intermediates.noindex/GeneratedModuleMaps

Copy /Users/mali/Library/Developer/Xcode/DerivedData/Web-fwpjudnzpysruxaxmvjywphkufup/Build/Intermediates.noindex/GeneratedModuleMaps/MLXLinalg.modulemap /Users/mali/Library/Developer/Xcode/DerivedData/Web-fwpjudnzpysruxaxmvjywphkufup/Build/Intermediates.noindex/mlx-swift.build/Debug/MLXLinalg.build/MLXLinalg.modulemap (in target 'MLXLinalg' from project 'mlx-swift')
    cd /Users/mali/Library/Developer/Xcode/DerivedData/Web-fwpjudnzpysruxaxmvjywphkufup/SourcePackages/checkouts/mlx-swift
    builtin-copy -exclude .DS_Store -exclude CVS -exclude .svn -exclude .git -exclude .hg -resolve-src-symlinks /Users/mali/Library/Developer/Xcode/DerivedData/Web-fwpjudnzpysruxaxmvjywphkufup/Build/Intermediates.noindex/mlx-swift.build/Debug/MLXLinalg.build/MLXLinalg.modulemap /Users/mali/Library/Developer/Xcode/DerivedData/Web-fwpjudnzpysruxaxmvjywphkufup/Build/Intermediates.noindex/GeneratedModuleMaps

Copy /Users/mali/Library/Developer/Xcode/DerivedData/Web-fwpjudnzpysruxaxmvjywphkufup/Build/Intermediates.noindex/GeneratedModuleMaps/MLXLMCommon.modulemap /Users/mali/Library/Developer/Xcode/DerivedData/Web-fwpjudnzpysruxaxmvjywphkufup/Build/Intermediates.noindex/mlx-libraries.build/Debug/MLXLMCommon.build/MLXLMCommon.modulemap (in target 'MLXLMCommon' from project 'mlx-libraries')
    cd /Users/mali/Library/Developer/Xcode/DerivedData/Web-fwpjudnzpysruxaxmvjywphkufup/SourcePackages/checkouts/mlx-swift-examples
    builtin-copy -exclude .DS_Store -exclude CVS -exclude .svn -exclude .git -exclude .hg -resolve-src-symlinks /Users/mali/Library/Developer/Xcode/DerivedData/Web-fwpjudnzpysruxaxmvjywphkufup/Build/Intermediates.noindex/mlx-libraries.build/Debug/MLXLMCommon.build/MLXLMCommon.modulemap /Users/mali/Library/Developer/Xcode/DerivedData/Web-fwpjudnzpysruxaxmvjywphkufup/Build/Intermediates.noindex/GeneratedModuleMaps

Copy /Users/mali/Library/Developer/Xcode/DerivedData/Web-fwpjudnzpysruxaxmvjywphkufup/Build/Intermediates.noindex/GeneratedModuleMaps/MLXLLM.modulemap /Users/mali/Library/Developer/Xcode/DerivedData/Web-fwpjudnzpysruxaxmvjywphkufup/Build/Intermediates.noindex/mlx-libraries.build/Debug/MLXLLM.build/MLXLLM.modulemap (in target 'MLXLLM' from project 'mlx-libraries')
    cd /Users/mali/Library/Developer/Xcode/DerivedData/Web-fwpjudnzpysruxaxmvjywphkufup/SourcePackages/checkouts/mlx-swift-examples
    builtin-copy -exclude .DS_Store -exclude CVS -exclude .svn -exclude .git -exclude .hg -resolve-src-symlinks /Users/mali/Library/Developer/Xcode/DerivedData/Web-fwpjudnzpysruxaxmvjywphkufup/Build/Intermediates.noindex/mlx-libraries.build/Debug/MLXLLM.build/MLXLLM.modulemap /Users/mali/Library/Developer/Xcode/DerivedData/Web-fwpjudnzpysruxaxmvjywphkufup/Build/Intermediates.noindex/GeneratedModuleMaps

Copy /Users/mali/Library/Developer/Xcode/DerivedData/Web-fwpjudnzpysruxaxmvjywphkufup/Build/Intermediates.noindex/GeneratedModuleMaps/MLXFast.modulemap /Users/mali/Library/Developer/Xcode/DerivedData/Web-fwpjudnzpysruxaxmvjywphkufup/Build/Intermediates.noindex/mlx-swift.build/Debug/MLXFast.build/MLXFast.modulemap (in target 'MLXFast' from project 'mlx-swift')
    cd /Users/mali/Library/Developer/Xcode/DerivedData/Web-fwpjudnzpysruxaxmvjywphkufup/SourcePackages/checkouts/mlx-swift
    builtin-copy -exclude .DS_Store -exclude CVS -exclude .svn -exclude .git -exclude .hg -resolve-src-symlinks /Users/mali/Library/Developer/Xcode/DerivedData/Web-fwpjudnzpysruxaxmvjywphkufup/Build/Intermediates.noindex/mlx-swift.build/Debug/MLXFast.build/MLXFast.modulemap /Users/mali/Library/Developer/Xcode/DerivedData/Web-fwpjudnzpysruxaxmvjywphkufup/Build/Intermediates.noindex/GeneratedModuleMaps

Copy /Users/mali/Library/Developer/Xcode/DerivedData/Web-fwpjudnzpysruxaxmvjywphkufup/Build/Intermediates.noindex/GeneratedModuleMaps/MLX.modulemap /Users/mali/Library/Developer/Xcode/DerivedData/Web-fwpjudnzpysruxaxmvjywphkufup/Build/Intermediates.noindex/mlx-swift.build/Debug/MLX.build/MLX.modulemap (in target 'MLX' from project 'mlx-swift')
    cd /Users/mali/Library/Developer/Xcode/DerivedData/Web-fwpjudnzpysruxaxmvjywphkufup/SourcePackages/checkouts/mlx-swift
    builtin-copy -exclude .DS_Store -exclude CVS -exclude .svn -exclude .git -exclude .hg -resolve-src-symlinks /Users/mali/Library/Developer/Xcode/DerivedData/Web-fwpjudnzpysruxaxmvjywphkufup/Build/Intermediates.noindex/mlx-swift.build/Debug/MLX.build/MLX.modulemap /Users/mali/Library/Developer/Xcode/DerivedData/Web-fwpjudnzpysruxaxmvjywphkufup/Build/Intermediates.noindex/GeneratedModuleMaps

Copy /Users/mali/Library/Developer/Xcode/DerivedData/Web-fwpjudnzpysruxaxmvjywphkufup/Build/Intermediates.noindex/GeneratedModuleMaps/Jinja.modulemap /Users/mali/Library/Developer/Xcode/DerivedData/Web-fwpjudnzpysruxaxmvjywphkufup/Build/Intermediates.noindex/Jinja.build/Debug/Jinja.build/Jinja.modulemap (in target 'Jinja' from project 'Jinja')
    cd /Users/mali/Library/Developer/Xcode/DerivedData/Web-fwpjudnzpysruxaxmvjywphkufup/SourcePackages/checkouts/Jinja
    builtin-copy -exclude .DS_Store -exclude CVS -exclude .svn -exclude .git -exclude .hg -resolve-src-symlinks /Users/mali/Library/Developer/Xcode/DerivedData/Web-fwpjudnzpysruxaxmvjywphkufup/Build/Intermediates.noindex/Jinja.build/Debug/Jinja.build/Jinja.modulemap /Users/mali/Library/Developer/Xcode/DerivedData/Web-fwpjudnzpysruxaxmvjywphkufup/Build/Intermediates.noindex/GeneratedModuleMaps

Copy /Users/mali/Library/Developer/Xcode/DerivedData/Web-fwpjudnzpysruxaxmvjywphkufup/Build/Intermediates.noindex/GeneratedModuleMaps/InternalCollectionsUtilities.modulemap /Users/mali/Library/Developer/Xcode/DerivedData/Web-fwpjudnzpysruxaxmvjywphkufup/Build/Intermediates.noindex/swift-collections.build/Debug/InternalCollectionsUtilities.build/InternalCollectionsUtilities.modulemap (in target 'InternalCollectionsUtilities' from project 'swift-collections')
    cd /Users/mali/Library/Developer/Xcode/DerivedData/Web-fwpjudnzpysruxaxmvjywphkufup/SourcePackages/checkouts/swift-collections
    builtin-copy -exclude .DS_Store -exclude CVS -exclude .svn -exclude .git -exclude .hg -resolve-src-symlinks /Users/mali/Library/Developer/Xcode/DerivedData/Web-fwpjudnzpysruxaxmvjywphkufup/Build/Intermediates.noindex/swift-collections.build/Debug/InternalCollectionsUtilities.build/InternalCollectionsUtilities.modulemap /Users/mali/Library/Developer/Xcode/DerivedData/Web-fwpjudnzpysruxaxmvjywphkufup/Build/Intermediates.noindex/GeneratedModuleMaps

Copy /Users/mali/Library/Developer/Xcode/DerivedData/Web-fwpjudnzpysruxaxmvjywphkufup/Build/Intermediates.noindex/GeneratedModuleMaps/Hub.modulemap /Users/mali/Library/Developer/Xcode/DerivedData/Web-fwpjudnzpysruxaxmvjywphkufup/Build/Intermediates.noindex/swift-transformers.build/Debug/Hub.build/Hub.modulemap (in target 'Hub' from project 'swift-transformers')
    cd /Users/mali/Library/Developer/Xcode/DerivedData/Web-fwpjudnzpysruxaxmvjywphkufup/SourcePackages/checkouts/swift-transformers
    builtin-copy -exclude .DS_Store -exclude CVS -exclude .svn -exclude .git -exclude .hg -resolve-src-symlinks /Users/mali/Library/Developer/Xcode/DerivedData/Web-fwpjudnzpysruxaxmvjywphkufup/Build/Intermediates.noindex/swift-transformers.build/Debug/Hub.build/Hub.modulemap /Users/mali/Library/Developer/Xcode/DerivedData/Web-fwpjudnzpysruxaxmvjywphkufup/Build/Intermediates.noindex/GeneratedModuleMaps

Copy /Users/mali/Library/Developer/Xcode/DerivedData/Web-fwpjudnzpysruxaxmvjywphkufup/Build/Intermediates.noindex/GeneratedModuleMaps/Generation.modulemap /Users/mali/Library/Developer/Xcode/DerivedData/Web-fwpjudnzpysruxaxmvjywphkufup/Build/Intermediates.noindex/swift-transformers.build/Debug/Generation.build/Generation.modulemap (in target 'Generation' from project 'swift-transformers')
    cd /Users/mali/Library/Developer/Xcode/DerivedData/Web-fwpjudnzpysruxaxmvjywphkufup/SourcePackages/checkouts/swift-transformers
    builtin-copy -exclude .DS_Store -exclude CVS -exclude .svn -exclude .git -exclude .hg -resolve-src-symlinks /Users/mali/Library/Developer/Xcode/DerivedData/Web-fwpjudnzpysruxaxmvjywphkufup/Build/Intermediates.noindex/swift-transformers.build/Debug/Generation.build/Generation.modulemap /Users/mali/Library/Developer/Xcode/DerivedData/Web-fwpjudnzpysruxaxmvjywphkufup/Build/Intermediates.noindex/GeneratedModuleMaps

Copy /Users/mali/Library/Developer/Xcode/DerivedData/Web-fwpjudnzpysruxaxmvjywphkufup/Build/Intermediates.noindex/GeneratedModuleMaps/ComplexModule.modulemap /Users/mali/Library/Developer/Xcode/DerivedData/Web-fwpjudnzpysruxaxmvjywphkufup/Build/Intermediates.noindex/swift-numerics.build/Debug/ComplexModule.build/ComplexModule.modulemap (in target 'ComplexModule' from project 'swift-numerics')
    cd /Users/mali/Library/Developer/Xcode/DerivedData/Web-fwpjudnzpysruxaxmvjywphkufup/SourcePackages/checkouts/swift-numerics
    builtin-copy -exclude .DS_Store -exclude CVS -exclude .svn -exclude .git -exclude .hg -resolve-src-symlinks /Users/mali/Library/Developer/Xcode/DerivedData/Web-fwpjudnzpysruxaxmvjywphkufup/Build/Intermediates.noindex/swift-numerics.build/Debug/ComplexModule.build/ComplexModule.modulemap /Users/mali/Library/Developer/Xcode/DerivedData/Web-fwpjudnzpysruxaxmvjywphkufup/Build/Intermediates.noindex/GeneratedModuleMaps

ProcessInfoPlistFile /Users/mali/Library/Developer/Xcode/DerivedData/Web-fwpjudnzpysruxaxmvjywphkufup/Build/Products/Debug/swift-transformers_Hub.bundle/Contents/Info.plist /Users/mali/Library/Developer/Xcode/DerivedData/Web-fwpjudnzpysruxaxmvjywphkufup/Build/Intermediates.noindex/swift-transformers.build/Debug/swift-transformers_Hub.build/empty-swift-transformers_Hub.plist (in target 'swift-transformers_Hub' from project 'swift-transformers')
    cd /Users/mali/Library/Developer/Xcode/DerivedData/Web-fwpjudnzpysruxaxmvjywphkufup/SourcePackages/checkouts/swift-transformers
    builtin-infoPlistUtility /Users/mali/Library/Developer/Xcode/DerivedData/Web-fwpjudnzpysruxaxmvjywphkufup/Build/Intermediates.noindex/swift-transformers.build/Debug/swift-transformers_Hub.build/empty-swift-transformers_Hub.plist -producttype com.apple.product-type.bundle -expandbuildsettings -platform macosx -o /Users/mali/Library/Developer/Xcode/DerivedData/Web-fwpjudnzpysruxaxmvjywphkufup/Build/Products/Debug/swift-transformers_Hub.bundle/Contents/Info.plist

ProcessInfoPlistFile /Users/mali/Library/Developer/Xcode/DerivedData/Web-fwpjudnzpysruxaxmvjywphkufup/Build/Products/Debug/mlx-swift_Cmlx.bundle/Contents/Info.plist /Users/mali/Library/Developer/Xcode/DerivedData/Web-fwpjudnzpysruxaxmvjywphkufup/Build/Intermediates.noindex/mlx-swift.build/Debug/mlx-swift_Cmlx.build/empty-mlx-swift_Cmlx.plist (in target 'mlx-swift_Cmlx' from project 'mlx-swift')
    cd /Users/mali/Library/Developer/Xcode/DerivedData/Web-fwpjudnzpysruxaxmvjywphkufup/SourcePackages/checkouts/mlx-swift
    builtin-infoPlistUtility /Users/mali/Library/Developer/Xcode/DerivedData/Web-fwpjudnzpysruxaxmvjywphkufup/Build/Intermediates.noindex/mlx-swift.build/Debug/mlx-swift_Cmlx.build/empty-mlx-swift_Cmlx.plist -producttype com.apple.product-type.bundle -expandbuildsettings -platform macosx -o /Users/mali/Library/Developer/Xcode/DerivedData/Web-fwpjudnzpysruxaxmvjywphkufup/Build/Products/Debug/mlx-swift_Cmlx.bundle/Contents/Info.plist

SwiftDriver TensorUtils normal arm64 com.apple.xcode.tools.swift.compiler (in target 'TensorUtils' from project 'swift-transformers')
    cd /Users/mali/dev/Web/Web.xcodeproj
    builtin-SwiftDriver -- /Applications/Xcode.app/Contents/Developer/Toolchains/XcodeDefault.xctoolchain/usr/bin/swiftc -module-name TensorUtils -Onone -enforce-exclusivity\=checked @/Users/mali/Library/Developer/Xcode/DerivedData/Web-fwpjudnzpysruxaxmvjywphkufup/Build/Intermediates.noindex/swift-transformers.build/Debug/TensorUtils.build/Objects-normal/arm64/TensorUtils.SwiftFileList -DSWIFT_PACKAGE -DDEBUG -DSWIFT_MODULE_RESOURCE_BUNDLE_UNAVAILABLE -DXcode -plugin-path /Applications/Xcode.app/Contents/Developer/Toolchains/XcodeDefault.xctoolchain/usr/lib/swift/host/plugins/testing -enable-experimental-feature DebugDescriptionMacro -sdk /Applications/Xcode.app/Contents/Developer/Platforms/MacOSX.platform/Developer/SDKs/MacOSX26.1.sdk -target arm64-apple-macos13.0 -g -module-cache-path /Users/mali/Library/Developer/Xcode/DerivedData/ModuleCache.noindex -Xfrontend -serialize-debugging-options -profile-coverage-mapping -profile-generate -enable-testing -suppress-warnings -index-store-path /Users/mali/Library/Developer/Xcode/DerivedData/Web-fwpjudnzpysruxaxmvjywphkufup/Index.noindex/DataStore -Xcc -D_LIBCPP_HARDENING_MODE\=_LIBCPP_HARDENING_MODE_DEBUG -swift-version 5 -I /Users/mali/Library/Developer/Xcode/DerivedData/Web-fwpjudnzpysruxaxmvjywphkufup/Build/Products/Debug -Isystem /Applications/Xcode.app/Contents/Developer/Platforms/MacOSX.platform/Developer/usr/lib -F /Users/mali/Library/Developer/Xcode/DerivedData/Web-fwpjudnzpysruxaxmvjywphkufup/Build/Products/Debug -F /Applications/Xcode.app/Contents/Developer/Platforms/MacOSX.platform/Developer/Library/Frameworks -c -j8 -enable-batch-mode -incremental -Xcc -ivfsstatcache -Xcc /Users/mali/Library/Developer/Xcode/DerivedData/SDKStatCaches.noindex/macosx26.1-25B74-3885c01c3e6b6a337905948deab2002e3ae1261907bdadc328169391a47051a6.sdkstatcache -output-file-map /Users/mali/Library/Developer/Xcode/DerivedData/Web-fwpjudnzpysruxaxmvjywphkufup/Build/Intermediates.noindex/swift-transformers.build/Debug/TensorUtils.build/Objects-normal/arm64/TensorUtils-OutputFileMap.json -use-frontend-parseable-output -save-temps -no-color-diagnostics -explicit-module-build -module-cache-path /Users/mali/Library/Developer/Xcode/DerivedData/Web-fwpjudnzpysruxaxmvjywphkufup/Build/Intermediates.noindex/SwiftExplicitPrecompiledModules -clang-scanner-module-cache-path /Users/mali/Library/Developer/Xcode/DerivedData/ModuleCache.noindex -sdk-module-cache-path /Users/mali/Library/Developer/Xcode/DerivedData/ModuleCache.noindex -serialize-diagnostics -emit-dependencies -emit-module -emit-module-path /Users/mali/Library/Developer/Xcode/DerivedData/Web-fwpjudnzpysruxaxmvjywphkufup/Build/Intermediates.noindex/swift-transformers.build/Debug/TensorUtils.build/Objects-normal/arm64/TensorUtils.swiftmodule -validate-clang-modules-once -clang-build-session-file /Users/mali/Library/Developer/Xcode/DerivedData/ModuleCache.noindex/Session.modulevalidation -Xcc -I/Users/mali/Library/Developer/Xcode/DerivedData/Web-fwpjudnzpysruxaxmvjywphkufup/Build/Intermediates.noindex/swift-transformers.build/Debug/TensorUtils.build/swift-overrides.hmap -emit-const-values -Xfrontend -const-gather-protocols-file -Xfrontend /Users/mali/Library/Developer/Xcode/DerivedData/Web-fwpjudnzpysruxaxmvjywphkufup/Build/Intermediates.noindex/swift-transformers.build/Debug/TensorUtils.build/Objects-normal/arm64/TensorUtils_const_extract_protocols.json -Xcc -I/Users/mali/Library/Developer/Xcode/DerivedData/Web-fwpjudnzpysruxaxmvjywphkufup/Build/Products/Debug/include -Xcc -I/Users/mali/Library/Developer/Xcode/DerivedData/Web-fwpjudnzpysruxaxmvjywphkufup/Build/Intermediates.noindex/swift-transformers.build/Debug/TensorUtils.build/DerivedSources-normal/arm64 -Xcc -I/Users/mali/Library/Developer/Xcode/DerivedData/Web-fwpjudnzpysruxaxmvjywphkufup/Build/Intermediates.noindex/swift-transformers.build/Debug/TensorUtils.build/DerivedSources/arm64 -Xcc -I/Users/mali/Library/Developer/Xcode/DerivedData/Web-fwpjudnzpysruxaxmvjywphkufup/Build/Intermediates.noindex/swift-transformers.build/Debug/TensorUtils.build/DerivedSources -Xcc -DSWIFT_PACKAGE -Xcc -DDEBUG\=1 -emit-objc-header -emit-objc-header-path /Users/mali/Library/Developer/Xcode/DerivedData/Web-fwpjudnzpysruxaxmvjywphkufup/Build/Intermediates.noindex/swift-transformers.build/Debug/TensorUtils.build/Objects-normal/arm64/TensorUtils-Swift.h -working-directory /Users/mali/dev/Web/Web.xcodeproj -experimental-emit-module-separately -disable-cmo

SwiftDriver RealModule normal arm64 com.apple.xcode.tools.swift.compiler (in target 'RealModule' from project 'swift-numerics')
    cd /Users/mali/dev/Web/Web.xcodeproj
    builtin-SwiftDriver -- /Applications/Xcode.app/Contents/Developer/Toolchains/XcodeDefault.xctoolchain/usr/bin/swiftc -module-name RealModule -Onone -enforce-exclusivity\=checked @/Users/mali/Library/Developer/Xcode/DerivedData/Web-fwpjudnzpysruxaxmvjywphkufup/Build/Intermediates.noindex/swift-numerics.build/Debug/RealModule.build/Objects-normal/arm64/RealModule.SwiftFileList -DSWIFT_PACKAGE -DDEBUG -DSWIFT_MODULE_RESOURCE_BUNDLE_UNAVAILABLE -DXcode -plugin-path /Applications/Xcode.app/Contents/Developer/Toolchains/XcodeDefault.xctoolchain/usr/lib/swift/host/plugins/testing -enable-experimental-feature DebugDescriptionMacro -sdk /Applications/Xcode.app/Contents/Developer/Platforms/MacOSX.platform/Developer/SDKs/MacOSX26.1.sdk -target arm64-apple-macos10.13 -g -module-cache-path /Users/mali/Library/Developer/Xcode/DerivedData/ModuleCache.noindex -Xfrontend -serialize-debugging-options -profile-coverage-mapping -profile-generate -enable-testing -suppress-warnings -index-store-path /Users/mali/Library/Developer/Xcode/DerivedData/Web-fwpjudnzpysruxaxmvjywphkufup/Index.noindex/DataStore -Xcc -D_LIBCPP_HARDENING_MODE\=_LIBCPP_HARDENING_MODE_DEBUG -swift-version 5 -I /Users/mali/Library/Developer/Xcode/DerivedData/Web-fwpjudnzpysruxaxmvjywphkufup/Build/Products/Debug -Isystem /Applications/Xcode.app/Contents/Developer/Platforms/MacOSX.platform/Developer/usr/lib -F /Users/mali/Library/Developer/Xcode/DerivedData/Web-fwpjudnzpysruxaxmvjywphkufup/Build/Products/Debug/PackageFrameworks -F /Users/mali/Library/Developer/Xcode/DerivedData/Web-fwpjudnzpysruxaxmvjywphkufup/Build/Products/Debug -F /Applications/Xcode.app/Contents/Developer/Platforms/MacOSX.platform/Developer/Library/Frameworks -c -j8 -enable-batch-mode -incremental -Xcc -ivfsstatcache -Xcc /Users/mali/Library/Developer/Xcode/DerivedData/SDKStatCaches.noindex/macosx26.1-25B74-3885c01c3e6b6a337905948deab2002e3ae1261907bdadc328169391a47051a6.sdkstatcache -output-file-map /Users/mali/Library/Developer/Xcode/DerivedData/Web-fwpjudnzpysruxaxmvjywphkufup/Build/Intermediates.noindex/swift-numerics.build/Debug/RealModule.build/Objects-normal/arm64/RealModule-OutputFileMap.json -use-frontend-parseable-output -save-temps -no-color-diagnostics -explicit-module-build -module-cache-path /Users/mali/Library/Developer/Xcode/DerivedData/Web-fwpjudnzpysruxaxmvjywphkufup/Build/Intermediates.noindex/SwiftExplicitPrecompiledModules -clang-scanner-module-cache-path /Users/mali/Library/Developer/Xcode/DerivedData/ModuleCache.noindex -sdk-module-cache-path /Users/mali/Library/Developer/Xcode/DerivedData/ModuleCache.noindex -serialize-diagnostics -emit-dependencies -emit-module -emit-module-path /Users/mali/Library/Developer/Xcode/DerivedData/Web-fwpjudnzpysruxaxmvjywphkufup/Build/Intermediates.noindex/swift-numerics.build/Debug/RealModule.build/Objects-normal/arm64/RealModule.swiftmodule -validate-clang-modules-once -clang-build-session-file /Users/mali/Library/Developer/Xcode/DerivedData/ModuleCache.noindex/Session.modulevalidation -Xcc -I/Users/mali/Library/Developer/Xcode/DerivedData/Web-fwpjudnzpysruxaxmvjywphkufup/Build/Intermediates.noindex/swift-numerics.build/Debug/RealModule.build/swift-overrides.hmap -emit-const-values -Xfrontend -const-gather-protocols-file -Xfrontend /Users/mali/Library/Developer/Xcode/DerivedData/Web-fwpjudnzpysruxaxmvjywphkufup/Build/Intermediates.noindex/swift-numerics.build/Debug/RealModule.build/Objects-normal/arm64/RealModule_const_extract_protocols.json -Xcc -I/Users/mali/Library/Developer/Xcode/DerivedData/Web-fwpjudnzpysruxaxmvjywphkufup/SourcePackages/checkouts/swift-numerics/Sources/_NumericsShims/include -Xcc -I/Users/mali/Library/Developer/Xcode/DerivedData/Web-fwpjudnzpysruxaxmvjywphkufup/Build/Products/Debug/include -Xcc -I/Users/mali/Library/Developer/Xcode/DerivedData/Web-fwpjudnzpysruxaxmvjywphkufup/Build/Intermediates.noindex/swift-numerics.build/Debug/RealModule.build/DerivedSources-normal/arm64 -Xcc -I/Users/mali/Library/Developer/Xcode/DerivedData/Web-fwpjudnzpysruxaxmvjywphkufup/Build/Intermediates.noindex/swift-numerics.build/Debug/RealModule.build/DerivedSources/arm64 -Xcc -I/Users/mali/Library/Developer/Xcode/DerivedData/Web-fwpjudnzpysruxaxmvjywphkufup/Build/Intermediates.noindex/swift-numerics.build/Debug/RealModule.build/DerivedSources -Xcc -DSWIFT_PACKAGE -Xcc -DDEBUG\=1 -emit-objc-header -emit-objc-header-path /Users/mali/Library/Developer/Xcode/DerivedData/Web-fwpjudnzpysruxaxmvjywphkufup/Build/Intermediates.noindex/swift-numerics.build/Debug/RealModule.build/Objects-normal/arm64/RealModule-Swift.h -working-directory /Users/mali/dev/Web/Web.xcodeproj -experimental-emit-module-separately -disable-cmo

SwiftDriver InternalCollectionsUtilities normal arm64 com.apple.xcode.tools.swift.compiler (in target 'InternalCollectionsUtilities' from project 'swift-collections')
    cd /Users/mali/dev/Web/Web.xcodeproj
    builtin-SwiftDriver -- /Applications/Xcode.app/Contents/Developer/Toolchains/XcodeDefault.xctoolchain/usr/bin/swiftc -module-name InternalCollectionsUtilities -Onone -enforce-exclusivity\=checked @/Users/mali/Library/Developer/Xcode/DerivedData/Web-fwpjudnzpysruxaxmvjywphkufup/Build/Intermediates.noindex/swift-collections.build/Debug/InternalCollectionsUtilities.build/Objects-normal/arm64/InternalCollectionsUtilities.SwiftFileList -DSWIFT_PACKAGE -DDEBUG -DSWIFT_MODULE_RESOURCE_BUNDLE_UNAVAILABLE -DCOLLECTIONS_RANDOMIZED_TESTING -DXcode -plugin-path /Applications/Xcode.app/Contents/Developer/Toolchains/XcodeDefault.xctoolchain/usr/lib/swift/host/plugins/testing -enable-experimental-feature DebugDescriptionMacro -sdk /Applications/Xcode.app/Contents/Developer/Platforms/MacOSX.platform/Developer/SDKs/MacOSX26.1.sdk -target arm64-apple-macos10.13 -g -module-cache-path /Users/mali/Library/Developer/Xcode/DerivedData/ModuleCache.noindex -Xfrontend -serialize-debugging-options -profile-coverage-mapping -profile-generate -enable-testing -suppress-warnings -index-store-path /Users/mali/Library/Developer/Xcode/DerivedData/Web-fwpjudnzpysruxaxmvjywphkufup/Index.noindex/DataStore -Xcc -D_LIBCPP_HARDENING_MODE\=_LIBCPP_HARDENING_MODE_DEBUG -swift-version 5 -I /Users/mali/Library/Developer/Xcode/DerivedData/Web-fwpjudnzpysruxaxmvjywphkufup/Build/Products/Debug -Isystem /Applications/Xcode.app/Contents/Developer/Platforms/MacOSX.platform/Developer/usr/lib -F /Users/mali/Library/Developer/Xcode/DerivedData/Web-fwpjudnzpysruxaxmvjywphkufup/Build/Products/Debug -F /Applications/Xcode.app/Contents/Developer/Platforms/MacOSX.platform/Developer/Library/Frameworks -c -j8 -enable-batch-mode -incremental -Xcc -ivfsstatcache -Xcc /Users/mali/Library/Developer/Xcode/DerivedData/SDKStatCaches.noindex/macosx26.1-25B74-3885c01c3e6b6a337905948deab2002e3ae1261907bdadc328169391a47051a6.sdkstatcache -output-file-map /Users/mali/Library/Developer/Xcode/DerivedData/Web-fwpjudnzpysruxaxmvjywphkufup/Build/Intermediates.noindex/swift-collections.build/Debug/InternalCollectionsUtilities.build/Objects-normal/arm64/InternalCollectionsUtilities-OutputFileMap.json -use-frontend-parseable-output -save-temps -no-color-diagnostics -explicit-module-build -module-cache-path /Users/mali/Library/Developer/Xcode/DerivedData/Web-fwpjudnzpysruxaxmvjywphkufup/Build/Intermediates.noindex/SwiftExplicitPrecompiledModules -clang-scanner-module-cache-path /Users/mali/Library/Developer/Xcode/DerivedData/ModuleCache.noindex -sdk-module-cache-path /Users/mali/Library/Developer/Xcode/DerivedData/ModuleCache.noindex -serialize-diagnostics -emit-dependencies -emit-module -emit-module-path /Users/mali/Library/Developer/Xcode/DerivedData/Web-fwpjudnzpysruxaxmvjywphkufup/Build/Intermediates.noindex/swift-collections.build/Debug/InternalCollectionsUtilities.build/Objects-normal/arm64/InternalCollectionsUtilities.swiftmodule -validate-clang-modules-once -clang-build-session-file /Users/mali/Library/Developer/Xcode/DerivedData/ModuleCache.noindex/Session.modulevalidation -package-name swift_collections -Xcc -I/Users/mali/Library/Developer/Xcode/DerivedData/Web-fwpjudnzpysruxaxmvjywphkufup/Build/Intermediates.noindex/swift-collections.build/Debug/InternalCollectionsUtilities.build/swift-overrides.hmap -emit-const-values -Xfrontend -const-gather-protocols-file -Xfrontend /Users/mali/Library/Developer/Xcode/DerivedData/Web-fwpjudnzpysruxaxmvjywphkufup/Build/Intermediates.noindex/swift-collections.build/Debug/InternalCollectionsUtilities.build/Objects-normal/arm64/InternalCollectionsUtilities_const_extract_protocols.json -Xcc -I/Users/mali/Library/Developer/Xcode/DerivedData/Web-fwpjudnzpysruxaxmvjywphkufup/Build/Products/Debug/include -Xcc -I/Users/mali/Library/Developer/Xcode/DerivedData/Web-fwpjudnzpysruxaxmvjywphkufup/Build/Intermediates.noindex/swift-collections.build/Debug/InternalCollectionsUtilities.build/DerivedSources-normal/arm64 -Xcc -I/Users/mali/Library/Developer/Xcode/DerivedData/Web-fwpjudnzpysruxaxmvjywphkufup/Build/Intermediates.noindex/swift-collections.build/Debug/InternalCollectionsUtilities.build/DerivedSources/arm64 -Xcc -I/Users/mali/Library/Developer/Xcode/DerivedData/Web-fwpjudnzpysruxaxmvjywphkufup/Build/Intermediates.noindex/swift-collections.build/Debug/InternalCollectionsUtilities.build/DerivedSources -Xcc -DSWIFT_PACKAGE -Xcc -DDEBUG\=1 -emit-objc-header -emit-objc-header-path /Users/mali/Library/Developer/Xcode/DerivedData/Web-fwpjudnzpysruxaxmvjywphkufup/Build/Intermediates.noindex/swift-collections.build/Debug/InternalCollectionsUtilities.build/Objects-normal/arm64/InternalCollectionsUtilities-Swift.h -working-directory /Users/mali/dev/Web/Web.xcodeproj -experimental-emit-module-separately -disable-cmo

SwiftDriver Hub normal arm64 com.apple.xcode.tools.swift.compiler (in target 'Hub' from project 'swift-transformers')
    cd /Users/mali/dev/Web/Web.xcodeproj
    builtin-SwiftDriver -- /Applications/Xcode.app/Contents/Developer/Toolchains/XcodeDefault.xctoolchain/usr/bin/swiftc -module-name Hub -Onone -enforce-exclusivity\=checked @/Users/mali/Library/Developer/Xcode/DerivedData/Web-fwpjudnzpysruxaxmvjywphkufup/Build/Intermediates.noindex/swift-transformers.build/Debug/Hub.build/Objects-normal/arm64/Hub.SwiftFileList -DSWIFT_PACKAGE -DDEBUG -DSWIFT_MODULE_RESOURCE_BUNDLE_AVAILABLE -DXcode -plugin-path /Applications/Xcode.app/Contents/Developer/Toolchains/XcodeDefault.xctoolchain/usr/lib/swift/host/plugins/testing -enable-experimental-feature DebugDescriptionMacro -sdk /Applications/Xcode.app/Contents/Developer/Platforms/MacOSX.platform/Developer/SDKs/MacOSX26.1.sdk -target arm64-apple-macos13.0 -g -module-cache-path /Users/mali/Library/Developer/Xcode/DerivedData/ModuleCache.noindex -Xfrontend -serialize-debugging-options -profile-coverage-mapping -profile-generate -enable-testing -suppress-warnings -index-store-path /Users/mali/Library/Developer/Xcode/DerivedData/Web-fwpjudnzpysruxaxmvjywphkufup/Index.noindex/DataStore -Xcc -D_LIBCPP_HARDENING_MODE\=_LIBCPP_HARDENING_MODE_DEBUG -swift-version 5 -I /Users/mali/Library/Developer/Xcode/DerivedData/Web-fwpjudnzpysruxaxmvjywphkufup/Build/Products/Debug -Isystem /Applications/Xcode.app/Contents/Developer/Platforms/MacOSX.platform/Developer/usr/lib -F /Users/mali/Library/Developer/Xcode/DerivedData/Web-fwpjudnzpysruxaxmvjywphkufup/Build/Products/Debug -F /Applications/Xcode.app/Contents/Developer/Platforms/MacOSX.platform/Developer/Library/Frameworks -c -j8 -enable-batch-mode -incremental -Xcc -ivfsstatcache -Xcc /Users/mali/Library/Developer/Xcode/DerivedData/SDKStatCaches.noindex/macosx26.1-25B74-3885c01c3e6b6a337905948deab2002e3ae1261907bdadc328169391a47051a6.sdkstatcache -output-file-map /Users/mali/Library/Developer/Xcode/DerivedData/Web-fwpjudnzpysruxaxmvjywphkufup/Build/Intermediates.noindex/swift-transformers.build/Debug/Hub.build/Objects-normal/arm64/Hub-OutputFileMap.json -use-frontend-parseable-output -save-temps -no-color-diagnostics -explicit-module-build -module-cache-path /Users/mali/Library/Developer/Xcode/DerivedData/Web-fwpjudnzpysruxaxmvjywphkufup/Build/Intermediates.noindex/SwiftExplicitPrecompiledModules -clang-scanner-module-cache-path /Users/mali/Library/Developer/Xcode/DerivedData/ModuleCache.noindex -sdk-module-cache-path /Users/mali/Library/Developer/Xcode/DerivedData/ModuleCache.noindex -serialize-diagnostics -emit-dependencies -emit-module -emit-module-path /Users/mali/Library/Developer/Xcode/DerivedData/Web-fwpjudnzpysruxaxmvjywphkufup/Build/Intermediates.noindex/swift-transformers.build/Debug/Hub.build/Objects-normal/arm64/Hub.swiftmodule -validate-clang-modules-once -clang-build-session-file /Users/mali/Library/Developer/Xcode/DerivedData/ModuleCache.noindex/Session.modulevalidation -Xcc -I/Users/mali/Library/Developer/Xcode/DerivedData/Web-fwpjudnzpysruxaxmvjywphkufup/Build/Intermediates.noindex/swift-transformers.build/Debug/Hub.build/swift-overrides.hmap -emit-const-values -Xfrontend -const-gather-protocols-file -Xfrontend /Users/mali/Library/Developer/Xcode/DerivedData/Web-fwpjudnzpysruxaxmvjywphkufup/Build/Intermediates.noindex/swift-transformers.build/Debug/Hub.build/Objects-normal/arm64/Hub_const_extract_protocols.json -Xcc -I/Users/mali/Library/Developer/Xcode/DerivedData/Web-fwpjudnzpysruxaxmvjywphkufup/Build/Products/Debug/include -Xcc -I/Users/mali/Library/Developer/Xcode/DerivedData/Web-fwpjudnzpysruxaxmvjywphkufup/Build/Intermediates.noindex/swift-transformers.build/Debug/Hub.build/DerivedSources-normal/arm64 -Xcc -I/Users/mali/Library/Developer/Xcode/DerivedData/Web-fwpjudnzpysruxaxmvjywphkufup/Build/Intermediates.noindex/swift-transformers.build/Debug/Hub.build/DerivedSources/arm64 -Xcc -I/Users/mali/Library/Developer/Xcode/DerivedData/Web-fwpjudnzpysruxaxmvjywphkufup/Build/Intermediates.noindex/swift-transformers.build/Debug/Hub.build/DerivedSources -Xcc -DSWIFT_PACKAGE -Xcc -DDEBUG\=1 -emit-objc-header -emit-objc-header-path /Users/mali/Library/Developer/Xcode/DerivedData/Web-fwpjudnzpysruxaxmvjywphkufup/Build/Intermediates.noindex/swift-transformers.build/Debug/Hub.build/Objects-normal/arm64/Hub-Swift.h -working-directory /Users/mali/dev/Web/Web.xcodeproj -experimental-emit-module-separately -disable-cmo

Ld /Users/mali/Library/Developer/Xcode/DerivedData/Web-fwpjudnzpysruxaxmvjywphkufup/Build/Products/Debug/Cmlx.o normal (in target 'Cmlx' from project 'mlx-swift')
    cd /Users/mali/Library/Developer/Xcode/DerivedData/Web-fwpjudnzpysruxaxmvjywphkufup/SourcePackages/checkouts/mlx-swift
    /Applications/Xcode.app/Contents/Developer/Toolchains/XcodeDefault.xctoolchain/usr/bin/clang++ -Xlinker -reproducible -target arm64-apple-macos13.3 -r -isysroot /Applications/Xcode.app/Contents/Developer/Platforms/MacOSX.platform/Developer/SDKs/MacOSX26.1.sdk -O0 -w -L/Users/mali/Library/Developer/Xcode/DerivedData/Web-fwpjudnzpysruxaxmvjywphkufup/Build/Intermediates.noindex/EagerLinkingTBDs/Debug -L/Users/mali/Library/Developer/Xcode/DerivedData/Web-fwpjudnzpysruxaxmvjywphkufup/Build/Products/Debug -L/Applications/Xcode.app/Contents/Developer/Platforms/MacOSX.platform/Developer/usr/lib -F/Users/mali/Library/Developer/Xcode/DerivedData/Web-fwpjudnzpysruxaxmvjywphkufup/Build/Intermediates.noindex/EagerLinkingTBDs/Debug -F/Users/mali/Library/Developer/Xcode/DerivedData/Web-fwpjudnzpysruxaxmvjywphkufup/Build/Products/Debug -iframework /Applications/Xcode.app/Contents/Developer/Platforms/MacOSX.platform/Developer/Library/Frameworks -filelist /Users/mali/Library/Developer/Xcode/DerivedData/Web-fwpjudnzpysruxaxmvjywphkufup/Build/Intermediates.noindex/mlx-swift.build/Debug/Cmlx.build/Objects-normal/arm64/Cmlx.LinkFileList -nostdlib -Xlinker -object_path_lto -Xlinker /Users/mali/Library/Developer/Xcode/DerivedData/Web-fwpjudnzpysruxaxmvjywphkufup/Build/Intermediates.noindex/mlx-swift.build/Debug/Cmlx.build/Objects-normal/arm64/Cmlx_lto.o -rdynamic -Xlinker -no_deduplicate -Xlinker -debug_variant -Xlinker -dependency_info -Xlinker /Users/mali/Library/Developer/Xcode/DerivedData/Web-fwpjudnzpysruxaxmvjywphkufup/Build/Intermediates.noindex/mlx-swift.build/Debug/Cmlx.build/Objects-normal/arm64/Cmlx_dependency_info.dat -fobjc-arc -fobjc-link-runtime -o /Users/mali/Library/Developer/Xcode/DerivedData/Web-fwpjudnzpysruxaxmvjywphkufup/Build/Products/Debug/Cmlx.o

RegisterExecutionPolicyException /Users/mali/Library/Developer/Xcode/DerivedData/Web-fwpjudnzpysruxaxmvjywphkufup/Build/Products/Debug/_NumericsShims.o (in target '_NumericsShims' from project 'swift-numerics')
    cd /Users/mali/Library/Developer/Xcode/DerivedData/Web-fwpjudnzpysruxaxmvjywphkufup/SourcePackages/checkouts/swift-numerics
    builtin-RegisterExecutionPolicyException /Users/mali/Library/Developer/Xcode/DerivedData/Web-fwpjudnzpysruxaxmvjywphkufup/Build/Products/Debug/_NumericsShims.o

SwiftDriver\ Compilation\ Requirements RealModule normal arm64 com.apple.xcode.tools.swift.compiler (in target 'RealModule' from project 'swift-numerics')
    cd /Users/mali/dev/Web/Web.xcodeproj
    builtin-Swift-Compilation-Requirements -- /Applications/Xcode.app/Contents/Developer/Toolchains/XcodeDefault.xctoolchain/usr/bin/swiftc -module-name RealModule -Onone -enforce-exclusivity\=checked @/Users/mali/Library/Developer/Xcode/DerivedData/Web-fwpjudnzpysruxaxmvjywphkufup/Build/Intermediates.noindex/swift-numerics.build/Debug/RealModule.build/Objects-normal/arm64/RealModule.SwiftFileList -DSWIFT_PACKAGE -DDEBUG -DSWIFT_MODULE_RESOURCE_BUNDLE_UNAVAILABLE -DXcode -plugin-path /Applications/Xcode.app/Contents/Developer/Toolchains/XcodeDefault.xctoolchain/usr/lib/swift/host/plugins/testing -enable-experimental-feature DebugDescriptionMacro -sdk /Applications/Xcode.app/Contents/Developer/Platforms/MacOSX.platform/Developer/SDKs/MacOSX26.1.sdk -target arm64-apple-macos10.13 -g -module-cache-path /Users/mali/Library/Developer/Xcode/DerivedData/ModuleCache.noindex -Xfrontend -serialize-debugging-options -profile-coverage-mapping -profile-generate -enable-testing -suppress-warnings -index-store-path /Users/mali/Library/Developer/Xcode/DerivedData/Web-fwpjudnzpysruxaxmvjywphkufup/Index.noindex/DataStore -Xcc -D_LIBCPP_HARDENING_MODE\=_LIBCPP_HARDENING_MODE_DEBUG -swift-version 5 -I /Users/mali/Library/Developer/Xcode/DerivedData/Web-fwpjudnzpysruxaxmvjywphkufup/Build/Products/Debug -Isystem /Applications/Xcode.app/Contents/Developer/Platforms/MacOSX.platform/Developer/usr/lib -F /Users/mali/Library/Developer/Xcode/DerivedData/Web-fwpjudnzpysruxaxmvjywphkufup/Build/Products/Debug/PackageFrameworks -F /Users/mali/Library/Developer/Xcode/DerivedData/Web-fwpjudnzpysruxaxmvjywphkufup/Build/Products/Debug -F /Applications/Xcode.app/Contents/Developer/Platforms/MacOSX.platform/Developer/Library/Frameworks -c -j8 -enable-batch-mode -incremental -Xcc -ivfsstatcache -Xcc /Users/mali/Library/Developer/Xcode/DerivedData/SDKStatCaches.noindex/macosx26.1-25B74-3885c01c3e6b6a337905948deab2002e3ae1261907bdadc328169391a47051a6.sdkstatcache -output-file-map /Users/mali/Library/Developer/Xcode/DerivedData/Web-fwpjudnzpysruxaxmvjywphkufup/Build/Intermediates.noindex/swift-numerics.build/Debug/RealModule.build/Objects-normal/arm64/RealModule-OutputFileMap.json -use-frontend-parseable-output -save-temps -no-color-diagnostics -explicit-module-build -module-cache-path /Users/mali/Library/Developer/Xcode/DerivedData/Web-fwpjudnzpysruxaxmvjywphkufup/Build/Intermediates.noindex/SwiftExplicitPrecompiledModules -clang-scanner-module-cache-path /Users/mali/Library/Developer/Xcode/DerivedData/ModuleCache.noindex -sdk-module-cache-path /Users/mali/Library/Developer/Xcode/DerivedData/ModuleCache.noindex -serialize-diagnostics -emit-dependencies -emit-module -emit-module-path /Users/mali/Library/Developer/Xcode/DerivedData/Web-fwpjudnzpysruxaxmvjywphkufup/Build/Intermediates.noindex/swift-numerics.build/Debug/RealModule.build/Objects-normal/arm64/RealModule.swiftmodule -validate-clang-modules-once -clang-build-session-file /Users/mali/Library/Developer/Xcode/DerivedData/ModuleCache.noindex/Session.modulevalidation -Xcc -I/Users/mali/Library/Developer/Xcode/DerivedData/Web-fwpjudnzpysruxaxmvjywphkufup/Build/Intermediates.noindex/swift-numerics.build/Debug/RealModule.build/swift-overrides.hmap -emit-const-values -Xfrontend -const-gather-protocols-file -Xfrontend /Users/mali/Library/Developer/Xcode/DerivedData/Web-fwpjudnzpysruxaxmvjywphkufup/Build/Intermediates.noindex/swift-numerics.build/Debug/RealModule.build/Objects-normal/arm64/RealModule_const_extract_protocols.json -Xcc -I/Users/mali/Library/Developer/Xcode/DerivedData/Web-fwpjudnzpysruxaxmvjywphkufup/SourcePackages/checkouts/swift-numerics/Sources/_NumericsShims/include -Xcc -I/Users/mali/Library/Developer/Xcode/DerivedData/Web-fwpjudnzpysruxaxmvjywphkufup/Build/Products/Debug/include -Xcc -I/Users/mali/Library/Developer/Xcode/DerivedData/Web-fwpjudnzpysruxaxmvjywphkufup/Build/Intermediates.noindex/swift-numerics.build/Debug/RealModule.build/DerivedSources-normal/arm64 -Xcc -I/Users/mali/Library/Developer/Xcode/DerivedData/Web-fwpjudnzpysruxaxmvjywphkufup/Build/Intermediates.noindex/swift-numerics.build/Debug/RealModule.build/DerivedSources/arm64 -Xcc -I/Users/mali/Library/Developer/Xcode/DerivedData/Web-fwpjudnzpysruxaxmvjywphkufup/Build/Intermediates.noindex/swift-numerics.build/Debug/RealModule.build/DerivedSources -Xcc -DSWIFT_PACKAGE -Xcc -DDEBUG\=1 -emit-objc-header -emit-objc-header-path /Users/mali/Library/Developer/Xcode/DerivedData/Web-fwpjudnzpysruxaxmvjywphkufup/Build/Intermediates.noindex/swift-numerics.build/Debug/RealModule.build/Objects-normal/arm64/RealModule-Swift.h -working-directory /Users/mali/dev/Web/Web.xcodeproj -experimental-emit-module-separately -disable-cmo

SwiftDriver\ Compilation RealModule normal arm64 com.apple.xcode.tools.swift.compiler (in target 'RealModule' from project 'swift-numerics')
    cd /Users/mali/dev/Web/Web.xcodeproj
    builtin-Swift-Compilation -- /Applications/Xcode.app/Contents/Developer/Toolchains/XcodeDefault.xctoolchain/usr/bin/swiftc -module-name RealModule -Onone -enforce-exclusivity\=checked @/Users/mali/Library/Developer/Xcode/DerivedData/Web-fwpjudnzpysruxaxmvjywphkufup/Build/Intermediates.noindex/swift-numerics.build/Debug/RealModule.build/Objects-normal/arm64/RealModule.SwiftFileList -DSWIFT_PACKAGE -DDEBUG -DSWIFT_MODULE_RESOURCE_BUNDLE_UNAVAILABLE -DXcode -plugin-path /Applications/Xcode.app/Contents/Developer/Toolchains/XcodeDefault.xctoolchain/usr/lib/swift/host/plugins/testing -enable-experimental-feature DebugDescriptionMacro -sdk /Applications/Xcode.app/Contents/Developer/Platforms/MacOSX.platform/Developer/SDKs/MacOSX26.1.sdk -target arm64-apple-macos10.13 -g -module-cache-path /Users/mali/Library/Developer/Xcode/DerivedData/ModuleCache.noindex -Xfrontend -serialize-debugging-options -profile-coverage-mapping -profile-generate -enable-testing -suppress-warnings -index-store-path /Users/mali/Library/Developer/Xcode/DerivedData/Web-fwpjudnzpysruxaxmvjywphkufup/Index.noindex/DataStore -Xcc -D_LIBCPP_HARDENING_MODE\=_LIBCPP_HARDENING_MODE_DEBUG -swift-version 5 -I /Users/mali/Library/Developer/Xcode/DerivedData/Web-fwpjudnzpysruxaxmvjywphkufup/Build/Products/Debug -Isystem /Applications/Xcode.app/Contents/Developer/Platforms/MacOSX.platform/Developer/usr/lib -F /Users/mali/Library/Developer/Xcode/DerivedData/Web-fwpjudnzpysruxaxmvjywphkufup/Build/Products/Debug/PackageFrameworks -F /Users/mali/Library/Developer/Xcode/DerivedData/Web-fwpjudnzpysruxaxmvjywphkufup/Build/Products/Debug -F /Applications/Xcode.app/Contents/Developer/Platforms/MacOSX.platform/Developer/Library/Frameworks -c -j8 -enable-batch-mode -incremental -Xcc -ivfsstatcache -Xcc /Users/mali/Library/Developer/Xcode/DerivedData/SDKStatCaches.noindex/macosx26.1-25B74-3885c01c3e6b6a337905948deab2002e3ae1261907bdadc328169391a47051a6.sdkstatcache -output-file-map /Users/mali/Library/Developer/Xcode/DerivedData/Web-fwpjudnzpysruxaxmvjywphkufup/Build/Intermediates.noindex/swift-numerics.build/Debug/RealModule.build/Objects-normal/arm64/RealModule-OutputFileMap.json -use-frontend-parseable-output -save-temps -no-color-diagnostics -explicit-module-build -module-cache-path /Users/mali/Library/Developer/Xcode/DerivedData/Web-fwpjudnzpysruxaxmvjywphkufup/Build/Intermediates.noindex/SwiftExplicitPrecompiledModules -clang-scanner-module-cache-path /Users/mali/Library/Developer/Xcode/DerivedData/ModuleCache.noindex -sdk-module-cache-path /Users/mali/Library/Developer/Xcode/DerivedData/ModuleCache.noindex -serialize-diagnostics -emit-dependencies -emit-module -emit-module-path /Users/mali/Library/Developer/Xcode/DerivedData/Web-fwpjudnzpysruxaxmvjywphkufup/Build/Intermediates.noindex/swift-numerics.build/Debug/RealModule.build/Objects-normal/arm64/RealModule.swiftmodule -validate-clang-modules-once -clang-build-session-file /Users/mali/Library/Developer/Xcode/DerivedData/ModuleCache.noindex/Session.modulevalidation -Xcc -I/Users/mali/Library/Developer/Xcode/DerivedData/Web-fwpjudnzpysruxaxmvjywphkufup/Build/Intermediates.noindex/swift-numerics.build/Debug/RealModule.build/swift-overrides.hmap -emit-const-values -Xfrontend -const-gather-protocols-file -Xfrontend /Users/mali/Library/Developer/Xcode/DerivedData/Web-fwpjudnzpysruxaxmvjywphkufup/Build/Intermediates.noindex/swift-numerics.build/Debug/RealModule.build/Objects-normal/arm64/RealModule_const_extract_protocols.json -Xcc -I/Users/mali/Library/Developer/Xcode/DerivedData/Web-fwpjudnzpysruxaxmvjywphkufup/SourcePackages/checkouts/swift-numerics/Sources/_NumericsShims/include -Xcc -I/Users/mali/Library/Developer/Xcode/DerivedData/Web-fwpjudnzpysruxaxmvjywphkufup/Build/Products/Debug/include -Xcc -I/Users/mali/Library/Developer/Xcode/DerivedData/Web-fwpjudnzpysruxaxmvjywphkufup/Build/Intermediates.noindex/swift-numerics.build/Debug/RealModule.build/DerivedSources-normal/arm64 -Xcc -I/Users/mali/Library/Developer/Xcode/DerivedData/Web-fwpjudnzpysruxaxmvjywphkufup/Build/Intermediates.noindex/swift-numerics.build/Debug/RealModule.build/DerivedSources/arm64 -Xcc -I/Users/mali/Library/Developer/Xcode/DerivedData/Web-fwpjudnzpysruxaxmvjywphkufup/Build/Intermediates.noindex/swift-numerics.build/Debug/RealModule.build/DerivedSources -Xcc -DSWIFT_PACKAGE -Xcc -DDEBUG\=1 -emit-objc-header -emit-objc-header-path /Users/mali/Library/Developer/Xcode/DerivedData/Web-fwpjudnzpysruxaxmvjywphkufup/Build/Intermediates.noindex/swift-numerics.build/Debug/RealModule.build/Objects-normal/arm64/RealModule-Swift.h -working-directory /Users/mali/dev/Web/Web.xcodeproj -experimental-emit-module-separately -disable-cmo

SwiftMergeGeneratedHeaders /Users/mali/Library/Developer/Xcode/DerivedData/Web-fwpjudnzpysruxaxmvjywphkufup/Build/Intermediates.noindex/GeneratedModuleMaps/RealModule-Swift.h /Users/mali/Library/Developer/Xcode/DerivedData/Web-fwpjudnzpysruxaxmvjywphkufup/Build/Intermediates.noindex/swift-numerics.build/Debug/RealModule.build/Objects-normal/arm64/RealModule-Swift.h (in target 'RealModule' from project 'swift-numerics')
    cd /Users/mali/Library/Developer/Xcode/DerivedData/Web-fwpjudnzpysruxaxmvjywphkufup/SourcePackages/checkouts/swift-numerics
    builtin-swiftHeaderTool -arch arm64 /Users/mali/Library/Developer/Xcode/DerivedData/Web-fwpjudnzpysruxaxmvjywphkufup/Build/Intermediates.noindex/swift-numerics.build/Debug/RealModule.build/Objects-normal/arm64/RealModule-Swift.h -o /Users/mali/Library/Developer/Xcode/DerivedData/Web-fwpjudnzpysruxaxmvjywphkufup/Build/Intermediates.noindex/GeneratedModuleMaps/RealModule-Swift.h

SwiftDriver\ Compilation\ Requirements InternalCollectionsUtilities normal arm64 com.apple.xcode.tools.swift.compiler (in target 'InternalCollectionsUtilities' from project 'swift-collections')
    cd /Users/mali/dev/Web/Web.xcodeproj
    builtin-Swift-Compilation-Requirements -- /Applications/Xcode.app/Contents/Developer/Toolchains/XcodeDefault.xctoolchain/usr/bin/swiftc -module-name InternalCollectionsUtilities -Onone -enforce-exclusivity\=checked @/Users/mali/Library/Developer/Xcode/DerivedData/Web-fwpjudnzpysruxaxmvjywphkufup/Build/Intermediates.noindex/swift-collections.build/Debug/InternalCollectionsUtilities.build/Objects-normal/arm64/InternalCollectionsUtilities.SwiftFileList -DSWIFT_PACKAGE -DDEBUG -DSWIFT_MODULE_RESOURCE_BUNDLE_UNAVAILABLE -DCOLLECTIONS_RANDOMIZED_TESTING -DXcode -plugin-path /Applications/Xcode.app/Contents/Developer/Toolchains/XcodeDefault.xctoolchain/usr/lib/swift/host/plugins/testing -enable-experimental-feature DebugDescriptionMacro -sdk /Applications/Xcode.app/Contents/Developer/Platforms/MacOSX.platform/Developer/SDKs/MacOSX26.1.sdk -target arm64-apple-macos10.13 -g -module-cache-path /Users/mali/Library/Developer/Xcode/DerivedData/ModuleCache.noindex -Xfrontend -serialize-debugging-options -profile-coverage-mapping -profile-generate -enable-testing -suppress-warnings -index-store-path /Users/mali/Library/Developer/Xcode/DerivedData/Web-fwpjudnzpysruxaxmvjywphkufup/Index.noindex/DataStore -Xcc -D_LIBCPP_HARDENING_MODE\=_LIBCPP_HARDENING_MODE_DEBUG -swift-version 5 -I /Users/mali/Library/Developer/Xcode/DerivedData/Web-fwpjudnzpysruxaxmvjywphkufup/Build/Products/Debug -Isystem /Applications/Xcode.app/Contents/Developer/Platforms/MacOSX.platform/Developer/usr/lib -F /Users/mali/Library/Developer/Xcode/DerivedData/Web-fwpjudnzpysruxaxmvjywphkufup/Build/Products/Debug -F /Applications/Xcode.app/Contents/Developer/Platforms/MacOSX.platform/Developer/Library/Frameworks -c -j8 -enable-batch-mode -incremental -Xcc -ivfsstatcache -Xcc /Users/mali/Library/Developer/Xcode/DerivedData/SDKStatCaches.noindex/macosx26.1-25B74-3885c01c3e6b6a337905948deab2002e3ae1261907bdadc328169391a47051a6.sdkstatcache -output-file-map /Users/mali/Library/Developer/Xcode/DerivedData/Web-fwpjudnzpysruxaxmvjywphkufup/Build/Intermediates.noindex/swift-collections.build/Debug/InternalCollectionsUtilities.build/Objects-normal/arm64/InternalCollectionsUtilities-OutputFileMap.json -use-frontend-parseable-output -save-temps -no-color-diagnostics -explicit-module-build -module-cache-path /Users/mali/Library/Developer/Xcode/DerivedData/Web-fwpjudnzpysruxaxmvjywphkufup/Build/Intermediates.noindex/SwiftExplicitPrecompiledModules -clang-scanner-module-cache-path /Users/mali/Library/Developer/Xcode/DerivedData/ModuleCache.noindex -sdk-module-cache-path /Users/mali/Library/Developer/Xcode/DerivedData/ModuleCache.noindex -serialize-diagnostics -emit-dependencies -emit-module -emit-module-path /Users/mali/Library/Developer/Xcode/DerivedData/Web-fwpjudnzpysruxaxmvjywphkufup/Build/Intermediates.noindex/swift-collections.build/Debug/InternalCollectionsUtilities.build/Objects-normal/arm64/InternalCollectionsUtilities.swiftmodule -validate-clang-modules-once -clang-build-session-file /Users/mali/Library/Developer/Xcode/DerivedData/ModuleCache.noindex/Session.modulevalidation -package-name swift_collections -Xcc -I/Users/mali/Library/Developer/Xcode/DerivedData/Web-fwpjudnzpysruxaxmvjywphkufup/Build/Intermediates.noindex/swift-collections.build/Debug/InternalCollectionsUtilities.build/swift-overrides.hmap -emit-const-values -Xfrontend -const-gather-protocols-file -Xfrontend /Users/mali/Library/Developer/Xcode/DerivedData/Web-fwpjudnzpysruxaxmvjywphkufup/Build/Intermediates.noindex/swift-collections.build/Debug/InternalCollectionsUtilities.build/Objects-normal/arm64/InternalCollectionsUtilities_const_extract_protocols.json -Xcc -I/Users/mali/Library/Developer/Xcode/DerivedData/Web-fwpjudnzpysruxaxmvjywphkufup/Build/Products/Debug/include -Xcc -I/Users/mali/Library/Developer/Xcode/DerivedData/Web-fwpjudnzpysruxaxmvjywphkufup/Build/Intermediates.noindex/swift-collections.build/Debug/InternalCollectionsUtilities.build/DerivedSources-normal/arm64 -Xcc -I/Users/mali/Library/Developer/Xcode/DerivedData/Web-fwpjudnzpysruxaxmvjywphkufup/Build/Intermediates.noindex/swift-collections.build/Debug/InternalCollectionsUtilities.build/DerivedSources/arm64 -Xcc -I/Users/mali/Library/Developer/Xcode/DerivedData/Web-fwpjudnzpysruxaxmvjywphkufup/Build/Intermediates.noindex/swift-collections.build/Debug/InternalCollectionsUtilities.build/DerivedSources -Xcc -DSWIFT_PACKAGE -Xcc -DDEBUG\=1 -emit-objc-header -emit-objc-header-path /Users/mali/Library/Developer/Xcode/DerivedData/Web-fwpjudnzpysruxaxmvjywphkufup/Build/Intermediates.noindex/swift-collections.build/Debug/InternalCollectionsUtilities.build/Objects-normal/arm64/InternalCollectionsUtilities-Swift.h -working-directory /Users/mali/dev/Web/Web.xcodeproj -experimental-emit-module-separately -disable-cmo

SwiftDriver\ Compilation InternalCollectionsUtilities normal arm64 com.apple.xcode.tools.swift.compiler (in target 'InternalCollectionsUtilities' from project 'swift-collections')
    cd /Users/mali/dev/Web/Web.xcodeproj
    builtin-Swift-Compilation -- /Applications/Xcode.app/Contents/Developer/Toolchains/XcodeDefault.xctoolchain/usr/bin/swiftc -module-name InternalCollectionsUtilities -Onone -enforce-exclusivity\=checked @/Users/mali/Library/Developer/Xcode/DerivedData/Web-fwpjudnzpysruxaxmvjywphkufup/Build/Intermediates.noindex/swift-collections.build/Debug/InternalCollectionsUtilities.build/Objects-normal/arm64/InternalCollectionsUtilities.SwiftFileList -DSWIFT_PACKAGE -DDEBUG -DSWIFT_MODULE_RESOURCE_BUNDLE_UNAVAILABLE -DCOLLECTIONS_RANDOMIZED_TESTING -DXcode -plugin-path /Applications/Xcode.app/Contents/Developer/Toolchains/XcodeDefault.xctoolchain/usr/lib/swift/host/plugins/testing -enable-experimental-feature DebugDescriptionMacro -sdk /Applications/Xcode.app/Contents/Developer/Platforms/MacOSX.platform/Developer/SDKs/MacOSX26.1.sdk -target arm64-apple-macos10.13 -g -module-cache-path /Users/mali/Library/Developer/Xcode/DerivedData/ModuleCache.noindex -Xfrontend -serialize-debugging-options -profile-coverage-mapping -profile-generate -enable-testing -suppress-warnings -index-store-path /Users/mali/Library/Developer/Xcode/DerivedData/Web-fwpjudnzpysruxaxmvjywphkufup/Index.noindex/DataStore -Xcc -D_LIBCPP_HARDENING_MODE\=_LIBCPP_HARDENING_MODE_DEBUG -swift-version 5 -I /Users/mali/Library/Developer/Xcode/DerivedData/Web-fwpjudnzpysruxaxmvjywphkufup/Build/Products/Debug -Isystem /Applications/Xcode.app/Contents/Developer/Platforms/MacOSX.platform/Developer/usr/lib -F /Users/mali/Library/Developer/Xcode/DerivedData/Web-fwpjudnzpysruxaxmvjywphkufup/Build/Products/Debug -F /Applications/Xcode.app/Contents/Developer/Platforms/MacOSX.platform/Developer/Library/Frameworks -c -j8 -enable-batch-mode -incremental -Xcc -ivfsstatcache -Xcc /Users/mali/Library/Developer/Xcode/DerivedData/SDKStatCaches.noindex/macosx26.1-25B74-3885c01c3e6b6a337905948deab2002e3ae1261907bdadc328169391a47051a6.sdkstatcache -output-file-map /Users/mali/Library/Developer/Xcode/DerivedData/Web-fwpjudnzpysruxaxmvjywphkufup/Build/Intermediates.noindex/swift-collections.build/Debug/InternalCollectionsUtilities.build/Objects-normal/arm64/InternalCollectionsUtilities-OutputFileMap.json -use-frontend-parseable-output -save-temps -no-color-diagnostics -explicit-module-build -module-cache-path /Users/mali/Library/Developer/Xcode/DerivedData/Web-fwpjudnzpysruxaxmvjywphkufup/Build/Intermediates.noindex/SwiftExplicitPrecompiledModules -clang-scanner-module-cache-path /Users/mali/Library/Developer/Xcode/DerivedData/ModuleCache.noindex -sdk-module-cache-path /Users/mali/Library/Developer/Xcode/DerivedData/ModuleCache.noindex -serialize-diagnostics -emit-dependencies -emit-module -emit-module-path /Users/mali/Library/Developer/Xcode/DerivedData/Web-fwpjudnzpysruxaxmvjywphkufup/Build/Intermediates.noindex/swift-collections.build/Debug/InternalCollectionsUtilities.build/Objects-normal/arm64/InternalCollectionsUtilities.swiftmodule -validate-clang-modules-once -clang-build-session-file /Users/mali/Library/Developer/Xcode/DerivedData/ModuleCache.noindex/Session.modulevalidation -package-name swift_collections -Xcc -I/Users/mali/Library/Developer/Xcode/DerivedData/Web-fwpjudnzpysruxaxmvjywphkufup/Build/Intermediates.noindex/swift-collections.build/Debug/InternalCollectionsUtilities.build/swift-overrides.hmap -emit-const-values -Xfrontend -const-gather-protocols-file -Xfrontend /Users/mali/Library/Developer/Xcode/DerivedData/Web-fwpjudnzpysruxaxmvjywphkufup/Build/Intermediates.noindex/swift-collections.build/Debug/InternalCollectionsUtilities.build/Objects-normal/arm64/InternalCollectionsUtilities_const_extract_protocols.json -Xcc -I/Users/mali/Library/Developer/Xcode/DerivedData/Web-fwpjudnzpysruxaxmvjywphkufup/Build/Products/Debug/include -Xcc -I/Users/mali/Library/Developer/Xcode/DerivedData/Web-fwpjudnzpysruxaxmvjywphkufup/Build/Intermediates.noindex/swift-collections.build/Debug/InternalCollectionsUtilities.build/DerivedSources-normal/arm64 -Xcc -I/Users/mali/Library/Developer/Xcode/DerivedData/Web-fwpjudnzpysruxaxmvjywphkufup/Build/Intermediates.noindex/swift-collections.build/Debug/InternalCollectionsUtilities.build/DerivedSources/arm64 -Xcc -I/Users/mali/Library/Developer/Xcode/DerivedData/Web-fwpjudnzpysruxaxmvjywphkufup/Build/Intermediates.noindex/swift-collections.build/Debug/InternalCollectionsUtilities.build/DerivedSources -Xcc -DSWIFT_PACKAGE -Xcc -DDEBUG\=1 -emit-objc-header -emit-objc-header-path /Users/mali/Library/Developer/Xcode/DerivedData/Web-fwpjudnzpysruxaxmvjywphkufup/Build/Intermediates.noindex/swift-collections.build/Debug/InternalCollectionsUtilities.build/Objects-normal/arm64/InternalCollectionsUtilities-Swift.h -working-directory /Users/mali/dev/Web/Web.xcodeproj -experimental-emit-module-separately -disable-cmo

Ld /Users/mali/Library/Developer/Xcode/DerivedData/Web-fwpjudnzpysruxaxmvjywphkufup/Build/Products/Debug/RealModule.o normal (in target 'RealModule' from project 'swift-numerics')
    cd /Users/mali/Library/Developer/Xcode/DerivedData/Web-fwpjudnzpysruxaxmvjywphkufup/SourcePackages/checkouts/swift-numerics
    /Applications/Xcode.app/Contents/Developer/Toolchains/XcodeDefault.xctoolchain/usr/bin/clang -Xlinker -reproducible -target arm64-apple-macos10.13 -r -isysroot /Applications/Xcode.app/Contents/Developer/Platforms/MacOSX.platform/Developer/SDKs/MacOSX26.1.sdk -O0 -w -L/Users/mali/Library/Developer/Xcode/DerivedData/Web-fwpjudnzpysruxaxmvjywphkufup/Build/Intermediates.noindex/EagerLinkingTBDs/Debug -L/Users/mali/Library/Developer/Xcode/DerivedData/Web-fwpjudnzpysruxaxmvjywphkufup/Build/Products/Debug -L/Applications/Xcode.app/Contents/Developer/Platforms/MacOSX.platform/Developer/usr/lib -F/Users/mali/Library/Developer/Xcode/DerivedData/Web-fwpjudnzpysruxaxmvjywphkufup/Build/Intermediates.noindex/EagerLinkingTBDs/Debug -F/Users/mali/Library/Developer/Xcode/DerivedData/Web-fwpjudnzpysruxaxmvjywphkufup/Build/Products/Debug/PackageFrameworks -F/Users/mali/Library/Developer/Xcode/DerivedData/Web-fwpjudnzpysruxaxmvjywphkufup/Build/Products/Debug -iframework /Applications/Xcode.app/Contents/Developer/Platforms/MacOSX.platform/Developer/Library/Frameworks -filelist /Users/mali/Library/Developer/Xcode/DerivedData/Web-fwpjudnzpysruxaxmvjywphkufup/Build/Intermediates.noindex/swift-numerics.build/Debug/RealModule.build/Objects-normal/arm64/RealModule.LinkFileList -nostdlib -Xlinker -object_path_lto -Xlinker /Users/mali/Library/Developer/Xcode/DerivedData/Web-fwpjudnzpysruxaxmvjywphkufup/Build/Intermediates.noindex/swift-numerics.build/Debug/RealModule.build/Objects-normal/arm64/RealModule_lto.o -rdynamic -Xlinker -no_deduplicate -Xlinker -debug_variant -Xlinker -dependency_info -Xlinker /Users/mali/Library/Developer/Xcode/DerivedData/Web-fwpjudnzpysruxaxmvjywphkufup/Build/Intermediates.noindex/swift-numerics.build/Debug/RealModule.build/Objects-normal/arm64/RealModule_dependency_info.dat -fobjc-link-runtime -L/Applications/Xcode.app/Contents/Developer/Toolchains/XcodeDefault.xctoolchain/usr/lib/swift/macosx -L/usr/lib/swift -Xlinker -add_ast_path -Xlinker /Users/mali/Library/Developer/Xcode/DerivedData/Web-fwpjudnzpysruxaxmvjywphkufup/Build/Intermediates.noindex/swift-numerics.build/Debug/RealModule.build/Objects-normal/arm64/RealModule.swiftmodule @/Users/mali/Library/Developer/Xcode/DerivedData/Web-fwpjudnzpysruxaxmvjywphkufup/Build/Intermediates.noindex/swift-numerics.build/Debug/RealModule.build/Objects-normal/arm64/RealModule-linker-args.resp -o /Users/mali/Library/Developer/Xcode/DerivedData/Web-fwpjudnzpysruxaxmvjywphkufup/Build/Products/Debug/RealModule.o

SwiftDriver ComplexModule normal arm64 com.apple.xcode.tools.swift.compiler (in target 'ComplexModule' from project 'swift-numerics')
    cd /Users/mali/dev/Web/Web.xcodeproj
    builtin-SwiftDriver -- /Applications/Xcode.app/Contents/Developer/Toolchains/XcodeDefault.xctoolchain/usr/bin/swiftc -module-name ComplexModule -Onone -enforce-exclusivity\=checked @/Users/mali/Library/Developer/Xcode/DerivedData/Web-fwpjudnzpysruxaxmvjywphkufup/Build/Intermediates.noindex/swift-numerics.build/Debug/ComplexModule.build/Objects-normal/arm64/ComplexModule.SwiftFileList -DSWIFT_PACKAGE -DDEBUG -DSWIFT_MODULE_RESOURCE_BUNDLE_UNAVAILABLE -DXcode -plugin-path /Applications/Xcode.app/Contents/Developer/Toolchains/XcodeDefault.xctoolchain/usr/lib/swift/host/plugins/testing -enable-experimental-feature DebugDescriptionMacro -sdk /Applications/Xcode.app/Contents/Developer/Platforms/MacOSX.platform/Developer/SDKs/MacOSX26.1.sdk -target arm64-apple-macos10.13 -g -module-cache-path /Users/mali/Library/Developer/Xcode/DerivedData/ModuleCache.noindex -Xfrontend -serialize-debugging-options -profile-coverage-mapping -profile-generate -enable-testing -suppress-warnings -index-store-path /Users/mali/Library/Developer/Xcode/DerivedData/Web-fwpjudnzpysruxaxmvjywphkufup/Index.noindex/DataStore -Xcc -D_LIBCPP_HARDENING_MODE\=_LIBCPP_HARDENING_MODE_DEBUG -swift-version 5 -I /Users/mali/Library/Developer/Xcode/DerivedData/Web-fwpjudnzpysruxaxmvjywphkufup/Build/Products/Debug -Isystem /Applications/Xcode.app/Contents/Developer/Platforms/MacOSX.platform/Developer/usr/lib -F /Users/mali/Library/Developer/Xcode/DerivedData/Web-fwpjudnzpysruxaxmvjywphkufup/Build/Products/Debug/PackageFrameworks -F /Users/mali/Library/Developer/Xcode/DerivedData/Web-fwpjudnzpysruxaxmvjywphkufup/Build/Products/Debug/PackageFrameworks -F /Users/mali/Library/Developer/Xcode/DerivedData/Web-fwpjudnzpysruxaxmvjywphkufup/Build/Products/Debug -F /Applications/Xcode.app/Contents/Developer/Platforms/MacOSX.platform/Developer/Library/Frameworks -c -j8 -enable-batch-mode -incremental -Xcc -ivfsstatcache -Xcc /Users/mali/Library/Developer/Xcode/DerivedData/SDKStatCaches.noindex/macosx26.1-25B74-3885c01c3e6b6a337905948deab2002e3ae1261907bdadc328169391a47051a6.sdkstatcache -output-file-map /Users/mali/Library/Developer/Xcode/DerivedData/Web-fwpjudnzpysruxaxmvjywphkufup/Build/Intermediates.noindex/swift-numerics.build/Debug/ComplexModule.build/Objects-normal/arm64/ComplexModule-OutputFileMap.json -use-frontend-parseable-output -save-temps -no-color-diagnostics -explicit-module-build -module-cache-path /Users/mali/Library/Developer/Xcode/DerivedData/Web-fwpjudnzpysruxaxmvjywphkufup/Build/Intermediates.noindex/SwiftExplicitPrecompiledModules -clang-scanner-module-cache-path /Users/mali/Library/Developer/Xcode/DerivedData/ModuleCache.noindex -sdk-module-cache-path /Users/mali/Library/Developer/Xcode/DerivedData/ModuleCache.noindex -serialize-diagnostics -emit-dependencies -emit-module -emit-module-path /Users/mali/Library/Developer/Xcode/DerivedData/Web-fwpjudnzpysruxaxmvjywphkufup/Build/Intermediates.noindex/swift-numerics.build/Debug/ComplexModule.build/Objects-normal/arm64/ComplexModule.swiftmodule -validate-clang-modules-once -clang-build-session-file /Users/mali/Library/Developer/Xcode/DerivedData/ModuleCache.noindex/Session.modulevalidation -Xcc -I/Users/mali/Library/Developer/Xcode/DerivedData/Web-fwpjudnzpysruxaxmvjywphkufup/Build/Intermediates.noindex/swift-numerics.build/Debug/ComplexModule.build/swift-overrides.hmap -emit-const-values -Xfrontend -const-gather-protocols-file -Xfrontend /Users/mali/Library/Developer/Xcode/DerivedData/Web-fwpjudnzpysruxaxmvjywphkufup/Build/Intermediates.noindex/swift-numerics.build/Debug/ComplexModule.build/Objects-normal/arm64/ComplexModule_const_extract_protocols.json -Xcc -I/Users/mali/Library/Developer/Xcode/DerivedData/Web-fwpjudnzpysruxaxmvjywphkufup/SourcePackages/checkouts/swift-numerics/Sources/_NumericsShims/include -Xcc -I/Users/mali/Library/Developer/Xcode/DerivedData/Web-fwpjudnzpysruxaxmvjywphkufup/Build/Products/Debug/include -Xcc -I/Users/mali/Library/Developer/Xcode/DerivedData/Web-fwpjudnzpysruxaxmvjywphkufup/Build/Intermediates.noindex/swift-numerics.build/Debug/ComplexModule.build/DerivedSources-normal/arm64 -Xcc -I/Users/mali/Library/Developer/Xcode/DerivedData/Web-fwpjudnzpysruxaxmvjywphkufup/Build/Intermediates.noindex/swift-numerics.build/Debug/ComplexModule.build/DerivedSources/arm64 -Xcc -I/Users/mali/Library/Developer/Xcode/DerivedData/Web-fwpjudnzpysruxaxmvjywphkufup/Build/Intermediates.noindex/swift-numerics.build/Debug/ComplexModule.build/DerivedSources -Xcc -DSWIFT_PACKAGE -Xcc -DDEBUG\=1 -emit-objc-header -emit-objc-header-path /Users/mali/Library/Developer/Xcode/DerivedData/Web-fwpjudnzpysruxaxmvjywphkufup/Build/Intermediates.noindex/swift-numerics.build/Debug/ComplexModule.build/Objects-normal/arm64/ComplexModule-Swift.h -working-directory /Users/mali/dev/Web/Web.xcodeproj -experimental-emit-module-separately -disable-cmo

SwiftMergeGeneratedHeaders /Users/mali/Library/Developer/Xcode/DerivedData/Web-fwpjudnzpysruxaxmvjywphkufup/Build/Intermediates.noindex/GeneratedModuleMaps/InternalCollectionsUtilities-Swift.h /Users/mali/Library/Developer/Xcode/DerivedData/Web-fwpjudnzpysruxaxmvjywphkufup/Build/Intermediates.noindex/swift-collections.build/Debug/InternalCollectionsUtilities.build/Objects-normal/arm64/InternalCollectionsUtilities-Swift.h (in target 'InternalCollectionsUtilities' from project 'swift-collections')
    cd /Users/mali/Library/Developer/Xcode/DerivedData/Web-fwpjudnzpysruxaxmvjywphkufup/SourcePackages/checkouts/swift-collections
    builtin-swiftHeaderTool -arch arm64 /Users/mali/Library/Developer/Xcode/DerivedData/Web-fwpjudnzpysruxaxmvjywphkufup/Build/Intermediates.noindex/swift-collections.build/Debug/InternalCollectionsUtilities.build/Objects-normal/arm64/InternalCollectionsUtilities-Swift.h -o /Users/mali/Library/Developer/Xcode/DerivedData/Web-fwpjudnzpysruxaxmvjywphkufup/Build/Intermediates.noindex/GeneratedModuleMaps/InternalCollectionsUtilities-Swift.h

Ld /Users/mali/Library/Developer/Xcode/DerivedData/Web-fwpjudnzpysruxaxmvjywphkufup/Build/Products/Debug/InternalCollectionsUtilities.o normal (in target 'InternalCollectionsUtilities' from project 'swift-collections')
    cd /Users/mali/Library/Developer/Xcode/DerivedData/Web-fwpjudnzpysruxaxmvjywphkufup/SourcePackages/checkouts/swift-collections
    /Applications/Xcode.app/Contents/Developer/Toolchains/XcodeDefault.xctoolchain/usr/bin/clang -Xlinker -reproducible -target arm64-apple-macos10.13 -r -isysroot /Applications/Xcode.app/Contents/Developer/Platforms/MacOSX.platform/Developer/SDKs/MacOSX26.1.sdk -O0 -w -L/Users/mali/Library/Developer/Xcode/DerivedData/Web-fwpjudnzpysruxaxmvjywphkufup/Build/Intermediates.noindex/EagerLinkingTBDs/Debug -L/Users/mali/Library/Developer/Xcode/DerivedData/Web-fwpjudnzpysruxaxmvjywphkufup/Build/Products/Debug -L/Applications/Xcode.app/Contents/Developer/Platforms/MacOSX.platform/Developer/usr/lib -F/Users/mali/Library/Developer/Xcode/DerivedData/Web-fwpjudnzpysruxaxmvjywphkufup/Build/Intermediates.noindex/EagerLinkingTBDs/Debug -F/Users/mali/Library/Developer/Xcode/DerivedData/Web-fwpjudnzpysruxaxmvjywphkufup/Build/Products/Debug -iframework /Applications/Xcode.app/Contents/Developer/Platforms/MacOSX.platform/Developer/Library/Frameworks -filelist /Users/mali/Library/Developer/Xcode/DerivedData/Web-fwpjudnzpysruxaxmvjywphkufup/Build/Intermediates.noindex/swift-collections.build/Debug/InternalCollectionsUtilities.build/Objects-normal/arm64/InternalCollectionsUtilities.LinkFileList -nostdlib -Xlinker -object_path_lto -Xlinker /Users/mali/Library/Developer/Xcode/DerivedData/Web-fwpjudnzpysruxaxmvjywphkufup/Build/Intermediates.noindex/swift-collections.build/Debug/InternalCollectionsUtilities.build/Objects-normal/arm64/InternalCollectionsUtilities_lto.o -rdynamic -Xlinker -no_deduplicate -Xlinker -debug_variant -Xlinker -dependency_info -Xlinker /Users/mali/Library/Developer/Xcode/DerivedData/Web-fwpjudnzpysruxaxmvjywphkufup/Build/Intermediates.noindex/swift-collections.build/Debug/InternalCollectionsUtilities.build/Objects-normal/arm64/InternalCollectionsUtilities_dependency_info.dat -fobjc-link-runtime -L/Applications/Xcode.app/Contents/Developer/Toolchains/XcodeDefault.xctoolchain/usr/lib/swift/macosx -L/usr/lib/swift -Xlinker -add_ast_path -Xlinker /Users/mali/Library/Developer/Xcode/DerivedData/Web-fwpjudnzpysruxaxmvjywphkufup/Build/Intermediates.noindex/swift-collections.build/Debug/InternalCollectionsUtilities.build/Objects-normal/arm64/InternalCollectionsUtilities.swiftmodule @/Users/mali/Library/Developer/Xcode/DerivedData/Web-fwpjudnzpysruxaxmvjywphkufup/Build/Intermediates.noindex/swift-collections.build/Debug/InternalCollectionsUtilities.build/Objects-normal/arm64/InternalCollectionsUtilities-linker-args.resp -o /Users/mali/Library/Developer/Xcode/DerivedData/Web-fwpjudnzpysruxaxmvjywphkufup/Build/Products/Debug/InternalCollectionsUtilities.o

SwiftDriver OrderedCollections normal arm64 com.apple.xcode.tools.swift.compiler (in target 'OrderedCollections' from project 'swift-collections')
    cd /Users/mali/dev/Web/Web.xcodeproj
    builtin-SwiftDriver -- /Applications/Xcode.app/Contents/Developer/Toolchains/XcodeDefault.xctoolchain/usr/bin/swiftc -module-name OrderedCollections -Onone -enforce-exclusivity\=checked @/Users/mali/Library/Developer/Xcode/DerivedData/Web-fwpjudnzpysruxaxmvjywphkufup/Build/Intermediates.noindex/swift-collections.build/Debug/OrderedCollections.build/Objects-normal/arm64/OrderedCollections.SwiftFileList -DSWIFT_PACKAGE -DDEBUG -DSWIFT_MODULE_RESOURCE_BUNDLE_UNAVAILABLE -DCOLLECTIONS_RANDOMIZED_TESTING -DXcode -plugin-path /Applications/Xcode.app/Contents/Developer/Toolchains/XcodeDefault.xctoolchain/usr/lib/swift/host/plugins/testing -enable-experimental-feature DebugDescriptionMacro -sdk /Applications/Xcode.app/Contents/Developer/Platforms/MacOSX.platform/Developer/SDKs/MacOSX26.1.sdk -target arm64-apple-macos10.13 -g -module-cache-path /Users/mali/Library/Developer/Xcode/DerivedData/ModuleCache.noindex -Xfrontend -serialize-debugging-options -profile-coverage-mapping -profile-generate -enable-testing -suppress-warnings -index-store-path /Users/mali/Library/Developer/Xcode/DerivedData/Web-fwpjudnzpysruxaxmvjywphkufup/Index.noindex/DataStore -Xcc -D_LIBCPP_HARDENING_MODE\=_LIBCPP_HARDENING_MODE_DEBUG -swift-version 5 -I /Users/mali/Library/Developer/Xcode/DerivedData/Web-fwpjudnzpysruxaxmvjywphkufup/Build/Products/Debug -Isystem /Applications/Xcode.app/Contents/Developer/Platforms/MacOSX.platform/Developer/usr/lib -F /Users/mali/Library/Developer/Xcode/DerivedData/Web-fwpjudnzpysruxaxmvjywphkufup/Build/Products/Debug/PackageFrameworks -F /Users/mali/Library/Developer/Xcode/DerivedData/Web-fwpjudnzpysruxaxmvjywphkufup/Build/Products/Debug -F /Applications/Xcode.app/Contents/Developer/Platforms/MacOSX.platform/Developer/Library/Frameworks -c -j8 -enable-batch-mode -incremental -Xcc -ivfsstatcache -Xcc /Users/mali/Library/Developer/Xcode/DerivedData/SDKStatCaches.noindex/macosx26.1-25B74-3885c01c3e6b6a337905948deab2002e3ae1261907bdadc328169391a47051a6.sdkstatcache -output-file-map /Users/mali/Library/Developer/Xcode/DerivedData/Web-fwpjudnzpysruxaxmvjywphkufup/Build/Intermediates.noindex/swift-collections.build/Debug/OrderedCollections.build/Objects-normal/arm64/OrderedCollections-OutputFileMap.json -use-frontend-parseable-output -save-temps -no-color-diagnostics -explicit-module-build -module-cache-path /Users/mali/Library/Developer/Xcode/DerivedData/Web-fwpjudnzpysruxaxmvjywphkufup/Build/Intermediates.noindex/SwiftExplicitPrecompiledModules -clang-scanner-module-cache-path /Users/mali/Library/Developer/Xcode/DerivedData/ModuleCache.noindex -sdk-module-cache-path /Users/mali/Library/Developer/Xcode/DerivedData/ModuleCache.noindex -serialize-diagnostics -emit-dependencies -emit-module -emit-module-path /Users/mali/Library/Developer/Xcode/DerivedData/Web-fwpjudnzpysruxaxmvjywphkufup/Build/Intermediates.noindex/swift-collections.build/Debug/OrderedCollections.build/Objects-normal/arm64/OrderedCollections.swiftmodule -validate-clang-modules-once -clang-build-session-file /Users/mali/Library/Developer/Xcode/DerivedData/ModuleCache.noindex/Session.modulevalidation -package-name swift_collections -Xcc -I/Users/mali/Library/Developer/Xcode/DerivedData/Web-fwpjudnzpysruxaxmvjywphkufup/Build/Intermediates.noindex/swift-collections.build/Debug/OrderedCollections.build/swift-overrides.hmap -emit-const-values -Xfrontend -const-gather-protocols-file -Xfrontend /Users/mali/Library/Developer/Xcode/DerivedData/Web-fwpjudnzpysruxaxmvjywphkufup/Build/Intermediates.noindex/swift-collections.build/Debug/OrderedCollections.build/Objects-normal/arm64/OrderedCollections_const_extract_protocols.json -Xcc -I/Users/mali/Library/Developer/Xcode/DerivedData/Web-fwpjudnzpysruxaxmvjywphkufup/Build/Products/Debug/include -Xcc -I/Users/mali/Library/Developer/Xcode/DerivedData/Web-fwpjudnzpysruxaxmvjywphkufup/Build/Intermediates.noindex/swift-collections.build/Debug/OrderedCollections.build/DerivedSources-normal/arm64 -Xcc -I/Users/mali/Library/Developer/Xcode/DerivedData/Web-fwpjudnzpysruxaxmvjywphkufup/Build/Intermediates.noindex/swift-collections.build/Debug/OrderedCollections.build/DerivedSources/arm64 -Xcc -I/Users/mali/Library/Developer/Xcode/DerivedData/Web-fwpjudnzpysruxaxmvjywphkufup/Build/Intermediates.noindex/swift-collections.build/Debug/OrderedCollections.build/DerivedSources -Xcc -DSWIFT_PACKAGE -Xcc -DDEBUG\=1 -emit-objc-header -emit-objc-header-path /Users/mali/Library/Developer/Xcode/DerivedData/Web-fwpjudnzpysruxaxmvjywphkufup/Build/Intermediates.noindex/swift-collections.build/Debug/OrderedCollections.build/Objects-normal/arm64/OrderedCollections-Swift.h -working-directory /Users/mali/dev/Web/Web.xcodeproj -experimental-emit-module-separately -disable-cmo

ExtractAppIntentsMetadata (in target 'RealModule' from project 'swift-numerics')
    cd /Users/mali/Library/Developer/Xcode/DerivedData/Web-fwpjudnzpysruxaxmvjywphkufup/SourcePackages/checkouts/swift-numerics
    /Applications/Xcode.app/Contents/Developer/Toolchains/XcodeDefault.xctoolchain/usr/bin/appintentsmetadataprocessor --toolchain-dir /var/run/com.apple.security.cryptexd/mnt/com.apple.MobileAsset.MetalToolchain-v17.2.54.0.910oNh/Metal.xctoolchain --module-name RealModule --sdk-root /Applications/Xcode.app/Contents/Developer/Platforms/MacOSX.platform/Developer/SDKs/MacOSX26.1.sdk --xcode-version 17B100 --platform-family macOS --deployment-target 10.13 --bundle-identifier swift-numerics.RealModule --output /Users/mali/Library/Developer/Xcode/DerivedData/Web-fwpjudnzpysruxaxmvjywphkufup/Build/Products/Debug/RealModule.appintents --target-triple arm64-apple-macos10.13 --binary-file /Users/mali/Library/Developer/Xcode/DerivedData/Web-fwpjudnzpysruxaxmvjywphkufup/Build/Products/Debug/RealModule.o --dependency-file /Users/mali/Library/Developer/Xcode/DerivedData/Web-fwpjudnzpysruxaxmvjywphkufup/Build/Intermediates.noindex/swift-numerics.build/Debug/RealModule.build/Objects-normal/arm64/RealModule_dependency_info.dat --stringsdata-file /Users/mali/Library/Developer/Xcode/DerivedData/Web-fwpjudnzpysruxaxmvjywphkufup/Build/Intermediates.noindex/swift-numerics.build/Debug/RealModule.build/Objects-normal/arm64/ExtractedAppShortcutsMetadata.stringsdata --source-file-list /Users/mali/Library/Developer/Xcode/DerivedData/Web-fwpjudnzpysruxaxmvjywphkufup/Build/Intermediates.noindex/swift-numerics.build/Debug/RealModule.build/Objects-normal/arm64/RealModule.SwiftFileList --metadata-file-list /Users/mali/Library/Developer/Xcode/DerivedData/Web-fwpjudnzpysruxaxmvjywphkufup/Build/Intermediates.noindex/swift-numerics.build/Debug/RealModule.build/RealModule.DependencyMetadataFileList --static-metadata-file-list /Users/mali/Library/Developer/Xcode/DerivedData/Web-fwpjudnzpysruxaxmvjywphkufup/Build/Intermediates.noindex/swift-numerics.build/Debug/RealModule.build/RealModule.DependencyStaticMetadataFileList --swift-const-vals-list /Users/mali/Library/Developer/Xcode/DerivedData/Web-fwpjudnzpysruxaxmvjywphkufup/Build/Intermediates.noindex/swift-numerics.build/Debug/RealModule.build/Objects-normal/arm64/RealModule.SwiftConstValuesFileList --force --compile-time-extraction --deployment-aware-processing --validate-assistant-intents --no-app-shortcuts-localization
2026-02-01 04:53:27.187 appintentsmetadataprocessor[19893:1339399] Starting appintentsmetadataprocessor export
2026-02-01 04:53:27.642 appintentsmetadataprocessor[19893:1339399] Extracted no relevant App Intents symbols, skipping writing output

ExtractAppIntentsMetadata (in target 'InternalCollectionsUtilities' from project 'swift-collections')
    cd /Users/mali/Library/Developer/Xcode/DerivedData/Web-fwpjudnzpysruxaxmvjywphkufup/SourcePackages/checkouts/swift-collections
    /Applications/Xcode.app/Contents/Developer/Toolchains/XcodeDefault.xctoolchain/usr/bin/appintentsmetadataprocessor --toolchain-dir /var/run/com.apple.security.cryptexd/mnt/com.apple.MobileAsset.MetalToolchain-v17.2.54.0.910oNh/Metal.xctoolchain --module-name InternalCollectionsUtilities --sdk-root /Applications/Xcode.app/Contents/Developer/Platforms/MacOSX.platform/Developer/SDKs/MacOSX26.1.sdk --xcode-version 17B100 --platform-family macOS --deployment-target 10.13 --bundle-identifier swift-collections.InternalCollectionsUtilities --output /Users/mali/Library/Developer/Xcode/DerivedData/Web-fwpjudnzpysruxaxmvjywphkufup/Build/Products/Debug/InternalCollectionsUtilities.appintents --target-triple arm64-apple-macos10.13 --binary-file /Users/mali/Library/Developer/Xcode/DerivedData/Web-fwpjudnzpysruxaxmvjywphkufup/Build/Products/Debug/InternalCollectionsUtilities.o --dependency-file /Users/mali/Library/Developer/Xcode/DerivedData/Web-fwpjudnzpysruxaxmvjywphkufup/Build/Intermediates.noindex/swift-collections.build/Debug/InternalCollectionsUtilities.build/Objects-normal/arm64/InternalCollectionsUtilities_dependency_info.dat --stringsdata-file /Users/mali/Library/Developer/Xcode/DerivedData/Web-fwpjudnzpysruxaxmvjywphkufup/Build/Intermediates.noindex/swift-collections.build/Debug/InternalCollectionsUtilities.build/Objects-normal/arm64/ExtractedAppShortcutsMetadata.stringsdata --source-file-list /Users/mali/Library/Developer/Xcode/DerivedData/Web-fwpjudnzpysruxaxmvjywphkufup/Build/Intermediates.noindex/swift-collections.build/Debug/InternalCollectionsUtilities.build/Objects-normal/arm64/InternalCollectionsUtilities.SwiftFileList --metadata-file-list /Users/mali/Library/Developer/Xcode/DerivedData/Web-fwpjudnzpysruxaxmvjywphkufup/Build/Intermediates.noindex/swift-collections.build/Debug/InternalCollectionsUtilities.build/InternalCollectionsUtilities.DependencyMetadataFileList --static-metadata-file-list /Users/mali/Library/Developer/Xcode/DerivedData/Web-fwpjudnzpysruxaxmvjywphkufup/Build/Intermediates.noindex/swift-collections.build/Debug/InternalCollectionsUtilities.build/InternalCollectionsUtilities.DependencyStaticMetadataFileList --swift-const-vals-list /Users/mali/Library/Developer/Xcode/DerivedData/Web-fwpjudnzpysruxaxmvjywphkufup/Build/Intermediates.noindex/swift-collections.build/Debug/InternalCollectionsUtilities.build/Objects-normal/arm64/InternalCollectionsUtilities.SwiftConstValuesFileList --force --compile-time-extraction --deployment-aware-processing --validate-assistant-intents --no-app-shortcuts-localization
2026-02-01 04:53:27.187 appintentsmetadataprocessor[19894:1339400] Starting appintentsmetadataprocessor export
2026-02-01 04:53:27.582 appintentsmetadataprocessor[19894:1339400] Extracted no relevant App Intents symbols, skipping writing output

SwiftDriver\ Compilation\ Requirements ComplexModule normal arm64 com.apple.xcode.tools.swift.compiler (in target 'ComplexModule' from project 'swift-numerics')
    cd /Users/mali/dev/Web/Web.xcodeproj
    builtin-Swift-Compilation-Requirements -- /Applications/Xcode.app/Contents/Developer/Toolchains/XcodeDefault.xctoolchain/usr/bin/swiftc -module-name ComplexModule -Onone -enforce-exclusivity\=checked @/Users/mali/Library/Developer/Xcode/DerivedData/Web-fwpjudnzpysruxaxmvjywphkufup/Build/Intermediates.noindex/swift-numerics.build/Debug/ComplexModule.build/Objects-normal/arm64/ComplexModule.SwiftFileList -DSWIFT_PACKAGE -DDEBUG -DSWIFT_MODULE_RESOURCE_BUNDLE_UNAVAILABLE -DXcode -plugin-path /Applications/Xcode.app/Contents/Developer/Toolchains/XcodeDefault.xctoolchain/usr/lib/swift/host/plugins/testing -enable-experimental-feature DebugDescriptionMacro -sdk /Applications/Xcode.app/Contents/Developer/Platforms/MacOSX.platform/Developer/SDKs/MacOSX26.1.sdk -target arm64-apple-macos10.13 -g -module-cache-path /Users/mali/Library/Developer/Xcode/DerivedData/ModuleCache.noindex -Xfrontend -serialize-debugging-options -profile-coverage-mapping -profile-generate -enable-testing -suppress-warnings -index-store-path /Users/mali/Library/Developer/Xcode/DerivedData/Web-fwpjudnzpysruxaxmvjywphkufup/Index.noindex/DataStore -Xcc -D_LIBCPP_HARDENING_MODE\=_LIBCPP_HARDENING_MODE_DEBUG -swift-version 5 -I /Users/mali/Library/Developer/Xcode/DerivedData/Web-fwpjudnzpysruxaxmvjywphkufup/Build/Products/Debug -Isystem /Applications/Xcode.app/Contents/Developer/Platforms/MacOSX.platform/Developer/usr/lib -F /Users/mali/Library/Developer/Xcode/DerivedData/Web-fwpjudnzpysruxaxmvjywphkufup/Build/Products/Debug/PackageFrameworks -F /Users/mali/Library/Developer/Xcode/DerivedData/Web-fwpjudnzpysruxaxmvjywphkufup/Build/Products/Debug/PackageFrameworks -F /Users/mali/Library/Developer/Xcode/DerivedData/Web-fwpjudnzpysruxaxmvjywphkufup/Build/Products/Debug -F /Applications/Xcode.app/Contents/Developer/Platforms/MacOSX.platform/Developer/Library/Frameworks -c -j8 -enable-batch-mode -incremental -Xcc -ivfsstatcache -Xcc /Users/mali/Library/Developer/Xcode/DerivedData/SDKStatCaches.noindex/macosx26.1-25B74-3885c01c3e6b6a337905948deab2002e3ae1261907bdadc328169391a47051a6.sdkstatcache -output-file-map /Users/mali/Library/Developer/Xcode/DerivedData/Web-fwpjudnzpysruxaxmvjywphkufup/Build/Intermediates.noindex/swift-numerics.build/Debug/ComplexModule.build/Objects-normal/arm64/ComplexModule-OutputFileMap.json -use-frontend-parseable-output -save-temps -no-color-diagnostics -explicit-module-build -module-cache-path /Users/mali/Library/Developer/Xcode/DerivedData/Web-fwpjudnzpysruxaxmvjywphkufup/Build/Intermediates.noindex/SwiftExplicitPrecompiledModules -clang-scanner-module-cache-path /Users/mali/Library/Developer/Xcode/DerivedData/ModuleCache.noindex -sdk-module-cache-path /Users/mali/Library/Developer/Xcode/DerivedData/ModuleCache.noindex -serialize-diagnostics -emit-dependencies -emit-module -emit-module-path /Users/mali/Library/Developer/Xcode/DerivedData/Web-fwpjudnzpysruxaxmvjywphkufup/Build/Intermediates.noindex/swift-numerics.build/Debug/ComplexModule.build/Objects-normal/arm64/ComplexModule.swiftmodule -validate-clang-modules-once -clang-build-session-file /Users/mali/Library/Developer/Xcode/DerivedData/ModuleCache.noindex/Session.modulevalidation -Xcc -I/Users/mali/Library/Developer/Xcode/DerivedData/Web-fwpjudnzpysruxaxmvjywphkufup/Build/Intermediates.noindex/swift-numerics.build/Debug/ComplexModule.build/swift-overrides.hmap -emit-const-values -Xfrontend -const-gather-protocols-file -Xfrontend /Users/mali/Library/Developer/Xcode/DerivedData/Web-fwpjudnzpysruxaxmvjywphkufup/Build/Intermediates.noindex/swift-numerics.build/Debug/ComplexModule.build/Objects-normal/arm64/ComplexModule_const_extract_protocols.json -Xcc -I/Users/mali/Library/Developer/Xcode/DerivedData/Web-fwpjudnzpysruxaxmvjywphkufup/SourcePackages/checkouts/swift-numerics/Sources/_NumericsShims/include -Xcc -I/Users/mali/Library/Developer/Xcode/DerivedData/Web-fwpjudnzpysruxaxmvjywphkufup/Build/Products/Debug/include -Xcc -I/Users/mali/Library/Developer/Xcode/DerivedData/Web-fwpjudnzpysruxaxmvjywphkufup/Build/Intermediates.noindex/swift-numerics.build/Debug/ComplexModule.build/DerivedSources-normal/arm64 -Xcc -I/Users/mali/Library/Developer/Xcode/DerivedData/Web-fwpjudnzpysruxaxmvjywphkufup/Build/Intermediates.noindex/swift-numerics.build/Debug/ComplexModule.build/DerivedSources/arm64 -Xcc -I/Users/mali/Library/Developer/Xcode/DerivedData/Web-fwpjudnzpysruxaxmvjywphkufup/Build/Intermediates.noindex/swift-numerics.build/Debug/ComplexModule.build/DerivedSources -Xcc -DSWIFT_PACKAGE -Xcc -DDEBUG\=1 -emit-objc-header -emit-objc-header-path /Users/mali/Library/Developer/Xcode/DerivedData/Web-fwpjudnzpysruxaxmvjywphkufup/Build/Intermediates.noindex/swift-numerics.build/Debug/ComplexModule.build/Objects-normal/arm64/ComplexModule-Swift.h -working-directory /Users/mali/dev/Web/Web.xcodeproj -experimental-emit-module-separately -disable-cmo

SwiftDriver\ Compilation ComplexModule normal arm64 com.apple.xcode.tools.swift.compiler (in target 'ComplexModule' from project 'swift-numerics')
    cd /Users/mali/dev/Web/Web.xcodeproj
    builtin-Swift-Compilation -- /Applications/Xcode.app/Contents/Developer/Toolchains/XcodeDefault.xctoolchain/usr/bin/swiftc -module-name ComplexModule -Onone -enforce-exclusivity\=checked @/Users/mali/Library/Developer/Xcode/DerivedData/Web-fwpjudnzpysruxaxmvjywphkufup/Build/Intermediates.noindex/swift-numerics.build/Debug/ComplexModule.build/Objects-normal/arm64/ComplexModule.SwiftFileList -DSWIFT_PACKAGE -DDEBUG -DSWIFT_MODULE_RESOURCE_BUNDLE_UNAVAILABLE -DXcode -plugin-path /Applications/Xcode.app/Contents/Developer/Toolchains/XcodeDefault.xctoolchain/usr/lib/swift/host/plugins/testing -enable-experimental-feature DebugDescriptionMacro -sdk /Applications/Xcode.app/Contents/Developer/Platforms/MacOSX.platform/Developer/SDKs/MacOSX26.1.sdk -target arm64-apple-macos10.13 -g -module-cache-path /Users/mali/Library/Developer/Xcode/DerivedData/ModuleCache.noindex -Xfrontend -serialize-debugging-options -profile-coverage-mapping -profile-generate -enable-testing -suppress-warnings -index-store-path /Users/mali/Library/Developer/Xcode/DerivedData/Web-fwpjudnzpysruxaxmvjywphkufup/Index.noindex/DataStore -Xcc -D_LIBCPP_HARDENING_MODE\=_LIBCPP_HARDENING_MODE_DEBUG -swift-version 5 -I /Users/mali/Library/Developer/Xcode/DerivedData/Web-fwpjudnzpysruxaxmvjywphkufup/Build/Products/Debug -Isystem /Applications/Xcode.app/Contents/Developer/Platforms/MacOSX.platform/Developer/usr/lib -F /Users/mali/Library/Developer/Xcode/DerivedData/Web-fwpjudnzpysruxaxmvjywphkufup/Build/Products/Debug/PackageFrameworks -F /Users/mali/Library/Developer/Xcode/DerivedData/Web-fwpjudnzpysruxaxmvjywphkufup/Build/Products/Debug/PackageFrameworks -F /Users/mali/Library/Developer/Xcode/DerivedData/Web-fwpjudnzpysruxaxmvjywphkufup/Build/Products/Debug -F /Applications/Xcode.app/Contents/Developer/Platforms/MacOSX.platform/Developer/Library/Frameworks -c -j8 -enable-batch-mode -incremental -Xcc -ivfsstatcache -Xcc /Users/mali/Library/Developer/Xcode/DerivedData/SDKStatCaches.noindex/macosx26.1-25B74-3885c01c3e6b6a337905948deab2002e3ae1261907bdadc328169391a47051a6.sdkstatcache -output-file-map /Users/mali/Library/Developer/Xcode/DerivedData/Web-fwpjudnzpysruxaxmvjywphkufup/Build/Intermediates.noindex/swift-numerics.build/Debug/ComplexModule.build/Objects-normal/arm64/ComplexModule-OutputFileMap.json -use-frontend-parseable-output -save-temps -no-color-diagnostics -explicit-module-build -module-cache-path /Users/mali/Library/Developer/Xcode/DerivedData/Web-fwpjudnzpysruxaxmvjywphkufup/Build/Intermediates.noindex/SwiftExplicitPrecompiledModules -clang-scanner-module-cache-path /Users/mali/Library/Developer/Xcode/DerivedData/ModuleCache.noindex -sdk-module-cache-path /Users/mali/Library/Developer/Xcode/DerivedData/ModuleCache.noindex -serialize-diagnostics -emit-dependencies -emit-module -emit-module-path /Users/mali/Library/Developer/Xcode/DerivedData/Web-fwpjudnzpysruxaxmvjywphkufup/Build/Intermediates.noindex/swift-numerics.build/Debug/ComplexModule.build/Objects-normal/arm64/ComplexModule.swiftmodule -validate-clang-modules-once -clang-build-session-file /Users/mali/Library/Developer/Xcode/DerivedData/ModuleCache.noindex/Session.modulevalidation -Xcc -I/Users/mali/Library/Developer/Xcode/DerivedData/Web-fwpjudnzpysruxaxmvjywphkufup/Build/Intermediates.noindex/swift-numerics.build/Debug/ComplexModule.build/swift-overrides.hmap -emit-const-values -Xfrontend -const-gather-protocols-file -Xfrontend /Users/mali/Library/Developer/Xcode/DerivedData/Web-fwpjudnzpysruxaxmvjywphkufup/Build/Intermediates.noindex/swift-numerics.build/Debug/ComplexModule.build/Objects-normal/arm64/ComplexModule_const_extract_protocols.json -Xcc -I/Users/mali/Library/Developer/Xcode/DerivedData/Web-fwpjudnzpysruxaxmvjywphkufup/SourcePackages/checkouts/swift-numerics/Sources/_NumericsShims/include -Xcc -I/Users/mali/Library/Developer/Xcode/DerivedData/Web-fwpjudnzpysruxaxmvjywphkufup/Build/Products/Debug/include -Xcc -I/Users/mali/Library/Developer/Xcode/DerivedData/Web-fwpjudnzpysruxaxmvjywphkufup/Build/Intermediates.noindex/swift-numerics.build/Debug/ComplexModule.build/DerivedSources-normal/arm64 -Xcc -I/Users/mali/Library/Developer/Xcode/DerivedData/Web-fwpjudnzpysruxaxmvjywphkufup/Build/Intermediates.noindex/swift-numerics.build/Debug/ComplexModule.build/DerivedSources/arm64 -Xcc -I/Users/mali/Library/Developer/Xcode/DerivedData/Web-fwpjudnzpysruxaxmvjywphkufup/Build/Intermediates.noindex/swift-numerics.build/Debug/ComplexModule.build/DerivedSources -Xcc -DSWIFT_PACKAGE -Xcc -DDEBUG\=1 -emit-objc-header -emit-objc-header-path /Users/mali/Library/Developer/Xcode/DerivedData/Web-fwpjudnzpysruxaxmvjywphkufup/Build/Intermediates.noindex/swift-numerics.build/Debug/ComplexModule.build/Objects-normal/arm64/ComplexModule-Swift.h -working-directory /Users/mali/dev/Web/Web.xcodeproj -experimental-emit-module-separately -disable-cmo

SwiftMergeGeneratedHeaders /Users/mali/Library/Developer/Xcode/DerivedData/Web-fwpjudnzpysruxaxmvjywphkufup/Build/Intermediates.noindex/GeneratedModuleMaps/ComplexModule-Swift.h /Users/mali/Library/Developer/Xcode/DerivedData/Web-fwpjudnzpysruxaxmvjywphkufup/Build/Intermediates.noindex/swift-numerics.build/Debug/ComplexModule.build/Objects-normal/arm64/ComplexModule-Swift.h (in target 'ComplexModule' from project 'swift-numerics')
    cd /Users/mali/Library/Developer/Xcode/DerivedData/Web-fwpjudnzpysruxaxmvjywphkufup/SourcePackages/checkouts/swift-numerics
    builtin-swiftHeaderTool -arch arm64 /Users/mali/Library/Developer/Xcode/DerivedData/Web-fwpjudnzpysruxaxmvjywphkufup/Build/Intermediates.noindex/swift-numerics.build/Debug/ComplexModule.build/Objects-normal/arm64/ComplexModule-Swift.h -o /Users/mali/Library/Developer/Xcode/DerivedData/Web-fwpjudnzpysruxaxmvjywphkufup/Build/Intermediates.noindex/GeneratedModuleMaps/ComplexModule-Swift.h

SwiftDriver Numerics normal arm64 com.apple.xcode.tools.swift.compiler (in target 'Numerics' from project 'swift-numerics')
    cd /Users/mali/dev/Web/Web.xcodeproj
    builtin-SwiftDriver -- /Applications/Xcode.app/Contents/Developer/Toolchains/XcodeDefault.xctoolchain/usr/bin/swiftc -module-name Numerics -Onone -enforce-exclusivity\=checked @/Users/mali/Library/Developer/Xcode/DerivedData/Web-fwpjudnzpysruxaxmvjywphkufup/Build/Intermediates.noindex/swift-numerics.build/Debug/Numerics.build/Objects-normal/arm64/Numerics.SwiftFileList -DSWIFT_PACKAGE -DDEBUG -DSWIFT_MODULE_RESOURCE_BUNDLE_UNAVAILABLE -DXcode -plugin-path /Applications/Xcode.app/Contents/Developer/Toolchains/XcodeDefault.xctoolchain/usr/lib/swift/host/plugins/testing -enable-experimental-feature DebugDescriptionMacro -sdk /Applications/Xcode.app/Contents/Developer/Platforms/MacOSX.platform/Developer/SDKs/MacOSX26.1.sdk -target arm64-apple-macos10.13 -g -module-cache-path /Users/mali/Library/Developer/Xcode/DerivedData/ModuleCache.noindex -Xfrontend -serialize-debugging-options -profile-coverage-mapping -profile-generate -enable-testing -suppress-warnings -index-store-path /Users/mali/Library/Developer/Xcode/DerivedData/Web-fwpjudnzpysruxaxmvjywphkufup/Index.noindex/DataStore -Xcc -D_LIBCPP_HARDENING_MODE\=_LIBCPP_HARDENING_MODE_DEBUG -swift-version 5 -I /Users/mali/Library/Developer/Xcode/DerivedData/Web-fwpjudnzpysruxaxmvjywphkufup/Build/Products/Debug -Isystem /Applications/Xcode.app/Contents/Developer/Platforms/MacOSX.platform/Developer/usr/lib -F /Users/mali/Library/Developer/Xcode/DerivedData/Web-fwpjudnzpysruxaxmvjywphkufup/Build/Products/Debug/PackageFrameworks -F /Users/mali/Library/Developer/Xcode/DerivedData/Web-fwpjudnzpysruxaxmvjywphkufup/Build/Products/Debug/PackageFrameworks -F /Users/mali/Library/Developer/Xcode/DerivedData/Web-fwpjudnzpysruxaxmvjywphkufup/Build/Products/Debug/PackageFrameworks -F /Users/mali/Library/Developer/Xcode/DerivedData/Web-fwpjudnzpysruxaxmvjywphkufup/Build/Products/Debug -F /Applications/Xcode.app/Contents/Developer/Platforms/MacOSX.platform/Developer/Library/Frameworks -parse-as-library -c -j8 -enable-batch-mode -incremental -Xcc -ivfsstatcache -Xcc /Users/mali/Library/Developer/Xcode/DerivedData/SDKStatCaches.noindex/macosx26.1-25B74-3885c01c3e6b6a337905948deab2002e3ae1261907bdadc328169391a47051a6.sdkstatcache -output-file-map /Users/mali/Library/Developer/Xcode/DerivedData/Web-fwpjudnzpysruxaxmvjywphkufup/Build/Intermediates.noindex/swift-numerics.build/Debug/Numerics.build/Objects-normal/arm64/Numerics-OutputFileMap.json -use-frontend-parseable-output -save-temps -no-color-diagnostics -explicit-module-build -module-cache-path /Users/mali/Library/Developer/Xcode/DerivedData/Web-fwpjudnzpysruxaxmvjywphkufup/Build/Intermediates.noindex/SwiftExplicitPrecompiledModules -clang-scanner-module-cache-path /Users/mali/Library/Developer/Xcode/DerivedData/ModuleCache.noindex -sdk-module-cache-path /Users/mali/Library/Developer/Xcode/DerivedData/ModuleCache.noindex -serialize-diagnostics -emit-dependencies -emit-module -emit-module-path /Users/mali/Library/Developer/Xcode/DerivedData/Web-fwpjudnzpysruxaxmvjywphkufup/Build/Intermediates.noindex/swift-numerics.build/Debug/Numerics.build/Objects-normal/arm64/Numerics.swiftmodule -validate-clang-modules-once -clang-build-session-file /Users/mali/Library/Developer/Xcode/DerivedData/ModuleCache.noindex/Session.modulevalidation -Xcc -I/Users/mali/Library/Developer/Xcode/DerivedData/Web-fwpjudnzpysruxaxmvjywphkufup/Build/Intermediates.noindex/swift-numerics.build/Debug/Numerics.build/swift-overrides.hmap -emit-const-values -Xfrontend -const-gather-protocols-file -Xfrontend /Users/mali/Library/Developer/Xcode/DerivedData/Web-fwpjudnzpysruxaxmvjywphkufup/Build/Intermediates.noindex/swift-numerics.build/Debug/Numerics.build/Objects-normal/arm64/Numerics_const_extract_protocols.json -Xcc -I/Users/mali/Library/Developer/Xcode/DerivedData/Web-fwpjudnzpysruxaxmvjywphkufup/SourcePackages/checkouts/swift-numerics/Sources/_NumericsShims/include -Xcc -I/Users/mali/Library/Developer/Xcode/DerivedData/Web-fwpjudnzpysruxaxmvjywphkufup/Build/Products/Debug/include -Xcc -I/Users/mali/Library/Developer/Xcode/DerivedData/Web-fwpjudnzpysruxaxmvjywphkufup/Build/Intermediates.noindex/swift-numerics.build/Debug/Numerics.build/DerivedSources-normal/arm64 -Xcc -I/Users/mali/Library/Developer/Xcode/DerivedData/Web-fwpjudnzpysruxaxmvjywphkufup/Build/Intermediates.noindex/swift-numerics.build/Debug/Numerics.build/DerivedSources/arm64 -Xcc -I/Users/mali/Library/Developer/Xcode/DerivedData/Web-fwpjudnzpysruxaxmvjywphkufup/Build/Intermediates.noindex/swift-numerics.build/Debug/Numerics.build/DerivedSources -Xcc -DSWIFT_PACKAGE -Xcc -DDEBUG\=1 -emit-objc-header -emit-objc-header-path /Users/mali/Library/Developer/Xcode/DerivedData/Web-fwpjudnzpysruxaxmvjywphkufup/Build/Intermediates.noindex/swift-numerics.build/Debug/Numerics.build/Objects-normal/arm64/Numerics-Swift.h -working-directory /Users/mali/dev/Web/Web.xcodeproj -experimental-emit-module-separately -disable-cmo

SwiftDriver\ Compilation\ Requirements Numerics normal arm64 com.apple.xcode.tools.swift.compiler (in target 'Numerics' from project 'swift-numerics')
    cd /Users/mali/dev/Web/Web.xcodeproj
    builtin-Swift-Compilation-Requirements -- /Applications/Xcode.app/Contents/Developer/Toolchains/XcodeDefault.xctoolchain/usr/bin/swiftc -module-name Numerics -Onone -enforce-exclusivity\=checked @/Users/mali/Library/Developer/Xcode/DerivedData/Web-fwpjudnzpysruxaxmvjywphkufup/Build/Intermediates.noindex/swift-numerics.build/Debug/Numerics.build/Objects-normal/arm64/Numerics.SwiftFileList -DSWIFT_PACKAGE -DDEBUG -DSWIFT_MODULE_RESOURCE_BUNDLE_UNAVAILABLE -DXcode -plugin-path /Applications/Xcode.app/Contents/Developer/Toolchains/XcodeDefault.xctoolchain/usr/lib/swift/host/plugins/testing -enable-experimental-feature DebugDescriptionMacro -sdk /Applications/Xcode.app/Contents/Developer/Platforms/MacOSX.platform/Developer/SDKs/MacOSX26.1.sdk -target arm64-apple-macos10.13 -g -module-cache-path /Users/mali/Library/Developer/Xcode/DerivedData/ModuleCache.noindex -Xfrontend -serialize-debugging-options -profile-coverage-mapping -profile-generate -enable-testing -suppress-warnings -index-store-path /Users/mali/Library/Developer/Xcode/DerivedData/Web-fwpjudnzpysruxaxmvjywphkufup/Index.noindex/DataStore -Xcc -D_LIBCPP_HARDENING_MODE\=_LIBCPP_HARDENING_MODE_DEBUG -swift-version 5 -I /Users/mali/Library/Developer/Xcode/DerivedData/Web-fwpjudnzpysruxaxmvjywphkufup/Build/Products/Debug -Isystem /Applications/Xcode.app/Contents/Developer/Platforms/MacOSX.platform/Developer/usr/lib -F /Users/mali/Library/Developer/Xcode/DerivedData/Web-fwpjudnzpysruxaxmvjywphkufup/Build/Products/Debug/PackageFrameworks -F /Users/mali/Library/Developer/Xcode/DerivedData/Web-fwpjudnzpysruxaxmvjywphkufup/Build/Products/Debug/PackageFrameworks -F /Users/mali/Library/Developer/Xcode/DerivedData/Web-fwpjudnzpysruxaxmvjywphkufup/Build/Products/Debug/PackageFrameworks -F /Users/mali/Library/Developer/Xcode/DerivedData/Web-fwpjudnzpysruxaxmvjywphkufup/Build/Products/Debug -F /Applications/Xcode.app/Contents/Developer/Platforms/MacOSX.platform/Developer/Library/Frameworks -parse-as-library -c -j8 -enable-batch-mode -incremental -Xcc -ivfsstatcache -Xcc /Users/mali/Library/Developer/Xcode/DerivedData/SDKStatCaches.noindex/macosx26.1-25B74-3885c01c3e6b6a337905948deab2002e3ae1261907bdadc328169391a47051a6.sdkstatcache -output-file-map /Users/mali/Library/Developer/Xcode/DerivedData/Web-fwpjudnzpysruxaxmvjywphkufup/Build/Intermediates.noindex/swift-numerics.build/Debug/Numerics.build/Objects-normal/arm64/Numerics-OutputFileMap.json -use-frontend-parseable-output -save-temps -no-color-diagnostics -explicit-module-build -module-cache-path /Users/mali/Library/Developer/Xcode/DerivedData/Web-fwpjudnzpysruxaxmvjywphkufup/Build/Intermediates.noindex/SwiftExplicitPrecompiledModules -clang-scanner-module-cache-path /Users/mali/Library/Developer/Xcode/DerivedData/ModuleCache.noindex -sdk-module-cache-path /Users/mali/Library/Developer/Xcode/DerivedData/ModuleCache.noindex -serialize-diagnostics -emit-dependencies -emit-module -emit-module-path /Users/mali/Library/Developer/Xcode/DerivedData/Web-fwpjudnzpysruxaxmvjywphkufup/Build/Intermediates.noindex/swift-numerics.build/Debug/Numerics.build/Objects-normal/arm64/Numerics.swiftmodule -validate-clang-modules-once -clang-build-session-file /Users/mali/Library/Developer/Xcode/DerivedData/ModuleCache.noindex/Session.modulevalidation -Xcc -I/Users/mali/Library/Developer/Xcode/DerivedData/Web-fwpjudnzpysruxaxmvjywphkufup/Build/Intermediates.noindex/swift-numerics.build/Debug/Numerics.build/swift-overrides.hmap -emit-const-values -Xfrontend -const-gather-protocols-file -Xfrontend /Users/mali/Library/Developer/Xcode/DerivedData/Web-fwpjudnzpysruxaxmvjywphkufup/Build/Intermediates.noindex/swift-numerics.build/Debug/Numerics.build/Objects-normal/arm64/Numerics_const_extract_protocols.json -Xcc -I/Users/mali/Library/Developer/Xcode/DerivedData/Web-fwpjudnzpysruxaxmvjywphkufup/SourcePackages/checkouts/swift-numerics/Sources/_NumericsShims/include -Xcc -I/Users/mali/Library/Developer/Xcode/DerivedData/Web-fwpjudnzpysruxaxmvjywphkufup/Build/Products/Debug/include -Xcc -I/Users/mali/Library/Developer/Xcode/DerivedData/Web-fwpjudnzpysruxaxmvjywphkufup/Build/Intermediates.noindex/swift-numerics.build/Debug/Numerics.build/DerivedSources-normal/arm64 -Xcc -I/Users/mali/Library/Developer/Xcode/DerivedData/Web-fwpjudnzpysruxaxmvjywphkufup/Build/Intermediates.noindex/swift-numerics.build/Debug/Numerics.build/DerivedSources/arm64 -Xcc -I/Users/mali/Library/Developer/Xcode/DerivedData/Web-fwpjudnzpysruxaxmvjywphkufup/Build/Intermediates.noindex/swift-numerics.build/Debug/Numerics.build/DerivedSources -Xcc -DSWIFT_PACKAGE -Xcc -DDEBUG\=1 -emit-objc-header -emit-objc-header-path /Users/mali/Library/Developer/Xcode/DerivedData/Web-fwpjudnzpysruxaxmvjywphkufup/Build/Intermediates.noindex/swift-numerics.build/Debug/Numerics.build/Objects-normal/arm64/Numerics-Swift.h -working-directory /Users/mali/dev/Web/Web.xcodeproj -experimental-emit-module-separately -disable-cmo

SwiftDriver\ Compilation Numerics normal arm64 com.apple.xcode.tools.swift.compiler (in target 'Numerics' from project 'swift-numerics')
    cd /Users/mali/dev/Web/Web.xcodeproj
    builtin-Swift-Compilation -- /Applications/Xcode.app/Contents/Developer/Toolchains/XcodeDefault.xctoolchain/usr/bin/swiftc -module-name Numerics -Onone -enforce-exclusivity\=checked @/Users/mali/Library/Developer/Xcode/DerivedData/Web-fwpjudnzpysruxaxmvjywphkufup/Build/Intermediates.noindex/swift-numerics.build/Debug/Numerics.build/Objects-normal/arm64/Numerics.SwiftFileList -DSWIFT_PACKAGE -DDEBUG -DSWIFT_MODULE_RESOURCE_BUNDLE_UNAVAILABLE -DXcode -plugin-path /Applications/Xcode.app/Contents/Developer/Toolchains/XcodeDefault.xctoolchain/usr/lib/swift/host/plugins/testing -enable-experimental-feature DebugDescriptionMacro -sdk /Applications/Xcode.app/Contents/Developer/Platforms/MacOSX.platform/Developer/SDKs/MacOSX26.1.sdk -target arm64-apple-macos10.13 -g -module-cache-path /Users/mali/Library/Developer/Xcode/DerivedData/ModuleCache.noindex -Xfrontend -serialize-debugging-options -profile-coverage-mapping -profile-generate -enable-testing -suppress-warnings -index-store-path /Users/mali/Library/Developer/Xcode/DerivedData/Web-fwpjudnzpysruxaxmvjywphkufup/Index.noindex/DataStore -Xcc -D_LIBCPP_HARDENING_MODE\=_LIBCPP_HARDENING_MODE_DEBUG -swift-version 5 -I /Users/mali/Library/Developer/Xcode/DerivedData/Web-fwpjudnzpysruxaxmvjywphkufup/Build/Products/Debug -Isystem /Applications/Xcode.app/Contents/Developer/Platforms/MacOSX.platform/Developer/usr/lib -F /Users/mali/Library/Developer/Xcode/DerivedData/Web-fwpjudnzpysruxaxmvjywphkufup/Build/Products/Debug/PackageFrameworks -F /Users/mali/Library/Developer/Xcode/DerivedData/Web-fwpjudnzpysruxaxmvjywphkufup/Build/Products/Debug/PackageFrameworks -F /Users/mali/Library/Developer/Xcode/DerivedData/Web-fwpjudnzpysruxaxmvjywphkufup/Build/Products/Debug/PackageFrameworks -F /Users/mali/Library/Developer/Xcode/DerivedData/Web-fwpjudnzpysruxaxmvjywphkufup/Build/Products/Debug -F /Applications/Xcode.app/Contents/Developer/Platforms/MacOSX.platform/Developer/Library/Frameworks -parse-as-library -c -j8 -enable-batch-mode -incremental -Xcc -ivfsstatcache -Xcc /Users/mali/Library/Developer/Xcode/DerivedData/SDKStatCaches.noindex/macosx26.1-25B74-3885c01c3e6b6a337905948deab2002e3ae1261907bdadc328169391a47051a6.sdkstatcache -output-file-map /Users/mali/Library/Developer/Xcode/DerivedData/Web-fwpjudnzpysruxaxmvjywphkufup/Build/Intermediates.noindex/swift-numerics.build/Debug/Numerics.build/Objects-normal/arm64/Numerics-OutputFileMap.json -use-frontend-parseable-output -save-temps -no-color-diagnostics -explicit-module-build -module-cache-path /Users/mali/Library/Developer/Xcode/DerivedData/Web-fwpjudnzpysruxaxmvjywphkufup/Build/Intermediates.noindex/SwiftExplicitPrecompiledModules -clang-scanner-module-cache-path /Users/mali/Library/Developer/Xcode/DerivedData/ModuleCache.noindex -sdk-module-cache-path /Users/mali/Library/Developer/Xcode/DerivedData/ModuleCache.noindex -serialize-diagnostics -emit-dependencies -emit-module -emit-module-path /Users/mali/Library/Developer/Xcode/DerivedData/Web-fwpjudnzpysruxaxmvjywphkufup/Build/Intermediates.noindex/swift-numerics.build/Debug/Numerics.build/Objects-normal/arm64/Numerics.swiftmodule -validate-clang-modules-once -clang-build-session-file /Users/mali/Library/Developer/Xcode/DerivedData/ModuleCache.noindex/Session.modulevalidation -Xcc -I/Users/mali/Library/Developer/Xcode/DerivedData/Web-fwpjudnzpysruxaxmvjywphkufup/Build/Intermediates.noindex/swift-numerics.build/Debug/Numerics.build/swift-overrides.hmap -emit-const-values -Xfrontend -const-gather-protocols-file -Xfrontend /Users/mali/Library/Developer/Xcode/DerivedData/Web-fwpjudnzpysruxaxmvjywphkufup/Build/Intermediates.noindex/swift-numerics.build/Debug/Numerics.build/Objects-normal/arm64/Numerics_const_extract_protocols.json -Xcc -I/Users/mali/Library/Developer/Xcode/DerivedData/Web-fwpjudnzpysruxaxmvjywphkufup/SourcePackages/checkouts/swift-numerics/Sources/_NumericsShims/include -Xcc -I/Users/mali/Library/Developer/Xcode/DerivedData/Web-fwpjudnzpysruxaxmvjywphkufup/Build/Products/Debug/include -Xcc -I/Users/mali/Library/Developer/Xcode/DerivedData/Web-fwpjudnzpysruxaxmvjywphkufup/Build/Intermediates.noindex/swift-numerics.build/Debug/Numerics.build/DerivedSources-normal/arm64 -Xcc -I/Users/mali/Library/Developer/Xcode/DerivedData/Web-fwpjudnzpysruxaxmvjywphkufup/Build/Intermediates.noindex/swift-numerics.build/Debug/Numerics.build/DerivedSources/arm64 -Xcc -I/Users/mali/Library/Developer/Xcode/DerivedData/Web-fwpjudnzpysruxaxmvjywphkufup/Build/Intermediates.noindex/swift-numerics.build/Debug/Numerics.build/DerivedSources -Xcc -DSWIFT_PACKAGE -Xcc -DDEBUG\=1 -emit-objc-header -emit-objc-header-path /Users/mali/Library/Developer/Xcode/DerivedData/Web-fwpjudnzpysruxaxmvjywphkufup/Build/Intermediates.noindex/swift-numerics.build/Debug/Numerics.build/Objects-normal/arm64/Numerics-Swift.h -working-directory /Users/mali/dev/Web/Web.xcodeproj -experimental-emit-module-separately -disable-cmo

SwiftMergeGeneratedHeaders /Users/mali/Library/Developer/Xcode/DerivedData/Web-fwpjudnzpysruxaxmvjywphkufup/Build/Intermediates.noindex/GeneratedModuleMaps/Numerics-Swift.h /Users/mali/Library/Developer/Xcode/DerivedData/Web-fwpjudnzpysruxaxmvjywphkufup/Build/Intermediates.noindex/swift-numerics.build/Debug/Numerics.build/Objects-normal/arm64/Numerics-Swift.h (in target 'Numerics' from project 'swift-numerics')
    cd /Users/mali/Library/Developer/Xcode/DerivedData/Web-fwpjudnzpysruxaxmvjywphkufup/SourcePackages/checkouts/swift-numerics
    builtin-swiftHeaderTool -arch arm64 /Users/mali/Library/Developer/Xcode/DerivedData/Web-fwpjudnzpysruxaxmvjywphkufup/Build/Intermediates.noindex/swift-numerics.build/Debug/Numerics.build/Objects-normal/arm64/Numerics-Swift.h -o /Users/mali/Library/Developer/Xcode/DerivedData/Web-fwpjudnzpysruxaxmvjywphkufup/Build/Intermediates.noindex/GeneratedModuleMaps/Numerics-Swift.h

SwiftDriver MLX normal arm64 com.apple.xcode.tools.swift.compiler (in target 'MLX' from project 'mlx-swift')
    cd /Users/mali/dev/Web/Web.xcodeproj
    builtin-SwiftDriver -- /Applications/Xcode.app/Contents/Developer/Toolchains/XcodeDefault.xctoolchain/usr/bin/swiftc -module-name MLX -Onone -enforce-exclusivity\=checked @/Users/mali/Library/Developer/Xcode/DerivedData/Web-fwpjudnzpysruxaxmvjywphkufup/Build/Intermediates.noindex/mlx-swift.build/Debug/MLX.build/Objects-normal/arm64/MLX.SwiftFileList -DSWIFT_PACKAGE -DDEBUG -DSWIFT_MODULE_RESOURCE_BUNDLE_UNAVAILABLE -DXcode -enable-experimental-feature StrictConcurrency -plugin-path /Applications/Xcode.app/Contents/Developer/Toolchains/XcodeDefault.xctoolchain/usr/lib/swift/host/plugins/testing -enable-experimental-feature DebugDescriptionMacro -sdk /Applications/Xcode.app/Contents/Developer/Platforms/MacOSX.platform/Developer/SDKs/MacOSX26.1.sdk -target arm64-apple-macos13.3 -g -module-cache-path /Users/mali/Library/Developer/Xcode/DerivedData/ModuleCache.noindex -Xfrontend -serialize-debugging-options -profile-coverage-mapping -profile-generate -enable-testing -suppress-warnings -index-store-path /Users/mali/Library/Developer/Xcode/DerivedData/Web-fwpjudnzpysruxaxmvjywphkufup/Index.noindex/DataStore -Xcc -D_LIBCPP_HARDENING_MODE\=_LIBCPP_HARDENING_MODE_DEBUG -swift-version 5 -I /Users/mali/Library/Developer/Xcode/DerivedData/Web-fwpjudnzpysruxaxmvjywphkufup/Build/Products/Debug -Isystem /Applications/Xcode.app/Contents/Developer/Platforms/MacOSX.platform/Developer/usr/lib -F /Users/mali/Library/Developer/Xcode/DerivedData/Web-fwpjudnzpysruxaxmvjywphkufup/Build/Products/Debug/PackageFrameworks -F /Users/mali/Library/Developer/Xcode/DerivedData/Web-fwpjudnzpysruxaxmvjywphkufup/Build/Products/Debug/PackageFrameworks -F /Users/mali/Library/Developer/Xcode/DerivedData/Web-fwpjudnzpysruxaxmvjywphkufup/Build/Products/Debug/PackageFrameworks -F /Users/mali/Library/Developer/Xcode/DerivedData/Web-fwpjudnzpysruxaxmvjywphkufup/Build/Products/Debug/PackageFrameworks -F /Users/mali/Library/Developer/Xcode/DerivedData/Web-fwpjudnzpysruxaxmvjywphkufup/Build/Products/Debug/PackageFrameworks -F /Users/mali/Library/Developer/Xcode/DerivedData/Web-fwpjudnzpysruxaxmvjywphkufup/Build/Products/Debug -F /Applications/Xcode.app/Contents/Developer/Platforms/MacOSX.platform/Developer/Library/Frameworks -c -j8 -enable-batch-mode -incremental -Xcc -ivfsstatcache -Xcc /Users/mali/Library/Developer/Xcode/DerivedData/SDKStatCaches.noindex/macosx26.1-25B74-3885c01c3e6b6a337905948deab2002e3ae1261907bdadc328169391a47051a6.sdkstatcache -output-file-map /Users/mali/Library/Developer/Xcode/DerivedData/Web-fwpjudnzpysruxaxmvjywphkufup/Build/Intermediates.noindex/mlx-swift.build/Debug/MLX.build/Objects-normal/arm64/MLX-OutputFileMap.json -use-frontend-parseable-output -save-temps -no-color-diagnostics -explicit-module-build -module-cache-path /Users/mali/Library/Developer/Xcode/DerivedData/Web-fwpjudnzpysruxaxmvjywphkufup/Build/Intermediates.noindex/SwiftExplicitPrecompiledModules -clang-scanner-module-cache-path /Users/mali/Library/Developer/Xcode/DerivedData/ModuleCache.noindex -sdk-module-cache-path /Users/mali/Library/Developer/Xcode/DerivedData/ModuleCache.noindex -serialize-diagnostics -emit-dependencies -emit-module -emit-module-path /Users/mali/Library/Developer/Xcode/DerivedData/Web-fwpjudnzpysruxaxmvjywphkufup/Build/Intermediates.noindex/mlx-swift.build/Debug/MLX.build/Objects-normal/arm64/MLX.swiftmodule -validate-clang-modules-once -clang-build-session-file /Users/mali/Library/Developer/Xcode/DerivedData/ModuleCache.noindex/Session.modulevalidation -package-name mlx_swift -Xcc -I/Users/mali/Library/Developer/Xcode/DerivedData/Web-fwpjudnzpysruxaxmvjywphkufup/Build/Intermediates.noindex/mlx-swift.build/Debug/MLX.build/swift-overrides.hmap -emit-const-values -Xfrontend -const-gather-protocols-file -Xfrontend /Users/mali/Library/Developer/Xcode/DerivedData/Web-fwpjudnzpysruxaxmvjywphkufup/Build/Intermediates.noindex/mlx-swift.build/Debug/MLX.build/Objects-normal/arm64/MLX_const_extract_protocols.json -Xcc -I/Users/mali/Library/Developer/Xcode/DerivedData/Web-fwpjudnzpysruxaxmvjywphkufup/SourcePackages/checkouts/swift-numerics/Sources/_NumericsShims/include -Xcc -I/Users/mali/Library/Developer/Xcode/DerivedData/Web-fwpjudnzpysruxaxmvjywphkufup/SourcePackages/checkouts/mlx-swift/Source/Cmlx/include -Xcc -I/Users/mali/Library/Developer/Xcode/DerivedData/Web-fwpjudnzpysruxaxmvjywphkufup/Build/Products/Debug/include -Xcc -I/Users/mali/Library/Developer/Xcode/DerivedData/Web-fwpjudnzpysruxaxmvjywphkufup/Build/Intermediates.noindex/mlx-swift.build/Debug/MLX.build/DerivedSources-normal/arm64 -Xcc -I/Users/mali/Library/Developer/Xcode/DerivedData/Web-fwpjudnzpysruxaxmvjywphkufup/Build/Intermediates.noindex/mlx-swift.build/Debug/MLX.build/DerivedSources/arm64 -Xcc -I/Users/mali/Library/Developer/Xcode/DerivedData/Web-fwpjudnzpysruxaxmvjywphkufup/Build/Intermediates.noindex/mlx-swift.build/Debug/MLX.build/DerivedSources -Xcc -DSWIFT_PACKAGE -Xcc -DDEBUG\=1 -emit-objc-header -emit-objc-header-path /Users/mali/Library/Developer/Xcode/DerivedData/Web-fwpjudnzpysruxaxmvjywphkufup/Build/Intermediates.noindex/mlx-swift.build/Debug/MLX.build/Objects-normal/arm64/MLX-Swift.h -working-directory /Users/mali/dev/Web/Web.xcodeproj -experimental-emit-module-separately -disable-cmo

RegisterExecutionPolicyException /Users/mali/Library/Developer/Xcode/DerivedData/Web-fwpjudnzpysruxaxmvjywphkufup/Build/Products/Debug/RealModule.o (in target 'RealModule' from project 'swift-numerics')
    cd /Users/mali/Library/Developer/Xcode/DerivedData/Web-fwpjudnzpysruxaxmvjywphkufup/SourcePackages/checkouts/swift-numerics
    builtin-RegisterExecutionPolicyException /Users/mali/Library/Developer/Xcode/DerivedData/Web-fwpjudnzpysruxaxmvjywphkufup/Build/Products/Debug/RealModule.o

RegisterExecutionPolicyException /Users/mali/Library/Developer/Xcode/DerivedData/Web-fwpjudnzpysruxaxmvjywphkufup/Build/Products/Debug/InternalCollectionsUtilities.o (in target 'InternalCollectionsUtilities' from project 'swift-collections')
    cd /Users/mali/Library/Developer/Xcode/DerivedData/Web-fwpjudnzpysruxaxmvjywphkufup/SourcePackages/checkouts/swift-collections
    builtin-RegisterExecutionPolicyException /Users/mali/Library/Developer/Xcode/DerivedData/Web-fwpjudnzpysruxaxmvjywphkufup/Build/Products/Debug/InternalCollectionsUtilities.o

Ld /Users/mali/Library/Developer/Xcode/DerivedData/Web-fwpjudnzpysruxaxmvjywphkufup/Build/Products/Debug/ComplexModule.o normal (in target 'ComplexModule' from project 'swift-numerics')
    cd /Users/mali/Library/Developer/Xcode/DerivedData/Web-fwpjudnzpysruxaxmvjywphkufup/SourcePackages/checkouts/swift-numerics
    /Applications/Xcode.app/Contents/Developer/Toolchains/XcodeDefault.xctoolchain/usr/bin/clang -Xlinker -reproducible -target arm64-apple-macos10.13 -r -isysroot /Applications/Xcode.app/Contents/Developer/Platforms/MacOSX.platform/Developer/SDKs/MacOSX26.1.sdk -O0 -w -L/Users/mali/Library/Developer/Xcode/DerivedData/Web-fwpjudnzpysruxaxmvjywphkufup/Build/Intermediates.noindex/EagerLinkingTBDs/Debug -L/Users/mali/Library/Developer/Xcode/DerivedData/Web-fwpjudnzpysruxaxmvjywphkufup/Build/Products/Debug -L/Applications/Xcode.app/Contents/Developer/Platforms/MacOSX.platform/Developer/usr/lib -F/Users/mali/Library/Developer/Xcode/DerivedData/Web-fwpjudnzpysruxaxmvjywphkufup/Build/Intermediates.noindex/EagerLinkingTBDs/Debug -F/Users/mali/Library/Developer/Xcode/DerivedData/Web-fwpjudnzpysruxaxmvjywphkufup/Build/Products/Debug/PackageFrameworks -F/Users/mali/Library/Developer/Xcode/DerivedData/Web-fwpjudnzpysruxaxmvjywphkufup/Build/Products/Debug/PackageFrameworks -F/Users/mali/Library/Developer/Xcode/DerivedData/Web-fwpjudnzpysruxaxmvjywphkufup/Build/Products/Debug -iframework /Applications/Xcode.app/Contents/Developer/Platforms/MacOSX.platform/Developer/Library/Frameworks -filelist /Users/mali/Library/Developer/Xcode/DerivedData/Web-fwpjudnzpysruxaxmvjywphkufup/Build/Intermediates.noindex/swift-numerics.build/Debug/ComplexModule.build/Objects-normal/arm64/ComplexModule.LinkFileList -nostdlib -Xlinker -object_path_lto -Xlinker /Users/mali/Library/Developer/Xcode/DerivedData/Web-fwpjudnzpysruxaxmvjywphkufup/Build/Intermediates.noindex/swift-numerics.build/Debug/ComplexModule.build/Objects-normal/arm64/ComplexModule_lto.o -rdynamic -Xlinker -no_deduplicate -Xlinker -debug_variant -Xlinker -dependency_info -Xlinker /Users/mali/Library/Developer/Xcode/DerivedData/Web-fwpjudnzpysruxaxmvjywphkufup/Build/Intermediates.noindex/swift-numerics.build/Debug/ComplexModule.build/Objects-normal/arm64/ComplexModule_dependency_info.dat -fobjc-link-runtime -L/Applications/Xcode.app/Contents/Developer/Toolchains/XcodeDefault.xctoolchain/usr/lib/swift/macosx -L/usr/lib/swift -Xlinker -add_ast_path -Xlinker /Users/mali/Library/Developer/Xcode/DerivedData/Web-fwpjudnzpysruxaxmvjywphkufup/Build/Intermediates.noindex/swift-numerics.build/Debug/ComplexModule.build/Objects-normal/arm64/ComplexModule.swiftmodule @/Users/mali/Library/Developer/Xcode/DerivedData/Web-fwpjudnzpysruxaxmvjywphkufup/Build/Intermediates.noindex/swift-numerics.build/Debug/ComplexModule.build/Objects-normal/arm64/ComplexModule-linker-args.resp -o /Users/mali/Library/Developer/Xcode/DerivedData/Web-fwpjudnzpysruxaxmvjywphkufup/Build/Products/Debug/ComplexModule.o

RegisterExecutionPolicyException /Users/mali/Library/Developer/Xcode/DerivedData/Web-fwpjudnzpysruxaxmvjywphkufup/Build/Products/Debug/Cmlx.o (in target 'Cmlx' from project 'mlx-swift')
    cd /Users/mali/Library/Developer/Xcode/DerivedData/Web-fwpjudnzpysruxaxmvjywphkufup/SourcePackages/checkouts/mlx-swift
    builtin-RegisterExecutionPolicyException /Users/mali/Library/Developer/Xcode/DerivedData/Web-fwpjudnzpysruxaxmvjywphkufup/Build/Products/Debug/Cmlx.o

SwiftDriver\ Compilation\ Requirements OrderedCollections normal arm64 com.apple.xcode.tools.swift.compiler (in target 'OrderedCollections' from project 'swift-collections')
    cd /Users/mali/dev/Web/Web.xcodeproj
    builtin-Swift-Compilation-Requirements -- /Applications/Xcode.app/Contents/Developer/Toolchains/XcodeDefault.xctoolchain/usr/bin/swiftc -module-name OrderedCollections -Onone -enforce-exclusivity\=checked @/Users/mali/Library/Developer/Xcode/DerivedData/Web-fwpjudnzpysruxaxmvjywphkufup/Build/Intermediates.noindex/swift-collections.build/Debug/OrderedCollections.build/Objects-normal/arm64/OrderedCollections.SwiftFileList -DSWIFT_PACKAGE -DDEBUG -DSWIFT_MODULE_RESOURCE_BUNDLE_UNAVAILABLE -DCOLLECTIONS_RANDOMIZED_TESTING -DXcode -plugin-path /Applications/Xcode.app/Contents/Developer/Toolchains/XcodeDefault.xctoolchain/usr/lib/swift/host/plugins/testing -enable-experimental-feature DebugDescriptionMacro -sdk /Applications/Xcode.app/Contents/Developer/Platforms/MacOSX.platform/Developer/SDKs/MacOSX26.1.sdk -target arm64-apple-macos10.13 -g -module-cache-path /Users/mali/Library/Developer/Xcode/DerivedData/ModuleCache.noindex -Xfrontend -serialize-debugging-options -profile-coverage-mapping -profile-generate -enable-testing -suppress-warnings -index-store-path /Users/mali/Library/Developer/Xcode/DerivedData/Web-fwpjudnzpysruxaxmvjywphkufup/Index.noindex/DataStore -Xcc -D_LIBCPP_HARDENING_MODE\=_LIBCPP_HARDENING_MODE_DEBUG -swift-version 5 -I /Users/mali/Library/Developer/Xcode/DerivedData/Web-fwpjudnzpysruxaxmvjywphkufup/Build/Products/Debug -Isystem /Applications/Xcode.app/Contents/Developer/Platforms/MacOSX.platform/Developer/usr/lib -F /Users/mali/Library/Developer/Xcode/DerivedData/Web-fwpjudnzpysruxaxmvjywphkufup/Build/Products/Debug/PackageFrameworks -F /Users/mali/Library/Developer/Xcode/DerivedData/Web-fwpjudnzpysruxaxmvjywphkufup/Build/Products/Debug -F /Applications/Xcode.app/Contents/Developer/Platforms/MacOSX.platform/Developer/Library/Frameworks -c -j8 -enable-batch-mode -incremental -Xcc -ivfsstatcache -Xcc /Users/mali/Library/Developer/Xcode/DerivedData/SDKStatCaches.noindex/macosx26.1-25B74-3885c01c3e6b6a337905948deab2002e3ae1261907bdadc328169391a47051a6.sdkstatcache -output-file-map /Users/mali/Library/Developer/Xcode/DerivedData/Web-fwpjudnzpysruxaxmvjywphkufup/Build/Intermediates.noindex/swift-collections.build/Debug/OrderedCollections.build/Objects-normal/arm64/OrderedCollections-OutputFileMap.json -use-frontend-parseable-output -save-temps -no-color-diagnostics -explicit-module-build -module-cache-path /Users/mali/Library/Developer/Xcode/DerivedData/Web-fwpjudnzpysruxaxmvjywphkufup/Build/Intermediates.noindex/SwiftExplicitPrecompiledModules -clang-scanner-module-cache-path /Users/mali/Library/Developer/Xcode/DerivedData/ModuleCache.noindex -sdk-module-cache-path /Users/mali/Library/Developer/Xcode/DerivedData/ModuleCache.noindex -serialize-diagnostics -emit-dependencies -emit-module -emit-module-path /Users/mali/Library/Developer/Xcode/DerivedData/Web-fwpjudnzpysruxaxmvjywphkufup/Build/Intermediates.noindex/swift-collections.build/Debug/OrderedCollections.build/Objects-normal/arm64/OrderedCollections.swiftmodule -validate-clang-modules-once -clang-build-session-file /Users/mali/Library/Developer/Xcode/DerivedData/ModuleCache.noindex/Session.modulevalidation -package-name swift_collections -Xcc -I/Users/mali/Library/Developer/Xcode/DerivedData/Web-fwpjudnzpysruxaxmvjywphkufup/Build/Intermediates.noindex/swift-collections.build/Debug/OrderedCollections.build/swift-overrides.hmap -emit-const-values -Xfrontend -const-gather-protocols-file -Xfrontend /Users/mali/Library/Developer/Xcode/DerivedData/Web-fwpjudnzpysruxaxmvjywphkufup/Build/Intermediates.noindex/swift-collections.build/Debug/OrderedCollections.build/Objects-normal/arm64/OrderedCollections_const_extract_protocols.json -Xcc -I/Users/mali/Library/Developer/Xcode/DerivedData/Web-fwpjudnzpysruxaxmvjywphkufup/Build/Products/Debug/include -Xcc -I/Users/mali/Library/Developer/Xcode/DerivedData/Web-fwpjudnzpysruxaxmvjywphkufup/Build/Intermediates.noindex/swift-collections.build/Debug/OrderedCollections.build/DerivedSources-normal/arm64 -Xcc -I/Users/mali/Library/Developer/Xcode/DerivedData/Web-fwpjudnzpysruxaxmvjywphkufup/Build/Intermediates.noindex/swift-collections.build/Debug/OrderedCollections.build/DerivedSources/arm64 -Xcc -I/Users/mali/Library/Developer/Xcode/DerivedData/Web-fwpjudnzpysruxaxmvjywphkufup/Build/Intermediates.noindex/swift-collections.build/Debug/OrderedCollections.build/DerivedSources -Xcc -DSWIFT_PACKAGE -Xcc -DDEBUG\=1 -emit-objc-header -emit-objc-header-path /Users/mali/Library/Developer/Xcode/DerivedData/Web-fwpjudnzpysruxaxmvjywphkufup/Build/Intermediates.noindex/swift-collections.build/Debug/OrderedCollections.build/Objects-normal/arm64/OrderedCollections-Swift.h -working-directory /Users/mali/dev/Web/Web.xcodeproj -experimental-emit-module-separately -disable-cmo

SwiftDriver\ Compilation OrderedCollections normal arm64 com.apple.xcode.tools.swift.compiler (in target 'OrderedCollections' from project 'swift-collections')
    cd /Users/mali/dev/Web/Web.xcodeproj
    builtin-Swift-Compilation -- /Applications/Xcode.app/Contents/Developer/Toolchains/XcodeDefault.xctoolchain/usr/bin/swiftc -module-name OrderedCollections -Onone -enforce-exclusivity\=checked @/Users/mali/Library/Developer/Xcode/DerivedData/Web-fwpjudnzpysruxaxmvjywphkufup/Build/Intermediates.noindex/swift-collections.build/Debug/OrderedCollections.build/Objects-normal/arm64/OrderedCollections.SwiftFileList -DSWIFT_PACKAGE -DDEBUG -DSWIFT_MODULE_RESOURCE_BUNDLE_UNAVAILABLE -DCOLLECTIONS_RANDOMIZED_TESTING -DXcode -plugin-path /Applications/Xcode.app/Contents/Developer/Toolchains/XcodeDefault.xctoolchain/usr/lib/swift/host/plugins/testing -enable-experimental-feature DebugDescriptionMacro -sdk /Applications/Xcode.app/Contents/Developer/Platforms/MacOSX.platform/Developer/SDKs/MacOSX26.1.sdk -target arm64-apple-macos10.13 -g -module-cache-path /Users/mali/Library/Developer/Xcode/DerivedData/ModuleCache.noindex -Xfrontend -serialize-debugging-options -profile-coverage-mapping -profile-generate -enable-testing -suppress-warnings -index-store-path /Users/mali/Library/Developer/Xcode/DerivedData/Web-fwpjudnzpysruxaxmvjywphkufup/Index.noindex/DataStore -Xcc -D_LIBCPP_HARDENING_MODE\=_LIBCPP_HARDENING_MODE_DEBUG -swift-version 5 -I /Users/mali/Library/Developer/Xcode/DerivedData/Web-fwpjudnzpysruxaxmvjywphkufup/Build/Products/Debug -Isystem /Applications/Xcode.app/Contents/Developer/Platforms/MacOSX.platform/Developer/usr/lib -F /Users/mali/Library/Developer/Xcode/DerivedData/Web-fwpjudnzpysruxaxmvjywphkufup/Build/Products/Debug/PackageFrameworks -F /Users/mali/Library/Developer/Xcode/DerivedData/Web-fwpjudnzpysruxaxmvjywphkufup/Build/Products/Debug -F /Applications/Xcode.app/Contents/Developer/Platforms/MacOSX.platform/Developer/Library/Frameworks -c -j8 -enable-batch-mode -incremental -Xcc -ivfsstatcache -Xcc /Users/mali/Library/Developer/Xcode/DerivedData/SDKStatCaches.noindex/macosx26.1-25B74-3885c01c3e6b6a337905948deab2002e3ae1261907bdadc328169391a47051a6.sdkstatcache -output-file-map /Users/mali/Library/Developer/Xcode/DerivedData/Web-fwpjudnzpysruxaxmvjywphkufup/Build/Intermediates.noindex/swift-collections.build/Debug/OrderedCollections.build/Objects-normal/arm64/OrderedCollections-OutputFileMap.json -use-frontend-parseable-output -save-temps -no-color-diagnostics -explicit-module-build -module-cache-path /Users/mali/Library/Developer/Xcode/DerivedData/Web-fwpjudnzpysruxaxmvjywphkufup/Build/Intermediates.noindex/SwiftExplicitPrecompiledModules -clang-scanner-module-cache-path /Users/mali/Library/Developer/Xcode/DerivedData/ModuleCache.noindex -sdk-module-cache-path /Users/mali/Library/Developer/Xcode/DerivedData/ModuleCache.noindex -serialize-diagnostics -emit-dependencies -emit-module -emit-module-path /Users/mali/Library/Developer/Xcode/DerivedData/Web-fwpjudnzpysruxaxmvjywphkufup/Build/Intermediates.noindex/swift-collections.build/Debug/OrderedCollections.build/Objects-normal/arm64/OrderedCollections.swiftmodule -validate-clang-modules-once -clang-build-session-file /Users/mali/Library/Developer/Xcode/DerivedData/ModuleCache.noindex/Session.modulevalidation -package-name swift_collections -Xcc -I/Users/mali/Library/Developer/Xcode/DerivedData/Web-fwpjudnzpysruxaxmvjywphkufup/Build/Intermediates.noindex/swift-collections.build/Debug/OrderedCollections.build/swift-overrides.hmap -emit-const-values -Xfrontend -const-gather-protocols-file -Xfrontend /Users/mali/Library/Developer/Xcode/DerivedData/Web-fwpjudnzpysruxaxmvjywphkufup/Build/Intermediates.noindex/swift-collections.build/Debug/OrderedCollections.build/Objects-normal/arm64/OrderedCollections_const_extract_protocols.json -Xcc -I/Users/mali/Library/Developer/Xcode/DerivedData/Web-fwpjudnzpysruxaxmvjywphkufup/Build/Products/Debug/include -Xcc -I/Users/mali/Library/Developer/Xcode/DerivedData/Web-fwpjudnzpysruxaxmvjywphkufup/Build/Intermediates.noindex/swift-collections.build/Debug/OrderedCollections.build/DerivedSources-normal/arm64 -Xcc -I/Users/mali/Library/Developer/Xcode/DerivedData/Web-fwpjudnzpysruxaxmvjywphkufup/Build/Intermediates.noindex/swift-collections.build/Debug/OrderedCollections.build/DerivedSources/arm64 -Xcc -I/Users/mali/Library/Developer/Xcode/DerivedData/Web-fwpjudnzpysruxaxmvjywphkufup/Build/Intermediates.noindex/swift-collections.build/Debug/OrderedCollections.build/DerivedSources -Xcc -DSWIFT_PACKAGE -Xcc -DDEBUG\=1 -emit-objc-header -emit-objc-header-path /Users/mali/Library/Developer/Xcode/DerivedData/Web-fwpjudnzpysruxaxmvjywphkufup/Build/Intermediates.noindex/swift-collections.build/Debug/OrderedCollections.build/Objects-normal/arm64/OrderedCollections-Swift.h -working-directory /Users/mali/dev/Web/Web.xcodeproj -experimental-emit-module-separately -disable-cmo

SwiftMergeGeneratedHeaders /Users/mali/Library/Developer/Xcode/DerivedData/Web-fwpjudnzpysruxaxmvjywphkufup/Build/Intermediates.noindex/GeneratedModuleMaps/OrderedCollections-Swift.h /Users/mali/Library/Developer/Xcode/DerivedData/Web-fwpjudnzpysruxaxmvjywphkufup/Build/Intermediates.noindex/swift-collections.build/Debug/OrderedCollections.build/Objects-normal/arm64/OrderedCollections-Swift.h (in target 'OrderedCollections' from project 'swift-collections')
    cd /Users/mali/Library/Developer/Xcode/DerivedData/Web-fwpjudnzpysruxaxmvjywphkufup/SourcePackages/checkouts/swift-collections
    builtin-swiftHeaderTool -arch arm64 /Users/mali/Library/Developer/Xcode/DerivedData/Web-fwpjudnzpysruxaxmvjywphkufup/Build/Intermediates.noindex/swift-collections.build/Debug/OrderedCollections.build/Objects-normal/arm64/OrderedCollections-Swift.h -o /Users/mali/Library/Developer/Xcode/DerivedData/Web-fwpjudnzpysruxaxmvjywphkufup/Build/Intermediates.noindex/GeneratedModuleMaps/OrderedCollections-Swift.h

SwiftDriver Jinja normal arm64 com.apple.xcode.tools.swift.compiler (in target 'Jinja' from project 'Jinja')
    cd /Users/mali/dev/Web/Web.xcodeproj
    builtin-SwiftDriver -- /Applications/Xcode.app/Contents/Developer/Toolchains/XcodeDefault.xctoolchain/usr/bin/swiftc -module-name Jinja -Onone -enforce-exclusivity\=checked @/Users/mali/Library/Developer/Xcode/DerivedData/Web-fwpjudnzpysruxaxmvjywphkufup/Build/Intermediates.noindex/Jinja.build/Debug/Jinja.build/Objects-normal/arm64/Jinja.SwiftFileList -DSWIFT_PACKAGE -DDEBUG -DSWIFT_MODULE_RESOURCE_BUNDLE_UNAVAILABLE -DXcode -enable-upcoming-feature BareSlashRegexLiterals -plugin-path /Applications/Xcode.app/Contents/Developer/Toolchains/XcodeDefault.xctoolchain/usr/lib/swift/host/plugins/testing -enable-experimental-feature DebugDescriptionMacro -sdk /Applications/Xcode.app/Contents/Developer/Platforms/MacOSX.platform/Developer/SDKs/MacOSX26.1.sdk -target arm64-apple-macos13.0 -g -module-cache-path /Users/mali/Library/Developer/Xcode/DerivedData/ModuleCache.noindex -Xfrontend -serialize-debugging-options -profile-coverage-mapping -profile-generate -enable-testing -suppress-warnings -index-store-path /Users/mali/Library/Developer/Xcode/DerivedData/Web-fwpjudnzpysruxaxmvjywphkufup/Index.noindex/DataStore -Xcc -D_LIBCPP_HARDENING_MODE\=_LIBCPP_HARDENING_MODE_DEBUG -swift-version 5 -I /Users/mali/Library/Developer/Xcode/DerivedData/Web-fwpjudnzpysruxaxmvjywphkufup/Build/Products/Debug -Isystem /Applications/Xcode.app/Contents/Developer/Platforms/MacOSX.platform/Developer/usr/lib -F /Users/mali/Library/Developer/Xcode/DerivedData/Web-fwpjudnzpysruxaxmvjywphkufup/Build/Products/Debug/PackageFrameworks -F /Users/mali/Library/Developer/Xcode/DerivedData/Web-fwpjudnzpysruxaxmvjywphkufup/Build/Products/Debug/PackageFrameworks -F /Users/mali/Library/Developer/Xcode/DerivedData/Web-fwpjudnzpysruxaxmvjywphkufup/Build/Products/Debug -F /Applications/Xcode.app/Contents/Developer/Platforms/MacOSX.platform/Developer/Library/Frameworks -c -j8 -enable-batch-mode -incremental -Xcc -ivfsstatcache -Xcc /Users/mali/Library/Developer/Xcode/DerivedData/SDKStatCaches.noindex/macosx26.1-25B74-3885c01c3e6b6a337905948deab2002e3ae1261907bdadc328169391a47051a6.sdkstatcache -output-file-map /Users/mali/Library/Developer/Xcode/DerivedData/Web-fwpjudnzpysruxaxmvjywphkufup/Build/Intermediates.noindex/Jinja.build/Debug/Jinja.build/Objects-normal/arm64/Jinja-OutputFileMap.json -use-frontend-parseable-output -save-temps -no-color-diagnostics -explicit-module-build -module-cache-path /Users/mali/Library/Developer/Xcode/DerivedData/Web-fwpjudnzpysruxaxmvjywphkufup/Build/Intermediates.noindex/SwiftExplicitPrecompiledModules -clang-scanner-module-cache-path /Users/mali/Library/Developer/Xcode/DerivedData/ModuleCache.noindex -sdk-module-cache-path /Users/mali/Library/Developer/Xcode/DerivedData/ModuleCache.noindex -serialize-diagnostics -emit-dependencies -emit-module -emit-module-path /Users/mali/Library/Developer/Xcode/DerivedData/Web-fwpjudnzpysruxaxmvjywphkufup/Build/Intermediates.noindex/Jinja.build/Debug/Jinja.build/Objects-normal/arm64/Jinja.swiftmodule -validate-clang-modules-once -clang-build-session-file /Users/mali/Library/Developer/Xcode/DerivedData/ModuleCache.noindex/Session.modulevalidation -Xcc -I/Users/mali/Library/Developer/Xcode/DerivedData/Web-fwpjudnzpysruxaxmvjywphkufup/Build/Intermediates.noindex/Jinja.build/Debug/Jinja.build/swift-overrides.hmap -emit-const-values -Xfrontend -const-gather-protocols-file -Xfrontend /Users/mali/Library/Developer/Xcode/DerivedData/Web-fwpjudnzpysruxaxmvjywphkufup/Build/Intermediates.noindex/Jinja.build/Debug/Jinja.build/Objects-normal/arm64/Jinja_const_extract_protocols.json -Xcc -I/Users/mali/Library/Developer/Xcode/DerivedData/Web-fwpjudnzpysruxaxmvjywphkufup/Build/Products/Debug/include -Xcc -I/Users/mali/Library/Developer/Xcode/DerivedData/Web-fwpjudnzpysruxaxmvjywphkufup/Build/Intermediates.noindex/Jinja.build/Debug/Jinja.build/DerivedSources-normal/arm64 -Xcc -I/Users/mali/Library/Developer/Xcode/DerivedData/Web-fwpjudnzpysruxaxmvjywphkufup/Build/Intermediates.noindex/Jinja.build/Debug/Jinja.build/DerivedSources/arm64 -Xcc -I/Users/mali/Library/Developer/Xcode/DerivedData/Web-fwpjudnzpysruxaxmvjywphkufup/Build/Intermediates.noindex/Jinja.build/Debug/Jinja.build/DerivedSources -Xcc -DSWIFT_PACKAGE -Xcc -DDEBUG\=1 -emit-objc-header -emit-objc-header-path /Users/mali/Library/Developer/Xcode/DerivedData/Web-fwpjudnzpysruxaxmvjywphkufup/Build/Intermediates.noindex/Jinja.build/Debug/Jinja.build/Objects-normal/arm64/Jinja-Swift.h -working-directory /Users/mali/dev/Web/Web.xcodeproj -experimental-emit-module-separately -disable-cmo

ExtractAppIntentsMetadata (in target 'ComplexModule' from project 'swift-numerics')
    cd /Users/mali/Library/Developer/Xcode/DerivedData/Web-fwpjudnzpysruxaxmvjywphkufup/SourcePackages/checkouts/swift-numerics
    /Applications/Xcode.app/Contents/Developer/Toolchains/XcodeDefault.xctoolchain/usr/bin/appintentsmetadataprocessor --toolchain-dir /var/run/com.apple.security.cryptexd/mnt/com.apple.MobileAsset.MetalToolchain-v17.2.54.0.910oNh/Metal.xctoolchain --module-name ComplexModule --sdk-root /Applications/Xcode.app/Contents/Developer/Platforms/MacOSX.platform/Developer/SDKs/MacOSX26.1.sdk --xcode-version 17B100 --platform-family macOS --deployment-target 10.13 --bundle-identifier swift-numerics.ComplexModule --output /Users/mali/Library/Developer/Xcode/DerivedData/Web-fwpjudnzpysruxaxmvjywphkufup/Build/Products/Debug/ComplexModule.appintents --target-triple arm64-apple-macos10.13 --binary-file /Users/mali/Library/Developer/Xcode/DerivedData/Web-fwpjudnzpysruxaxmvjywphkufup/Build/Products/Debug/ComplexModule.o --dependency-file /Users/mali/Library/Developer/Xcode/DerivedData/Web-fwpjudnzpysruxaxmvjywphkufup/Build/Intermediates.noindex/swift-numerics.build/Debug/ComplexModule.build/Objects-normal/arm64/ComplexModule_dependency_info.dat --stringsdata-file /Users/mali/Library/Developer/Xcode/DerivedData/Web-fwpjudnzpysruxaxmvjywphkufup/Build/Intermediates.noindex/swift-numerics.build/Debug/ComplexModule.build/Objects-normal/arm64/ExtractedAppShortcutsMetadata.stringsdata --source-file-list /Users/mali/Library/Developer/Xcode/DerivedData/Web-fwpjudnzpysruxaxmvjywphkufup/Build/Intermediates.noindex/swift-numerics.build/Debug/ComplexModule.build/Objects-normal/arm64/ComplexModule.SwiftFileList --metadata-file-list /Users/mali/Library/Developer/Xcode/DerivedData/Web-fwpjudnzpysruxaxmvjywphkufup/Build/Intermediates.noindex/swift-numerics.build/Debug/ComplexModule.build/ComplexModule.DependencyMetadataFileList --static-metadata-file-list /Users/mali/Library/Developer/Xcode/DerivedData/Web-fwpjudnzpysruxaxmvjywphkufup/Build/Intermediates.noindex/swift-numerics.build/Debug/ComplexModule.build/ComplexModule.DependencyStaticMetadataFileList --swift-const-vals-list /Users/mali/Library/Developer/Xcode/DerivedData/Web-fwpjudnzpysruxaxmvjywphkufup/Build/Intermediates.noindex/swift-numerics.build/Debug/ComplexModule.build/Objects-normal/arm64/ComplexModule.SwiftConstValuesFileList --force --compile-time-extraction --deployment-aware-processing --validate-assistant-intents --no-app-shortcuts-localization
2026-02-01 04:53:27.905 appintentsmetadataprocessor[19897:1339443] Starting appintentsmetadataprocessor export
2026-02-01 04:53:28.285 appintentsmetadataprocessor[19897:1339443] Extracted no relevant App Intents symbols, skipping writing output

SwiftDriver\ Compilation\ Requirements Hub normal arm64 com.apple.xcode.tools.swift.compiler (in target 'Hub' from project 'swift-transformers')
    cd /Users/mali/dev/Web/Web.xcodeproj
    builtin-Swift-Compilation-Requirements -- /Applications/Xcode.app/Contents/Developer/Toolchains/XcodeDefault.xctoolchain/usr/bin/swiftc -module-name Hub -Onone -enforce-exclusivity\=checked @/Users/mali/Library/Developer/Xcode/DerivedData/Web-fwpjudnzpysruxaxmvjywphkufup/Build/Intermediates.noindex/swift-transformers.build/Debug/Hub.build/Objects-normal/arm64/Hub.SwiftFileList -DSWIFT_PACKAGE -DDEBUG -DSWIFT_MODULE_RESOURCE_BUNDLE_AVAILABLE -DXcode -plugin-path /Applications/Xcode.app/Contents/Developer/Toolchains/XcodeDefault.xctoolchain/usr/lib/swift/host/plugins/testing -enable-experimental-feature DebugDescriptionMacro -sdk /Applications/Xcode.app/Contents/Developer/Platforms/MacOSX.platform/Developer/SDKs/MacOSX26.1.sdk -target arm64-apple-macos13.0 -g -module-cache-path /Users/mali/Library/Developer/Xcode/DerivedData/ModuleCache.noindex -Xfrontend -serialize-debugging-options -profile-coverage-mapping -profile-generate -enable-testing -suppress-warnings -index-store-path /Users/mali/Library/Developer/Xcode/DerivedData/Web-fwpjudnzpysruxaxmvjywphkufup/Index.noindex/DataStore -Xcc -D_LIBCPP_HARDENING_MODE\=_LIBCPP_HARDENING_MODE_DEBUG -swift-version 5 -I /Users/mali/Library/Developer/Xcode/DerivedData/Web-fwpjudnzpysruxaxmvjywphkufup/Build/Products/Debug -Isystem /Applications/Xcode.app/Contents/Developer/Platforms/MacOSX.platform/Developer/usr/lib -F /Users/mali/Library/Developer/Xcode/DerivedData/Web-fwpjudnzpysruxaxmvjywphkufup/Build/Products/Debug -F /Applications/Xcode.app/Contents/Developer/Platforms/MacOSX.platform/Developer/Library/Frameworks -c -j8 -enable-batch-mode -incremental -Xcc -ivfsstatcache -Xcc /Users/mali/Library/Developer/Xcode/DerivedData/SDKStatCaches.noindex/macosx26.1-25B74-3885c01c3e6b6a337905948deab2002e3ae1261907bdadc328169391a47051a6.sdkstatcache -output-file-map /Users/mali/Library/Developer/Xcode/DerivedData/Web-fwpjudnzpysruxaxmvjywphkufup/Build/Intermediates.noindex/swift-transformers.build/Debug/Hub.build/Objects-normal/arm64/Hub-OutputFileMap.json -use-frontend-parseable-output -save-temps -no-color-diagnostics -explicit-module-build -module-cache-path /Users/mali/Library/Developer/Xcode/DerivedData/Web-fwpjudnzpysruxaxmvjywphkufup/Build/Intermediates.noindex/SwiftExplicitPrecompiledModules -clang-scanner-module-cache-path /Users/mali/Library/Developer/Xcode/DerivedData/ModuleCache.noindex -sdk-module-cache-path /Users/mali/Library/Developer/Xcode/DerivedData/ModuleCache.noindex -serialize-diagnostics -emit-dependencies -emit-module -emit-module-path /Users/mali/Library/Developer/Xcode/DerivedData/Web-fwpjudnzpysruxaxmvjywphkufup/Build/Intermediates.noindex/swift-transformers.build/Debug/Hub.build/Objects-normal/arm64/Hub.swiftmodule -validate-clang-modules-once -clang-build-session-file /Users/mali/Library/Developer/Xcode/DerivedData/ModuleCache.noindex/Session.modulevalidation -Xcc -I/Users/mali/Library/Developer/Xcode/DerivedData/Web-fwpjudnzpysruxaxmvjywphkufup/Build/Intermediates.noindex/swift-transformers.build/Debug/Hub.build/swift-overrides.hmap -emit-const-values -Xfrontend -const-gather-protocols-file -Xfrontend /Users/mali/Library/Developer/Xcode/DerivedData/Web-fwpjudnzpysruxaxmvjywphkufup/Build/Intermediates.noindex/swift-transformers.build/Debug/Hub.build/Objects-normal/arm64/Hub_const_extract_protocols.json -Xcc -I/Users/mali/Library/Developer/Xcode/DerivedData/Web-fwpjudnzpysruxaxmvjywphkufup/Build/Products/Debug/include -Xcc -I/Users/mali/Library/Developer/Xcode/DerivedData/Web-fwpjudnzpysruxaxmvjywphkufup/Build/Intermediates.noindex/swift-transformers.build/Debug/Hub.build/DerivedSources-normal/arm64 -Xcc -I/Users/mali/Library/Developer/Xcode/DerivedData/Web-fwpjudnzpysruxaxmvjywphkufup/Build/Intermediates.noindex/swift-transformers.build/Debug/Hub.build/DerivedSources/arm64 -Xcc -I/Users/mali/Library/Developer/Xcode/DerivedData/Web-fwpjudnzpysruxaxmvjywphkufup/Build/Intermediates.noindex/swift-transformers.build/Debug/Hub.build/DerivedSources -Xcc -DSWIFT_PACKAGE -Xcc -DDEBUG\=1 -emit-objc-header -emit-objc-header-path /Users/mali/Library/Developer/Xcode/DerivedData/Web-fwpjudnzpysruxaxmvjywphkufup/Build/Intermediates.noindex/swift-transformers.build/Debug/Hub.build/Objects-normal/arm64/Hub-Swift.h -working-directory /Users/mali/dev/Web/Web.xcodeproj -experimental-emit-module-separately -disable-cmo

SwiftDriver\ Compilation Hub normal arm64 com.apple.xcode.tools.swift.compiler (in target 'Hub' from project 'swift-transformers')
    cd /Users/mali/dev/Web/Web.xcodeproj
    builtin-Swift-Compilation -- /Applications/Xcode.app/Contents/Developer/Toolchains/XcodeDefault.xctoolchain/usr/bin/swiftc -module-name Hub -Onone -enforce-exclusivity\=checked @/Users/mali/Library/Developer/Xcode/DerivedData/Web-fwpjudnzpysruxaxmvjywphkufup/Build/Intermediates.noindex/swift-transformers.build/Debug/Hub.build/Objects-normal/arm64/Hub.SwiftFileList -DSWIFT_PACKAGE -DDEBUG -DSWIFT_MODULE_RESOURCE_BUNDLE_AVAILABLE -DXcode -plugin-path /Applications/Xcode.app/Contents/Developer/Toolchains/XcodeDefault.xctoolchain/usr/lib/swift/host/plugins/testing -enable-experimental-feature DebugDescriptionMacro -sdk /Applications/Xcode.app/Contents/Developer/Platforms/MacOSX.platform/Developer/SDKs/MacOSX26.1.sdk -target arm64-apple-macos13.0 -g -module-cache-path /Users/mali/Library/Developer/Xcode/DerivedData/ModuleCache.noindex -Xfrontend -serialize-debugging-options -profile-coverage-mapping -profile-generate -enable-testing -suppress-warnings -index-store-path /Users/mali/Library/Developer/Xcode/DerivedData/Web-fwpjudnzpysruxaxmvjywphkufup/Index.noindex/DataStore -Xcc -D_LIBCPP_HARDENING_MODE\=_LIBCPP_HARDENING_MODE_DEBUG -swift-version 5 -I /Users/mali/Library/Developer/Xcode/DerivedData/Web-fwpjudnzpysruxaxmvjywphkufup/Build/Products/Debug -Isystem /Applications/Xcode.app/Contents/Developer/Platforms/MacOSX.platform/Developer/usr/lib -F /Users/mali/Library/Developer/Xcode/DerivedData/Web-fwpjudnzpysruxaxmvjywphkufup/Build/Products/Debug -F /Applications/Xcode.app/Contents/Developer/Platforms/MacOSX.platform/Developer/Library/Frameworks -c -j8 -enable-batch-mode -incremental -Xcc -ivfsstatcache -Xcc /Users/mali/Library/Developer/Xcode/DerivedData/SDKStatCaches.noindex/macosx26.1-25B74-3885c01c3e6b6a337905948deab2002e3ae1261907bdadc328169391a47051a6.sdkstatcache -output-file-map /Users/mali/Library/Developer/Xcode/DerivedData/Web-fwpjudnzpysruxaxmvjywphkufup/Build/Intermediates.noindex/swift-transformers.build/Debug/Hub.build/Objects-normal/arm64/Hub-OutputFileMap.json -use-frontend-parseable-output -save-temps -no-color-diagnostics -explicit-module-build -module-cache-path /Users/mali/Library/Developer/Xcode/DerivedData/Web-fwpjudnzpysruxaxmvjywphkufup/Build/Intermediates.noindex/SwiftExplicitPrecompiledModules -clang-scanner-module-cache-path /Users/mali/Library/Developer/Xcode/DerivedData/ModuleCache.noindex -sdk-module-cache-path /Users/mali/Library/Developer/Xcode/DerivedData/ModuleCache.noindex -serialize-diagnostics -emit-dependencies -emit-module -emit-module-path /Users/mali/Library/Developer/Xcode/DerivedData/Web-fwpjudnzpysruxaxmvjywphkufup/Build/Intermediates.noindex/swift-transformers.build/Debug/Hub.build/Objects-normal/arm64/Hub.swiftmodule -validate-clang-modules-once -clang-build-session-file /Users/mali/Library/Developer/Xcode/DerivedData/ModuleCache.noindex/Session.modulevalidation -Xcc -I/Users/mali/Library/Developer/Xcode/DerivedData/Web-fwpjudnzpysruxaxmvjywphkufup/Build/Intermediates.noindex/swift-transformers.build/Debug/Hub.build/swift-overrides.hmap -emit-const-values -Xfrontend -const-gather-protocols-file -Xfrontend /Users/mali/Library/Developer/Xcode/DerivedData/Web-fwpjudnzpysruxaxmvjywphkufup/Build/Intermediates.noindex/swift-transformers.build/Debug/Hub.build/Objects-normal/arm64/Hub_const_extract_protocols.json -Xcc -I/Users/mali/Library/Developer/Xcode/DerivedData/Web-fwpjudnzpysruxaxmvjywphkufup/Build/Products/Debug/include -Xcc -I/Users/mali/Library/Developer/Xcode/DerivedData/Web-fwpjudnzpysruxaxmvjywphkufup/Build/Intermediates.noindex/swift-transformers.build/Debug/Hub.build/DerivedSources-normal/arm64 -Xcc -I/Users/mali/Library/Developer/Xcode/DerivedData/Web-fwpjudnzpysruxaxmvjywphkufup/Build/Intermediates.noindex/swift-transformers.build/Debug/Hub.build/DerivedSources/arm64 -Xcc -I/Users/mali/Library/Developer/Xcode/DerivedData/Web-fwpjudnzpysruxaxmvjywphkufup/Build/Intermediates.noindex/swift-transformers.build/Debug/Hub.build/DerivedSources -Xcc -DSWIFT_PACKAGE -Xcc -DDEBUG\=1 -emit-objc-header -emit-objc-header-path /Users/mali/Library/Developer/Xcode/DerivedData/Web-fwpjudnzpysruxaxmvjywphkufup/Build/Intermediates.noindex/swift-transformers.build/Debug/Hub.build/Objects-normal/arm64/Hub-Swift.h -working-directory /Users/mali/dev/Web/Web.xcodeproj -experimental-emit-module-separately -disable-cmo

SwiftMergeGeneratedHeaders /Users/mali/Library/Developer/Xcode/DerivedData/Web-fwpjudnzpysruxaxmvjywphkufup/Build/Intermediates.noindex/GeneratedModuleMaps/Hub-Swift.h /Users/mali/Library/Developer/Xcode/DerivedData/Web-fwpjudnzpysruxaxmvjywphkufup/Build/Intermediates.noindex/swift-transformers.build/Debug/Hub.build/Objects-normal/arm64/Hub-Swift.h (in target 'Hub' from project 'swift-transformers')
    cd /Users/mali/Library/Developer/Xcode/DerivedData/Web-fwpjudnzpysruxaxmvjywphkufup/SourcePackages/checkouts/swift-transformers
    builtin-swiftHeaderTool -arch arm64 /Users/mali/Library/Developer/Xcode/DerivedData/Web-fwpjudnzpysruxaxmvjywphkufup/Build/Intermediates.noindex/swift-transformers.build/Debug/Hub.build/Objects-normal/arm64/Hub-Swift.h -o /Users/mali/Library/Developer/Xcode/DerivedData/Web-fwpjudnzpysruxaxmvjywphkufup/Build/Intermediates.noindex/GeneratedModuleMaps/Hub-Swift.h

Ld /Users/mali/Library/Developer/Xcode/DerivedData/Web-fwpjudnzpysruxaxmvjywphkufup/Build/Products/Debug/Hub.o normal (in target 'Hub' from project 'swift-transformers')
    cd /Users/mali/Library/Developer/Xcode/DerivedData/Web-fwpjudnzpysruxaxmvjywphkufup/SourcePackages/checkouts/swift-transformers
    /Applications/Xcode.app/Contents/Developer/Toolchains/XcodeDefault.xctoolchain/usr/bin/clang -Xlinker -reproducible -target arm64-apple-macos13.0 -r -isysroot /Applications/Xcode.app/Contents/Developer/Platforms/MacOSX.platform/Developer/SDKs/MacOSX26.1.sdk -O0 -w -L/Users/mali/Library/Developer/Xcode/DerivedData/Web-fwpjudnzpysruxaxmvjywphkufup/Build/Intermediates.noindex/EagerLinkingTBDs/Debug -L/Users/mali/Library/Developer/Xcode/DerivedData/Web-fwpjudnzpysruxaxmvjywphkufup/Build/Products/Debug -L/Applications/Xcode.app/Contents/Developer/Platforms/MacOSX.platform/Developer/usr/lib -F/Users/mali/Library/Developer/Xcode/DerivedData/Web-fwpjudnzpysruxaxmvjywphkufup/Build/Intermediates.noindex/EagerLinkingTBDs/Debug -F/Users/mali/Library/Developer/Xcode/DerivedData/Web-fwpjudnzpysruxaxmvjywphkufup/Build/Products/Debug -iframework /Applications/Xcode.app/Contents/Developer/Platforms/MacOSX.platform/Developer/Library/Frameworks -filelist /Users/mali/Library/Developer/Xcode/DerivedData/Web-fwpjudnzpysruxaxmvjywphkufup/Build/Intermediates.noindex/swift-transformers.build/Debug/Hub.build/Objects-normal/arm64/Hub.LinkFileList -nostdlib -Xlinker -object_path_lto -Xlinker /Users/mali/Library/Developer/Xcode/DerivedData/Web-fwpjudnzpysruxaxmvjywphkufup/Build/Intermediates.noindex/swift-transformers.build/Debug/Hub.build/Objects-normal/arm64/Hub_lto.o -rdynamic -Xlinker -no_deduplicate -Xlinker -debug_variant -Xlinker -dependency_info -Xlinker /Users/mali/Library/Developer/Xcode/DerivedData/Web-fwpjudnzpysruxaxmvjywphkufup/Build/Intermediates.noindex/swift-transformers.build/Debug/Hub.build/Objects-normal/arm64/Hub_dependency_info.dat -fobjc-link-runtime -L/Applications/Xcode.app/Contents/Developer/Toolchains/XcodeDefault.xctoolchain/usr/lib/swift/macosx -L/usr/lib/swift -Xlinker -add_ast_path -Xlinker /Users/mali/Library/Developer/Xcode/DerivedData/Web-fwpjudnzpysruxaxmvjywphkufup/Build/Intermediates.noindex/swift-transformers.build/Debug/Hub.build/Objects-normal/arm64/Hub.swiftmodule @/Users/mali/Library/Developer/Xcode/DerivedData/Web-fwpjudnzpysruxaxmvjywphkufup/Build/Intermediates.noindex/swift-transformers.build/Debug/Hub.build/Objects-normal/arm64/Hub-linker-args.resp -o /Users/mali/Library/Developer/Xcode/DerivedData/Web-fwpjudnzpysruxaxmvjywphkufup/Build/Products/Debug/Hub.o

Ld /Users/mali/Library/Developer/Xcode/DerivedData/Web-fwpjudnzpysruxaxmvjywphkufup/Build/Products/Debug/OrderedCollections.o normal (in target 'OrderedCollections' from project 'swift-collections')
    cd /Users/mali/Library/Developer/Xcode/DerivedData/Web-fwpjudnzpysruxaxmvjywphkufup/SourcePackages/checkouts/swift-collections
    /Applications/Xcode.app/Contents/Developer/Toolchains/XcodeDefault.xctoolchain/usr/bin/clang -Xlinker -reproducible -target arm64-apple-macos10.13 -r -isysroot /Applications/Xcode.app/Contents/Developer/Platforms/MacOSX.platform/Developer/SDKs/MacOSX26.1.sdk -O0 -w -L/Users/mali/Library/Developer/Xcode/DerivedData/Web-fwpjudnzpysruxaxmvjywphkufup/Build/Intermediates.noindex/EagerLinkingTBDs/Debug -L/Users/mali/Library/Developer/Xcode/DerivedData/Web-fwpjudnzpysruxaxmvjywphkufup/Build/Products/Debug -L/Applications/Xcode.app/Contents/Developer/Platforms/MacOSX.platform/Developer/usr/lib -F/Users/mali/Library/Developer/Xcode/DerivedData/Web-fwpjudnzpysruxaxmvjywphkufup/Build/Intermediates.noindex/EagerLinkingTBDs/Debug -F/Users/mali/Library/Developer/Xcode/DerivedData/Web-fwpjudnzpysruxaxmvjywphkufup/Build/Products/Debug/PackageFrameworks -F/Users/mali/Library/Developer/Xcode/DerivedData/Web-fwpjudnzpysruxaxmvjywphkufup/Build/Products/Debug -iframework /Applications/Xcode.app/Contents/Developer/Platforms/MacOSX.platform/Developer/Library/Frameworks -filelist /Users/mali/Library/Developer/Xcode/DerivedData/Web-fwpjudnzpysruxaxmvjywphkufup/Build/Intermediates.noindex/swift-collections.build/Debug/OrderedCollections.build/Objects-normal/arm64/OrderedCollections.LinkFileList -nostdlib -Xlinker -object_path_lto -Xlinker /Users/mali/Library/Developer/Xcode/DerivedData/Web-fwpjudnzpysruxaxmvjywphkufup/Build/Intermediates.noindex/swift-collections.build/Debug/OrderedCollections.build/Objects-normal/arm64/OrderedCollections_lto.o -rdynamic -Xlinker -no_deduplicate -Xlinker -debug_variant -Xlinker -dependency_info -Xlinker /Users/mali/Library/Developer/Xcode/DerivedData/Web-fwpjudnzpysruxaxmvjywphkufup/Build/Intermediates.noindex/swift-collections.build/Debug/OrderedCollections.build/Objects-normal/arm64/OrderedCollections_dependency_info.dat -fobjc-link-runtime -L/Applications/Xcode.app/Contents/Developer/Toolchains/XcodeDefault.xctoolchain/usr/lib/swift/macosx -L/usr/lib/swift -Xlinker -add_ast_path -Xlinker /Users/mali/Library/Developer/Xcode/DerivedData/Web-fwpjudnzpysruxaxmvjywphkufup/Build/Intermediates.noindex/swift-collections.build/Debug/OrderedCollections.build/Objects-normal/arm64/OrderedCollections.swiftmodule @/Users/mali/Library/Developer/Xcode/DerivedData/Web-fwpjudnzpysruxaxmvjywphkufup/Build/Intermediates.noindex/swift-collections.build/Debug/OrderedCollections.build/Objects-normal/arm64/OrderedCollections-linker-args.resp -o /Users/mali/Library/Developer/Xcode/DerivedData/Web-fwpjudnzpysruxaxmvjywphkufup/Build/Products/Debug/OrderedCollections.o

ExtractAppIntentsMetadata (in target 'Hub' from project 'swift-transformers')
    cd /Users/mali/Library/Developer/Xcode/DerivedData/Web-fwpjudnzpysruxaxmvjywphkufup/SourcePackages/checkouts/swift-transformers
    /Applications/Xcode.app/Contents/Developer/Toolchains/XcodeDefault.xctoolchain/usr/bin/appintentsmetadataprocessor --toolchain-dir /var/run/com.apple.security.cryptexd/mnt/com.apple.MobileAsset.MetalToolchain-v17.2.54.0.910oNh/Metal.xctoolchain --module-name Hub --sdk-root /Applications/Xcode.app/Contents/Developer/Platforms/MacOSX.platform/Developer/SDKs/MacOSX26.1.sdk --xcode-version 17B100 --platform-family macOS --deployment-target 13.0 --bundle-identifier swift-transformers.Hub --output /Users/mali/Library/Developer/Xcode/DerivedData/Web-fwpjudnzpysruxaxmvjywphkufup/Build/Products/Debug/Hub.appintents --target-triple arm64-apple-macos13.0 --binary-file /Users/mali/Library/Developer/Xcode/DerivedData/Web-fwpjudnzpysruxaxmvjywphkufup/Build/Products/Debug/Hub.o --dependency-file /Users/mali/Library/Developer/Xcode/DerivedData/Web-fwpjudnzpysruxaxmvjywphkufup/Build/Intermediates.noindex/swift-transformers.build/Debug/Hub.build/Objects-normal/arm64/Hub_dependency_info.dat --stringsdata-file /Users/mali/Library/Developer/Xcode/DerivedData/Web-fwpjudnzpysruxaxmvjywphkufup/Build/Intermediates.noindex/swift-transformers.build/Debug/Hub.build/Objects-normal/arm64/ExtractedAppShortcutsMetadata.stringsdata --source-file-list /Users/mali/Library/Developer/Xcode/DerivedData/Web-fwpjudnzpysruxaxmvjywphkufup/Build/Intermediates.noindex/swift-transformers.build/Debug/Hub.build/Objects-normal/arm64/Hub.SwiftFileList --metadata-file-list /Users/mali/Library/Developer/Xcode/DerivedData/Web-fwpjudnzpysruxaxmvjywphkufup/Build/Intermediates.noindex/swift-transformers.build/Debug/Hub.build/Hub.DependencyMetadataFileList --static-metadata-file-list /Users/mali/Library/Developer/Xcode/DerivedData/Web-fwpjudnzpysruxaxmvjywphkufup/Build/Intermediates.noindex/swift-transformers.build/Debug/Hub.build/Hub.DependencyStaticMetadataFileList --swift-const-vals-list /Users/mali/Library/Developer/Xcode/DerivedData/Web-fwpjudnzpysruxaxmvjywphkufup/Build/Intermediates.noindex/swift-transformers.build/Debug/Hub.build/Objects-normal/arm64/Hub.SwiftConstValuesFileList --force --compile-time-extraction --deployment-aware-processing --validate-assistant-intents --no-app-shortcuts-localization
2026-02-01 04:53:28.095 appintentsmetadataprocessor[19902:1339466] Starting appintentsmetadataprocessor export
2026-02-01 04:53:28.353 appintentsmetadataprocessor[19902:1339466] Extracted no relevant App Intents symbols, skipping writing output

SwiftDriver\ Compilation\ Requirements TensorUtils normal arm64 com.apple.xcode.tools.swift.compiler (in target 'TensorUtils' from project 'swift-transformers')
    cd /Users/mali/dev/Web/Web.xcodeproj
    builtin-Swift-Compilation-Requirements -- /Applications/Xcode.app/Contents/Developer/Toolchains/XcodeDefault.xctoolchain/usr/bin/swiftc -module-name TensorUtils -Onone -enforce-exclusivity\=checked @/Users/mali/Library/Developer/Xcode/DerivedData/Web-fwpjudnzpysruxaxmvjywphkufup/Build/Intermediates.noindex/swift-transformers.build/Debug/TensorUtils.build/Objects-normal/arm64/TensorUtils.SwiftFileList -DSWIFT_PACKAGE -DDEBUG -DSWIFT_MODULE_RESOURCE_BUNDLE_UNAVAILABLE -DXcode -plugin-path /Applications/Xcode.app/Contents/Developer/Toolchains/XcodeDefault.xctoolchain/usr/lib/swift/host/plugins/testing -enable-experimental-feature DebugDescriptionMacro -sdk /Applications/Xcode.app/Contents/Developer/Platforms/MacOSX.platform/Developer/SDKs/MacOSX26.1.sdk -target arm64-apple-macos13.0 -g -module-cache-path /Users/mali/Library/Developer/Xcode/DerivedData/ModuleCache.noindex -Xfrontend -serialize-debugging-options -profile-coverage-mapping -profile-generate -enable-testing -suppress-warnings -index-store-path /Users/mali/Library/Developer/Xcode/DerivedData/Web-fwpjudnzpysruxaxmvjywphkufup/Index.noindex/DataStore -Xcc -D_LIBCPP_HARDENING_MODE\=_LIBCPP_HARDENING_MODE_DEBUG -swift-version 5 -I /Users/mali/Library/Developer/Xcode/DerivedData/Web-fwpjudnzpysruxaxmvjywphkufup/Build/Products/Debug -Isystem /Applications/Xcode.app/Contents/Developer/Platforms/MacOSX.platform/Developer/usr/lib -F /Users/mali/Library/Developer/Xcode/DerivedData/Web-fwpjudnzpysruxaxmvjywphkufup/Build/Products/Debug -F /Applications/Xcode.app/Contents/Developer/Platforms/MacOSX.platform/Developer/Library/Frameworks -c -j8 -enable-batch-mode -incremental -Xcc -ivfsstatcache -Xcc /Users/mali/Library/Developer/Xcode/DerivedData/SDKStatCaches.noindex/macosx26.1-25B74-3885c01c3e6b6a337905948deab2002e3ae1261907bdadc328169391a47051a6.sdkstatcache -output-file-map /Users/mali/Library/Developer/Xcode/DerivedData/Web-fwpjudnzpysruxaxmvjywphkufup/Build/Intermediates.noindex/swift-transformers.build/Debug/TensorUtils.build/Objects-normal/arm64/TensorUtils-OutputFileMap.json -use-frontend-parseable-output -save-temps -no-color-diagnostics -explicit-module-build -module-cache-path /Users/mali/Library/Developer/Xcode/DerivedData/Web-fwpjudnzpysruxaxmvjywphkufup/Build/Intermediates.noindex/SwiftExplicitPrecompiledModules -clang-scanner-module-cache-path /Users/mali/Library/Developer/Xcode/DerivedData/ModuleCache.noindex -sdk-module-cache-path /Users/mali/Library/Developer/Xcode/DerivedData/ModuleCache.noindex -serialize-diagnostics -emit-dependencies -emit-module -emit-module-path /Users/mali/Library/Developer/Xcode/DerivedData/Web-fwpjudnzpysruxaxmvjywphkufup/Build/Intermediates.noindex/swift-transformers.build/Debug/TensorUtils.build/Objects-normal/arm64/TensorUtils.swiftmodule -validate-clang-modules-once -clang-build-session-file /Users/mali/Library/Developer/Xcode/DerivedData/ModuleCache.noindex/Session.modulevalidation -Xcc -I/Users/mali/Library/Developer/Xcode/DerivedData/Web-fwpjudnzpysruxaxmvjywphkufup/Build/Intermediates.noindex/swift-transformers.build/Debug/TensorUtils.build/swift-overrides.hmap -emit-const-values -Xfrontend -const-gather-protocols-file -Xfrontend /Users/mali/Library/Developer/Xcode/DerivedData/Web-fwpjudnzpysruxaxmvjywphkufup/Build/Intermediates.noindex/swift-transformers.build/Debug/TensorUtils.build/Objects-normal/arm64/TensorUtils_const_extract_protocols.json -Xcc -I/Users/mali/Library/Developer/Xcode/DerivedData/Web-fwpjudnzpysruxaxmvjywphkufup/Build/Products/Debug/include -Xcc -I/Users/mali/Library/Developer/Xcode/DerivedData/Web-fwpjudnzpysruxaxmvjywphkufup/Build/Intermediates.noindex/swift-transformers.build/Debug/TensorUtils.build/DerivedSources-normal/arm64 -Xcc -I/Users/mali/Library/Developer/Xcode/DerivedData/Web-fwpjudnzpysruxaxmvjywphkufup/Build/Intermediates.noindex/swift-transformers.build/Debug/TensorUtils.build/DerivedSources/arm64 -Xcc -I/Users/mali/Library/Developer/Xcode/DerivedData/Web-fwpjudnzpysruxaxmvjywphkufup/Build/Intermediates.noindex/swift-transformers.build/Debug/TensorUtils.build/DerivedSources -Xcc -DSWIFT_PACKAGE -Xcc -DDEBUG\=1 -emit-objc-header -emit-objc-header-path /Users/mali/Library/Developer/Xcode/DerivedData/Web-fwpjudnzpysruxaxmvjywphkufup/Build/Intermediates.noindex/swift-transformers.build/Debug/TensorUtils.build/Objects-normal/arm64/TensorUtils-Swift.h -working-directory /Users/mali/dev/Web/Web.xcodeproj -experimental-emit-module-separately -disable-cmo

SwiftDriver\ Compilation TensorUtils normal arm64 com.apple.xcode.tools.swift.compiler (in target 'TensorUtils' from project 'swift-transformers')
    cd /Users/mali/dev/Web/Web.xcodeproj
    builtin-Swift-Compilation -- /Applications/Xcode.app/Contents/Developer/Toolchains/XcodeDefault.xctoolchain/usr/bin/swiftc -module-name TensorUtils -Onone -enforce-exclusivity\=checked @/Users/mali/Library/Developer/Xcode/DerivedData/Web-fwpjudnzpysruxaxmvjywphkufup/Build/Intermediates.noindex/swift-transformers.build/Debug/TensorUtils.build/Objects-normal/arm64/TensorUtils.SwiftFileList -DSWIFT_PACKAGE -DDEBUG -DSWIFT_MODULE_RESOURCE_BUNDLE_UNAVAILABLE -DXcode -plugin-path /Applications/Xcode.app/Contents/Developer/Toolchains/XcodeDefault.xctoolchain/usr/lib/swift/host/plugins/testing -enable-experimental-feature DebugDescriptionMacro -sdk /Applications/Xcode.app/Contents/Developer/Platforms/MacOSX.platform/Developer/SDKs/MacOSX26.1.sdk -target arm64-apple-macos13.0 -g -module-cache-path /Users/mali/Library/Developer/Xcode/DerivedData/ModuleCache.noindex -Xfrontend -serialize-debugging-options -profile-coverage-mapping -profile-generate -enable-testing -suppress-warnings -index-store-path /Users/mali/Library/Developer/Xcode/DerivedData/Web-fwpjudnzpysruxaxmvjywphkufup/Index.noindex/DataStore -Xcc -D_LIBCPP_HARDENING_MODE\=_LIBCPP_HARDENING_MODE_DEBUG -swift-version 5 -I /Users/mali/Library/Developer/Xcode/DerivedData/Web-fwpjudnzpysruxaxmvjywphkufup/Build/Products/Debug -Isystem /Applications/Xcode.app/Contents/Developer/Platforms/MacOSX.platform/Developer/usr/lib -F /Users/mali/Library/Developer/Xcode/DerivedData/Web-fwpjudnzpysruxaxmvjywphkufup/Build/Products/Debug -F /Applications/Xcode.app/Contents/Developer/Platforms/MacOSX.platform/Developer/Library/Frameworks -c -j8 -enable-batch-mode -incremental -Xcc -ivfsstatcache -Xcc /Users/mali/Library/Developer/Xcode/DerivedData/SDKStatCaches.noindex/macosx26.1-25B74-3885c01c3e6b6a337905948deab2002e3ae1261907bdadc328169391a47051a6.sdkstatcache -output-file-map /Users/mali/Library/Developer/Xcode/DerivedData/Web-fwpjudnzpysruxaxmvjywphkufup/Build/Intermediates.noindex/swift-transformers.build/Debug/TensorUtils.build/Objects-normal/arm64/TensorUtils-OutputFileMap.json -use-frontend-parseable-output -save-temps -no-color-diagnostics -explicit-module-build -module-cache-path /Users/mali/Library/Developer/Xcode/DerivedData/Web-fwpjudnzpysruxaxmvjywphkufup/Build/Intermediates.noindex/SwiftExplicitPrecompiledModules -clang-scanner-module-cache-path /Users/mali/Library/Developer/Xcode/DerivedData/ModuleCache.noindex -sdk-module-cache-path /Users/mali/Library/Developer/Xcode/DerivedData/ModuleCache.noindex -serialize-diagnostics -emit-dependencies -emit-module -emit-module-path /Users/mali/Library/Developer/Xcode/DerivedData/Web-fwpjudnzpysruxaxmvjywphkufup/Build/Intermediates.noindex/swift-transformers.build/Debug/TensorUtils.build/Objects-normal/arm64/TensorUtils.swiftmodule -validate-clang-modules-once -clang-build-session-file /Users/mali/Library/Developer/Xcode/DerivedData/ModuleCache.noindex/Session.modulevalidation -Xcc -I/Users/mali/Library/Developer/Xcode/DerivedData/Web-fwpjudnzpysruxaxmvjywphkufup/Build/Intermediates.noindex/swift-transformers.build/Debug/TensorUtils.build/swift-overrides.hmap -emit-const-values -Xfrontend -const-gather-protocols-file -Xfrontend /Users/mali/Library/Developer/Xcode/DerivedData/Web-fwpjudnzpysruxaxmvjywphkufup/Build/Intermediates.noindex/swift-transformers.build/Debug/TensorUtils.build/Objects-normal/arm64/TensorUtils_const_extract_protocols.json -Xcc -I/Users/mali/Library/Developer/Xcode/DerivedData/Web-fwpjudnzpysruxaxmvjywphkufup/Build/Products/Debug/include -Xcc -I/Users/mali/Library/Developer/Xcode/DerivedData/Web-fwpjudnzpysruxaxmvjywphkufup/Build/Intermediates.noindex/swift-transformers.build/Debug/TensorUtils.build/DerivedSources-normal/arm64 -Xcc -I/Users/mali/Library/Developer/Xcode/DerivedData/Web-fwpjudnzpysruxaxmvjywphkufup/Build/Intermediates.noindex/swift-transformers.build/Debug/TensorUtils.build/DerivedSources/arm64 -Xcc -I/Users/mali/Library/Developer/Xcode/DerivedData/Web-fwpjudnzpysruxaxmvjywphkufup/Build/Intermediates.noindex/swift-transformers.build/Debug/TensorUtils.build/DerivedSources -Xcc -DSWIFT_PACKAGE -Xcc -DDEBUG\=1 -emit-objc-header -emit-objc-header-path /Users/mali/Library/Developer/Xcode/DerivedData/Web-fwpjudnzpysruxaxmvjywphkufup/Build/Intermediates.noindex/swift-transformers.build/Debug/TensorUtils.build/Objects-normal/arm64/TensorUtils-Swift.h -working-directory /Users/mali/dev/Web/Web.xcodeproj -experimental-emit-module-separately -disable-cmo

SwiftMergeGeneratedHeaders /Users/mali/Library/Developer/Xcode/DerivedData/Web-fwpjudnzpysruxaxmvjywphkufup/Build/Intermediates.noindex/GeneratedModuleMaps/TensorUtils-Swift.h /Users/mali/Library/Developer/Xcode/DerivedData/Web-fwpjudnzpysruxaxmvjywphkufup/Build/Intermediates.noindex/swift-transformers.build/Debug/TensorUtils.build/Objects-normal/arm64/TensorUtils-Swift.h (in target 'TensorUtils' from project 'swift-transformers')
    cd /Users/mali/Library/Developer/Xcode/DerivedData/Web-fwpjudnzpysruxaxmvjywphkufup/SourcePackages/checkouts/swift-transformers
    builtin-swiftHeaderTool -arch arm64 /Users/mali/Library/Developer/Xcode/DerivedData/Web-fwpjudnzpysruxaxmvjywphkufup/Build/Intermediates.noindex/swift-transformers.build/Debug/TensorUtils.build/Objects-normal/arm64/TensorUtils-Swift.h -o /Users/mali/Library/Developer/Xcode/DerivedData/Web-fwpjudnzpysruxaxmvjywphkufup/Build/Intermediates.noindex/GeneratedModuleMaps/TensorUtils-Swift.h

Ld /Users/mali/Library/Developer/Xcode/DerivedData/Web-fwpjudnzpysruxaxmvjywphkufup/Build/Products/Debug/TensorUtils.o normal (in target 'TensorUtils' from project 'swift-transformers')
    cd /Users/mali/Library/Developer/Xcode/DerivedData/Web-fwpjudnzpysruxaxmvjywphkufup/SourcePackages/checkouts/swift-transformers
    /Applications/Xcode.app/Contents/Developer/Toolchains/XcodeDefault.xctoolchain/usr/bin/clang -Xlinker -reproducible -target arm64-apple-macos13.0 -r -isysroot /Applications/Xcode.app/Contents/Developer/Platforms/MacOSX.platform/Developer/SDKs/MacOSX26.1.sdk -O0 -w -L/Users/mali/Library/Developer/Xcode/DerivedData/Web-fwpjudnzpysruxaxmvjywphkufup/Build/Intermediates.noindex/EagerLinkingTBDs/Debug -L/Users/mali/Library/Developer/Xcode/DerivedData/Web-fwpjudnzpysruxaxmvjywphkufup/Build/Products/Debug -L/Applications/Xcode.app/Contents/Developer/Platforms/MacOSX.platform/Developer/usr/lib -F/Users/mali/Library/Developer/Xcode/DerivedData/Web-fwpjudnzpysruxaxmvjywphkufup/Build/Intermediates.noindex/EagerLinkingTBDs/Debug -F/Users/mali/Library/Developer/Xcode/DerivedData/Web-fwpjudnzpysruxaxmvjywphkufup/Build/Products/Debug -iframework /Applications/Xcode.app/Contents/Developer/Platforms/MacOSX.platform/Developer/Library/Frameworks -filelist /Users/mali/Library/Developer/Xcode/DerivedData/Web-fwpjudnzpysruxaxmvjywphkufup/Build/Intermediates.noindex/swift-transformers.build/Debug/TensorUtils.build/Objects-normal/arm64/TensorUtils.LinkFileList -nostdlib -Xlinker -object_path_lto -Xlinker /Users/mali/Library/Developer/Xcode/DerivedData/Web-fwpjudnzpysruxaxmvjywphkufup/Build/Intermediates.noindex/swift-transformers.build/Debug/TensorUtils.build/Objects-normal/arm64/TensorUtils_lto.o -rdynamic -Xlinker -no_deduplicate -Xlinker -debug_variant -Xlinker -dependency_info -Xlinker /Users/mali/Library/Developer/Xcode/DerivedData/Web-fwpjudnzpysruxaxmvjywphkufup/Build/Intermediates.noindex/swift-transformers.build/Debug/TensorUtils.build/Objects-normal/arm64/TensorUtils_dependency_info.dat -fobjc-link-runtime -L/Applications/Xcode.app/Contents/Developer/Toolchains/XcodeDefault.xctoolchain/usr/lib/swift/macosx -L/usr/lib/swift -Xlinker -add_ast_path -Xlinker /Users/mali/Library/Developer/Xcode/DerivedData/Web-fwpjudnzpysruxaxmvjywphkufup/Build/Intermediates.noindex/swift-transformers.build/Debug/TensorUtils.build/Objects-normal/arm64/TensorUtils.swiftmodule @/Users/mali/Library/Developer/Xcode/DerivedData/Web-fwpjudnzpysruxaxmvjywphkufup/Build/Intermediates.noindex/swift-transformers.build/Debug/TensorUtils.build/Objects-normal/arm64/TensorUtils-linker-args.resp -o /Users/mali/Library/Developer/Xcode/DerivedData/Web-fwpjudnzpysruxaxmvjywphkufup/Build/Products/Debug/TensorUtils.o

ExtractAppIntentsMetadata (in target 'OrderedCollections' from project 'swift-collections')
    cd /Users/mali/Library/Developer/Xcode/DerivedData/Web-fwpjudnzpysruxaxmvjywphkufup/SourcePackages/checkouts/swift-collections
    /Applications/Xcode.app/Contents/Developer/Toolchains/XcodeDefault.xctoolchain/usr/bin/appintentsmetadataprocessor --toolchain-dir /var/run/com.apple.security.cryptexd/mnt/com.apple.MobileAsset.MetalToolchain-v17.2.54.0.910oNh/Metal.xctoolchain --module-name OrderedCollections --sdk-root /Applications/Xcode.app/Contents/Developer/Platforms/MacOSX.platform/Developer/SDKs/MacOSX26.1.sdk --xcode-version 17B100 --platform-family macOS --deployment-target 10.13 --bundle-identifier swift-collections.OrderedCollections --output /Users/mali/Library/Developer/Xcode/DerivedData/Web-fwpjudnzpysruxaxmvjywphkufup/Build/Products/Debug/OrderedCollections.appintents --target-triple arm64-apple-macos10.13 --binary-file /Users/mali/Library/Developer/Xcode/DerivedData/Web-fwpjudnzpysruxaxmvjywphkufup/Build/Products/Debug/OrderedCollections.o --dependency-file /Users/mali/Library/Developer/Xcode/DerivedData/Web-fwpjudnzpysruxaxmvjywphkufup/Build/Intermediates.noindex/swift-collections.build/Debug/OrderedCollections.build/Objects-normal/arm64/OrderedCollections_dependency_info.dat --stringsdata-file /Users/mali/Library/Developer/Xcode/DerivedData/Web-fwpjudnzpysruxaxmvjywphkufup/Build/Intermediates.noindex/swift-collections.build/Debug/OrderedCollections.build/Objects-normal/arm64/ExtractedAppShortcutsMetadata.stringsdata --source-file-list /Users/mali/Library/Developer/Xcode/DerivedData/Web-fwpjudnzpysruxaxmvjywphkufup/Build/Intermediates.noindex/swift-collections.build/Debug/OrderedCollections.build/Objects-normal/arm64/OrderedCollections.SwiftFileList --metadata-file-list /Users/mali/Library/Developer/Xcode/DerivedData/Web-fwpjudnzpysruxaxmvjywphkufup/Build/Intermediates.noindex/swift-collections.build/Debug/OrderedCollections.build/OrderedCollections.DependencyMetadataFileList --static-metadata-file-list /Users/mali/Library/Developer/Xcode/DerivedData/Web-fwpjudnzpysruxaxmvjywphkufup/Build/Intermediates.noindex/swift-collections.build/Debug/OrderedCollections.build/OrderedCollections.DependencyStaticMetadataFileList --swift-const-vals-list /Users/mali/Library/Developer/Xcode/DerivedData/Web-fwpjudnzpysruxaxmvjywphkufup/Build/Intermediates.noindex/swift-collections.build/Debug/OrderedCollections.build/Objects-normal/arm64/OrderedCollections.SwiftConstValuesFileList --force --compile-time-extraction --deployment-aware-processing --validate-assistant-intents --no-app-shortcuts-localization
2026-02-01 04:53:28.127 appintentsmetadataprocessor[19904:1339475] Starting appintentsmetadataprocessor export
2026-02-01 04:53:28.409 appintentsmetadataprocessor[19904:1339475] Extracted no relevant App Intents symbols, skipping writing output

ExtractAppIntentsMetadata (in target 'TensorUtils' from project 'swift-transformers')
    cd /Users/mali/Library/Developer/Xcode/DerivedData/Web-fwpjudnzpysruxaxmvjywphkufup/SourcePackages/checkouts/swift-transformers
    /Applications/Xcode.app/Contents/Developer/Toolchains/XcodeDefault.xctoolchain/usr/bin/appintentsmetadataprocessor --toolchain-dir /var/run/com.apple.security.cryptexd/mnt/com.apple.MobileAsset.MetalToolchain-v17.2.54.0.910oNh/Metal.xctoolchain --module-name TensorUtils --sdk-root /Applications/Xcode.app/Contents/Developer/Platforms/MacOSX.platform/Developer/SDKs/MacOSX26.1.sdk --xcode-version 17B100 --platform-family macOS --deployment-target 13.0 --bundle-identifier swift-transformers.TensorUtils --output /Users/mali/Library/Developer/Xcode/DerivedData/Web-fwpjudnzpysruxaxmvjywphkufup/Build/Products/Debug/TensorUtils.appintents --target-triple arm64-apple-macos13.0 --binary-file /Users/mali/Library/Developer/Xcode/DerivedData/Web-fwpjudnzpysruxaxmvjywphkufup/Build/Products/Debug/TensorUtils.o --dependency-file /Users/mali/Library/Developer/Xcode/DerivedData/Web-fwpjudnzpysruxaxmvjywphkufup/Build/Intermediates.noindex/swift-transformers.build/Debug/TensorUtils.build/Objects-normal/arm64/TensorUtils_dependency_info.dat --stringsdata-file /Users/mali/Library/Developer/Xcode/DerivedData/Web-fwpjudnzpysruxaxmvjywphkufup/Build/Intermediates.noindex/swift-transformers.build/Debug/TensorUtils.build/Objects-normal/arm64/ExtractedAppShortcutsMetadata.stringsdata --source-file-list /Users/mali/Library/Developer/Xcode/DerivedData/Web-fwpjudnzpysruxaxmvjywphkufup/Build/Intermediates.noindex/swift-transformers.build/Debug/TensorUtils.build/Objects-normal/arm64/TensorUtils.SwiftFileList --metadata-file-list /Users/mali/Library/Developer/Xcode/DerivedData/Web-fwpjudnzpysruxaxmvjywphkufup/Build/Intermediates.noindex/swift-transformers.build/Debug/TensorUtils.build/TensorUtils.DependencyMetadataFileList --static-metadata-file-list /Users/mali/Library/Developer/Xcode/DerivedData/Web-fwpjudnzpysruxaxmvjywphkufup/Build/Intermediates.noindex/swift-transformers.build/Debug/TensorUtils.build/TensorUtils.DependencyStaticMetadataFileList --swift-const-vals-list /Users/mali/Library/Developer/Xcode/DerivedData/Web-fwpjudnzpysruxaxmvjywphkufup/Build/Intermediates.noindex/swift-transformers.build/Debug/TensorUtils.build/Objects-normal/arm64/TensorUtils.SwiftConstValuesFileList --force --compile-time-extraction --deployment-aware-processing --validate-assistant-intents --no-app-shortcuts-localization
2026-02-01 04:53:28.210 appintentsmetadataprocessor[19906:1339490] Starting appintentsmetadataprocessor export
2026-02-01 04:53:28.417 appintentsmetadataprocessor[19906:1339490] Extracted no relevant App Intents symbols, skipping writing output

SwiftDriver\ Compilation\ Requirements MLX normal arm64 com.apple.xcode.tools.swift.compiler (in target 'MLX' from project 'mlx-swift')
    cd /Users/mali/dev/Web/Web.xcodeproj
    builtin-Swift-Compilation-Requirements -- /Applications/Xcode.app/Contents/Developer/Toolchains/XcodeDefault.xctoolchain/usr/bin/swiftc -module-name MLX -Onone -enforce-exclusivity\=checked @/Users/mali/Library/Developer/Xcode/DerivedData/Web-fwpjudnzpysruxaxmvjywphkufup/Build/Intermediates.noindex/mlx-swift.build/Debug/MLX.build/Objects-normal/arm64/MLX.SwiftFileList -DSWIFT_PACKAGE -DDEBUG -DSWIFT_MODULE_RESOURCE_BUNDLE_UNAVAILABLE -DXcode -enable-experimental-feature StrictConcurrency -plugin-path /Applications/Xcode.app/Contents/Developer/Toolchains/XcodeDefault.xctoolchain/usr/lib/swift/host/plugins/testing -enable-experimental-feature DebugDescriptionMacro -sdk /Applications/Xcode.app/Contents/Developer/Platforms/MacOSX.platform/Developer/SDKs/MacOSX26.1.sdk -target arm64-apple-macos13.3 -g -module-cache-path /Users/mali/Library/Developer/Xcode/DerivedData/ModuleCache.noindex -Xfrontend -serialize-debugging-options -profile-coverage-mapping -profile-generate -enable-testing -suppress-warnings -index-store-path /Users/mali/Library/Developer/Xcode/DerivedData/Web-fwpjudnzpysruxaxmvjywphkufup/Index.noindex/DataStore -Xcc -D_LIBCPP_HARDENING_MODE\=_LIBCPP_HARDENING_MODE_DEBUG -swift-version 5 -I /Users/mali/Library/Developer/Xcode/DerivedData/Web-fwpjudnzpysruxaxmvjywphkufup/Build/Products/Debug -Isystem /Applications/Xcode.app/Contents/Developer/Platforms/MacOSX.platform/Developer/usr/lib -F /Users/mali/Library/Developer/Xcode/DerivedData/Web-fwpjudnzpysruxaxmvjywphkufup/Build/Products/Debug/PackageFrameworks -F /Users/mali/Library/Developer/Xcode/DerivedData/Web-fwpjudnzpysruxaxmvjywphkufup/Build/Products/Debug/PackageFrameworks -F /Users/mali/Library/Developer/Xcode/DerivedData/Web-fwpjudnzpysruxaxmvjywphkufup/Build/Products/Debug/PackageFrameworks -F /Users/mali/Library/Developer/Xcode/DerivedData/Web-fwpjudnzpysruxaxmvjywphkufup/Build/Products/Debug/PackageFrameworks -F /Users/mali/Library/Developer/Xcode/DerivedData/Web-fwpjudnzpysruxaxmvjywphkufup/Build/Products/Debug/PackageFrameworks -F /Users/mali/Library/Developer/Xcode/DerivedData/Web-fwpjudnzpysruxaxmvjywphkufup/Build/Products/Debug -F /Applications/Xcode.app/Contents/Developer/Platforms/MacOSX.platform/Developer/Library/Frameworks -c -j8 -enable-batch-mode -incremental -Xcc -ivfsstatcache -Xcc /Users/mali/Library/Developer/Xcode/DerivedData/SDKStatCaches.noindex/macosx26.1-25B74-3885c01c3e6b6a337905948deab2002e3ae1261907bdadc328169391a47051a6.sdkstatcache -output-file-map /Users/mali/Library/Developer/Xcode/DerivedData/Web-fwpjudnzpysruxaxmvjywphkufup/Build/Intermediates.noindex/mlx-swift.build/Debug/MLX.build/Objects-normal/arm64/MLX-OutputFileMap.json -use-frontend-parseable-output -save-temps -no-color-diagnostics -explicit-module-build -module-cache-path /Users/mali/Library/Developer/Xcode/DerivedData/Web-fwpjudnzpysruxaxmvjywphkufup/Build/Intermediates.noindex/SwiftExplicitPrecompiledModules -clang-scanner-module-cache-path /Users/mali/Library/Developer/Xcode/DerivedData/ModuleCache.noindex -sdk-module-cache-path /Users/mali/Library/Developer/Xcode/DerivedData/ModuleCache.noindex -serialize-diagnostics -emit-dependencies -emit-module -emit-module-path /Users/mali/Library/Developer/Xcode/DerivedData/Web-fwpjudnzpysruxaxmvjywphkufup/Build/Intermediates.noindex/mlx-swift.build/Debug/MLX.build/Objects-normal/arm64/MLX.swiftmodule -validate-clang-modules-once -clang-build-session-file /Users/mali/Library/Developer/Xcode/DerivedData/ModuleCache.noindex/Session.modulevalidation -package-name mlx_swift -Xcc -I/Users/mali/Library/Developer/Xcode/DerivedData/Web-fwpjudnzpysruxaxmvjywphkufup/Build/Intermediates.noindex/mlx-swift.build/Debug/MLX.build/swift-overrides.hmap -emit-const-values -Xfrontend -const-gather-protocols-file -Xfrontend /Users/mali/Library/Developer/Xcode/DerivedData/Web-fwpjudnzpysruxaxmvjywphkufup/Build/Intermediates.noindex/mlx-swift.build/Debug/MLX.build/Objects-normal/arm64/MLX_const_extract_protocols.json -Xcc -I/Users/mali/Library/Developer/Xcode/DerivedData/Web-fwpjudnzpysruxaxmvjywphkufup/SourcePackages/checkouts/swift-numerics/Sources/_NumericsShims/include -Xcc -I/Users/mali/Library/Developer/Xcode/DerivedData/Web-fwpjudnzpysruxaxmvjywphkufup/SourcePackages/checkouts/mlx-swift/Source/Cmlx/include -Xcc -I/Users/mali/Library/Developer/Xcode/DerivedData/Web-fwpjudnzpysruxaxmvjywphkufup/Build/Products/Debug/include -Xcc -I/Users/mali/Library/Developer/Xcode/DerivedData/Web-fwpjudnzpysruxaxmvjywphkufup/Build/Intermediates.noindex/mlx-swift.build/Debug/MLX.build/DerivedSources-normal/arm64 -Xcc -I/Users/mali/Library/Developer/Xcode/DerivedData/Web-fwpjudnzpysruxaxmvjywphkufup/Build/Intermediates.noindex/mlx-swift.build/Debug/MLX.build/DerivedSources/arm64 -Xcc -I/Users/mali/Library/Developer/Xcode/DerivedData/Web-fwpjudnzpysruxaxmvjywphkufup/Build/Intermediates.noindex/mlx-swift.build/Debug/MLX.build/DerivedSources -Xcc -DSWIFT_PACKAGE -Xcc -DDEBUG\=1 -emit-objc-header -emit-objc-header-path /Users/mali/Library/Developer/Xcode/DerivedData/Web-fwpjudnzpysruxaxmvjywphkufup/Build/Intermediates.noindex/mlx-swift.build/Debug/MLX.build/Objects-normal/arm64/MLX-Swift.h -working-directory /Users/mali/dev/Web/Web.xcodeproj -experimental-emit-module-separately -disable-cmo

SwiftDriver\ Compilation MLX normal arm64 com.apple.xcode.tools.swift.compiler (in target 'MLX' from project 'mlx-swift')
    cd /Users/mali/dev/Web/Web.xcodeproj
    builtin-Swift-Compilation -- /Applications/Xcode.app/Contents/Developer/Toolchains/XcodeDefault.xctoolchain/usr/bin/swiftc -module-name MLX -Onone -enforce-exclusivity\=checked @/Users/mali/Library/Developer/Xcode/DerivedData/Web-fwpjudnzpysruxaxmvjywphkufup/Build/Intermediates.noindex/mlx-swift.build/Debug/MLX.build/Objects-normal/arm64/MLX.SwiftFileList -DSWIFT_PACKAGE -DDEBUG -DSWIFT_MODULE_RESOURCE_BUNDLE_UNAVAILABLE -DXcode -enable-experimental-feature StrictConcurrency -plugin-path /Applications/Xcode.app/Contents/Developer/Toolchains/XcodeDefault.xctoolchain/usr/lib/swift/host/plugins/testing -enable-experimental-feature DebugDescriptionMacro -sdk /Applications/Xcode.app/Contents/Developer/Platforms/MacOSX.platform/Developer/SDKs/MacOSX26.1.sdk -target arm64-apple-macos13.3 -g -module-cache-path /Users/mali/Library/Developer/Xcode/DerivedData/ModuleCache.noindex -Xfrontend -serialize-debugging-options -profile-coverage-mapping -profile-generate -enable-testing -suppress-warnings -index-store-path /Users/mali/Library/Developer/Xcode/DerivedData/Web-fwpjudnzpysruxaxmvjywphkufup/Index.noindex/DataStore -Xcc -D_LIBCPP_HARDENING_MODE\=_LIBCPP_HARDENING_MODE_DEBUG -swift-version 5 -I /Users/mali/Library/Developer/Xcode/DerivedData/Web-fwpjudnzpysruxaxmvjywphkufup/Build/Products/Debug -Isystem /Applications/Xcode.app/Contents/Developer/Platforms/MacOSX.platform/Developer/usr/lib -F /Users/mali/Library/Developer/Xcode/DerivedData/Web-fwpjudnzpysruxaxmvjywphkufup/Build/Products/Debug/PackageFrameworks -F /Users/mali/Library/Developer/Xcode/DerivedData/Web-fwpjudnzpysruxaxmvjywphkufup/Build/Products/Debug/PackageFrameworks -F /Users/mali/Library/Developer/Xcode/DerivedData/Web-fwpjudnzpysruxaxmvjywphkufup/Build/Products/Debug/PackageFrameworks -F /Users/mali/Library/Developer/Xcode/DerivedData/Web-fwpjudnzpysruxaxmvjywphkufup/Build/Products/Debug/PackageFrameworks -F /Users/mali/Library/Developer/Xcode/DerivedData/Web-fwpjudnzpysruxaxmvjywphkufup/Build/Products/Debug/PackageFrameworks -F /Users/mali/Library/Developer/Xcode/DerivedData/Web-fwpjudnzpysruxaxmvjywphkufup/Build/Products/Debug -F /Applications/Xcode.app/Contents/Developer/Platforms/MacOSX.platform/Developer/Library/Frameworks -c -j8 -enable-batch-mode -incremental -Xcc -ivfsstatcache -Xcc /Users/mali/Library/Developer/Xcode/DerivedData/SDKStatCaches.noindex/macosx26.1-25B74-3885c01c3e6b6a337905948deab2002e3ae1261907bdadc328169391a47051a6.sdkstatcache -output-file-map /Users/mali/Library/Developer/Xcode/DerivedData/Web-fwpjudnzpysruxaxmvjywphkufup/Build/Intermediates.noindex/mlx-swift.build/Debug/MLX.build/Objects-normal/arm64/MLX-OutputFileMap.json -use-frontend-parseable-output -save-temps -no-color-diagnostics -explicit-module-build -module-cache-path /Users/mali/Library/Developer/Xcode/DerivedData/Web-fwpjudnzpysruxaxmvjywphkufup/Build/Intermediates.noindex/SwiftExplicitPrecompiledModules -clang-scanner-module-cache-path /Users/mali/Library/Developer/Xcode/DerivedData/ModuleCache.noindex -sdk-module-cache-path /Users/mali/Library/Developer/Xcode/DerivedData/ModuleCache.noindex -serialize-diagnostics -emit-dependencies -emit-module -emit-module-path /Users/mali/Library/Developer/Xcode/DerivedData/Web-fwpjudnzpysruxaxmvjywphkufup/Build/Intermediates.noindex/mlx-swift.build/Debug/MLX.build/Objects-normal/arm64/MLX.swiftmodule -validate-clang-modules-once -clang-build-session-file /Users/mali/Library/Developer/Xcode/DerivedData/ModuleCache.noindex/Session.modulevalidation -package-name mlx_swift -Xcc -I/Users/mali/Library/Developer/Xcode/DerivedData/Web-fwpjudnzpysruxaxmvjywphkufup/Build/Intermediates.noindex/mlx-swift.build/Debug/MLX.build/swift-overrides.hmap -emit-const-values -Xfrontend -const-gather-protocols-file -Xfrontend /Users/mali/Library/Developer/Xcode/DerivedData/Web-fwpjudnzpysruxaxmvjywphkufup/Build/Intermediates.noindex/mlx-swift.build/Debug/MLX.build/Objects-normal/arm64/MLX_const_extract_protocols.json -Xcc -I/Users/mali/Library/Developer/Xcode/DerivedData/Web-fwpjudnzpysruxaxmvjywphkufup/SourcePackages/checkouts/swift-numerics/Sources/_NumericsShims/include -Xcc -I/Users/mali/Library/Developer/Xcode/DerivedData/Web-fwpjudnzpysruxaxmvjywphkufup/SourcePackages/checkouts/mlx-swift/Source/Cmlx/include -Xcc -I/Users/mali/Library/Developer/Xcode/DerivedData/Web-fwpjudnzpysruxaxmvjywphkufup/Build/Products/Debug/include -Xcc -I/Users/mali/Library/Developer/Xcode/DerivedData/Web-fwpjudnzpysruxaxmvjywphkufup/Build/Intermediates.noindex/mlx-swift.build/Debug/MLX.build/DerivedSources-normal/arm64 -Xcc -I/Users/mali/Library/Developer/Xcode/DerivedData/Web-fwpjudnzpysruxaxmvjywphkufup/Build/Intermediates.noindex/mlx-swift.build/Debug/MLX.build/DerivedSources/arm64 -Xcc -I/Users/mali/Library/Developer/Xcode/DerivedData/Web-fwpjudnzpysruxaxmvjywphkufup/Build/Intermediates.noindex/mlx-swift.build/Debug/MLX.build/DerivedSources -Xcc -DSWIFT_PACKAGE -Xcc -DDEBUG\=1 -emit-objc-header -emit-objc-header-path /Users/mali/Library/Developer/Xcode/DerivedData/Web-fwpjudnzpysruxaxmvjywphkufup/Build/Intermediates.noindex/mlx-swift.build/Debug/MLX.build/Objects-normal/arm64/MLX-Swift.h -working-directory /Users/mali/dev/Web/Web.xcodeproj -experimental-emit-module-separately -disable-cmo

SwiftMergeGeneratedHeaders /Users/mali/Library/Developer/Xcode/DerivedData/Web-fwpjudnzpysruxaxmvjywphkufup/Build/Intermediates.noindex/GeneratedModuleMaps/MLX-Swift.h /Users/mali/Library/Developer/Xcode/DerivedData/Web-fwpjudnzpysruxaxmvjywphkufup/Build/Intermediates.noindex/mlx-swift.build/Debug/MLX.build/Objects-normal/arm64/MLX-Swift.h (in target 'MLX' from project 'mlx-swift')
    cd /Users/mali/Library/Developer/Xcode/DerivedData/Web-fwpjudnzpysruxaxmvjywphkufup/SourcePackages/checkouts/mlx-swift
    builtin-swiftHeaderTool -arch arm64 /Users/mali/Library/Developer/Xcode/DerivedData/Web-fwpjudnzpysruxaxmvjywphkufup/Build/Intermediates.noindex/mlx-swift.build/Debug/MLX.build/Objects-normal/arm64/MLX-Swift.h -o /Users/mali/Library/Developer/Xcode/DerivedData/Web-fwpjudnzpysruxaxmvjywphkufup/Build/Intermediates.noindex/GeneratedModuleMaps/MLX-Swift.h

SwiftDriver MLXLinalg normal arm64 com.apple.xcode.tools.swift.compiler (in target 'MLXLinalg' from project 'mlx-swift')
    cd /Users/mali/dev/Web/Web.xcodeproj
    builtin-SwiftDriver -- /Applications/Xcode.app/Contents/Developer/Toolchains/XcodeDefault.xctoolchain/usr/bin/swiftc -module-name MLXLinalg -Onone -enforce-exclusivity\=checked @/Users/mali/Library/Developer/Xcode/DerivedData/Web-fwpjudnzpysruxaxmvjywphkufup/Build/Intermediates.noindex/mlx-swift.build/Debug/MLXLinalg.build/Objects-normal/arm64/MLXLinalg.SwiftFileList -DSWIFT_PACKAGE -DDEBUG -DSWIFT_MODULE_RESOURCE_BUNDLE_UNAVAILABLE -DXcode -enable-experimental-feature StrictConcurrency -plugin-path /Applications/Xcode.app/Contents/Developer/Toolchains/XcodeDefault.xctoolchain/usr/lib/swift/host/plugins/testing -enable-experimental-feature DebugDescriptionMacro -sdk /Applications/Xcode.app/Contents/Developer/Platforms/MacOSX.platform/Developer/SDKs/MacOSX26.1.sdk -target arm64-apple-macos13.3 -g -module-cache-path /Users/mali/Library/Developer/Xcode/DerivedData/ModuleCache.noindex -Xfrontend -serialize-debugging-options -profile-coverage-mapping -profile-generate -enable-testing -suppress-warnings -index-store-path /Users/mali/Library/Developer/Xcode/DerivedData/Web-fwpjudnzpysruxaxmvjywphkufup/Index.noindex/DataStore -Xcc -D_LIBCPP_HARDENING_MODE\=_LIBCPP_HARDENING_MODE_DEBUG -swift-version 5 -I /Users/mali/Library/Developer/Xcode/DerivedData/Web-fwpjudnzpysruxaxmvjywphkufup/Build/Products/Debug -Isystem /Applications/Xcode.app/Contents/Developer/Platforms/MacOSX.platform/Developer/usr/lib -F /Users/mali/Library/Developer/Xcode/DerivedData/Web-fwpjudnzpysruxaxmvjywphkufup/Build/Products/Debug/PackageFrameworks -F /Users/mali/Library/Developer/Xcode/DerivedData/Web-fwpjudnzpysruxaxmvjywphkufup/Build/Products/Debug/PackageFrameworks -F /Users/mali/Library/Developer/Xcode/DerivedData/Web-fwpjudnzpysruxaxmvjywphkufup/Build/Products/Debug/PackageFrameworks -F /Users/mali/Library/Developer/Xcode/DerivedData/Web-fwpjudnzpysruxaxmvjywphkufup/Build/Products/Debug/PackageFrameworks -F /Users/mali/Library/Developer/Xcode/DerivedData/Web-fwpjudnzpysruxaxmvjywphkufup/Build/Products/Debug/PackageFrameworks -F /Users/mali/Library/Developer/Xcode/DerivedData/Web-fwpjudnzpysruxaxmvjywphkufup/Build/Products/Debug/PackageFrameworks -F /Users/mali/Library/Developer/Xcode/DerivedData/Web-fwpjudnzpysruxaxmvjywphkufup/Build/Products/Debug -F /Applications/Xcode.app/Contents/Developer/Platforms/MacOSX.platform/Developer/Library/Frameworks -parse-as-library -c -j8 -enable-batch-mode -incremental -Xcc -ivfsstatcache -Xcc /Users/mali/Library/Developer/Xcode/DerivedData/SDKStatCaches.noindex/macosx26.1-25B74-3885c01c3e6b6a337905948deab2002e3ae1261907bdadc328169391a47051a6.sdkstatcache -output-file-map /Users/mali/Library/Developer/Xcode/DerivedData/Web-fwpjudnzpysruxaxmvjywphkufup/Build/Intermediates.noindex/mlx-swift.build/Debug/MLXLinalg.build/Objects-normal/arm64/MLXLinalg-OutputFileMap.json -use-frontend-parseable-output -save-temps -no-color-diagnostics -explicit-module-build -module-cache-path /Users/mali/Library/Developer/Xcode/DerivedData/Web-fwpjudnzpysruxaxmvjywphkufup/Build/Intermediates.noindex/SwiftExplicitPrecompiledModules -clang-scanner-module-cache-path /Users/mali/Library/Developer/Xcode/DerivedData/ModuleCache.noindex -sdk-module-cache-path /Users/mali/Library/Developer/Xcode/DerivedData/ModuleCache.noindex -serialize-diagnostics -emit-dependencies -emit-module -emit-module-path /Users/mali/Library/Developer/Xcode/DerivedData/Web-fwpjudnzpysruxaxmvjywphkufup/Build/Intermediates.noindex/mlx-swift.build/Debug/MLXLinalg.build/Objects-normal/arm64/MLXLinalg.swiftmodule -validate-clang-modules-once -clang-build-session-file /Users/mali/Library/Developer/Xcode/DerivedData/ModuleCache.noindex/Session.modulevalidation -package-name mlx_swift -Xcc -I/Users/mali/Library/Developer/Xcode/DerivedData/Web-fwpjudnzpysruxaxmvjywphkufup/Build/Intermediates.noindex/mlx-swift.build/Debug/MLXLinalg.build/swift-overrides.hmap -emit-const-values -Xfrontend -const-gather-protocols-file -Xfrontend /Users/mali/Library/Developer/Xcode/DerivedData/Web-fwpjudnzpysruxaxmvjywphkufup/Build/Intermediates.noindex/mlx-swift.build/Debug/MLXLinalg.build/Objects-normal/arm64/MLXLinalg_const_extract_protocols.json -Xcc -I/Users/mali/Library/Developer/Xcode/DerivedData/Web-fwpjudnzpysruxaxmvjywphkufup/SourcePackages/checkouts/swift-numerics/Sources/_NumericsShims/include -Xcc -I/Users/mali/Library/Developer/Xcode/DerivedData/Web-fwpjudnzpysruxaxmvjywphkufup/SourcePackages/checkouts/mlx-swift/Source/Cmlx/include -Xcc -I/Users/mali/Library/Developer/Xcode/DerivedData/Web-fwpjudnzpysruxaxmvjywphkufup/Build/Products/Debug/include -Xcc -I/Users/mali/Library/Developer/Xcode/DerivedData/Web-fwpjudnzpysruxaxmvjywphkufup/Build/Intermediates.noindex/mlx-swift.build/Debug/MLXLinalg.build/DerivedSources-normal/arm64 -Xcc -I/Users/mali/Library/Developer/Xcode/DerivedData/Web-fwpjudnzpysruxaxmvjywphkufup/Build/Intermediates.noindex/mlx-swift.build/Debug/MLXLinalg.build/DerivedSources/arm64 -Xcc -I/Users/mali/Library/Developer/Xcode/DerivedData/Web-fwpjudnzpysruxaxmvjywphkufup/Build/Intermediates.noindex/mlx-swift.build/Debug/MLXLinalg.build/DerivedSources -Xcc -DSWIFT_PACKAGE -Xcc -DDEBUG\=1 -emit-objc-header -emit-objc-header-path /Users/mali/Library/Developer/Xcode/DerivedData/Web-fwpjudnzpysruxaxmvjywphkufup/Build/Intermediates.noindex/mlx-swift.build/Debug/MLXLinalg.build/Objects-normal/arm64/MLXLinalg-Swift.h -working-directory /Users/mali/dev/Web/Web.xcodeproj -experimental-emit-module-separately -disable-cmo

SwiftDriver MLXRandom normal arm64 com.apple.xcode.tools.swift.compiler (in target 'MLXRandom' from project 'mlx-swift')
    cd /Users/mali/dev/Web/Web.xcodeproj
    builtin-SwiftDriver -- /Applications/Xcode.app/Contents/Developer/Toolchains/XcodeDefault.xctoolchain/usr/bin/swiftc -module-name MLXRandom -Onone -enforce-exclusivity\=checked @/Users/mali/Library/Developer/Xcode/DerivedData/Web-fwpjudnzpysruxaxmvjywphkufup/Build/Intermediates.noindex/mlx-swift.build/Debug/MLXRandom.build/Objects-normal/arm64/MLXRandom.SwiftFileList -DSWIFT_PACKAGE -DDEBUG -DSWIFT_MODULE_RESOURCE_BUNDLE_UNAVAILABLE -DXcode -enable-experimental-feature StrictConcurrency -plugin-path /Applications/Xcode.app/Contents/Developer/Toolchains/XcodeDefault.xctoolchain/usr/lib/swift/host/plugins/testing -enable-experimental-feature DebugDescriptionMacro -sdk /Applications/Xcode.app/Contents/Developer/Platforms/MacOSX.platform/Developer/SDKs/MacOSX26.1.sdk -target arm64-apple-macos13.3 -g -module-cache-path /Users/mali/Library/Developer/Xcode/DerivedData/ModuleCache.noindex -Xfrontend -serialize-debugging-options -profile-coverage-mapping -profile-generate -enable-testing -suppress-warnings -index-store-path /Users/mali/Library/Developer/Xcode/DerivedData/Web-fwpjudnzpysruxaxmvjywphkufup/Index.noindex/DataStore -Xcc -D_LIBCPP_HARDENING_MODE\=_LIBCPP_HARDENING_MODE_DEBUG -swift-version 5 -I /Users/mali/Library/Developer/Xcode/DerivedData/Web-fwpjudnzpysruxaxmvjywphkufup/Build/Products/Debug -Isystem /Applications/Xcode.app/Contents/Developer/Platforms/MacOSX.platform/Developer/usr/lib -F /Users/mali/Library/Developer/Xcode/DerivedData/Web-fwpjudnzpysruxaxmvjywphkufup/Build/Products/Debug/PackageFrameworks -F /Users/mali/Library/Developer/Xcode/DerivedData/Web-fwpjudnzpysruxaxmvjywphkufup/Build/Products/Debug/PackageFrameworks -F /Users/mali/Library/Developer/Xcode/DerivedData/Web-fwpjudnzpysruxaxmvjywphkufup/Build/Products/Debug/PackageFrameworks -F /Users/mali/Library/Developer/Xcode/DerivedData/Web-fwpjudnzpysruxaxmvjywphkufup/Build/Products/Debug/PackageFrameworks -F /Users/mali/Library/Developer/Xcode/DerivedData/Web-fwpjudnzpysruxaxmvjywphkufup/Build/Products/Debug/PackageFrameworks -F /Users/mali/Library/Developer/Xcode/DerivedData/Web-fwpjudnzpysruxaxmvjywphkufup/Build/Products/Debug/PackageFrameworks -F /Users/mali/Library/Developer/Xcode/DerivedData/Web-fwpjudnzpysruxaxmvjywphkufup/Build/Products/Debug -F /Applications/Xcode.app/Contents/Developer/Platforms/MacOSX.platform/Developer/Library/Frameworks -parse-as-library -c -j8 -enable-batch-mode -incremental -Xcc -ivfsstatcache -Xcc /Users/mali/Library/Developer/Xcode/DerivedData/SDKStatCaches.noindex/macosx26.1-25B74-3885c01c3e6b6a337905948deab2002e3ae1261907bdadc328169391a47051a6.sdkstatcache -output-file-map /Users/mali/Library/Developer/Xcode/DerivedData/Web-fwpjudnzpysruxaxmvjywphkufup/Build/Intermediates.noindex/mlx-swift.build/Debug/MLXRandom.build/Objects-normal/arm64/MLXRandom-OutputFileMap.json -use-frontend-parseable-output -save-temps -no-color-diagnostics -explicit-module-build -module-cache-path /Users/mali/Library/Developer/Xcode/DerivedData/Web-fwpjudnzpysruxaxmvjywphkufup/Build/Intermediates.noindex/SwiftExplicitPrecompiledModules -clang-scanner-module-cache-path /Users/mali/Library/Developer/Xcode/DerivedData/ModuleCache.noindex -sdk-module-cache-path /Users/mali/Library/Developer/Xcode/DerivedData/ModuleCache.noindex -serialize-diagnostics -emit-dependencies -emit-module -emit-module-path /Users/mali/Library/Developer/Xcode/DerivedData/Web-fwpjudnzpysruxaxmvjywphkufup/Build/Intermediates.noindex/mlx-swift.build/Debug/MLXRandom.build/Objects-normal/arm64/MLXRandom.swiftmodule -validate-clang-modules-once -clang-build-session-file /Users/mali/Library/Developer/Xcode/DerivedData/ModuleCache.noindex/Session.modulevalidation -package-name mlx_swift -Xcc -I/Users/mali/Library/Developer/Xcode/DerivedData/Web-fwpjudnzpysruxaxmvjywphkufup/Build/Intermediates.noindex/mlx-swift.build/Debug/MLXRandom.build/swift-overrides.hmap -emit-const-values -Xfrontend -const-gather-protocols-file -Xfrontend /Users/mali/Library/Developer/Xcode/DerivedData/Web-fwpjudnzpysruxaxmvjywphkufup/Build/Intermediates.noindex/mlx-swift.build/Debug/MLXRandom.build/Objects-normal/arm64/MLXRandom_const_extract_protocols.json -Xcc -I/Users/mali/Library/Developer/Xcode/DerivedData/Web-fwpjudnzpysruxaxmvjywphkufup/SourcePackages/checkouts/swift-numerics/Sources/_NumericsShims/include -Xcc -I/Users/mali/Library/Developer/Xcode/DerivedData/Web-fwpjudnzpysruxaxmvjywphkufup/SourcePackages/checkouts/mlx-swift/Source/Cmlx/include -Xcc -I/Users/mali/Library/Developer/Xcode/DerivedData/Web-fwpjudnzpysruxaxmvjywphkufup/Build/Products/Debug/include -Xcc -I/Users/mali/Library/Developer/Xcode/DerivedData/Web-fwpjudnzpysruxaxmvjywphkufup/Build/Intermediates.noindex/mlx-swift.build/Debug/MLXRandom.build/DerivedSources-normal/arm64 -Xcc -I/Users/mali/Library/Developer/Xcode/DerivedData/Web-fwpjudnzpysruxaxmvjywphkufup/Build/Intermediates.noindex/mlx-swift.build/Debug/MLXRandom.build/DerivedSources/arm64 -Xcc -I/Users/mali/Library/Developer/Xcode/DerivedData/Web-fwpjudnzpysruxaxmvjywphkufup/Build/Intermediates.noindex/mlx-swift.build/Debug/MLXRandom.build/DerivedSources -Xcc -DSWIFT_PACKAGE -Xcc -DDEBUG\=1 -emit-objc-header -emit-objc-header-path /Users/mali/Library/Developer/Xcode/DerivedData/Web-fwpjudnzpysruxaxmvjywphkufup/Build/Intermediates.noindex/mlx-swift.build/Debug/MLXRandom.build/Objects-normal/arm64/MLXRandom-Swift.h -working-directory /Users/mali/dev/Web/Web.xcodeproj -experimental-emit-module-separately -disable-cmo

SwiftDriver MLXFast normal arm64 com.apple.xcode.tools.swift.compiler (in target 'MLXFast' from project 'mlx-swift')
    cd /Users/mali/dev/Web/Web.xcodeproj
    builtin-SwiftDriver -- /Applications/Xcode.app/Contents/Developer/Toolchains/XcodeDefault.xctoolchain/usr/bin/swiftc -module-name MLXFast -Onone -enforce-exclusivity\=checked @/Users/mali/Library/Developer/Xcode/DerivedData/Web-fwpjudnzpysruxaxmvjywphkufup/Build/Intermediates.noindex/mlx-swift.build/Debug/MLXFast.build/Objects-normal/arm64/MLXFast.SwiftFileList -DSWIFT_PACKAGE -DDEBUG -DSWIFT_MODULE_RESOURCE_BUNDLE_UNAVAILABLE -DXcode -enable-experimental-feature StrictConcurrency -plugin-path /Applications/Xcode.app/Contents/Developer/Toolchains/XcodeDefault.xctoolchain/usr/lib/swift/host/plugins/testing -enable-experimental-feature DebugDescriptionMacro -sdk /Applications/Xcode.app/Contents/Developer/Platforms/MacOSX.platform/Developer/SDKs/MacOSX26.1.sdk -target arm64-apple-macos13.3 -g -module-cache-path /Users/mali/Library/Developer/Xcode/DerivedData/ModuleCache.noindex -Xfrontend -serialize-debugging-options -profile-coverage-mapping -profile-generate -enable-testing -suppress-warnings -index-store-path /Users/mali/Library/Developer/Xcode/DerivedData/Web-fwpjudnzpysruxaxmvjywphkufup/Index.noindex/DataStore -Xcc -D_LIBCPP_HARDENING_MODE\=_LIBCPP_HARDENING_MODE_DEBUG -swift-version 5 -I /Users/mali/Library/Developer/Xcode/DerivedData/Web-fwpjudnzpysruxaxmvjywphkufup/Build/Products/Debug -Isystem /Applications/Xcode.app/Contents/Developer/Platforms/MacOSX.platform/Developer/usr/lib -F /Users/mali/Library/Developer/Xcode/DerivedData/Web-fwpjudnzpysruxaxmvjywphkufup/Build/Products/Debug/PackageFrameworks -F /Users/mali/Library/Developer/Xcode/DerivedData/Web-fwpjudnzpysruxaxmvjywphkufup/Build/Products/Debug/PackageFrameworks -F /Users/mali/Library/Developer/Xcode/DerivedData/Web-fwpjudnzpysruxaxmvjywphkufup/Build/Products/Debug/PackageFrameworks -F /Users/mali/Library/Developer/Xcode/DerivedData/Web-fwpjudnzpysruxaxmvjywphkufup/Build/Products/Debug/PackageFrameworks -F /Users/mali/Library/Developer/Xcode/DerivedData/Web-fwpjudnzpysruxaxmvjywphkufup/Build/Products/Debug/PackageFrameworks -F /Users/mali/Library/Developer/Xcode/DerivedData/Web-fwpjudnzpysruxaxmvjywphkufup/Build/Products/Debug/PackageFrameworks -F /Users/mali/Library/Developer/Xcode/DerivedData/Web-fwpjudnzpysruxaxmvjywphkufup/Build/Products/Debug -F /Applications/Xcode.app/Contents/Developer/Platforms/MacOSX.platform/Developer/Library/Frameworks -c -j8 -enable-batch-mode -incremental -Xcc -ivfsstatcache -Xcc /Users/mali/Library/Developer/Xcode/DerivedData/SDKStatCaches.noindex/macosx26.1-25B74-3885c01c3e6b6a337905948deab2002e3ae1261907bdadc328169391a47051a6.sdkstatcache -output-file-map /Users/mali/Library/Developer/Xcode/DerivedData/Web-fwpjudnzpysruxaxmvjywphkufup/Build/Intermediates.noindex/mlx-swift.build/Debug/MLXFast.build/Objects-normal/arm64/MLXFast-OutputFileMap.json -use-frontend-parseable-output -save-temps -no-color-diagnostics -explicit-module-build -module-cache-path /Users/mali/Library/Developer/Xcode/DerivedData/Web-fwpjudnzpysruxaxmvjywphkufup/Build/Intermediates.noindex/SwiftExplicitPrecompiledModules -clang-scanner-module-cache-path /Users/mali/Library/Developer/Xcode/DerivedData/ModuleCache.noindex -sdk-module-cache-path /Users/mali/Library/Developer/Xcode/DerivedData/ModuleCache.noindex -serialize-diagnostics -emit-dependencies -emit-module -emit-module-path /Users/mali/Library/Developer/Xcode/DerivedData/Web-fwpjudnzpysruxaxmvjywphkufup/Build/Intermediates.noindex/mlx-swift.build/Debug/MLXFast.build/Objects-normal/arm64/MLXFast.swiftmodule -validate-clang-modules-once -clang-build-session-file /Users/mali/Library/Developer/Xcode/DerivedData/ModuleCache.noindex/Session.modulevalidation -package-name mlx_swift -Xcc -I/Users/mali/Library/Developer/Xcode/DerivedData/Web-fwpjudnzpysruxaxmvjywphkufup/Build/Intermediates.noindex/mlx-swift.build/Debug/MLXFast.build/swift-overrides.hmap -emit-const-values -Xfrontend -const-gather-protocols-file -Xfrontend /Users/mali/Library/Developer/Xcode/DerivedData/Web-fwpjudnzpysruxaxmvjywphkufup/Build/Intermediates.noindex/mlx-swift.build/Debug/MLXFast.build/Objects-normal/arm64/MLXFast_const_extract_protocols.json -Xcc -I/Users/mali/Library/Developer/Xcode/DerivedData/Web-fwpjudnzpysruxaxmvjywphkufup/SourcePackages/checkouts/swift-numerics/Sources/_NumericsShims/include -Xcc -I/Users/mali/Library/Developer/Xcode/DerivedData/Web-fwpjudnzpysruxaxmvjywphkufup/SourcePackages/checkouts/mlx-swift/Source/Cmlx/include -Xcc -I/Users/mali/Library/Developer/Xcode/DerivedData/Web-fwpjudnzpysruxaxmvjywphkufup/Build/Products/Debug/include -Xcc -I/Users/mali/Library/Developer/Xcode/DerivedData/Web-fwpjudnzpysruxaxmvjywphkufup/Build/Intermediates.noindex/mlx-swift.build/Debug/MLXFast.build/DerivedSources-normal/arm64 -Xcc -I/Users/mali/Library/Developer/Xcode/DerivedData/Web-fwpjudnzpysruxaxmvjywphkufup/Build/Intermediates.noindex/mlx-swift.build/Debug/MLXFast.build/DerivedSources/arm64 -Xcc -I/Users/mali/Library/Developer/Xcode/DerivedData/Web-fwpjudnzpysruxaxmvjywphkufup/Build/Intermediates.noindex/mlx-swift.build/Debug/MLXFast.build/DerivedSources -Xcc -DSWIFT_PACKAGE -Xcc -DDEBUG\=1 -emit-objc-header -emit-objc-header-path /Users/mali/Library/Developer/Xcode/DerivedData/Web-fwpjudnzpysruxaxmvjywphkufup/Build/Intermediates.noindex/mlx-swift.build/Debug/MLXFast.build/Objects-normal/arm64/MLXFast-Swift.h -working-directory /Users/mali/dev/Web/Web.xcodeproj -experimental-emit-module-separately -disable-cmo

RegisterExecutionPolicyException /Users/mali/Library/Developer/Xcode/DerivedData/Web-fwpjudnzpysruxaxmvjywphkufup/Build/Products/Debug/ComplexModule.o (in target 'ComplexModule' from project 'swift-numerics')
    cd /Users/mali/Library/Developer/Xcode/DerivedData/Web-fwpjudnzpysruxaxmvjywphkufup/SourcePackages/checkouts/swift-numerics
    builtin-RegisterExecutionPolicyException /Users/mali/Library/Developer/Xcode/DerivedData/Web-fwpjudnzpysruxaxmvjywphkufup/Build/Products/Debug/ComplexModule.o

Ld /Users/mali/Library/Developer/Xcode/DerivedData/Web-fwpjudnzpysruxaxmvjywphkufup/Build/Products/Debug/Numerics.o normal (in target 'Numerics' from project 'swift-numerics')
    cd /Users/mali/Library/Developer/Xcode/DerivedData/Web-fwpjudnzpysruxaxmvjywphkufup/SourcePackages/checkouts/swift-numerics
    /Applications/Xcode.app/Contents/Developer/Toolchains/XcodeDefault.xctoolchain/usr/bin/clang -Xlinker -reproducible -target arm64-apple-macos10.13 -r -isysroot /Applications/Xcode.app/Contents/Developer/Platforms/MacOSX.platform/Developer/SDKs/MacOSX26.1.sdk -O0 -w -L/Users/mali/Library/Developer/Xcode/DerivedData/Web-fwpjudnzpysruxaxmvjywphkufup/Build/Intermediates.noindex/EagerLinkingTBDs/Debug -L/Users/mali/Library/Developer/Xcode/DerivedData/Web-fwpjudnzpysruxaxmvjywphkufup/Build/Products/Debug -L/Applications/Xcode.app/Contents/Developer/Platforms/MacOSX.platform/Developer/usr/lib -F/Users/mali/Library/Developer/Xcode/DerivedData/Web-fwpjudnzpysruxaxmvjywphkufup/Build/Intermediates.noindex/EagerLinkingTBDs/Debug -F/Users/mali/Library/Developer/Xcode/DerivedData/Web-fwpjudnzpysruxaxmvjywphkufup/Build/Products/Debug/PackageFrameworks -F/Users/mali/Library/Developer/Xcode/DerivedData/Web-fwpjudnzpysruxaxmvjywphkufup/Build/Products/Debug/PackageFrameworks -F/Users/mali/Library/Developer/Xcode/DerivedData/Web-fwpjudnzpysruxaxmvjywphkufup/Build/Products/Debug/PackageFrameworks -F/Users/mali/Library/Developer/Xcode/DerivedData/Web-fwpjudnzpysruxaxmvjywphkufup/Build/Products/Debug -iframework /Applications/Xcode.app/Contents/Developer/Platforms/MacOSX.platform/Developer/Library/Frameworks -filelist /Users/mali/Library/Developer/Xcode/DerivedData/Web-fwpjudnzpysruxaxmvjywphkufup/Build/Intermediates.noindex/swift-numerics.build/Debug/Numerics.build/Objects-normal/arm64/Numerics.LinkFileList -nostdlib -Xlinker -object_path_lto -Xlinker /Users/mali/Library/Developer/Xcode/DerivedData/Web-fwpjudnzpysruxaxmvjywphkufup/Build/Intermediates.noindex/swift-numerics.build/Debug/Numerics.build/Objects-normal/arm64/Numerics_lto.o -rdynamic -Xlinker -no_deduplicate -Xlinker -debug_variant -Xlinker -dependency_info -Xlinker /Users/mali/Library/Developer/Xcode/DerivedData/Web-fwpjudnzpysruxaxmvjywphkufup/Build/Intermediates.noindex/swift-numerics.build/Debug/Numerics.build/Objects-normal/arm64/Numerics_dependency_info.dat -fobjc-link-runtime -L/Applications/Xcode.app/Contents/Developer/Toolchains/XcodeDefault.xctoolchain/usr/lib/swift/macosx -L/usr/lib/swift -Xlinker -add_ast_path -Xlinker /Users/mali/Library/Developer/Xcode/DerivedData/Web-fwpjudnzpysruxaxmvjywphkufup/Build/Intermediates.noindex/swift-numerics.build/Debug/Numerics.build/Objects-normal/arm64/Numerics.swiftmodule @/Users/mali/Library/Developer/Xcode/DerivedData/Web-fwpjudnzpysruxaxmvjywphkufup/Build/Intermediates.noindex/swift-numerics.build/Debug/Numerics.build/Objects-normal/arm64/Numerics-linker-args.resp -o /Users/mali/Library/Developer/Xcode/DerivedData/Web-fwpjudnzpysruxaxmvjywphkufup/Build/Products/Debug/Numerics.o

RegisterExecutionPolicyException /Users/mali/Library/Developer/Xcode/DerivedData/Web-fwpjudnzpysruxaxmvjywphkufup/Build/Products/Debug/Hub.o (in target 'Hub' from project 'swift-transformers')
    cd /Users/mali/Library/Developer/Xcode/DerivedData/Web-fwpjudnzpysruxaxmvjywphkufup/SourcePackages/checkouts/swift-transformers
    builtin-RegisterExecutionPolicyException /Users/mali/Library/Developer/Xcode/DerivedData/Web-fwpjudnzpysruxaxmvjywphkufup/Build/Products/Debug/Hub.o

ExtractAppIntentsMetadata (in target 'Numerics' from project 'swift-numerics')
    cd /Users/mali/Library/Developer/Xcode/DerivedData/Web-fwpjudnzpysruxaxmvjywphkufup/SourcePackages/checkouts/swift-numerics
    /Applications/Xcode.app/Contents/Developer/Toolchains/XcodeDefault.xctoolchain/usr/bin/appintentsmetadataprocessor --toolchain-dir /var/run/com.apple.security.cryptexd/mnt/com.apple.MobileAsset.MetalToolchain-v17.2.54.0.910oNh/Metal.xctoolchain --module-name Numerics --sdk-root /Applications/Xcode.app/Contents/Developer/Platforms/MacOSX.platform/Developer/SDKs/MacOSX26.1.sdk --xcode-version 17B100 --platform-family macOS --deployment-target 10.13 --bundle-identifier swift-numerics.Numerics --output /Users/mali/Library/Developer/Xcode/DerivedData/Web-fwpjudnzpysruxaxmvjywphkufup/Build/Products/Debug/Numerics.appintents --target-triple arm64-apple-macos10.13 --binary-file /Users/mali/Library/Developer/Xcode/DerivedData/Web-fwpjudnzpysruxaxmvjywphkufup/Build/Products/Debug/Numerics.o --dependency-file /Users/mali/Library/Developer/Xcode/DerivedData/Web-fwpjudnzpysruxaxmvjywphkufup/Build/Intermediates.noindex/swift-numerics.build/Debug/Numerics.build/Objects-normal/arm64/Numerics_dependency_info.dat --stringsdata-file /Users/mali/Library/Developer/Xcode/DerivedData/Web-fwpjudnzpysruxaxmvjywphkufup/Build/Intermediates.noindex/swift-numerics.build/Debug/Numerics.build/Objects-normal/arm64/ExtractedAppShortcutsMetadata.stringsdata --source-file-list /Users/mali/Library/Developer/Xcode/DerivedData/Web-fwpjudnzpysruxaxmvjywphkufup/Build/Intermediates.noindex/swift-numerics.build/Debug/Numerics.build/Objects-normal/arm64/Numerics.SwiftFileList --metadata-file-list /Users/mali/Library/Developer/Xcode/DerivedData/Web-fwpjudnzpysruxaxmvjywphkufup/Build/Intermediates.noindex/swift-numerics.build/Debug/Numerics.build/Numerics.DependencyMetadataFileList --static-metadata-file-list /Users/mali/Library/Developer/Xcode/DerivedData/Web-fwpjudnzpysruxaxmvjywphkufup/Build/Intermediates.noindex/swift-numerics.build/Debug/Numerics.build/Numerics.DependencyStaticMetadataFileList --swift-const-vals-list /Users/mali/Library/Developer/Xcode/DerivedData/Web-fwpjudnzpysruxaxmvjywphkufup/Build/Intermediates.noindex/swift-numerics.build/Debug/Numerics.build/Objects-normal/arm64/Numerics.SwiftConstValuesFileList --force --compile-time-extraction --deployment-aware-processing --validate-assistant-intents --no-app-shortcuts-localization
2026-02-01 04:53:28.383 appintentsmetadataprocessor[19909:1339504] Starting appintentsmetadataprocessor export
2026-02-01 04:53:29.308 appintentsmetadataprocessor[19909:1339504] Extracted no relevant App Intents symbols, skipping writing output

SwiftDriver\ Compilation\ Requirements Jinja normal arm64 com.apple.xcode.tools.swift.compiler (in target 'Jinja' from project 'Jinja')
    cd /Users/mali/dev/Web/Web.xcodeproj
    builtin-Swift-Compilation-Requirements -- /Applications/Xcode.app/Contents/Developer/Toolchains/XcodeDefault.xctoolchain/usr/bin/swiftc -module-name Jinja -Onone -enforce-exclusivity\=checked @/Users/mali/Library/Developer/Xcode/DerivedData/Web-fwpjudnzpysruxaxmvjywphkufup/Build/Intermediates.noindex/Jinja.build/Debug/Jinja.build/Objects-normal/arm64/Jinja.SwiftFileList -DSWIFT_PACKAGE -DDEBUG -DSWIFT_MODULE_RESOURCE_BUNDLE_UNAVAILABLE -DXcode -enable-upcoming-feature BareSlashRegexLiterals -plugin-path /Applications/Xcode.app/Contents/Developer/Toolchains/XcodeDefault.xctoolchain/usr/lib/swift/host/plugins/testing -enable-experimental-feature DebugDescriptionMacro -sdk /Applications/Xcode.app/Contents/Developer/Platforms/MacOSX.platform/Developer/SDKs/MacOSX26.1.sdk -target arm64-apple-macos13.0 -g -module-cache-path /Users/mali/Library/Developer/Xcode/DerivedData/ModuleCache.noindex -Xfrontend -serialize-debugging-options -profile-coverage-mapping -profile-generate -enable-testing -suppress-warnings -index-store-path /Users/mali/Library/Developer/Xcode/DerivedData/Web-fwpjudnzpysruxaxmvjywphkufup/Index.noindex/DataStore -Xcc -D_LIBCPP_HARDENING_MODE\=_LIBCPP_HARDENING_MODE_DEBUG -swift-version 5 -I /Users/mali/Library/Developer/Xcode/DerivedData/Web-fwpjudnzpysruxaxmvjywphkufup/Build/Products/Debug -Isystem /Applications/Xcode.app/Contents/Developer/Platforms/MacOSX.platform/Developer/usr/lib -F /Users/mali/Library/Developer/Xcode/DerivedData/Web-fwpjudnzpysruxaxmvjywphkufup/Build/Products/Debug/PackageFrameworks -F /Users/mali/Library/Developer/Xcode/DerivedData/Web-fwpjudnzpysruxaxmvjywphkufup/Build/Products/Debug/PackageFrameworks -F /Users/mali/Library/Developer/Xcode/DerivedData/Web-fwpjudnzpysruxaxmvjywphkufup/Build/Products/Debug -F /Applications/Xcode.app/Contents/Developer/Platforms/MacOSX.platform/Developer/Library/Frameworks -c -j8 -enable-batch-mode -incremental -Xcc -ivfsstatcache -Xcc /Users/mali/Library/Developer/Xcode/DerivedData/SDKStatCaches.noindex/macosx26.1-25B74-3885c01c3e6b6a337905948deab2002e3ae1261907bdadc328169391a47051a6.sdkstatcache -output-file-map /Users/mali/Library/Developer/Xcode/DerivedData/Web-fwpjudnzpysruxaxmvjywphkufup/Build/Intermediates.noindex/Jinja.build/Debug/Jinja.build/Objects-normal/arm64/Jinja-OutputFileMap.json -use-frontend-parseable-output -save-temps -no-color-diagnostics -explicit-module-build -module-cache-path /Users/mali/Library/Developer/Xcode/DerivedData/Web-fwpjudnzpysruxaxmvjywphkufup/Build/Intermediates.noindex/SwiftExplicitPrecompiledModules -clang-scanner-module-cache-path /Users/mali/Library/Developer/Xcode/DerivedData/ModuleCache.noindex -sdk-module-cache-path /Users/mali/Library/Developer/Xcode/DerivedData/ModuleCache.noindex -serialize-diagnostics -emit-dependencies -emit-module -emit-module-path /Users/mali/Library/Developer/Xcode/DerivedData/Web-fwpjudnzpysruxaxmvjywphkufup/Build/Intermediates.noindex/Jinja.build/Debug/Jinja.build/Objects-normal/arm64/Jinja.swiftmodule -validate-clang-modules-once -clang-build-session-file /Users/mali/Library/Developer/Xcode/DerivedData/ModuleCache.noindex/Session.modulevalidation -Xcc -I/Users/mali/Library/Developer/Xcode/DerivedData/Web-fwpjudnzpysruxaxmvjywphkufup/Build/Intermediates.noindex/Jinja.build/Debug/Jinja.build/swift-overrides.hmap -emit-const-values -Xfrontend -const-gather-protocols-file -Xfrontend /Users/mali/Library/Developer/Xcode/DerivedData/Web-fwpjudnzpysruxaxmvjywphkufup/Build/Intermediates.noindex/Jinja.build/Debug/Jinja.build/Objects-normal/arm64/Jinja_const_extract_protocols.json -Xcc -I/Users/mali/Library/Developer/Xcode/DerivedData/Web-fwpjudnzpysruxaxmvjywphkufup/Build/Products/Debug/include -Xcc -I/Users/mali/Library/Developer/Xcode/DerivedData/Web-fwpjudnzpysruxaxmvjywphkufup/Build/Intermediates.noindex/Jinja.build/Debug/Jinja.build/DerivedSources-normal/arm64 -Xcc -I/Users/mali/Library/Developer/Xcode/DerivedData/Web-fwpjudnzpysruxaxmvjywphkufup/Build/Intermediates.noindex/Jinja.build/Debug/Jinja.build/DerivedSources/arm64 -Xcc -I/Users/mali/Library/Developer/Xcode/DerivedData/Web-fwpjudnzpysruxaxmvjywphkufup/Build/Intermediates.noindex/Jinja.build/Debug/Jinja.build/DerivedSources -Xcc -DSWIFT_PACKAGE -Xcc -DDEBUG\=1 -emit-objc-header -emit-objc-header-path /Users/mali/Library/Developer/Xcode/DerivedData/Web-fwpjudnzpysruxaxmvjywphkufup/Build/Intermediates.noindex/Jinja.build/Debug/Jinja.build/Objects-normal/arm64/Jinja-Swift.h -working-directory /Users/mali/dev/Web/Web.xcodeproj -experimental-emit-module-separately -disable-cmo

SwiftDriver\ Compilation Jinja normal arm64 com.apple.xcode.tools.swift.compiler (in target 'Jinja' from project 'Jinja')
    cd /Users/mali/dev/Web/Web.xcodeproj
    builtin-Swift-Compilation -- /Applications/Xcode.app/Contents/Developer/Toolchains/XcodeDefault.xctoolchain/usr/bin/swiftc -module-name Jinja -Onone -enforce-exclusivity\=checked @/Users/mali/Library/Developer/Xcode/DerivedData/Web-fwpjudnzpysruxaxmvjywphkufup/Build/Intermediates.noindex/Jinja.build/Debug/Jinja.build/Objects-normal/arm64/Jinja.SwiftFileList -DSWIFT_PACKAGE -DDEBUG -DSWIFT_MODULE_RESOURCE_BUNDLE_UNAVAILABLE -DXcode -enable-upcoming-feature BareSlashRegexLiterals -plugin-path /Applications/Xcode.app/Contents/Developer/Toolchains/XcodeDefault.xctoolchain/usr/lib/swift/host/plugins/testing -enable-experimental-feature DebugDescriptionMacro -sdk /Applications/Xcode.app/Contents/Developer/Platforms/MacOSX.platform/Developer/SDKs/MacOSX26.1.sdk -target arm64-apple-macos13.0 -g -module-cache-path /Users/mali/Library/Developer/Xcode/DerivedData/ModuleCache.noindex -Xfrontend -serialize-debugging-options -profile-coverage-mapping -profile-generate -enable-testing -suppress-warnings -index-store-path /Users/mali/Library/Developer/Xcode/DerivedData/Web-fwpjudnzpysruxaxmvjywphkufup/Index.noindex/DataStore -Xcc -D_LIBCPP_HARDENING_MODE\=_LIBCPP_HARDENING_MODE_DEBUG -swift-version 5 -I /Users/mali/Library/Developer/Xcode/DerivedData/Web-fwpjudnzpysruxaxmvjywphkufup/Build/Products/Debug -Isystem /Applications/Xcode.app/Contents/Developer/Platforms/MacOSX.platform/Developer/usr/lib -F /Users/mali/Library/Developer/Xcode/DerivedData/Web-fwpjudnzpysruxaxmvjywphkufup/Build/Products/Debug/PackageFrameworks -F /Users/mali/Library/Developer/Xcode/DerivedData/Web-fwpjudnzpysruxaxmvjywphkufup/Build/Products/Debug/PackageFrameworks -F /Users/mali/Library/Developer/Xcode/DerivedData/Web-fwpjudnzpysruxaxmvjywphkufup/Build/Products/Debug -F /Applications/Xcode.app/Contents/Developer/Platforms/MacOSX.platform/Developer/Library/Frameworks -c -j8 -enable-batch-mode -incremental -Xcc -ivfsstatcache -Xcc /Users/mali/Library/Developer/Xcode/DerivedData/SDKStatCaches.noindex/macosx26.1-25B74-3885c01c3e6b6a337905948deab2002e3ae1261907bdadc328169391a47051a6.sdkstatcache -output-file-map /Users/mali/Library/Developer/Xcode/DerivedData/Web-fwpjudnzpysruxaxmvjywphkufup/Build/Intermediates.noindex/Jinja.build/Debug/Jinja.build/Objects-normal/arm64/Jinja-OutputFileMap.json -use-frontend-parseable-output -save-temps -no-color-diagnostics -explicit-module-build -module-cache-path /Users/mali/Library/Developer/Xcode/DerivedData/Web-fwpjudnzpysruxaxmvjywphkufup/Build/Intermediates.noindex/SwiftExplicitPrecompiledModules -clang-scanner-module-cache-path /Users/mali/Library/Developer/Xcode/DerivedData/ModuleCache.noindex -sdk-module-cache-path /Users/mali/Library/Developer/Xcode/DerivedData/ModuleCache.noindex -serialize-diagnostics -emit-dependencies -emit-module -emit-module-path /Users/mali/Library/Developer/Xcode/DerivedData/Web-fwpjudnzpysruxaxmvjywphkufup/Build/Intermediates.noindex/Jinja.build/Debug/Jinja.build/Objects-normal/arm64/Jinja.swiftmodule -validate-clang-modules-once -clang-build-session-file /Users/mali/Library/Developer/Xcode/DerivedData/ModuleCache.noindex/Session.modulevalidation -Xcc -I/Users/mali/Library/Developer/Xcode/DerivedData/Web-fwpjudnzpysruxaxmvjywphkufup/Build/Intermediates.noindex/Jinja.build/Debug/Jinja.build/swift-overrides.hmap -emit-const-values -Xfrontend -const-gather-protocols-file -Xfrontend /Users/mali/Library/Developer/Xcode/DerivedData/Web-fwpjudnzpysruxaxmvjywphkufup/Build/Intermediates.noindex/Jinja.build/Debug/Jinja.build/Objects-normal/arm64/Jinja_const_extract_protocols.json -Xcc -I/Users/mali/Library/Developer/Xcode/DerivedData/Web-fwpjudnzpysruxaxmvjywphkufup/Build/Products/Debug/include -Xcc -I/Users/mali/Library/Developer/Xcode/DerivedData/Web-fwpjudnzpysruxaxmvjywphkufup/Build/Intermediates.noindex/Jinja.build/Debug/Jinja.build/DerivedSources-normal/arm64 -Xcc -I/Users/mali/Library/Developer/Xcode/DerivedData/Web-fwpjudnzpysruxaxmvjywphkufup/Build/Intermediates.noindex/Jinja.build/Debug/Jinja.build/DerivedSources/arm64 -Xcc -I/Users/mali/Library/Developer/Xcode/DerivedData/Web-fwpjudnzpysruxaxmvjywphkufup/Build/Intermediates.noindex/Jinja.build/Debug/Jinja.build/DerivedSources -Xcc -DSWIFT_PACKAGE -Xcc -DDEBUG\=1 -emit-objc-header -emit-objc-header-path /Users/mali/Library/Developer/Xcode/DerivedData/Web-fwpjudnzpysruxaxmvjywphkufup/Build/Intermediates.noindex/Jinja.build/Debug/Jinja.build/Objects-normal/arm64/Jinja-Swift.h -working-directory /Users/mali/dev/Web/Web.xcodeproj -experimental-emit-module-separately -disable-cmo

SwiftMergeGeneratedHeaders /Users/mali/Library/Developer/Xcode/DerivedData/Web-fwpjudnzpysruxaxmvjywphkufup/Build/Intermediates.noindex/GeneratedModuleMaps/Jinja-Swift.h /Users/mali/Library/Developer/Xcode/DerivedData/Web-fwpjudnzpysruxaxmvjywphkufup/Build/Intermediates.noindex/Jinja.build/Debug/Jinja.build/Objects-normal/arm64/Jinja-Swift.h (in target 'Jinja' from project 'Jinja')
    cd /Users/mali/Library/Developer/Xcode/DerivedData/Web-fwpjudnzpysruxaxmvjywphkufup/SourcePackages/checkouts/Jinja
    builtin-swiftHeaderTool -arch arm64 /Users/mali/Library/Developer/Xcode/DerivedData/Web-fwpjudnzpysruxaxmvjywphkufup/Build/Intermediates.noindex/Jinja.build/Debug/Jinja.build/Objects-normal/arm64/Jinja-Swift.h -o /Users/mali/Library/Developer/Xcode/DerivedData/Web-fwpjudnzpysruxaxmvjywphkufup/Build/Intermediates.noindex/GeneratedModuleMaps/Jinja-Swift.h

RegisterExecutionPolicyException /Users/mali/Library/Developer/Xcode/DerivedData/Web-fwpjudnzpysruxaxmvjywphkufup/Build/Products/Debug/OrderedCollections.o (in target 'OrderedCollections' from project 'swift-collections')
    cd /Users/mali/Library/Developer/Xcode/DerivedData/Web-fwpjudnzpysruxaxmvjywphkufup/SourcePackages/checkouts/swift-collections
    builtin-RegisterExecutionPolicyException /Users/mali/Library/Developer/Xcode/DerivedData/Web-fwpjudnzpysruxaxmvjywphkufup/Build/Products/Debug/OrderedCollections.o

SwiftDriver Tokenizers normal arm64 com.apple.xcode.tools.swift.compiler (in target 'Tokenizers' from project 'swift-transformers')
    cd /Users/mali/dev/Web/Web.xcodeproj
    builtin-SwiftDriver -- /Applications/Xcode.app/Contents/Developer/Toolchains/XcodeDefault.xctoolchain/usr/bin/swiftc -module-name Tokenizers -Onone -enforce-exclusivity\=checked @/Users/mali/Library/Developer/Xcode/DerivedData/Web-fwpjudnzpysruxaxmvjywphkufup/Build/Intermediates.noindex/swift-transformers.build/Debug/Tokenizers.build/Objects-normal/arm64/Tokenizers.SwiftFileList -DSWIFT_PACKAGE -DDEBUG -DSWIFT_MODULE_RESOURCE_BUNDLE_UNAVAILABLE -DXcode -plugin-path /Applications/Xcode.app/Contents/Developer/Toolchains/XcodeDefault.xctoolchain/usr/lib/swift/host/plugins/testing -enable-experimental-feature DebugDescriptionMacro -sdk /Applications/Xcode.app/Contents/Developer/Platforms/MacOSX.platform/Developer/SDKs/MacOSX26.1.sdk -target arm64-apple-macos13.0 -g -module-cache-path /Users/mali/Library/Developer/Xcode/DerivedData/ModuleCache.noindex -Xfrontend -serialize-debugging-options -profile-coverage-mapping -profile-generate -enable-testing -suppress-warnings -index-store-path /Users/mali/Library/Developer/Xcode/DerivedData/Web-fwpjudnzpysruxaxmvjywphkufup/Index.noindex/DataStore -Xcc -D_LIBCPP_HARDENING_MODE\=_LIBCPP_HARDENING_MODE_DEBUG -swift-version 5 -I /Users/mali/Library/Developer/Xcode/DerivedData/Web-fwpjudnzpysruxaxmvjywphkufup/Build/Products/Debug -Isystem /Applications/Xcode.app/Contents/Developer/Platforms/MacOSX.platform/Developer/usr/lib -F /Users/mali/Library/Developer/Xcode/DerivedData/Web-fwpjudnzpysruxaxmvjywphkufup/Build/Products/Debug/PackageFrameworks -F /Users/mali/Library/Developer/Xcode/DerivedData/Web-fwpjudnzpysruxaxmvjywphkufup/Build/Products/Debug/PackageFrameworks -F /Users/mali/Library/Developer/Xcode/DerivedData/Web-fwpjudnzpysruxaxmvjywphkufup/Build/Products/Debug/PackageFrameworks -F /Users/mali/Library/Developer/Xcode/DerivedData/Web-fwpjudnzpysruxaxmvjywphkufup/Build/Products/Debug/PackageFrameworks -F /Users/mali/Library/Developer/Xcode/DerivedData/Web-fwpjudnzpysruxaxmvjywphkufup/Build/Products/Debug -F /Applications/Xcode.app/Contents/Developer/Platforms/MacOSX.platform/Developer/Library/Frameworks -c -j8 -enable-batch-mode -incremental -Xcc -ivfsstatcache -Xcc /Users/mali/Library/Developer/Xcode/DerivedData/SDKStatCaches.noindex/macosx26.1-25B74-3885c01c3e6b6a337905948deab2002e3ae1261907bdadc328169391a47051a6.sdkstatcache -output-file-map /Users/mali/Library/Developer/Xcode/DerivedData/Web-fwpjudnzpysruxaxmvjywphkufup/Build/Intermediates.noindex/swift-transformers.build/Debug/Tokenizers.build/Objects-normal/arm64/Tokenizers-OutputFileMap.json -use-frontend-parseable-output -save-temps -no-color-diagnostics -explicit-module-build -module-cache-path /Users/mali/Library/Developer/Xcode/DerivedData/Web-fwpjudnzpysruxaxmvjywphkufup/Build/Intermediates.noindex/SwiftExplicitPrecompiledModules -clang-scanner-module-cache-path /Users/mali/Library/Developer/Xcode/DerivedData/ModuleCache.noindex -sdk-module-cache-path /Users/mali/Library/Developer/Xcode/DerivedData/ModuleCache.noindex -serialize-diagnostics -emit-dependencies -emit-module -emit-module-path /Users/mali/Library/Developer/Xcode/DerivedData/Web-fwpjudnzpysruxaxmvjywphkufup/Build/Intermediates.noindex/swift-transformers.build/Debug/Tokenizers.build/Objects-normal/arm64/Tokenizers.swiftmodule -validate-clang-modules-once -clang-build-session-file /Users/mali/Library/Developer/Xcode/DerivedData/ModuleCache.noindex/Session.modulevalidation -Xcc -I/Users/mali/Library/Developer/Xcode/DerivedData/Web-fwpjudnzpysruxaxmvjywphkufup/Build/Intermediates.noindex/swift-transformers.build/Debug/Tokenizers.build/swift-overrides.hmap -emit-const-values -Xfrontend -const-gather-protocols-file -Xfrontend /Users/mali/Library/Developer/Xcode/DerivedData/Web-fwpjudnzpysruxaxmvjywphkufup/Build/Intermediates.noindex/swift-transformers.build/Debug/Tokenizers.build/Objects-normal/arm64/Tokenizers_const_extract_protocols.json -Xcc -I/Users/mali/Library/Developer/Xcode/DerivedData/Web-fwpjudnzpysruxaxmvjywphkufup/Build/Products/Debug/include -Xcc -I/Users/mali/Library/Developer/Xcode/DerivedData/Web-fwpjudnzpysruxaxmvjywphkufup/Build/Intermediates.noindex/swift-transformers.build/Debug/Tokenizers.build/DerivedSources-normal/arm64 -Xcc -I/Users/mali/Library/Developer/Xcode/DerivedData/Web-fwpjudnzpysruxaxmvjywphkufup/Build/Intermediates.noindex/swift-transformers.build/Debug/Tokenizers.build/DerivedSources/arm64 -Xcc -I/Users/mali/Library/Developer/Xcode/DerivedData/Web-fwpjudnzpysruxaxmvjywphkufup/Build/Intermediates.noindex/swift-transformers.build/Debug/Tokenizers.build/DerivedSources -Xcc -DSWIFT_PACKAGE -Xcc -DDEBUG\=1 -emit-objc-header -emit-objc-header-path /Users/mali/Library/Developer/Xcode/DerivedData/Web-fwpjudnzpysruxaxmvjywphkufup/Build/Intermediates.noindex/swift-transformers.build/Debug/Tokenizers.build/Objects-normal/arm64/Tokenizers-Swift.h -working-directory /Users/mali/dev/Web/Web.xcodeproj -experimental-emit-module-separately -disable-cmo

Ld /Users/mali/Library/Developer/Xcode/DerivedData/Web-fwpjudnzpysruxaxmvjywphkufup/Build/Products/Debug/Jinja.o normal (in target 'Jinja' from project 'Jinja')
    cd /Users/mali/Library/Developer/Xcode/DerivedData/Web-fwpjudnzpysruxaxmvjywphkufup/SourcePackages/checkouts/Jinja
    /Applications/Xcode.app/Contents/Developer/Toolchains/XcodeDefault.xctoolchain/usr/bin/clang -Xlinker -reproducible -target arm64-apple-macos13.0 -r -isysroot /Applications/Xcode.app/Contents/Developer/Platforms/MacOSX.platform/Developer/SDKs/MacOSX26.1.sdk -O0 -w -L/Users/mali/Library/Developer/Xcode/DerivedData/Web-fwpjudnzpysruxaxmvjywphkufup/Build/Intermediates.noindex/EagerLinkingTBDs/Debug -L/Users/mali/Library/Developer/Xcode/DerivedData/Web-fwpjudnzpysruxaxmvjywphkufup/Build/Products/Debug -L/Applications/Xcode.app/Contents/Developer/Platforms/MacOSX.platform/Developer/usr/lib -F/Users/mali/Library/Developer/Xcode/DerivedData/Web-fwpjudnzpysruxaxmvjywphkufup/Build/Intermediates.noindex/EagerLinkingTBDs/Debug -F/Users/mali/Library/Developer/Xcode/DerivedData/Web-fwpjudnzpysruxaxmvjywphkufup/Build/Products/Debug/PackageFrameworks -F/Users/mali/Library/Developer/Xcode/DerivedData/Web-fwpjudnzpysruxaxmvjywphkufup/Build/Products/Debug/PackageFrameworks -F/Users/mali/Library/Developer/Xcode/DerivedData/Web-fwpjudnzpysruxaxmvjywphkufup/Build/Products/Debug -iframework /Applications/Xcode.app/Contents/Developer/Platforms/MacOSX.platform/Developer/Library/Frameworks -filelist /Users/mali/Library/Developer/Xcode/DerivedData/Web-fwpjudnzpysruxaxmvjywphkufup/Build/Intermediates.noindex/Jinja.build/Debug/Jinja.build/Objects-normal/arm64/Jinja.LinkFileList -nostdlib -Xlinker -object_path_lto -Xlinker /Users/mali/Library/Developer/Xcode/DerivedData/Web-fwpjudnzpysruxaxmvjywphkufup/Build/Intermediates.noindex/Jinja.build/Debug/Jinja.build/Objects-normal/arm64/Jinja_lto.o -rdynamic -Xlinker -no_deduplicate -Xlinker -debug_variant -Xlinker -dependency_info -Xlinker /Users/mali/Library/Developer/Xcode/DerivedData/Web-fwpjudnzpysruxaxmvjywphkufup/Build/Intermediates.noindex/Jinja.build/Debug/Jinja.build/Objects-normal/arm64/Jinja_dependency_info.dat -fobjc-link-runtime -L/Applications/Xcode.app/Contents/Developer/Toolchains/XcodeDefault.xctoolchain/usr/lib/swift/macosx -L/usr/lib/swift -Xlinker -add_ast_path -Xlinker /Users/mali/Library/Developer/Xcode/DerivedData/Web-fwpjudnzpysruxaxmvjywphkufup/Build/Intermediates.noindex/Jinja.build/Debug/Jinja.build/Objects-normal/arm64/Jinja.swiftmodule @/Users/mali/Library/Developer/Xcode/DerivedData/Web-fwpjudnzpysruxaxmvjywphkufup/Build/Intermediates.noindex/Jinja.build/Debug/Jinja.build/Objects-normal/arm64/Jinja-linker-args.resp -o /Users/mali/Library/Developer/Xcode/DerivedData/Web-fwpjudnzpysruxaxmvjywphkufup/Build/Products/Debug/Jinja.o

ExtractAppIntentsMetadata (in target 'Jinja' from project 'Jinja')
    cd /Users/mali/Library/Developer/Xcode/DerivedData/Web-fwpjudnzpysruxaxmvjywphkufup/SourcePackages/checkouts/Jinja
    /Applications/Xcode.app/Contents/Developer/Toolchains/XcodeDefault.xctoolchain/usr/bin/appintentsmetadataprocessor --toolchain-dir /var/run/com.apple.security.cryptexd/mnt/com.apple.MobileAsset.MetalToolchain-v17.2.54.0.910oNh/Metal.xctoolchain --module-name Jinja --sdk-root /Applications/Xcode.app/Contents/Developer/Platforms/MacOSX.platform/Developer/SDKs/MacOSX26.1.sdk --xcode-version 17B100 --platform-family macOS --deployment-target 13.0 --bundle-identifier jinja.Jinja --output /Users/mali/Library/Developer/Xcode/DerivedData/Web-fwpjudnzpysruxaxmvjywphkufup/Build/Products/Debug/Jinja.appintents --target-triple arm64-apple-macos13.0 --binary-file /Users/mali/Library/Developer/Xcode/DerivedData/Web-fwpjudnzpysruxaxmvjywphkufup/Build/Products/Debug/Jinja.o --dependency-file /Users/mali/Library/Developer/Xcode/DerivedData/Web-fwpjudnzpysruxaxmvjywphkufup/Build/Intermediates.noindex/Jinja.build/Debug/Jinja.build/Objects-normal/arm64/Jinja_dependency_info.dat --stringsdata-file /Users/mali/Library/Developer/Xcode/DerivedData/Web-fwpjudnzpysruxaxmvjywphkufup/Build/Intermediates.noindex/Jinja.build/Debug/Jinja.build/Objects-normal/arm64/ExtractedAppShortcutsMetadata.stringsdata --source-file-list /Users/mali/Library/Developer/Xcode/DerivedData/Web-fwpjudnzpysruxaxmvjywphkufup/Build/Intermediates.noindex/Jinja.build/Debug/Jinja.build/Objects-normal/arm64/Jinja.SwiftFileList --metadata-file-list /Users/mali/Library/Developer/Xcode/DerivedData/Web-fwpjudnzpysruxaxmvjywphkufup/Build/Intermediates.noindex/Jinja.build/Debug/Jinja.build/Jinja.DependencyMetadataFileList --static-metadata-file-list /Users/mali/Library/Developer/Xcode/DerivedData/Web-fwpjudnzpysruxaxmvjywphkufup/Build/Intermediates.noindex/Jinja.build/Debug/Jinja.build/Jinja.DependencyStaticMetadataFileList --swift-const-vals-list /Users/mali/Library/Developer/Xcode/DerivedData/Web-fwpjudnzpysruxaxmvjywphkufup/Build/Intermediates.noindex/Jinja.build/Debug/Jinja.build/Objects-normal/arm64/Jinja.SwiftConstValuesFileList --force --compile-time-extraction --deployment-aware-processing --validate-assistant-intents --no-app-shortcuts-localization
2026-02-01 04:53:28.680 appintentsmetadataprocessor[19912:1339535] Starting appintentsmetadataprocessor export
2026-02-01 04:53:29.339 appintentsmetadataprocessor[19912:1339535] Extracted no relevant App Intents symbols, skipping writing output

SwiftDriver\ Compilation\ Requirements MLXLinalg normal arm64 com.apple.xcode.tools.swift.compiler (in target 'MLXLinalg' from project 'mlx-swift')
    cd /Users/mali/dev/Web/Web.xcodeproj
    builtin-Swift-Compilation-Requirements -- /Applications/Xcode.app/Contents/Developer/Toolchains/XcodeDefault.xctoolchain/usr/bin/swiftc -module-name MLXLinalg -Onone -enforce-exclusivity\=checked @/Users/mali/Library/Developer/Xcode/DerivedData/Web-fwpjudnzpysruxaxmvjywphkufup/Build/Intermediates.noindex/mlx-swift.build/Debug/MLXLinalg.build/Objects-normal/arm64/MLXLinalg.SwiftFileList -DSWIFT_PACKAGE -DDEBUG -DSWIFT_MODULE_RESOURCE_BUNDLE_UNAVAILABLE -DXcode -enable-experimental-feature StrictConcurrency -plugin-path /Applications/Xcode.app/Contents/Developer/Toolchains/XcodeDefault.xctoolchain/usr/lib/swift/host/plugins/testing -enable-experimental-feature DebugDescriptionMacro -sdk /Applications/Xcode.app/Contents/Developer/Platforms/MacOSX.platform/Developer/SDKs/MacOSX26.1.sdk -target arm64-apple-macos13.3 -g -module-cache-path /Users/mali/Library/Developer/Xcode/DerivedData/ModuleCache.noindex -Xfrontend -serialize-debugging-options -profile-coverage-mapping -profile-generate -enable-testing -suppress-warnings -index-store-path /Users/mali/Library/Developer/Xcode/DerivedData/Web-fwpjudnzpysruxaxmvjywphkufup/Index.noindex/DataStore -Xcc -D_LIBCPP_HARDENING_MODE\=_LIBCPP_HARDENING_MODE_DEBUG -swift-version 5 -I /Users/mali/Library/Developer/Xcode/DerivedData/Web-fwpjudnzpysruxaxmvjywphkufup/Build/Products/Debug -Isystem /Applications/Xcode.app/Contents/Developer/Platforms/MacOSX.platform/Developer/usr/lib -F /Users/mali/Library/Developer/Xcode/DerivedData/Web-fwpjudnzpysruxaxmvjywphkufup/Build/Products/Debug/PackageFrameworks -F /Users/mali/Library/Developer/Xcode/DerivedData/Web-fwpjudnzpysruxaxmvjywphkufup/Build/Products/Debug/PackageFrameworks -F /Users/mali/Library/Developer/Xcode/DerivedData/Web-fwpjudnzpysruxaxmvjywphkufup/Build/Products/Debug/PackageFrameworks -F /Users/mali/Library/Developer/Xcode/DerivedData/Web-fwpjudnzpysruxaxmvjywphkufup/Build/Products/Debug/PackageFrameworks -F /Users/mali/Library/Developer/Xcode/DerivedData/Web-fwpjudnzpysruxaxmvjywphkufup/Build/Products/Debug/PackageFrameworks -F /Users/mali/Library/Developer/Xcode/DerivedData/Web-fwpjudnzpysruxaxmvjywphkufup/Build/Products/Debug/PackageFrameworks -F /Users/mali/Library/Developer/Xcode/DerivedData/Web-fwpjudnzpysruxaxmvjywphkufup/Build/Products/Debug -F /Applications/Xcode.app/Contents/Developer/Platforms/MacOSX.platform/Developer/Library/Frameworks -parse-as-library -c -j8 -enable-batch-mode -incremental -Xcc -ivfsstatcache -Xcc /Users/mali/Library/Developer/Xcode/DerivedData/SDKStatCaches.noindex/macosx26.1-25B74-3885c01c3e6b6a337905948deab2002e3ae1261907bdadc328169391a47051a6.sdkstatcache -output-file-map /Users/mali/Library/Developer/Xcode/DerivedData/Web-fwpjudnzpysruxaxmvjywphkufup/Build/Intermediates.noindex/mlx-swift.build/Debug/MLXLinalg.build/Objects-normal/arm64/MLXLinalg-OutputFileMap.json -use-frontend-parseable-output -save-temps -no-color-diagnostics -explicit-module-build -module-cache-path /Users/mali/Library/Developer/Xcode/DerivedData/Web-fwpjudnzpysruxaxmvjywphkufup/Build/Intermediates.noindex/SwiftExplicitPrecompiledModules -clang-scanner-module-cache-path /Users/mali/Library/Developer/Xcode/DerivedData/ModuleCache.noindex -sdk-module-cache-path /Users/mali/Library/Developer/Xcode/DerivedData/ModuleCache.noindex -serialize-diagnostics -emit-dependencies -emit-module -emit-module-path /Users/mali/Library/Developer/Xcode/DerivedData/Web-fwpjudnzpysruxaxmvjywphkufup/Build/Intermediates.noindex/mlx-swift.build/Debug/MLXLinalg.build/Objects-normal/arm64/MLXLinalg.swiftmodule -validate-clang-modules-once -clang-build-session-file /Users/mali/Library/Developer/Xcode/DerivedData/ModuleCache.noindex/Session.modulevalidation -package-name mlx_swift -Xcc -I/Users/mali/Library/Developer/Xcode/DerivedData/Web-fwpjudnzpysruxaxmvjywphkufup/Build/Intermediates.noindex/mlx-swift.build/Debug/MLXLinalg.build/swift-overrides.hmap -emit-const-values -Xfrontend -const-gather-protocols-file -Xfrontend /Users/mali/Library/Developer/Xcode/DerivedData/Web-fwpjudnzpysruxaxmvjywphkufup/Build/Intermediates.noindex/mlx-swift.build/Debug/MLXLinalg.build/Objects-normal/arm64/MLXLinalg_const_extract_protocols.json -Xcc -I/Users/mali/Library/Developer/Xcode/DerivedData/Web-fwpjudnzpysruxaxmvjywphkufup/SourcePackages/checkouts/swift-numerics/Sources/_NumericsShims/include -Xcc -I/Users/mali/Library/Developer/Xcode/DerivedData/Web-fwpjudnzpysruxaxmvjywphkufup/SourcePackages/checkouts/mlx-swift/Source/Cmlx/include -Xcc -I/Users/mali/Library/Developer/Xcode/DerivedData/Web-fwpjudnzpysruxaxmvjywphkufup/Build/Products/Debug/include -Xcc -I/Users/mali/Library/Developer/Xcode/DerivedData/Web-fwpjudnzpysruxaxmvjywphkufup/Build/Intermediates.noindex/mlx-swift.build/Debug/MLXLinalg.build/DerivedSources-normal/arm64 -Xcc -I/Users/mali/Library/Developer/Xcode/DerivedData/Web-fwpjudnzpysruxaxmvjywphkufup/Build/Intermediates.noindex/mlx-swift.build/Debug/MLXLinalg.build/DerivedSources/arm64 -Xcc -I/Users/mali/Library/Developer/Xcode/DerivedData/Web-fwpjudnzpysruxaxmvjywphkufup/Build/Intermediates.noindex/mlx-swift.build/Debug/MLXLinalg.build/DerivedSources -Xcc -DSWIFT_PACKAGE -Xcc -DDEBUG\=1 -emit-objc-header -emit-objc-header-path /Users/mali/Library/Developer/Xcode/DerivedData/Web-fwpjudnzpysruxaxmvjywphkufup/Build/Intermediates.noindex/mlx-swift.build/Debug/MLXLinalg.build/Objects-normal/arm64/MLXLinalg-Swift.h -working-directory /Users/mali/dev/Web/Web.xcodeproj -experimental-emit-module-separately -disable-cmo

SwiftDriver\ Compilation MLXLinalg normal arm64 com.apple.xcode.tools.swift.compiler (in target 'MLXLinalg' from project 'mlx-swift')
    cd /Users/mali/dev/Web/Web.xcodeproj
    builtin-Swift-Compilation -- /Applications/Xcode.app/Contents/Developer/Toolchains/XcodeDefault.xctoolchain/usr/bin/swiftc -module-name MLXLinalg -Onone -enforce-exclusivity\=checked @/Users/mali/Library/Developer/Xcode/DerivedData/Web-fwpjudnzpysruxaxmvjywphkufup/Build/Intermediates.noindex/mlx-swift.build/Debug/MLXLinalg.build/Objects-normal/arm64/MLXLinalg.SwiftFileList -DSWIFT_PACKAGE -DDEBUG -DSWIFT_MODULE_RESOURCE_BUNDLE_UNAVAILABLE -DXcode -enable-experimental-feature StrictConcurrency -plugin-path /Applications/Xcode.app/Contents/Developer/Toolchains/XcodeDefault.xctoolchain/usr/lib/swift/host/plugins/testing -enable-experimental-feature DebugDescriptionMacro -sdk /Applications/Xcode.app/Contents/Developer/Platforms/MacOSX.platform/Developer/SDKs/MacOSX26.1.sdk -target arm64-apple-macos13.3 -g -module-cache-path /Users/mali/Library/Developer/Xcode/DerivedData/ModuleCache.noindex -Xfrontend -serialize-debugging-options -profile-coverage-mapping -profile-generate -enable-testing -suppress-warnings -index-store-path /Users/mali/Library/Developer/Xcode/DerivedData/Web-fwpjudnzpysruxaxmvjywphkufup/Index.noindex/DataStore -Xcc -D_LIBCPP_HARDENING_MODE\=_LIBCPP_HARDENING_MODE_DEBUG -swift-version 5 -I /Users/mali/Library/Developer/Xcode/DerivedData/Web-fwpjudnzpysruxaxmvjywphkufup/Build/Products/Debug -Isystem /Applications/Xcode.app/Contents/Developer/Platforms/MacOSX.platform/Developer/usr/lib -F /Users/mali/Library/Developer/Xcode/DerivedData/Web-fwpjudnzpysruxaxmvjywphkufup/Build/Products/Debug/PackageFrameworks -F /Users/mali/Library/Developer/Xcode/DerivedData/Web-fwpjudnzpysruxaxmvjywphkufup/Build/Products/Debug/PackageFrameworks -F /Users/mali/Library/Developer/Xcode/DerivedData/Web-fwpjudnzpysruxaxmvjywphkufup/Build/Products/Debug/PackageFrameworks -F /Users/mali/Library/Developer/Xcode/DerivedData/Web-fwpjudnzpysruxaxmvjywphkufup/Build/Products/Debug/PackageFrameworks -F /Users/mali/Library/Developer/Xcode/DerivedData/Web-fwpjudnzpysruxaxmvjywphkufup/Build/Products/Debug/PackageFrameworks -F /Users/mali/Library/Developer/Xcode/DerivedData/Web-fwpjudnzpysruxaxmvjywphkufup/Build/Products/Debug/PackageFrameworks -F /Users/mali/Library/Developer/Xcode/DerivedData/Web-fwpjudnzpysruxaxmvjywphkufup/Build/Products/Debug -F /Applications/Xcode.app/Contents/Developer/Platforms/MacOSX.platform/Developer/Library/Frameworks -parse-as-library -c -j8 -enable-batch-mode -incremental -Xcc -ivfsstatcache -Xcc /Users/mali/Library/Developer/Xcode/DerivedData/SDKStatCaches.noindex/macosx26.1-25B74-3885c01c3e6b6a337905948deab2002e3ae1261907bdadc328169391a47051a6.sdkstatcache -output-file-map /Users/mali/Library/Developer/Xcode/DerivedData/Web-fwpjudnzpysruxaxmvjywphkufup/Build/Intermediates.noindex/mlx-swift.build/Debug/MLXLinalg.build/Objects-normal/arm64/MLXLinalg-OutputFileMap.json -use-frontend-parseable-output -save-temps -no-color-diagnostics -explicit-module-build -module-cache-path /Users/mali/Library/Developer/Xcode/DerivedData/Web-fwpjudnzpysruxaxmvjywphkufup/Build/Intermediates.noindex/SwiftExplicitPrecompiledModules -clang-scanner-module-cache-path /Users/mali/Library/Developer/Xcode/DerivedData/ModuleCache.noindex -sdk-module-cache-path /Users/mali/Library/Developer/Xcode/DerivedData/ModuleCache.noindex -serialize-diagnostics -emit-dependencies -emit-module -emit-module-path /Users/mali/Library/Developer/Xcode/DerivedData/Web-fwpjudnzpysruxaxmvjywphkufup/Build/Intermediates.noindex/mlx-swift.build/Debug/MLXLinalg.build/Objects-normal/arm64/MLXLinalg.swiftmodule -validate-clang-modules-once -clang-build-session-file /Users/mali/Library/Developer/Xcode/DerivedData/ModuleCache.noindex/Session.modulevalidation -package-name mlx_swift -Xcc -I/Users/mali/Library/Developer/Xcode/DerivedData/Web-fwpjudnzpysruxaxmvjywphkufup/Build/Intermediates.noindex/mlx-swift.build/Debug/MLXLinalg.build/swift-overrides.hmap -emit-const-values -Xfrontend -const-gather-protocols-file -Xfrontend /Users/mali/Library/Developer/Xcode/DerivedData/Web-fwpjudnzpysruxaxmvjywphkufup/Build/Intermediates.noindex/mlx-swift.build/Debug/MLXLinalg.build/Objects-normal/arm64/MLXLinalg_const_extract_protocols.json -Xcc -I/Users/mali/Library/Developer/Xcode/DerivedData/Web-fwpjudnzpysruxaxmvjywphkufup/SourcePackages/checkouts/swift-numerics/Sources/_NumericsShims/include -Xcc -I/Users/mali/Library/Developer/Xcode/DerivedData/Web-fwpjudnzpysruxaxmvjywphkufup/SourcePackages/checkouts/mlx-swift/Source/Cmlx/include -Xcc -I/Users/mali/Library/Developer/Xcode/DerivedData/Web-fwpjudnzpysruxaxmvjywphkufup/Build/Products/Debug/include -Xcc -I/Users/mali/Library/Developer/Xcode/DerivedData/Web-fwpjudnzpysruxaxmvjywphkufup/Build/Intermediates.noindex/mlx-swift.build/Debug/MLXLinalg.build/DerivedSources-normal/arm64 -Xcc -I/Users/mali/Library/Developer/Xcode/DerivedData/Web-fwpjudnzpysruxaxmvjywphkufup/Build/Intermediates.noindex/mlx-swift.build/Debug/MLXLinalg.build/DerivedSources/arm64 -Xcc -I/Users/mali/Library/Developer/Xcode/DerivedData/Web-fwpjudnzpysruxaxmvjywphkufup/Build/Intermediates.noindex/mlx-swift.build/Debug/MLXLinalg.build/DerivedSources -Xcc -DSWIFT_PACKAGE -Xcc -DDEBUG\=1 -emit-objc-header -emit-objc-header-path /Users/mali/Library/Developer/Xcode/DerivedData/Web-fwpjudnzpysruxaxmvjywphkufup/Build/Intermediates.noindex/mlx-swift.build/Debug/MLXLinalg.build/Objects-normal/arm64/MLXLinalg-Swift.h -working-directory /Users/mali/dev/Web/Web.xcodeproj -experimental-emit-module-separately -disable-cmo

SwiftMergeGeneratedHeaders /Users/mali/Library/Developer/Xcode/DerivedData/Web-fwpjudnzpysruxaxmvjywphkufup/Build/Intermediates.noindex/GeneratedModuleMaps/MLXLinalg-Swift.h /Users/mali/Library/Developer/Xcode/DerivedData/Web-fwpjudnzpysruxaxmvjywphkufup/Build/Intermediates.noindex/mlx-swift.build/Debug/MLXLinalg.build/Objects-normal/arm64/MLXLinalg-Swift.h (in target 'MLXLinalg' from project 'mlx-swift')
    cd /Users/mali/Library/Developer/Xcode/DerivedData/Web-fwpjudnzpysruxaxmvjywphkufup/SourcePackages/checkouts/mlx-swift
    builtin-swiftHeaderTool -arch arm64 /Users/mali/Library/Developer/Xcode/DerivedData/Web-fwpjudnzpysruxaxmvjywphkufup/Build/Intermediates.noindex/mlx-swift.build/Debug/MLXLinalg.build/Objects-normal/arm64/MLXLinalg-Swift.h -o /Users/mali/Library/Developer/Xcode/DerivedData/Web-fwpjudnzpysruxaxmvjywphkufup/Build/Intermediates.noindex/GeneratedModuleMaps/MLXLinalg-Swift.h

SwiftDriver\ Compilation\ Requirements MLXFast normal arm64 com.apple.xcode.tools.swift.compiler (in target 'MLXFast' from project 'mlx-swift')
    cd /Users/mali/dev/Web/Web.xcodeproj
    builtin-Swift-Compilation-Requirements -- /Applications/Xcode.app/Contents/Developer/Toolchains/XcodeDefault.xctoolchain/usr/bin/swiftc -module-name MLXFast -Onone -enforce-exclusivity\=checked @/Users/mali/Library/Developer/Xcode/DerivedData/Web-fwpjudnzpysruxaxmvjywphkufup/Build/Intermediates.noindex/mlx-swift.build/Debug/MLXFast.build/Objects-normal/arm64/MLXFast.SwiftFileList -DSWIFT_PACKAGE -DDEBUG -DSWIFT_MODULE_RESOURCE_BUNDLE_UNAVAILABLE -DXcode -enable-experimental-feature StrictConcurrency -plugin-path /Applications/Xcode.app/Contents/Developer/Toolchains/XcodeDefault.xctoolchain/usr/lib/swift/host/plugins/testing -enable-experimental-feature DebugDescriptionMacro -sdk /Applications/Xcode.app/Contents/Developer/Platforms/MacOSX.platform/Developer/SDKs/MacOSX26.1.sdk -target arm64-apple-macos13.3 -g -module-cache-path /Users/mali/Library/Developer/Xcode/DerivedData/ModuleCache.noindex -Xfrontend -serialize-debugging-options -profile-coverage-mapping -profile-generate -enable-testing -suppress-warnings -index-store-path /Users/mali/Library/Developer/Xcode/DerivedData/Web-fwpjudnzpysruxaxmvjywphkufup/Index.noindex/DataStore -Xcc -D_LIBCPP_HARDENING_MODE\=_LIBCPP_HARDENING_MODE_DEBUG -swift-version 5 -I /Users/mali/Library/Developer/Xcode/DerivedData/Web-fwpjudnzpysruxaxmvjywphkufup/Build/Products/Debug -Isystem /Applications/Xcode.app/Contents/Developer/Platforms/MacOSX.platform/Developer/usr/lib -F /Users/mali/Library/Developer/Xcode/DerivedData/Web-fwpjudnzpysruxaxmvjywphkufup/Build/Products/Debug/PackageFrameworks -F /Users/mali/Library/Developer/Xcode/DerivedData/Web-fwpjudnzpysruxaxmvjywphkufup/Build/Products/Debug/PackageFrameworks -F /Users/mali/Library/Developer/Xcode/DerivedData/Web-fwpjudnzpysruxaxmvjywphkufup/Build/Products/Debug/PackageFrameworks -F /Users/mali/Library/Developer/Xcode/DerivedData/Web-fwpjudnzpysruxaxmvjywphkufup/Build/Products/Debug/PackageFrameworks -F /Users/mali/Library/Developer/Xcode/DerivedData/Web-fwpjudnzpysruxaxmvjywphkufup/Build/Products/Debug/PackageFrameworks -F /Users/mali/Library/Developer/Xcode/DerivedData/Web-fwpjudnzpysruxaxmvjywphkufup/Build/Products/Debug/PackageFrameworks -F /Users/mali/Library/Developer/Xcode/DerivedData/Web-fwpjudnzpysruxaxmvjywphkufup/Build/Products/Debug -F /Applications/Xcode.app/Contents/Developer/Platforms/MacOSX.platform/Developer/Library/Frameworks -c -j8 -enable-batch-mode -incremental -Xcc -ivfsstatcache -Xcc /Users/mali/Library/Developer/Xcode/DerivedData/SDKStatCaches.noindex/macosx26.1-25B74-3885c01c3e6b6a337905948deab2002e3ae1261907bdadc328169391a47051a6.sdkstatcache -output-file-map /Users/mali/Library/Developer/Xcode/DerivedData/Web-fwpjudnzpysruxaxmvjywphkufup/Build/Intermediates.noindex/mlx-swift.build/Debug/MLXFast.build/Objects-normal/arm64/MLXFast-OutputFileMap.json -use-frontend-parseable-output -save-temps -no-color-diagnostics -explicit-module-build -module-cache-path /Users/mali/Library/Developer/Xcode/DerivedData/Web-fwpjudnzpysruxaxmvjywphkufup/Build/Intermediates.noindex/SwiftExplicitPrecompiledModules -clang-scanner-module-cache-path /Users/mali/Library/Developer/Xcode/DerivedData/ModuleCache.noindex -sdk-module-cache-path /Users/mali/Library/Developer/Xcode/DerivedData/ModuleCache.noindex -serialize-diagnostics -emit-dependencies -emit-module -emit-module-path /Users/mali/Library/Developer/Xcode/DerivedData/Web-fwpjudnzpysruxaxmvjywphkufup/Build/Intermediates.noindex/mlx-swift.build/Debug/MLXFast.build/Objects-normal/arm64/MLXFast.swiftmodule -validate-clang-modules-once -clang-build-session-file /Users/mali/Library/Developer/Xcode/DerivedData/ModuleCache.noindex/Session.modulevalidation -package-name mlx_swift -Xcc -I/Users/mali/Library/Developer/Xcode/DerivedData/Web-fwpjudnzpysruxaxmvjywphkufup/Build/Intermediates.noindex/mlx-swift.build/Debug/MLXFast.build/swift-overrides.hmap -emit-const-values -Xfrontend -const-gather-protocols-file -Xfrontend /Users/mali/Library/Developer/Xcode/DerivedData/Web-fwpjudnzpysruxaxmvjywphkufup/Build/Intermediates.noindex/mlx-swift.build/Debug/MLXFast.build/Objects-normal/arm64/MLXFast_const_extract_protocols.json -Xcc -I/Users/mali/Library/Developer/Xcode/DerivedData/Web-fwpjudnzpysruxaxmvjywphkufup/SourcePackages/checkouts/swift-numerics/Sources/_NumericsShims/include -Xcc -I/Users/mali/Library/Developer/Xcode/DerivedData/Web-fwpjudnzpysruxaxmvjywphkufup/SourcePackages/checkouts/mlx-swift/Source/Cmlx/include -Xcc -I/Users/mali/Library/Developer/Xcode/DerivedData/Web-fwpjudnzpysruxaxmvjywphkufup/Build/Products/Debug/include -Xcc -I/Users/mali/Library/Developer/Xcode/DerivedData/Web-fwpjudnzpysruxaxmvjywphkufup/Build/Intermediates.noindex/mlx-swift.build/Debug/MLXFast.build/DerivedSources-normal/arm64 -Xcc -I/Users/mali/Library/Developer/Xcode/DerivedData/Web-fwpjudnzpysruxaxmvjywphkufup/Build/Intermediates.noindex/mlx-swift.build/Debug/MLXFast.build/DerivedSources/arm64 -Xcc -I/Users/mali/Library/Developer/Xcode/DerivedData/Web-fwpjudnzpysruxaxmvjywphkufup/Build/Intermediates.noindex/mlx-swift.build/Debug/MLXFast.build/DerivedSources -Xcc -DSWIFT_PACKAGE -Xcc -DDEBUG\=1 -emit-objc-header -emit-objc-header-path /Users/mali/Library/Developer/Xcode/DerivedData/Web-fwpjudnzpysruxaxmvjywphkufup/Build/Intermediates.noindex/mlx-swift.build/Debug/MLXFast.build/Objects-normal/arm64/MLXFast-Swift.h -working-directory /Users/mali/dev/Web/Web.xcodeproj -experimental-emit-module-separately -disable-cmo

SwiftDriver\ Compilation MLXFast normal arm64 com.apple.xcode.tools.swift.compiler (in target 'MLXFast' from project 'mlx-swift')
    cd /Users/mali/dev/Web/Web.xcodeproj
    builtin-Swift-Compilation -- /Applications/Xcode.app/Contents/Developer/Toolchains/XcodeDefault.xctoolchain/usr/bin/swiftc -module-name MLXFast -Onone -enforce-exclusivity\=checked @/Users/mali/Library/Developer/Xcode/DerivedData/Web-fwpjudnzpysruxaxmvjywphkufup/Build/Intermediates.noindex/mlx-swift.build/Debug/MLXFast.build/Objects-normal/arm64/MLXFast.SwiftFileList -DSWIFT_PACKAGE -DDEBUG -DSWIFT_MODULE_RESOURCE_BUNDLE_UNAVAILABLE -DXcode -enable-experimental-feature StrictConcurrency -plugin-path /Applications/Xcode.app/Contents/Developer/Toolchains/XcodeDefault.xctoolchain/usr/lib/swift/host/plugins/testing -enable-experimental-feature DebugDescriptionMacro -sdk /Applications/Xcode.app/Contents/Developer/Platforms/MacOSX.platform/Developer/SDKs/MacOSX26.1.sdk -target arm64-apple-macos13.3 -g -module-cache-path /Users/mali/Library/Developer/Xcode/DerivedData/ModuleCache.noindex -Xfrontend -serialize-debugging-options -profile-coverage-mapping -profile-generate -enable-testing -suppress-warnings -index-store-path /Users/mali/Library/Developer/Xcode/DerivedData/Web-fwpjudnzpysruxaxmvjywphkufup/Index.noindex/DataStore -Xcc -D_LIBCPP_HARDENING_MODE\=_LIBCPP_HARDENING_MODE_DEBUG -swift-version 5 -I /Users/mali/Library/Developer/Xcode/DerivedData/Web-fwpjudnzpysruxaxmvjywphkufup/Build/Products/Debug -Isystem /Applications/Xcode.app/Contents/Developer/Platforms/MacOSX.platform/Developer/usr/lib -F /Users/mali/Library/Developer/Xcode/DerivedData/Web-fwpjudnzpysruxaxmvjywphkufup/Build/Products/Debug/PackageFrameworks -F /Users/mali/Library/Developer/Xcode/DerivedData/Web-fwpjudnzpysruxaxmvjywphkufup/Build/Products/Debug/PackageFrameworks -F /Users/mali/Library/Developer/Xcode/DerivedData/Web-fwpjudnzpysruxaxmvjywphkufup/Build/Products/Debug/PackageFrameworks -F /Users/mali/Library/Developer/Xcode/DerivedData/Web-fwpjudnzpysruxaxmvjywphkufup/Build/Products/Debug/PackageFrameworks -F /Users/mali/Library/Developer/Xcode/DerivedData/Web-fwpjudnzpysruxaxmvjywphkufup/Build/Products/Debug/PackageFrameworks -F /Users/mali/Library/Developer/Xcode/DerivedData/Web-fwpjudnzpysruxaxmvjywphkufup/Build/Products/Debug/PackageFrameworks -F /Users/mali/Library/Developer/Xcode/DerivedData/Web-fwpjudnzpysruxaxmvjywphkufup/Build/Products/Debug -F /Applications/Xcode.app/Contents/Developer/Platforms/MacOSX.platform/Developer/Library/Frameworks -c -j8 -enable-batch-mode -incremental -Xcc -ivfsstatcache -Xcc /Users/mali/Library/Developer/Xcode/DerivedData/SDKStatCaches.noindex/macosx26.1-25B74-3885c01c3e6b6a337905948deab2002e3ae1261907bdadc328169391a47051a6.sdkstatcache -output-file-map /Users/mali/Library/Developer/Xcode/DerivedData/Web-fwpjudnzpysruxaxmvjywphkufup/Build/Intermediates.noindex/mlx-swift.build/Debug/MLXFast.build/Objects-normal/arm64/MLXFast-OutputFileMap.json -use-frontend-parseable-output -save-temps -no-color-diagnostics -explicit-module-build -module-cache-path /Users/mali/Library/Developer/Xcode/DerivedData/Web-fwpjudnzpysruxaxmvjywphkufup/Build/Intermediates.noindex/SwiftExplicitPrecompiledModules -clang-scanner-module-cache-path /Users/mali/Library/Developer/Xcode/DerivedData/ModuleCache.noindex -sdk-module-cache-path /Users/mali/Library/Developer/Xcode/DerivedData/ModuleCache.noindex -serialize-diagnostics -emit-dependencies -emit-module -emit-module-path /Users/mali/Library/Developer/Xcode/DerivedData/Web-fwpjudnzpysruxaxmvjywphkufup/Build/Intermediates.noindex/mlx-swift.build/Debug/MLXFast.build/Objects-normal/arm64/MLXFast.swiftmodule -validate-clang-modules-once -clang-build-session-file /Users/mali/Library/Developer/Xcode/DerivedData/ModuleCache.noindex/Session.modulevalidation -package-name mlx_swift -Xcc -I/Users/mali/Library/Developer/Xcode/DerivedData/Web-fwpjudnzpysruxaxmvjywphkufup/Build/Intermediates.noindex/mlx-swift.build/Debug/MLXFast.build/swift-overrides.hmap -emit-const-values -Xfrontend -const-gather-protocols-file -Xfrontend /Users/mali/Library/Developer/Xcode/DerivedData/Web-fwpjudnzpysruxaxmvjywphkufup/Build/Intermediates.noindex/mlx-swift.build/Debug/MLXFast.build/Objects-normal/arm64/MLXFast_const_extract_protocols.json -Xcc -I/Users/mali/Library/Developer/Xcode/DerivedData/Web-fwpjudnzpysruxaxmvjywphkufup/SourcePackages/checkouts/swift-numerics/Sources/_NumericsShims/include -Xcc -I/Users/mali/Library/Developer/Xcode/DerivedData/Web-fwpjudnzpysruxaxmvjywphkufup/SourcePackages/checkouts/mlx-swift/Source/Cmlx/include -Xcc -I/Users/mali/Library/Developer/Xcode/DerivedData/Web-fwpjudnzpysruxaxmvjywphkufup/Build/Products/Debug/include -Xcc -I/Users/mali/Library/Developer/Xcode/DerivedData/Web-fwpjudnzpysruxaxmvjywphkufup/Build/Intermediates.noindex/mlx-swift.build/Debug/MLXFast.build/DerivedSources-normal/arm64 -Xcc -I/Users/mali/Library/Developer/Xcode/DerivedData/Web-fwpjudnzpysruxaxmvjywphkufup/Build/Intermediates.noindex/mlx-swift.build/Debug/MLXFast.build/DerivedSources/arm64 -Xcc -I/Users/mali/Library/Developer/Xcode/DerivedData/Web-fwpjudnzpysruxaxmvjywphkufup/Build/Intermediates.noindex/mlx-swift.build/Debug/MLXFast.build/DerivedSources -Xcc -DSWIFT_PACKAGE -Xcc -DDEBUG\=1 -emit-objc-header -emit-objc-header-path /Users/mali/Library/Developer/Xcode/DerivedData/Web-fwpjudnzpysruxaxmvjywphkufup/Build/Intermediates.noindex/mlx-swift.build/Debug/MLXFast.build/Objects-normal/arm64/MLXFast-Swift.h -working-directory /Users/mali/dev/Web/Web.xcodeproj -experimental-emit-module-separately -disable-cmo

SwiftMergeGeneratedHeaders /Users/mali/Library/Developer/Xcode/DerivedData/Web-fwpjudnzpysruxaxmvjywphkufup/Build/Intermediates.noindex/GeneratedModuleMaps/MLXFast-Swift.h /Users/mali/Library/Developer/Xcode/DerivedData/Web-fwpjudnzpysruxaxmvjywphkufup/Build/Intermediates.noindex/mlx-swift.build/Debug/MLXFast.build/Objects-normal/arm64/MLXFast-Swift.h (in target 'MLXFast' from project 'mlx-swift')
    cd /Users/mali/Library/Developer/Xcode/DerivedData/Web-fwpjudnzpysruxaxmvjywphkufup/SourcePackages/checkouts/mlx-swift
    builtin-swiftHeaderTool -arch arm64 /Users/mali/Library/Developer/Xcode/DerivedData/Web-fwpjudnzpysruxaxmvjywphkufup/Build/Intermediates.noindex/mlx-swift.build/Debug/MLXFast.build/Objects-normal/arm64/MLXFast-Swift.h -o /Users/mali/Library/Developer/Xcode/DerivedData/Web-fwpjudnzpysruxaxmvjywphkufup/Build/Intermediates.noindex/GeneratedModuleMaps/MLXFast-Swift.h

SwiftDriver\ Compilation MLXRandom normal arm64 com.apple.xcode.tools.swift.compiler (in target 'MLXRandom' from project 'mlx-swift')
    cd /Users/mali/dev/Web/Web.xcodeproj
    builtin-Swift-Compilation -- /Applications/Xcode.app/Contents/Developer/Toolchains/XcodeDefault.xctoolchain/usr/bin/swiftc -module-name MLXRandom -Onone -enforce-exclusivity\=checked @/Users/mali/Library/Developer/Xcode/DerivedData/Web-fwpjudnzpysruxaxmvjywphkufup/Build/Intermediates.noindex/mlx-swift.build/Debug/MLXRandom.build/Objects-normal/arm64/MLXRandom.SwiftFileList -DSWIFT_PACKAGE -DDEBUG -DSWIFT_MODULE_RESOURCE_BUNDLE_UNAVAILABLE -DXcode -enable-experimental-feature StrictConcurrency -plugin-path /Applications/Xcode.app/Contents/Developer/Toolchains/XcodeDefault.xctoolchain/usr/lib/swift/host/plugins/testing -enable-experimental-feature DebugDescriptionMacro -sdk /Applications/Xcode.app/Contents/Developer/Platforms/MacOSX.platform/Developer/SDKs/MacOSX26.1.sdk -target arm64-apple-macos13.3 -g -module-cache-path /Users/mali/Library/Developer/Xcode/DerivedData/ModuleCache.noindex -Xfrontend -serialize-debugging-options -profile-coverage-mapping -profile-generate -enable-testing -suppress-warnings -index-store-path /Users/mali/Library/Developer/Xcode/DerivedData/Web-fwpjudnzpysruxaxmvjywphkufup/Index.noindex/DataStore -Xcc -D_LIBCPP_HARDENING_MODE\=_LIBCPP_HARDENING_MODE_DEBUG -swift-version 5 -I /Users/mali/Library/Developer/Xcode/DerivedData/Web-fwpjudnzpysruxaxmvjywphkufup/Build/Products/Debug -Isystem /Applications/Xcode.app/Contents/Developer/Platforms/MacOSX.platform/Developer/usr/lib -F /Users/mali/Library/Developer/Xcode/DerivedData/Web-fwpjudnzpysruxaxmvjywphkufup/Build/Products/Debug/PackageFrameworks -F /Users/mali/Library/Developer/Xcode/DerivedData/Web-fwpjudnzpysruxaxmvjywphkufup/Build/Products/Debug/PackageFrameworks -F /Users/mali/Library/Developer/Xcode/DerivedData/Web-fwpjudnzpysruxaxmvjywphkufup/Build/Products/Debug/PackageFrameworks -F /Users/mali/Library/Developer/Xcode/DerivedData/Web-fwpjudnzpysruxaxmvjywphkufup/Build/Products/Debug/PackageFrameworks -F /Users/mali/Library/Developer/Xcode/DerivedData/Web-fwpjudnzpysruxaxmvjywphkufup/Build/Products/Debug/PackageFrameworks -F /Users/mali/Library/Developer/Xcode/DerivedData/Web-fwpjudnzpysruxaxmvjywphkufup/Build/Products/Debug/PackageFrameworks -F /Users/mali/Library/Developer/Xcode/DerivedData/Web-fwpjudnzpysruxaxmvjywphkufup/Build/Products/Debug -F /Applications/Xcode.app/Contents/Developer/Platforms/MacOSX.platform/Developer/Library/Frameworks -parse-as-library -c -j8 -enable-batch-mode -incremental -Xcc -ivfsstatcache -Xcc /Users/mali/Library/Developer/Xcode/DerivedData/SDKStatCaches.noindex/macosx26.1-25B74-3885c01c3e6b6a337905948deab2002e3ae1261907bdadc328169391a47051a6.sdkstatcache -output-file-map /Users/mali/Library/Developer/Xcode/DerivedData/Web-fwpjudnzpysruxaxmvjywphkufup/Build/Intermediates.noindex/mlx-swift.build/Debug/MLXRandom.build/Objects-normal/arm64/MLXRandom-OutputFileMap.json -use-frontend-parseable-output -save-temps -no-color-diagnostics -explicit-module-build -module-cache-path /Users/mali/Library/Developer/Xcode/DerivedData/Web-fwpjudnzpysruxaxmvjywphkufup/Build/Intermediates.noindex/SwiftExplicitPrecompiledModules -clang-scanner-module-cache-path /Users/mali/Library/Developer/Xcode/DerivedData/ModuleCache.noindex -sdk-module-cache-path /Users/mali/Library/Developer/Xcode/DerivedData/ModuleCache.noindex -serialize-diagnostics -emit-dependencies -emit-module -emit-module-path /Users/mali/Library/Developer/Xcode/DerivedData/Web-fwpjudnzpysruxaxmvjywphkufup/Build/Intermediates.noindex/mlx-swift.build/Debug/MLXRandom.build/Objects-normal/arm64/MLXRandom.swiftmodule -validate-clang-modules-once -clang-build-session-file /Users/mali/Library/Developer/Xcode/DerivedData/ModuleCache.noindex/Session.modulevalidation -package-name mlx_swift -Xcc -I/Users/mali/Library/Developer/Xcode/DerivedData/Web-fwpjudnzpysruxaxmvjywphkufup/Build/Intermediates.noindex/mlx-swift.build/Debug/MLXRandom.build/swift-overrides.hmap -emit-const-values -Xfrontend -const-gather-protocols-file -Xfrontend /Users/mali/Library/Developer/Xcode/DerivedData/Web-fwpjudnzpysruxaxmvjywphkufup/Build/Intermediates.noindex/mlx-swift.build/Debug/MLXRandom.build/Objects-normal/arm64/MLXRandom_const_extract_protocols.json -Xcc -I/Users/mali/Library/Developer/Xcode/DerivedData/Web-fwpjudnzpysruxaxmvjywphkufup/SourcePackages/checkouts/swift-numerics/Sources/_NumericsShims/include -Xcc -I/Users/mali/Library/Developer/Xcode/DerivedData/Web-fwpjudnzpysruxaxmvjywphkufup/SourcePackages/checkouts/mlx-swift/Source/Cmlx/include -Xcc -I/Users/mali/Library/Developer/Xcode/DerivedData/Web-fwpjudnzpysruxaxmvjywphkufup/Build/Products/Debug/include -Xcc -I/Users/mali/Library/Developer/Xcode/DerivedData/Web-fwpjudnzpysruxaxmvjywphkufup/Build/Intermediates.noindex/mlx-swift.build/Debug/MLXRandom.build/DerivedSources-normal/arm64 -Xcc -I/Users/mali/Library/Developer/Xcode/DerivedData/Web-fwpjudnzpysruxaxmvjywphkufup/Build/Intermediates.noindex/mlx-swift.build/Debug/MLXRandom.build/DerivedSources/arm64 -Xcc -I/Users/mali/Library/Developer/Xcode/DerivedData/Web-fwpjudnzpysruxaxmvjywphkufup/Build/Intermediates.noindex/mlx-swift.build/Debug/MLXRandom.build/DerivedSources -Xcc -DSWIFT_PACKAGE -Xcc -DDEBUG\=1 -emit-objc-header -emit-objc-header-path /Users/mali/Library/Developer/Xcode/DerivedData/Web-fwpjudnzpysruxaxmvjywphkufup/Build/Intermediates.noindex/mlx-swift.build/Debug/MLXRandom.build/Objects-normal/arm64/MLXRandom-Swift.h -working-directory /Users/mali/dev/Web/Web.xcodeproj -experimental-emit-module-separately -disable-cmo

SwiftDriver\ Compilation\ Requirements MLXRandom normal arm64 com.apple.xcode.tools.swift.compiler (in target 'MLXRandom' from project 'mlx-swift')
    cd /Users/mali/dev/Web/Web.xcodeproj
    builtin-Swift-Compilation-Requirements -- /Applications/Xcode.app/Contents/Developer/Toolchains/XcodeDefault.xctoolchain/usr/bin/swiftc -module-name MLXRandom -Onone -enforce-exclusivity\=checked @/Users/mali/Library/Developer/Xcode/DerivedData/Web-fwpjudnzpysruxaxmvjywphkufup/Build/Intermediates.noindex/mlx-swift.build/Debug/MLXRandom.build/Objects-normal/arm64/MLXRandom.SwiftFileList -DSWIFT_PACKAGE -DDEBUG -DSWIFT_MODULE_RESOURCE_BUNDLE_UNAVAILABLE -DXcode -enable-experimental-feature StrictConcurrency -plugin-path /Applications/Xcode.app/Contents/Developer/Toolchains/XcodeDefault.xctoolchain/usr/lib/swift/host/plugins/testing -enable-experimental-feature DebugDescriptionMacro -sdk /Applications/Xcode.app/Contents/Developer/Platforms/MacOSX.platform/Developer/SDKs/MacOSX26.1.sdk -target arm64-apple-macos13.3 -g -module-cache-path /Users/mali/Library/Developer/Xcode/DerivedData/ModuleCache.noindex -Xfrontend -serialize-debugging-options -profile-coverage-mapping -profile-generate -enable-testing -suppress-warnings -index-store-path /Users/mali/Library/Developer/Xcode/DerivedData/Web-fwpjudnzpysruxaxmvjywphkufup/Index.noindex/DataStore -Xcc -D_LIBCPP_HARDENING_MODE\=_LIBCPP_HARDENING_MODE_DEBUG -swift-version 5 -I /Users/mali/Library/Developer/Xcode/DerivedData/Web-fwpjudnzpysruxaxmvjywphkufup/Build/Products/Debug -Isystem /Applications/Xcode.app/Contents/Developer/Platforms/MacOSX.platform/Developer/usr/lib -F /Users/mali/Library/Developer/Xcode/DerivedData/Web-fwpjudnzpysruxaxmvjywphkufup/Build/Products/Debug/PackageFrameworks -F /Users/mali/Library/Developer/Xcode/DerivedData/Web-fwpjudnzpysruxaxmvjywphkufup/Build/Products/Debug/PackageFrameworks -F /Users/mali/Library/Developer/Xcode/DerivedData/Web-fwpjudnzpysruxaxmvjywphkufup/Build/Products/Debug/PackageFrameworks -F /Users/mali/Library/Developer/Xcode/DerivedData/Web-fwpjudnzpysruxaxmvjywphkufup/Build/Products/Debug/PackageFrameworks -F /Users/mali/Library/Developer/Xcode/DerivedData/Web-fwpjudnzpysruxaxmvjywphkufup/Build/Products/Debug/PackageFrameworks -F /Users/mali/Library/Developer/Xcode/DerivedData/Web-fwpjudnzpysruxaxmvjywphkufup/Build/Products/Debug/PackageFrameworks -F /Users/mali/Library/Developer/Xcode/DerivedData/Web-fwpjudnzpysruxaxmvjywphkufup/Build/Products/Debug -F /Applications/Xcode.app/Contents/Developer/Platforms/MacOSX.platform/Developer/Library/Frameworks -parse-as-library -c -j8 -enable-batch-mode -incremental -Xcc -ivfsstatcache -Xcc /Users/mali/Library/Developer/Xcode/DerivedData/SDKStatCaches.noindex/macosx26.1-25B74-3885c01c3e6b6a337905948deab2002e3ae1261907bdadc328169391a47051a6.sdkstatcache -output-file-map /Users/mali/Library/Developer/Xcode/DerivedData/Web-fwpjudnzpysruxaxmvjywphkufup/Build/Intermediates.noindex/mlx-swift.build/Debug/MLXRandom.build/Objects-normal/arm64/MLXRandom-OutputFileMap.json -use-frontend-parseable-output -save-temps -no-color-diagnostics -explicit-module-build -module-cache-path /Users/mali/Library/Developer/Xcode/DerivedData/Web-fwpjudnzpysruxaxmvjywphkufup/Build/Intermediates.noindex/SwiftExplicitPrecompiledModules -clang-scanner-module-cache-path /Users/mali/Library/Developer/Xcode/DerivedData/ModuleCache.noindex -sdk-module-cache-path /Users/mali/Library/Developer/Xcode/DerivedData/ModuleCache.noindex -serialize-diagnostics -emit-dependencies -emit-module -emit-module-path /Users/mali/Library/Developer/Xcode/DerivedData/Web-fwpjudnzpysruxaxmvjywphkufup/Build/Intermediates.noindex/mlx-swift.build/Debug/MLXRandom.build/Objects-normal/arm64/MLXRandom.swiftmodule -validate-clang-modules-once -clang-build-session-file /Users/mali/Library/Developer/Xcode/DerivedData/ModuleCache.noindex/Session.modulevalidation -package-name mlx_swift -Xcc -I/Users/mali/Library/Developer/Xcode/DerivedData/Web-fwpjudnzpysruxaxmvjywphkufup/Build/Intermediates.noindex/mlx-swift.build/Debug/MLXRandom.build/swift-overrides.hmap -emit-const-values -Xfrontend -const-gather-protocols-file -Xfrontend /Users/mali/Library/Developer/Xcode/DerivedData/Web-fwpjudnzpysruxaxmvjywphkufup/Build/Intermediates.noindex/mlx-swift.build/Debug/MLXRandom.build/Objects-normal/arm64/MLXRandom_const_extract_protocols.json -Xcc -I/Users/mali/Library/Developer/Xcode/DerivedData/Web-fwpjudnzpysruxaxmvjywphkufup/SourcePackages/checkouts/swift-numerics/Sources/_NumericsShims/include -Xcc -I/Users/mali/Library/Developer/Xcode/DerivedData/Web-fwpjudnzpysruxaxmvjywphkufup/SourcePackages/checkouts/mlx-swift/Source/Cmlx/include -Xcc -I/Users/mali/Library/Developer/Xcode/DerivedData/Web-fwpjudnzpysruxaxmvjywphkufup/Build/Products/Debug/include -Xcc -I/Users/mali/Library/Developer/Xcode/DerivedData/Web-fwpjudnzpysruxaxmvjywphkufup/Build/Intermediates.noindex/mlx-swift.build/Debug/MLXRandom.build/DerivedSources-normal/arm64 -Xcc -I/Users/mali/Library/Developer/Xcode/DerivedData/Web-fwpjudnzpysruxaxmvjywphkufup/Build/Intermediates.noindex/mlx-swift.build/Debug/MLXRandom.build/DerivedSources/arm64 -Xcc -I/Users/mali/Library/Developer/Xcode/DerivedData/Web-fwpjudnzpysruxaxmvjywphkufup/Build/Intermediates.noindex/mlx-swift.build/Debug/MLXRandom.build/DerivedSources -Xcc -DSWIFT_PACKAGE -Xcc -DDEBUG\=1 -emit-objc-header -emit-objc-header-path /Users/mali/Library/Developer/Xcode/DerivedData/Web-fwpjudnzpysruxaxmvjywphkufup/Build/Intermediates.noindex/mlx-swift.build/Debug/MLXRandom.build/Objects-normal/arm64/MLXRandom-Swift.h -working-directory /Users/mali/dev/Web/Web.xcodeproj -experimental-emit-module-separately -disable-cmo

SwiftMergeGeneratedHeaders /Users/mali/Library/Developer/Xcode/DerivedData/Web-fwpjudnzpysruxaxmvjywphkufup/Build/Intermediates.noindex/GeneratedModuleMaps/MLXRandom-Swift.h /Users/mali/Library/Developer/Xcode/DerivedData/Web-fwpjudnzpysruxaxmvjywphkufup/Build/Intermediates.noindex/mlx-swift.build/Debug/MLXRandom.build/Objects-normal/arm64/MLXRandom-Swift.h (in target 'MLXRandom' from project 'mlx-swift')
    cd /Users/mali/Library/Developer/Xcode/DerivedData/Web-fwpjudnzpysruxaxmvjywphkufup/SourcePackages/checkouts/mlx-swift
    builtin-swiftHeaderTool -arch arm64 /Users/mali/Library/Developer/Xcode/DerivedData/Web-fwpjudnzpysruxaxmvjywphkufup/Build/Intermediates.noindex/mlx-swift.build/Debug/MLXRandom.build/Objects-normal/arm64/MLXRandom-Swift.h -o /Users/mali/Library/Developer/Xcode/DerivedData/Web-fwpjudnzpysruxaxmvjywphkufup/Build/Intermediates.noindex/GeneratedModuleMaps/MLXRandom-Swift.h

RegisterExecutionPolicyException /Users/mali/Library/Developer/Xcode/DerivedData/Web-fwpjudnzpysruxaxmvjywphkufup/Build/Products/Debug/Numerics.o (in target 'Numerics' from project 'swift-numerics')
    cd /Users/mali/Library/Developer/Xcode/DerivedData/Web-fwpjudnzpysruxaxmvjywphkufup/SourcePackages/checkouts/swift-numerics
    builtin-RegisterExecutionPolicyException /Users/mali/Library/Developer/Xcode/DerivedData/Web-fwpjudnzpysruxaxmvjywphkufup/Build/Products/Debug/Numerics.o

SwiftDriver MLXNN normal arm64 com.apple.xcode.tools.swift.compiler (in target 'MLXNN' from project 'mlx-swift')
    cd /Users/mali/dev/Web/Web.xcodeproj
    builtin-SwiftDriver -- /Applications/Xcode.app/Contents/Developer/Toolchains/XcodeDefault.xctoolchain/usr/bin/swiftc -module-name MLXNN -Onone -enforce-exclusivity\=checked @/Users/mali/Library/Developer/Xcode/DerivedData/Web-fwpjudnzpysruxaxmvjywphkufup/Build/Intermediates.noindex/mlx-swift.build/Debug/MLXNN.build/Objects-normal/arm64/MLXNN.SwiftFileList -DSWIFT_PACKAGE -DDEBUG -DSWIFT_MODULE_RESOURCE_BUNDLE_UNAVAILABLE -DXcode -enable-experimental-feature StrictConcurrency -plugin-path /Applications/Xcode.app/Contents/Developer/Toolchains/XcodeDefault.xctoolchain/usr/lib/swift/host/plugins/testing -enable-experimental-feature DebugDescriptionMacro -sdk /Applications/Xcode.app/Contents/Developer/Platforms/MacOSX.platform/Developer/SDKs/MacOSX26.1.sdk -target arm64-apple-macos13.3 -g -module-cache-path /Users/mali/Library/Developer/Xcode/DerivedData/ModuleCache.noindex -Xfrontend -serialize-debugging-options -profile-coverage-mapping -profile-generate -enable-testing -suppress-warnings -index-store-path /Users/mali/Library/Developer/Xcode/DerivedData/Web-fwpjudnzpysruxaxmvjywphkufup/Index.noindex/DataStore -Xcc -D_LIBCPP_HARDENING_MODE\=_LIBCPP_HARDENING_MODE_DEBUG -swift-version 5 -I /Users/mali/Library/Developer/Xcode/DerivedData/Web-fwpjudnzpysruxaxmvjywphkufup/Build/Products/Debug -Isystem /Applications/Xcode.app/Contents/Developer/Platforms/MacOSX.platform/Developer/usr/lib -F /Users/mali/Library/Developer/Xcode/DerivedData/Web-fwpjudnzpysruxaxmvjywphkufup/Build/Products/Debug/PackageFrameworks -F /Users/mali/Library/Developer/Xcode/DerivedData/Web-fwpjudnzpysruxaxmvjywphkufup/Build/Products/Debug/PackageFrameworks -F /Users/mali/Library/Developer/Xcode/DerivedData/Web-fwpjudnzpysruxaxmvjywphkufup/Build/Products/Debug/PackageFrameworks -F /Users/mali/Library/Developer/Xcode/DerivedData/Web-fwpjudnzpysruxaxmvjywphkufup/Build/Products/Debug/PackageFrameworks -F /Users/mali/Library/Developer/Xcode/DerivedData/Web-fwpjudnzpysruxaxmvjywphkufup/Build/Products/Debug/PackageFrameworks -F /Users/mali/Library/Developer/Xcode/DerivedData/Web-fwpjudnzpysruxaxmvjywphkufup/Build/Products/Debug/PackageFrameworks -F /Users/mali/Library/Developer/Xcode/DerivedData/Web-fwpjudnzpysruxaxmvjywphkufup/Build/Products/Debug/PackageFrameworks -F /Users/mali/Library/Developer/Xcode/DerivedData/Web-fwpjudnzpysruxaxmvjywphkufup/Build/Products/Debug/PackageFrameworks -F /Users/mali/Library/Developer/Xcode/DerivedData/Web-fwpjudnzpysruxaxmvjywphkufup/Build/Products/Debug -F /Applications/Xcode.app/Contents/Developer/Platforms/MacOSX.platform/Developer/Library/Frameworks -c -j8 -enable-batch-mode -incremental -Xcc -ivfsstatcache -Xcc /Users/mali/Library/Developer/Xcode/DerivedData/SDKStatCaches.noindex/macosx26.1-25B74-3885c01c3e6b6a337905948deab2002e3ae1261907bdadc328169391a47051a6.sdkstatcache -output-file-map /Users/mali/Library/Developer/Xcode/DerivedData/Web-fwpjudnzpysruxaxmvjywphkufup/Build/Intermediates.noindex/mlx-swift.build/Debug/MLXNN.build/Objects-normal/arm64/MLXNN-OutputFileMap.json -use-frontend-parseable-output -save-temps -no-color-diagnostics -explicit-module-build -module-cache-path /Users/mali/Library/Developer/Xcode/DerivedData/Web-fwpjudnzpysruxaxmvjywphkufup/Build/Intermediates.noindex/SwiftExplicitPrecompiledModules -clang-scanner-module-cache-path /Users/mali/Library/Developer/Xcode/DerivedData/ModuleCache.noindex -sdk-module-cache-path /Users/mali/Library/Developer/Xcode/DerivedData/ModuleCache.noindex -serialize-diagnostics -emit-dependencies -emit-module -emit-module-path /Users/mali/Library/Developer/Xcode/DerivedData/Web-fwpjudnzpysruxaxmvjywphkufup/Build/Intermediates.noindex/mlx-swift.build/Debug/MLXNN.build/Objects-normal/arm64/MLXNN.swiftmodule -validate-clang-modules-once -clang-build-session-file /Users/mali/Library/Developer/Xcode/DerivedData/ModuleCache.noindex/Session.modulevalidation -package-name mlx_swift -Xcc -I/Users/mali/Library/Developer/Xcode/DerivedData/Web-fwpjudnzpysruxaxmvjywphkufup/Build/Intermediates.noindex/mlx-swift.build/Debug/MLXNN.build/swift-overrides.hmap -emit-const-values -Xfrontend -const-gather-protocols-file -Xfrontend /Users/mali/Library/Developer/Xcode/DerivedData/Web-fwpjudnzpysruxaxmvjywphkufup/Build/Intermediates.noindex/mlx-swift.build/Debug/MLXNN.build/Objects-normal/arm64/MLXNN_const_extract_protocols.json -Xcc -I/Users/mali/Library/Developer/Xcode/DerivedData/Web-fwpjudnzpysruxaxmvjywphkufup/SourcePackages/checkouts/swift-numerics/Sources/_NumericsShims/include -Xcc -I/Users/mali/Library/Developer/Xcode/DerivedData/Web-fwpjudnzpysruxaxmvjywphkufup/SourcePackages/checkouts/mlx-swift/Source/Cmlx/include -Xcc -I/Users/mali/Library/Developer/Xcode/DerivedData/Web-fwpjudnzpysruxaxmvjywphkufup/Build/Products/Debug/include -Xcc -I/Users/mali/Library/Developer/Xcode/DerivedData/Web-fwpjudnzpysruxaxmvjywphkufup/Build/Intermediates.noindex/mlx-swift.build/Debug/MLXNN.build/DerivedSources-normal/arm64 -Xcc -I/Users/mali/Library/Developer/Xcode/DerivedData/Web-fwpjudnzpysruxaxmvjywphkufup/Build/Intermediates.noindex/mlx-swift.build/Debug/MLXNN.build/DerivedSources/arm64 -Xcc -I/Users/mali/Library/Developer/Xcode/DerivedData/Web-fwpjudnzpysruxaxmvjywphkufup/Build/Intermediates.noindex/mlx-swift.build/Debug/MLXNN.build/DerivedSources -Xcc -DSWIFT_PACKAGE -Xcc -DDEBUG\=1 -emit-objc-header -emit-objc-header-path /Users/mali/Library/Developer/Xcode/DerivedData/Web-fwpjudnzpysruxaxmvjywphkufup/Build/Intermediates.noindex/mlx-swift.build/Debug/MLXNN.build/Objects-normal/arm64/MLXNN-Swift.h -working-directory /Users/mali/dev/Web/Web.xcodeproj -experimental-emit-module-separately -disable-cmo

Ld /Users/mali/Library/Developer/Xcode/DerivedData/Web-fwpjudnzpysruxaxmvjywphkufup/Build/Products/Debug/MLX.o normal (in target 'MLX' from project 'mlx-swift')
    cd /Users/mali/Library/Developer/Xcode/DerivedData/Web-fwpjudnzpysruxaxmvjywphkufup/SourcePackages/checkouts/mlx-swift
    /Applications/Xcode.app/Contents/Developer/Toolchains/XcodeDefault.xctoolchain/usr/bin/clang -Xlinker -reproducible -target arm64-apple-macos13.3 -r -isysroot /Applications/Xcode.app/Contents/Developer/Platforms/MacOSX.platform/Developer/SDKs/MacOSX26.1.sdk -O0 -w -L/Users/mali/Library/Developer/Xcode/DerivedData/Web-fwpjudnzpysruxaxmvjywphkufup/Build/Intermediates.noindex/EagerLinkingTBDs/Debug -L/Users/mali/Library/Developer/Xcode/DerivedData/Web-fwpjudnzpysruxaxmvjywphkufup/Build/Products/Debug -L/Applications/Xcode.app/Contents/Developer/Platforms/MacOSX.platform/Developer/usr/lib -F/Users/mali/Library/Developer/Xcode/DerivedData/Web-fwpjudnzpysruxaxmvjywphkufup/Build/Intermediates.noindex/EagerLinkingTBDs/Debug -F/Users/mali/Library/Developer/Xcode/DerivedData/Web-fwpjudnzpysruxaxmvjywphkufup/Build/Products/Debug/PackageFrameworks -F/Users/mali/Library/Developer/Xcode/DerivedData/Web-fwpjudnzpysruxaxmvjywphkufup/Build/Products/Debug/PackageFrameworks -F/Users/mali/Library/Developer/Xcode/DerivedData/Web-fwpjudnzpysruxaxmvjywphkufup/Build/Products/Debug/PackageFrameworks -F/Users/mali/Library/Developer/Xcode/DerivedData/Web-fwpjudnzpysruxaxmvjywphkufup/Build/Products/Debug/PackageFrameworks -F/Users/mali/Library/Developer/Xcode/DerivedData/Web-fwpjudnzpysruxaxmvjywphkufup/Build/Products/Debug/PackageFrameworks -F/Users/mali/Library/Developer/Xcode/DerivedData/Web-fwpjudnzpysruxaxmvjywphkufup/Build/Products/Debug -iframework /Applications/Xcode.app/Contents/Developer/Platforms/MacOSX.platform/Developer/Library/Frameworks -filelist /Users/mali/Library/Developer/Xcode/DerivedData/Web-fwpjudnzpysruxaxmvjywphkufup/Build/Intermediates.noindex/mlx-swift.build/Debug/MLX.build/Objects-normal/arm64/MLX.LinkFileList -nostdlib -Xlinker -object_path_lto -Xlinker /Users/mali/Library/Developer/Xcode/DerivedData/Web-fwpjudnzpysruxaxmvjywphkufup/Build/Intermediates.noindex/mlx-swift.build/Debug/MLX.build/Objects-normal/arm64/MLX_lto.o -rdynamic -Xlinker -no_deduplicate -Xlinker -debug_variant -Xlinker -dependency_info -Xlinker /Users/mali/Library/Developer/Xcode/DerivedData/Web-fwpjudnzpysruxaxmvjywphkufup/Build/Intermediates.noindex/mlx-swift.build/Debug/MLX.build/Objects-normal/arm64/MLX_dependency_info.dat -fobjc-link-runtime -L/Applications/Xcode.app/Contents/Developer/Toolchains/XcodeDefault.xctoolchain/usr/lib/swift/macosx -L/usr/lib/swift -Xlinker -add_ast_path -Xlinker /Users/mali/Library/Developer/Xcode/DerivedData/Web-fwpjudnzpysruxaxmvjywphkufup/Build/Intermediates.noindex/mlx-swift.build/Debug/MLX.build/Objects-normal/arm64/MLX.swiftmodule @/Users/mali/Library/Developer/Xcode/DerivedData/Web-fwpjudnzpysruxaxmvjywphkufup/Build/Intermediates.noindex/mlx-swift.build/Debug/MLX.build/Objects-normal/arm64/MLX-linker-args.resp -o /Users/mali/Library/Developer/Xcode/DerivedData/Web-fwpjudnzpysruxaxmvjywphkufup/Build/Products/Debug/MLX.o

RegisterExecutionPolicyException /Users/mali/Library/Developer/Xcode/DerivedData/Web-fwpjudnzpysruxaxmvjywphkufup/Build/Products/Debug/Jinja.o (in target 'Jinja' from project 'Jinja')
    cd /Users/mali/Library/Developer/Xcode/DerivedData/Web-fwpjudnzpysruxaxmvjywphkufup/SourcePackages/checkouts/Jinja
    builtin-RegisterExecutionPolicyException /Users/mali/Library/Developer/Xcode/DerivedData/Web-fwpjudnzpysruxaxmvjywphkufup/Build/Products/Debug/Jinja.o

SwiftDriver\ Compilation\ Requirements Tokenizers normal arm64 com.apple.xcode.tools.swift.compiler (in target 'Tokenizers' from project 'swift-transformers')
    cd /Users/mali/dev/Web/Web.xcodeproj
    builtin-Swift-Compilation-Requirements -- /Applications/Xcode.app/Contents/Developer/Toolchains/XcodeDefault.xctoolchain/usr/bin/swiftc -module-name Tokenizers -Onone -enforce-exclusivity\=checked @/Users/mali/Library/Developer/Xcode/DerivedData/Web-fwpjudnzpysruxaxmvjywphkufup/Build/Intermediates.noindex/swift-transformers.build/Debug/Tokenizers.build/Objects-normal/arm64/Tokenizers.SwiftFileList -DSWIFT_PACKAGE -DDEBUG -DSWIFT_MODULE_RESOURCE_BUNDLE_UNAVAILABLE -DXcode -plugin-path /Applications/Xcode.app/Contents/Developer/Toolchains/XcodeDefault.xctoolchain/usr/lib/swift/host/plugins/testing -enable-experimental-feature DebugDescriptionMacro -sdk /Applications/Xcode.app/Contents/Developer/Platforms/MacOSX.platform/Developer/SDKs/MacOSX26.1.sdk -target arm64-apple-macos13.0 -g -module-cache-path /Users/mali/Library/Developer/Xcode/DerivedData/ModuleCache.noindex -Xfrontend -serialize-debugging-options -profile-coverage-mapping -profile-generate -enable-testing -suppress-warnings -index-store-path /Users/mali/Library/Developer/Xcode/DerivedData/Web-fwpjudnzpysruxaxmvjywphkufup/Index.noindex/DataStore -Xcc -D_LIBCPP_HARDENING_MODE\=_LIBCPP_HARDENING_MODE_DEBUG -swift-version 5 -I /Users/mali/Library/Developer/Xcode/DerivedData/Web-fwpjudnzpysruxaxmvjywphkufup/Build/Products/Debug -Isystem /Applications/Xcode.app/Contents/Developer/Platforms/MacOSX.platform/Developer/usr/lib -F /Users/mali/Library/Developer/Xcode/DerivedData/Web-fwpjudnzpysruxaxmvjywphkufup/Build/Products/Debug/PackageFrameworks -F /Users/mali/Library/Developer/Xcode/DerivedData/Web-fwpjudnzpysruxaxmvjywphkufup/Build/Products/Debug/PackageFrameworks -F /Users/mali/Library/Developer/Xcode/DerivedData/Web-fwpjudnzpysruxaxmvjywphkufup/Build/Products/Debug/PackageFrameworks -F /Users/mali/Library/Developer/Xcode/DerivedData/Web-fwpjudnzpysruxaxmvjywphkufup/Build/Products/Debug/PackageFrameworks -F /Users/mali/Library/Developer/Xcode/DerivedData/Web-fwpjudnzpysruxaxmvjywphkufup/Build/Products/Debug -F /Applications/Xcode.app/Contents/Developer/Platforms/MacOSX.platform/Developer/Library/Frameworks -c -j8 -enable-batch-mode -incremental -Xcc -ivfsstatcache -Xcc /Users/mali/Library/Developer/Xcode/DerivedData/SDKStatCaches.noindex/macosx26.1-25B74-3885c01c3e6b6a337905948deab2002e3ae1261907bdadc328169391a47051a6.sdkstatcache -output-file-map /Users/mali/Library/Developer/Xcode/DerivedData/Web-fwpjudnzpysruxaxmvjywphkufup/Build/Intermediates.noindex/swift-transformers.build/Debug/Tokenizers.build/Objects-normal/arm64/Tokenizers-OutputFileMap.json -use-frontend-parseable-output -save-temps -no-color-diagnostics -explicit-module-build -module-cache-path /Users/mali/Library/Developer/Xcode/DerivedData/Web-fwpjudnzpysruxaxmvjywphkufup/Build/Intermediates.noindex/SwiftExplicitPrecompiledModules -clang-scanner-module-cache-path /Users/mali/Library/Developer/Xcode/DerivedData/ModuleCache.noindex -sdk-module-cache-path /Users/mali/Library/Developer/Xcode/DerivedData/ModuleCache.noindex -serialize-diagnostics -emit-dependencies -emit-module -emit-module-path /Users/mali/Library/Developer/Xcode/DerivedData/Web-fwpjudnzpysruxaxmvjywphkufup/Build/Intermediates.noindex/swift-transformers.build/Debug/Tokenizers.build/Objects-normal/arm64/Tokenizers.swiftmodule -validate-clang-modules-once -clang-build-session-file /Users/mali/Library/Developer/Xcode/DerivedData/ModuleCache.noindex/Session.modulevalidation -Xcc -I/Users/mali/Library/Developer/Xcode/DerivedData/Web-fwpjudnzpysruxaxmvjywphkufup/Build/Intermediates.noindex/swift-transformers.build/Debug/Tokenizers.build/swift-overrides.hmap -emit-const-values -Xfrontend -const-gather-protocols-file -Xfrontend /Users/mali/Library/Developer/Xcode/DerivedData/Web-fwpjudnzpysruxaxmvjywphkufup/Build/Intermediates.noindex/swift-transformers.build/Debug/Tokenizers.build/Objects-normal/arm64/Tokenizers_const_extract_protocols.json -Xcc -I/Users/mali/Library/Developer/Xcode/DerivedData/Web-fwpjudnzpysruxaxmvjywphkufup/Build/Products/Debug/include -Xcc -I/Users/mali/Library/Developer/Xcode/DerivedData/Web-fwpjudnzpysruxaxmvjywphkufup/Build/Intermediates.noindex/swift-transformers.build/Debug/Tokenizers.build/DerivedSources-normal/arm64 -Xcc -I/Users/mali/Library/Developer/Xcode/DerivedData/Web-fwpjudnzpysruxaxmvjywphkufup/Build/Intermediates.noindex/swift-transformers.build/Debug/Tokenizers.build/DerivedSources/arm64 -Xcc -I/Users/mali/Library/Developer/Xcode/DerivedData/Web-fwpjudnzpysruxaxmvjywphkufup/Build/Intermediates.noindex/swift-transformers.build/Debug/Tokenizers.build/DerivedSources -Xcc -DSWIFT_PACKAGE -Xcc -DDEBUG\=1 -emit-objc-header -emit-objc-header-path /Users/mali/Library/Developer/Xcode/DerivedData/Web-fwpjudnzpysruxaxmvjywphkufup/Build/Intermediates.noindex/swift-transformers.build/Debug/Tokenizers.build/Objects-normal/arm64/Tokenizers-Swift.h -working-directory /Users/mali/dev/Web/Web.xcodeproj -experimental-emit-module-separately -disable-cmo

ExtractAppIntentsMetadata (in target 'MLX' from project 'mlx-swift')
    cd /Users/mali/Library/Developer/Xcode/DerivedData/Web-fwpjudnzpysruxaxmvjywphkufup/SourcePackages/checkouts/mlx-swift
    /Applications/Xcode.app/Contents/Developer/Toolchains/XcodeDefault.xctoolchain/usr/bin/appintentsmetadataprocessor --toolchain-dir /var/run/com.apple.security.cryptexd/mnt/com.apple.MobileAsset.MetalToolchain-v17.2.54.0.910oNh/Metal.xctoolchain --module-name MLX --sdk-root /Applications/Xcode.app/Contents/Developer/Platforms/MacOSX.platform/Developer/SDKs/MacOSX26.1.sdk --xcode-version 17B100 --platform-family macOS --deployment-target 13.3 --bundle-identifier mlx-swift.MLX --output /Users/mali/Library/Developer/Xcode/DerivedData/Web-fwpjudnzpysruxaxmvjywphkufup/Build/Products/Debug/MLX.appintents --target-triple arm64-apple-macos13.3 --binary-file /Users/mali/Library/Developer/Xcode/DerivedData/Web-fwpjudnzpysruxaxmvjywphkufup/Build/Products/Debug/MLX.o --dependency-file /Users/mali/Library/Developer/Xcode/DerivedData/Web-fwpjudnzpysruxaxmvjywphkufup/Build/Intermediates.noindex/mlx-swift.build/Debug/MLX.build/Objects-normal/arm64/MLX_dependency_info.dat --stringsdata-file /Users/mali/Library/Developer/Xcode/DerivedData/Web-fwpjudnzpysruxaxmvjywphkufup/Build/Intermediates.noindex/mlx-swift.build/Debug/MLX.build/Objects-normal/arm64/ExtractedAppShortcutsMetadata.stringsdata --source-file-list /Users/mali/Library/Developer/Xcode/DerivedData/Web-fwpjudnzpysruxaxmvjywphkufup/Build/Intermediates.noindex/mlx-swift.build/Debug/MLX.build/Objects-normal/arm64/MLX.SwiftFileList --metadata-file-list /Users/mali/Library/Developer/Xcode/DerivedData/Web-fwpjudnzpysruxaxmvjywphkufup/Build/Intermediates.noindex/mlx-swift.build/Debug/MLX.build/MLX.DependencyMetadataFileList --static-metadata-file-list /Users/mali/Library/Developer/Xcode/DerivedData/Web-fwpjudnzpysruxaxmvjywphkufup/Build/Intermediates.noindex/mlx-swift.build/Debug/MLX.build/MLX.DependencyStaticMetadataFileList --swift-const-vals-list /Users/mali/Library/Developer/Xcode/DerivedData/Web-fwpjudnzpysruxaxmvjywphkufup/Build/Intermediates.noindex/mlx-swift.build/Debug/MLX.build/Objects-normal/arm64/MLX.SwiftConstValuesFileList --force --compile-time-extraction --deployment-aware-processing --validate-assistant-intents --no-app-shortcuts-localization
2026-02-01 04:53:29.427 appintentsmetadataprocessor[19916:1339574] Starting appintentsmetadataprocessor export
2026-02-01 04:53:29.782 appintentsmetadataprocessor[19916:1339574] Extracted no relevant App Intents symbols, skipping writing output

SwiftDriver\ Compilation Tokenizers normal arm64 com.apple.xcode.tools.swift.compiler (in target 'Tokenizers' from project 'swift-transformers')
    cd /Users/mali/dev/Web/Web.xcodeproj
    builtin-Swift-Compilation -- /Applications/Xcode.app/Contents/Developer/Toolchains/XcodeDefault.xctoolchain/usr/bin/swiftc -module-name Tokenizers -Onone -enforce-exclusivity\=checked @/Users/mali/Library/Developer/Xcode/DerivedData/Web-fwpjudnzpysruxaxmvjywphkufup/Build/Intermediates.noindex/swift-transformers.build/Debug/Tokenizers.build/Objects-normal/arm64/Tokenizers.SwiftFileList -DSWIFT_PACKAGE -DDEBUG -DSWIFT_MODULE_RESOURCE_BUNDLE_UNAVAILABLE -DXcode -plugin-path /Applications/Xcode.app/Contents/Developer/Toolchains/XcodeDefault.xctoolchain/usr/lib/swift/host/plugins/testing -enable-experimental-feature DebugDescriptionMacro -sdk /Applications/Xcode.app/Contents/Developer/Platforms/MacOSX.platform/Developer/SDKs/MacOSX26.1.sdk -target arm64-apple-macos13.0 -g -module-cache-path /Users/mali/Library/Developer/Xcode/DerivedData/ModuleCache.noindex -Xfrontend -serialize-debugging-options -profile-coverage-mapping -profile-generate -enable-testing -suppress-warnings -index-store-path /Users/mali/Library/Developer/Xcode/DerivedData/Web-fwpjudnzpysruxaxmvjywphkufup/Index.noindex/DataStore -Xcc -D_LIBCPP_HARDENING_MODE\=_LIBCPP_HARDENING_MODE_DEBUG -swift-version 5 -I /Users/mali/Library/Developer/Xcode/DerivedData/Web-fwpjudnzpysruxaxmvjywphkufup/Build/Products/Debug -Isystem /Applications/Xcode.app/Contents/Developer/Platforms/MacOSX.platform/Developer/usr/lib -F /Users/mali/Library/Developer/Xcode/DerivedData/Web-fwpjudnzpysruxaxmvjywphkufup/Build/Products/Debug/PackageFrameworks -F /Users/mali/Library/Developer/Xcode/DerivedData/Web-fwpjudnzpysruxaxmvjywphkufup/Build/Products/Debug/PackageFrameworks -F /Users/mali/Library/Developer/Xcode/DerivedData/Web-fwpjudnzpysruxaxmvjywphkufup/Build/Products/Debug/PackageFrameworks -F /Users/mali/Library/Developer/Xcode/DerivedData/Web-fwpjudnzpysruxaxmvjywphkufup/Build/Products/Debug/PackageFrameworks -F /Users/mali/Library/Developer/Xcode/DerivedData/Web-fwpjudnzpysruxaxmvjywphkufup/Build/Products/Debug -F /Applications/Xcode.app/Contents/Developer/Platforms/MacOSX.platform/Developer/Library/Frameworks -c -j8 -enable-batch-mode -incremental -Xcc -ivfsstatcache -Xcc /Users/mali/Library/Developer/Xcode/DerivedData/SDKStatCaches.noindex/macosx26.1-25B74-3885c01c3e6b6a337905948deab2002e3ae1261907bdadc328169391a47051a6.sdkstatcache -output-file-map /Users/mali/Library/Developer/Xcode/DerivedData/Web-fwpjudnzpysruxaxmvjywphkufup/Build/Intermediates.noindex/swift-transformers.build/Debug/Tokenizers.build/Objects-normal/arm64/Tokenizers-OutputFileMap.json -use-frontend-parseable-output -save-temps -no-color-diagnostics -explicit-module-build -module-cache-path /Users/mali/Library/Developer/Xcode/DerivedData/Web-fwpjudnzpysruxaxmvjywphkufup/Build/Intermediates.noindex/SwiftExplicitPrecompiledModules -clang-scanner-module-cache-path /Users/mali/Library/Developer/Xcode/DerivedData/ModuleCache.noindex -sdk-module-cache-path /Users/mali/Library/Developer/Xcode/DerivedData/ModuleCache.noindex -serialize-diagnostics -emit-dependencies -emit-module -emit-module-path /Users/mali/Library/Developer/Xcode/DerivedData/Web-fwpjudnzpysruxaxmvjywphkufup/Build/Intermediates.noindex/swift-transformers.build/Debug/Tokenizers.build/Objects-normal/arm64/Tokenizers.swiftmodule -validate-clang-modules-once -clang-build-session-file /Users/mali/Library/Developer/Xcode/DerivedData/ModuleCache.noindex/Session.modulevalidation -Xcc -I/Users/mali/Library/Developer/Xcode/DerivedData/Web-fwpjudnzpysruxaxmvjywphkufup/Build/Intermediates.noindex/swift-transformers.build/Debug/Tokenizers.build/swift-overrides.hmap -emit-const-values -Xfrontend -const-gather-protocols-file -Xfrontend /Users/mali/Library/Developer/Xcode/DerivedData/Web-fwpjudnzpysruxaxmvjywphkufup/Build/Intermediates.noindex/swift-transformers.build/Debug/Tokenizers.build/Objects-normal/arm64/Tokenizers_const_extract_protocols.json -Xcc -I/Users/mali/Library/Developer/Xcode/DerivedData/Web-fwpjudnzpysruxaxmvjywphkufup/Build/Products/Debug/include -Xcc -I/Users/mali/Library/Developer/Xcode/DerivedData/Web-fwpjudnzpysruxaxmvjywphkufup/Build/Intermediates.noindex/swift-transformers.build/Debug/Tokenizers.build/DerivedSources-normal/arm64 -Xcc -I/Users/mali/Library/Developer/Xcode/DerivedData/Web-fwpjudnzpysruxaxmvjywphkufup/Build/Intermediates.noindex/swift-transformers.build/Debug/Tokenizers.build/DerivedSources/arm64 -Xcc -I/Users/mali/Library/Developer/Xcode/DerivedData/Web-fwpjudnzpysruxaxmvjywphkufup/Build/Intermediates.noindex/swift-transformers.build/Debug/Tokenizers.build/DerivedSources -Xcc -DSWIFT_PACKAGE -Xcc -DDEBUG\=1 -emit-objc-header -emit-objc-header-path /Users/mali/Library/Developer/Xcode/DerivedData/Web-fwpjudnzpysruxaxmvjywphkufup/Build/Intermediates.noindex/swift-transformers.build/Debug/Tokenizers.build/Objects-normal/arm64/Tokenizers-Swift.h -working-directory /Users/mali/dev/Web/Web.xcodeproj -experimental-emit-module-separately -disable-cmo

SwiftMergeGeneratedHeaders /Users/mali/Library/Developer/Xcode/DerivedData/Web-fwpjudnzpysruxaxmvjywphkufup/Build/Intermediates.noindex/GeneratedModuleMaps/Tokenizers-Swift.h /Users/mali/Library/Developer/Xcode/DerivedData/Web-fwpjudnzpysruxaxmvjywphkufup/Build/Intermediates.noindex/swift-transformers.build/Debug/Tokenizers.build/Objects-normal/arm64/Tokenizers-Swift.h (in target 'Tokenizers' from project 'swift-transformers')
    cd /Users/mali/Library/Developer/Xcode/DerivedData/Web-fwpjudnzpysruxaxmvjywphkufup/SourcePackages/checkouts/swift-transformers
    builtin-swiftHeaderTool -arch arm64 /Users/mali/Library/Developer/Xcode/DerivedData/Web-fwpjudnzpysruxaxmvjywphkufup/Build/Intermediates.noindex/swift-transformers.build/Debug/Tokenizers.build/Objects-normal/arm64/Tokenizers-Swift.h -o /Users/mali/Library/Developer/Xcode/DerivedData/Web-fwpjudnzpysruxaxmvjywphkufup/Build/Intermediates.noindex/GeneratedModuleMaps/Tokenizers-Swift.h

Ld /Users/mali/Library/Developer/Xcode/DerivedData/Web-fwpjudnzpysruxaxmvjywphkufup/Build/Products/Debug/Tokenizers.o normal (in target 'Tokenizers' from project 'swift-transformers')
    cd /Users/mali/Library/Developer/Xcode/DerivedData/Web-fwpjudnzpysruxaxmvjywphkufup/SourcePackages/checkouts/swift-transformers
    /Applications/Xcode.app/Contents/Developer/Toolchains/XcodeDefault.xctoolchain/usr/bin/clang -Xlinker -reproducible -target arm64-apple-macos13.0 -r -isysroot /Applications/Xcode.app/Contents/Developer/Platforms/MacOSX.platform/Developer/SDKs/MacOSX26.1.sdk -O0 -w -L/Users/mali/Library/Developer/Xcode/DerivedData/Web-fwpjudnzpysruxaxmvjywphkufup/Build/Intermediates.noindex/EagerLinkingTBDs/Debug -L/Users/mali/Library/Developer/Xcode/DerivedData/Web-fwpjudnzpysruxaxmvjywphkufup/Build/Products/Debug -L/Applications/Xcode.app/Contents/Developer/Platforms/MacOSX.platform/Developer/usr/lib -F/Users/mali/Library/Developer/Xcode/DerivedData/Web-fwpjudnzpysruxaxmvjywphkufup/Build/Intermediates.noindex/EagerLinkingTBDs/Debug -F/Users/mali/Library/Developer/Xcode/DerivedData/Web-fwpjudnzpysruxaxmvjywphkufup/Build/Products/Debug/PackageFrameworks -F/Users/mali/Library/Developer/Xcode/DerivedData/Web-fwpjudnzpysruxaxmvjywphkufup/Build/Products/Debug/PackageFrameworks -F/Users/mali/Library/Developer/Xcode/DerivedData/Web-fwpjudnzpysruxaxmvjywphkufup/Build/Products/Debug/PackageFrameworks -F/Users/mali/Library/Developer/Xcode/DerivedData/Web-fwpjudnzpysruxaxmvjywphkufup/Build/Products/Debug/PackageFrameworks -F/Users/mali/Library/Developer/Xcode/DerivedData/Web-fwpjudnzpysruxaxmvjywphkufup/Build/Products/Debug -iframework /Applications/Xcode.app/Contents/Developer/Platforms/MacOSX.platform/Developer/Library/Frameworks -filelist /Users/mali/Library/Developer/Xcode/DerivedData/Web-fwpjudnzpysruxaxmvjywphkufup/Build/Intermediates.noindex/swift-transformers.build/Debug/Tokenizers.build/Objects-normal/arm64/Tokenizers.LinkFileList -nostdlib -Xlinker -object_path_lto -Xlinker /Users/mali/Library/Developer/Xcode/DerivedData/Web-fwpjudnzpysruxaxmvjywphkufup/Build/Intermediates.noindex/swift-transformers.build/Debug/Tokenizers.build/Objects-normal/arm64/Tokenizers_lto.o -rdynamic -Xlinker -no_deduplicate -Xlinker -debug_variant -Xlinker -dependency_info -Xlinker /Users/mali/Library/Developer/Xcode/DerivedData/Web-fwpjudnzpysruxaxmvjywphkufup/Build/Intermediates.noindex/swift-transformers.build/Debug/Tokenizers.build/Objects-normal/arm64/Tokenizers_dependency_info.dat -fobjc-link-runtime -L/Applications/Xcode.app/Contents/Developer/Toolchains/XcodeDefault.xctoolchain/usr/lib/swift/macosx -L/usr/lib/swift -Xlinker -add_ast_path -Xlinker /Users/mali/Library/Developer/Xcode/DerivedData/Web-fwpjudnzpysruxaxmvjywphkufup/Build/Intermediates.noindex/swift-transformers.build/Debug/Tokenizers.build/Objects-normal/arm64/Tokenizers.swiftmodule @/Users/mali/Library/Developer/Xcode/DerivedData/Web-fwpjudnzpysruxaxmvjywphkufup/Build/Intermediates.noindex/swift-transformers.build/Debug/Tokenizers.build/Objects-normal/arm64/Tokenizers-linker-args.resp -o /Users/mali/Library/Developer/Xcode/DerivedData/Web-fwpjudnzpysruxaxmvjywphkufup/Build/Products/Debug/Tokenizers.o

SwiftDriver Generation normal arm64 com.apple.xcode.tools.swift.compiler (in target 'Generation' from project 'swift-transformers')
    cd /Users/mali/dev/Web/Web.xcodeproj
    builtin-SwiftDriver -- /Applications/Xcode.app/Contents/Developer/Toolchains/XcodeDefault.xctoolchain/usr/bin/swiftc -module-name Generation -Onone -enforce-exclusivity\=checked @/Users/mali/Library/Developer/Xcode/DerivedData/Web-fwpjudnzpysruxaxmvjywphkufup/Build/Intermediates.noindex/swift-transformers.build/Debug/Generation.build/Objects-normal/arm64/Generation.SwiftFileList -DSWIFT_PACKAGE -DDEBUG -DSWIFT_MODULE_RESOURCE_BUNDLE_UNAVAILABLE -DXcode -plugin-path /Applications/Xcode.app/Contents/Developer/Toolchains/XcodeDefault.xctoolchain/usr/lib/swift/host/plugins/testing -enable-experimental-feature DebugDescriptionMacro -sdk /Applications/Xcode.app/Contents/Developer/Platforms/MacOSX.platform/Developer/SDKs/MacOSX26.1.sdk -target arm64-apple-macos13.0 -g -module-cache-path /Users/mali/Library/Developer/Xcode/DerivedData/ModuleCache.noindex -Xfrontend -serialize-debugging-options -profile-coverage-mapping -profile-generate -enable-testing -suppress-warnings -index-store-path /Users/mali/Library/Developer/Xcode/DerivedData/Web-fwpjudnzpysruxaxmvjywphkufup/Index.noindex/DataStore -Xcc -D_LIBCPP_HARDENING_MODE\=_LIBCPP_HARDENING_MODE_DEBUG -swift-version 5 -I /Users/mali/Library/Developer/Xcode/DerivedData/Web-fwpjudnzpysruxaxmvjywphkufup/Build/Products/Debug -Isystem /Applications/Xcode.app/Contents/Developer/Platforms/MacOSX.platform/Developer/usr/lib -F /Users/mali/Library/Developer/Xcode/DerivedData/Web-fwpjudnzpysruxaxmvjywphkufup/Build/Products/Debug/PackageFrameworks -F /Users/mali/Library/Developer/Xcode/DerivedData/Web-fwpjudnzpysruxaxmvjywphkufup/Build/Products/Debug/PackageFrameworks -F /Users/mali/Library/Developer/Xcode/DerivedData/Web-fwpjudnzpysruxaxmvjywphkufup/Build/Products/Debug/PackageFrameworks -F /Users/mali/Library/Developer/Xcode/DerivedData/Web-fwpjudnzpysruxaxmvjywphkufup/Build/Products/Debug/PackageFrameworks -F /Users/mali/Library/Developer/Xcode/DerivedData/Web-fwpjudnzpysruxaxmvjywphkufup/Build/Products/Debug/PackageFrameworks -F /Users/mali/Library/Developer/Xcode/DerivedData/Web-fwpjudnzpysruxaxmvjywphkufup/Build/Products/Debug/PackageFrameworks -F /Users/mali/Library/Developer/Xcode/DerivedData/Web-fwpjudnzpysruxaxmvjywphkufup/Build/Products/Debug -F /Applications/Xcode.app/Contents/Developer/Platforms/MacOSX.platform/Developer/Library/Frameworks -c -j8 -enable-batch-mode -incremental -Xcc -ivfsstatcache -Xcc /Users/mali/Library/Developer/Xcode/DerivedData/SDKStatCaches.noindex/macosx26.1-25B74-3885c01c3e6b6a337905948deab2002e3ae1261907bdadc328169391a47051a6.sdkstatcache -output-file-map /Users/mali/Library/Developer/Xcode/DerivedData/Web-fwpjudnzpysruxaxmvjywphkufup/Build/Intermediates.noindex/swift-transformers.build/Debug/Generation.build/Objects-normal/arm64/Generation-OutputFileMap.json -use-frontend-parseable-output -save-temps -no-color-diagnostics -explicit-module-build -module-cache-path /Users/mali/Library/Developer/Xcode/DerivedData/Web-fwpjudnzpysruxaxmvjywphkufup/Build/Intermediates.noindex/SwiftExplicitPrecompiledModules -clang-scanner-module-cache-path /Users/mali/Library/Developer/Xcode/DerivedData/ModuleCache.noindex -sdk-module-cache-path /Users/mali/Library/Developer/Xcode/DerivedData/ModuleCache.noindex -serialize-diagnostics -emit-dependencies -emit-module -emit-module-path /Users/mali/Library/Developer/Xcode/DerivedData/Web-fwpjudnzpysruxaxmvjywphkufup/Build/Intermediates.noindex/swift-transformers.build/Debug/Generation.build/Objects-normal/arm64/Generation.swiftmodule -validate-clang-modules-once -clang-build-session-file /Users/mali/Library/Developer/Xcode/DerivedData/ModuleCache.noindex/Session.modulevalidation -Xcc -I/Users/mali/Library/Developer/Xcode/DerivedData/Web-fwpjudnzpysruxaxmvjywphkufup/Build/Intermediates.noindex/swift-transformers.build/Debug/Generation.build/swift-overrides.hmap -emit-const-values -Xfrontend -const-gather-protocols-file -Xfrontend /Users/mali/Library/Developer/Xcode/DerivedData/Web-fwpjudnzpysruxaxmvjywphkufup/Build/Intermediates.noindex/swift-transformers.build/Debug/Generation.build/Objects-normal/arm64/Generation_const_extract_protocols.json -Xcc -I/Users/mali/Library/Developer/Xcode/DerivedData/Web-fwpjudnzpysruxaxmvjywphkufup/Build/Products/Debug/include -Xcc -I/Users/mali/Library/Developer/Xcode/DerivedData/Web-fwpjudnzpysruxaxmvjywphkufup/Build/Intermediates.noindex/swift-transformers.build/Debug/Generation.build/DerivedSources-normal/arm64 -Xcc -I/Users/mali/Library/Developer/Xcode/DerivedData/Web-fwpjudnzpysruxaxmvjywphkufup/Build/Intermediates.noindex/swift-transformers.build/Debug/Generation.build/DerivedSources/arm64 -Xcc -I/Users/mali/Library/Developer/Xcode/DerivedData/Web-fwpjudnzpysruxaxmvjywphkufup/Build/Intermediates.noindex/swift-transformers.build/Debug/Generation.build/DerivedSources -Xcc -DSWIFT_PACKAGE -Xcc -DDEBUG\=1 -emit-objc-header -emit-objc-header-path /Users/mali/Library/Developer/Xcode/DerivedData/Web-fwpjudnzpysruxaxmvjywphkufup/Build/Intermediates.noindex/swift-transformers.build/Debug/Generation.build/Objects-normal/arm64/Generation-Swift.h -working-directory /Users/mali/dev/Web/Web.xcodeproj -experimental-emit-module-separately -disable-cmo

ExtractAppIntentsMetadata (in target 'Tokenizers' from project 'swift-transformers')
    cd /Users/mali/Library/Developer/Xcode/DerivedData/Web-fwpjudnzpysruxaxmvjywphkufup/SourcePackages/checkouts/swift-transformers
    /Applications/Xcode.app/Contents/Developer/Toolchains/XcodeDefault.xctoolchain/usr/bin/appintentsmetadataprocessor --toolchain-dir /var/run/com.apple.security.cryptexd/mnt/com.apple.MobileAsset.MetalToolchain-v17.2.54.0.910oNh/Metal.xctoolchain --module-name Tokenizers --sdk-root /Applications/Xcode.app/Contents/Developer/Platforms/MacOSX.platform/Developer/SDKs/MacOSX26.1.sdk --xcode-version 17B100 --platform-family macOS --deployment-target 13.0 --bundle-identifier swift-transformers.Tokenizers --output /Users/mali/Library/Developer/Xcode/DerivedData/Web-fwpjudnzpysruxaxmvjywphkufup/Build/Products/Debug/Tokenizers.appintents --target-triple arm64-apple-macos13.0 --binary-file /Users/mali/Library/Developer/Xcode/DerivedData/Web-fwpjudnzpysruxaxmvjywphkufup/Build/Products/Debug/Tokenizers.o --dependency-file /Users/mali/Library/Developer/Xcode/DerivedData/Web-fwpjudnzpysruxaxmvjywphkufup/Build/Intermediates.noindex/swift-transformers.build/Debug/Tokenizers.build/Objects-normal/arm64/Tokenizers_dependency_info.dat --stringsdata-file /Users/mali/Library/Developer/Xcode/DerivedData/Web-fwpjudnzpysruxaxmvjywphkufup/Build/Intermediates.noindex/swift-transformers.build/Debug/Tokenizers.build/Objects-normal/arm64/ExtractedAppShortcutsMetadata.stringsdata --source-file-list /Users/mali/Library/Developer/Xcode/DerivedData/Web-fwpjudnzpysruxaxmvjywphkufup/Build/Intermediates.noindex/swift-transformers.build/Debug/Tokenizers.build/Objects-normal/arm64/Tokenizers.SwiftFileList --metadata-file-list /Users/mali/Library/Developer/Xcode/DerivedData/Web-fwpjudnzpysruxaxmvjywphkufup/Build/Intermediates.noindex/swift-transformers.build/Debug/Tokenizers.build/Tokenizers.DependencyMetadataFileList --static-metadata-file-list /Users/mali/Library/Developer/Xcode/DerivedData/Web-fwpjudnzpysruxaxmvjywphkufup/Build/Intermediates.noindex/swift-transformers.build/Debug/Tokenizers.build/Tokenizers.DependencyStaticMetadataFileList --swift-const-vals-list /Users/mali/Library/Developer/Xcode/DerivedData/Web-fwpjudnzpysruxaxmvjywphkufup/Build/Intermediates.noindex/swift-transformers.build/Debug/Tokenizers.build/Objects-normal/arm64/Tokenizers.SwiftConstValuesFileList --force --compile-time-extraction --deployment-aware-processing --validate-assistant-intents --no-app-shortcuts-localization
2026-02-01 04:53:29.546 appintentsmetadataprocessor[19919:1339603] Starting appintentsmetadataprocessor export
2026-02-01 04:53:29.988 appintentsmetadataprocessor[19919:1339603] Extracted no relevant App Intents symbols, skipping writing output

RegisterExecutionPolicyException /Users/mali/Library/Developer/Xcode/DerivedData/Web-fwpjudnzpysruxaxmvjywphkufup/Build/Products/Debug/MLX.o (in target 'MLX' from project 'mlx-swift')
    cd /Users/mali/Library/Developer/Xcode/DerivedData/Web-fwpjudnzpysruxaxmvjywphkufup/SourcePackages/checkouts/mlx-swift
    builtin-RegisterExecutionPolicyException /Users/mali/Library/Developer/Xcode/DerivedData/Web-fwpjudnzpysruxaxmvjywphkufup/Build/Products/Debug/MLX.o

SwiftDriver\ Compilation\ Requirements MLXNN normal arm64 com.apple.xcode.tools.swift.compiler (in target 'MLXNN' from project 'mlx-swift')
    cd /Users/mali/dev/Web/Web.xcodeproj
    builtin-Swift-Compilation-Requirements -- /Applications/Xcode.app/Contents/Developer/Toolchains/XcodeDefault.xctoolchain/usr/bin/swiftc -module-name MLXNN -Onone -enforce-exclusivity\=checked @/Users/mali/Library/Developer/Xcode/DerivedData/Web-fwpjudnzpysruxaxmvjywphkufup/Build/Intermediates.noindex/mlx-swift.build/Debug/MLXNN.build/Objects-normal/arm64/MLXNN.SwiftFileList -DSWIFT_PACKAGE -DDEBUG -DSWIFT_MODULE_RESOURCE_BUNDLE_UNAVAILABLE -DXcode -enable-experimental-feature StrictConcurrency -plugin-path /Applications/Xcode.app/Contents/Developer/Toolchains/XcodeDefault.xctoolchain/usr/lib/swift/host/plugins/testing -enable-experimental-feature DebugDescriptionMacro -sdk /Applications/Xcode.app/Contents/Developer/Platforms/MacOSX.platform/Developer/SDKs/MacOSX26.1.sdk -target arm64-apple-macos13.3 -g -module-cache-path /Users/mali/Library/Developer/Xcode/DerivedData/ModuleCache.noindex -Xfrontend -serialize-debugging-options -profile-coverage-mapping -profile-generate -enable-testing -suppress-warnings -index-store-path /Users/mali/Library/Developer/Xcode/DerivedData/Web-fwpjudnzpysruxaxmvjywphkufup/Index.noindex/DataStore -Xcc -D_LIBCPP_HARDENING_MODE\=_LIBCPP_HARDENING_MODE_DEBUG -swift-version 5 -I /Users/mali/Library/Developer/Xcode/DerivedData/Web-fwpjudnzpysruxaxmvjywphkufup/Build/Products/Debug -Isystem /Applications/Xcode.app/Contents/Developer/Platforms/MacOSX.platform/Developer/usr/lib -F /Users/mali/Library/Developer/Xcode/DerivedData/Web-fwpjudnzpysruxaxmvjywphkufup/Build/Products/Debug/PackageFrameworks -F /Users/mali/Library/Developer/Xcode/DerivedData/Web-fwpjudnzpysruxaxmvjywphkufup/Build/Products/Debug/PackageFrameworks -F /Users/mali/Library/Developer/Xcode/DerivedData/Web-fwpjudnzpysruxaxmvjywphkufup/Build/Products/Debug/PackageFrameworks -F /Users/mali/Library/Developer/Xcode/DerivedData/Web-fwpjudnzpysruxaxmvjywphkufup/Build/Products/Debug/PackageFrameworks -F /Users/mali/Library/Developer/Xcode/DerivedData/Web-fwpjudnzpysruxaxmvjywphkufup/Build/Products/Debug/PackageFrameworks -F /Users/mali/Library/Developer/Xcode/DerivedData/Web-fwpjudnzpysruxaxmvjywphkufup/Build/Products/Debug/PackageFrameworks -F /Users/mali/Library/Developer/Xcode/DerivedData/Web-fwpjudnzpysruxaxmvjywphkufup/Build/Products/Debug/PackageFrameworks -F /Users/mali/Library/Developer/Xcode/DerivedData/Web-fwpjudnzpysruxaxmvjywphkufup/Build/Products/Debug/PackageFrameworks -F /Users/mali/Library/Developer/Xcode/DerivedData/Web-fwpjudnzpysruxaxmvjywphkufup/Build/Products/Debug -F /Applications/Xcode.app/Contents/Developer/Platforms/MacOSX.platform/Developer/Library/Frameworks -c -j8 -enable-batch-mode -incremental -Xcc -ivfsstatcache -Xcc /Users/mali/Library/Developer/Xcode/DerivedData/SDKStatCaches.noindex/macosx26.1-25B74-3885c01c3e6b6a337905948deab2002e3ae1261907bdadc328169391a47051a6.sdkstatcache -output-file-map /Users/mali/Library/Developer/Xcode/DerivedData/Web-fwpjudnzpysruxaxmvjywphkufup/Build/Intermediates.noindex/mlx-swift.build/Debug/MLXNN.build/Objects-normal/arm64/MLXNN-OutputFileMap.json -use-frontend-parseable-output -save-temps -no-color-diagnostics -explicit-module-build -module-cache-path /Users/mali/Library/Developer/Xcode/DerivedData/Web-fwpjudnzpysruxaxmvjywphkufup/Build/Intermediates.noindex/SwiftExplicitPrecompiledModules -clang-scanner-module-cache-path /Users/mali/Library/Developer/Xcode/DerivedData/ModuleCache.noindex -sdk-module-cache-path /Users/mali/Library/Developer/Xcode/DerivedData/ModuleCache.noindex -serialize-diagnostics -emit-dependencies -emit-module -emit-module-path /Users/mali/Library/Developer/Xcode/DerivedData/Web-fwpjudnzpysruxaxmvjywphkufup/Build/Intermediates.noindex/mlx-swift.build/Debug/MLXNN.build/Objects-normal/arm64/MLXNN.swiftmodule -validate-clang-modules-once -clang-build-session-file /Users/mali/Library/Developer/Xcode/DerivedData/ModuleCache.noindex/Session.modulevalidation -package-name mlx_swift -Xcc -I/Users/mali/Library/Developer/Xcode/DerivedData/Web-fwpjudnzpysruxaxmvjywphkufup/Build/Intermediates.noindex/mlx-swift.build/Debug/MLXNN.build/swift-overrides.hmap -emit-const-values -Xfrontend -const-gather-protocols-file -Xfrontend /Users/mali/Library/Developer/Xcode/DerivedData/Web-fwpjudnzpysruxaxmvjywphkufup/Build/Intermediates.noindex/mlx-swift.build/Debug/MLXNN.build/Objects-normal/arm64/MLXNN_const_extract_protocols.json -Xcc -I/Users/mali/Library/Developer/Xcode/DerivedData/Web-fwpjudnzpysruxaxmvjywphkufup/SourcePackages/checkouts/swift-numerics/Sources/_NumericsShims/include -Xcc -I/Users/mali/Library/Developer/Xcode/DerivedData/Web-fwpjudnzpysruxaxmvjywphkufup/SourcePackages/checkouts/mlx-swift/Source/Cmlx/include -Xcc -I/Users/mali/Library/Developer/Xcode/DerivedData/Web-fwpjudnzpysruxaxmvjywphkufup/Build/Products/Debug/include -Xcc -I/Users/mali/Library/Developer/Xcode/DerivedData/Web-fwpjudnzpysruxaxmvjywphkufup/Build/Intermediates.noindex/mlx-swift.build/Debug/MLXNN.build/DerivedSources-normal/arm64 -Xcc -I/Users/mali/Library/Developer/Xcode/DerivedData/Web-fwpjudnzpysruxaxmvjywphkufup/Build/Intermediates.noindex/mlx-swift.build/Debug/MLXNN.build/DerivedSources/arm64 -Xcc -I/Users/mali/Library/Developer/Xcode/DerivedData/Web-fwpjudnzpysruxaxmvjywphkufup/Build/Intermediates.noindex/mlx-swift.build/Debug/MLXNN.build/DerivedSources -Xcc -DSWIFT_PACKAGE -Xcc -DDEBUG\=1 -emit-objc-header -emit-objc-header-path /Users/mali/Library/Developer/Xcode/DerivedData/Web-fwpjudnzpysruxaxmvjywphkufup/Build/Intermediates.noindex/mlx-swift.build/Debug/MLXNN.build/Objects-normal/arm64/MLXNN-Swift.h -working-directory /Users/mali/dev/Web/Web.xcodeproj -experimental-emit-module-separately -disable-cmo

SwiftDriver\ Compilation MLXNN normal arm64 com.apple.xcode.tools.swift.compiler (in target 'MLXNN' from project 'mlx-swift')
    cd /Users/mali/dev/Web/Web.xcodeproj
    builtin-Swift-Compilation -- /Applications/Xcode.app/Contents/Developer/Toolchains/XcodeDefault.xctoolchain/usr/bin/swiftc -module-name MLXNN -Onone -enforce-exclusivity\=checked @/Users/mali/Library/Developer/Xcode/DerivedData/Web-fwpjudnzpysruxaxmvjywphkufup/Build/Intermediates.noindex/mlx-swift.build/Debug/MLXNN.build/Objects-normal/arm64/MLXNN.SwiftFileList -DSWIFT_PACKAGE -DDEBUG -DSWIFT_MODULE_RESOURCE_BUNDLE_UNAVAILABLE -DXcode -enable-experimental-feature StrictConcurrency -plugin-path /Applications/Xcode.app/Contents/Developer/Toolchains/XcodeDefault.xctoolchain/usr/lib/swift/host/plugins/testing -enable-experimental-feature DebugDescriptionMacro -sdk /Applications/Xcode.app/Contents/Developer/Platforms/MacOSX.platform/Developer/SDKs/MacOSX26.1.sdk -target arm64-apple-macos13.3 -g -module-cache-path /Users/mali/Library/Developer/Xcode/DerivedData/ModuleCache.noindex -Xfrontend -serialize-debugging-options -profile-coverage-mapping -profile-generate -enable-testing -suppress-warnings -index-store-path /Users/mali/Library/Developer/Xcode/DerivedData/Web-fwpjudnzpysruxaxmvjywphkufup/Index.noindex/DataStore -Xcc -D_LIBCPP_HARDENING_MODE\=_LIBCPP_HARDENING_MODE_DEBUG -swift-version 5 -I /Users/mali/Library/Developer/Xcode/DerivedData/Web-fwpjudnzpysruxaxmvjywphkufup/Build/Products/Debug -Isystem /Applications/Xcode.app/Contents/Developer/Platforms/MacOSX.platform/Developer/usr/lib -F /Users/mali/Library/Developer/Xcode/DerivedData/Web-fwpjudnzpysruxaxmvjywphkufup/Build/Products/Debug/PackageFrameworks -F /Users/mali/Library/Developer/Xcode/DerivedData/Web-fwpjudnzpysruxaxmvjywphkufup/Build/Products/Debug/PackageFrameworks -F /Users/mali/Library/Developer/Xcode/DerivedData/Web-fwpjudnzpysruxaxmvjywphkufup/Build/Products/Debug/PackageFrameworks -F /Users/mali/Library/Developer/Xcode/DerivedData/Web-fwpjudnzpysruxaxmvjywphkufup/Build/Products/Debug/PackageFrameworks -F /Users/mali/Library/Developer/Xcode/DerivedData/Web-fwpjudnzpysruxaxmvjywphkufup/Build/Products/Debug/PackageFrameworks -F /Users/mali/Library/Developer/Xcode/DerivedData/Web-fwpjudnzpysruxaxmvjywphkufup/Build/Products/Debug/PackageFrameworks -F /Users/mali/Library/Developer/Xcode/DerivedData/Web-fwpjudnzpysruxaxmvjywphkufup/Build/Products/Debug/PackageFrameworks -F /Users/mali/Library/Developer/Xcode/DerivedData/Web-fwpjudnzpysruxaxmvjywphkufup/Build/Products/Debug/PackageFrameworks -F /Users/mali/Library/Developer/Xcode/DerivedData/Web-fwpjudnzpysruxaxmvjywphkufup/Build/Products/Debug -F /Applications/Xcode.app/Contents/Developer/Platforms/MacOSX.platform/Developer/Library/Frameworks -c -j8 -enable-batch-mode -incremental -Xcc -ivfsstatcache -Xcc /Users/mali/Library/Developer/Xcode/DerivedData/SDKStatCaches.noindex/macosx26.1-25B74-3885c01c3e6b6a337905948deab2002e3ae1261907bdadc328169391a47051a6.sdkstatcache -output-file-map /Users/mali/Library/Developer/Xcode/DerivedData/Web-fwpjudnzpysruxaxmvjywphkufup/Build/Intermediates.noindex/mlx-swift.build/Debug/MLXNN.build/Objects-normal/arm64/MLXNN-OutputFileMap.json -use-frontend-parseable-output -save-temps -no-color-diagnostics -explicit-module-build -module-cache-path /Users/mali/Library/Developer/Xcode/DerivedData/Web-fwpjudnzpysruxaxmvjywphkufup/Build/Intermediates.noindex/SwiftExplicitPrecompiledModules -clang-scanner-module-cache-path /Users/mali/Library/Developer/Xcode/DerivedData/ModuleCache.noindex -sdk-module-cache-path /Users/mali/Library/Developer/Xcode/DerivedData/ModuleCache.noindex -serialize-diagnostics -emit-dependencies -emit-module -emit-module-path /Users/mali/Library/Developer/Xcode/DerivedData/Web-fwpjudnzpysruxaxmvjywphkufup/Build/Intermediates.noindex/mlx-swift.build/Debug/MLXNN.build/Objects-normal/arm64/MLXNN.swiftmodule -validate-clang-modules-once -clang-build-session-file /Users/mali/Library/Developer/Xcode/DerivedData/ModuleCache.noindex/Session.modulevalidation -package-name mlx_swift -Xcc -I/Users/mali/Library/Developer/Xcode/DerivedData/Web-fwpjudnzpysruxaxmvjywphkufup/Build/Intermediates.noindex/mlx-swift.build/Debug/MLXNN.build/swift-overrides.hmap -emit-const-values -Xfrontend -const-gather-protocols-file -Xfrontend /Users/mali/Library/Developer/Xcode/DerivedData/Web-fwpjudnzpysruxaxmvjywphkufup/Build/Intermediates.noindex/mlx-swift.build/Debug/MLXNN.build/Objects-normal/arm64/MLXNN_const_extract_protocols.json -Xcc -I/Users/mali/Library/Developer/Xcode/DerivedData/Web-fwpjudnzpysruxaxmvjywphkufup/SourcePackages/checkouts/swift-numerics/Sources/_NumericsShims/include -Xcc -I/Users/mali/Library/Developer/Xcode/DerivedData/Web-fwpjudnzpysruxaxmvjywphkufup/SourcePackages/checkouts/mlx-swift/Source/Cmlx/include -Xcc -I/Users/mali/Library/Developer/Xcode/DerivedData/Web-fwpjudnzpysruxaxmvjywphkufup/Build/Products/Debug/include -Xcc -I/Users/mali/Library/Developer/Xcode/DerivedData/Web-fwpjudnzpysruxaxmvjywphkufup/Build/Intermediates.noindex/mlx-swift.build/Debug/MLXNN.build/DerivedSources-normal/arm64 -Xcc -I/Users/mali/Library/Developer/Xcode/DerivedData/Web-fwpjudnzpysruxaxmvjywphkufup/Build/Intermediates.noindex/mlx-swift.build/Debug/MLXNN.build/DerivedSources/arm64 -Xcc -I/Users/mali/Library/Developer/Xcode/DerivedData/Web-fwpjudnzpysruxaxmvjywphkufup/Build/Intermediates.noindex/mlx-swift.build/Debug/MLXNN.build/DerivedSources -Xcc -DSWIFT_PACKAGE -Xcc -DDEBUG\=1 -emit-objc-header -emit-objc-header-path /Users/mali/Library/Developer/Xcode/DerivedData/Web-fwpjudnzpysruxaxmvjywphkufup/Build/Intermediates.noindex/mlx-swift.build/Debug/MLXNN.build/Objects-normal/arm64/MLXNN-Swift.h -working-directory /Users/mali/dev/Web/Web.xcodeproj -experimental-emit-module-separately -disable-cmo

SwiftMergeGeneratedHeaders /Users/mali/Library/Developer/Xcode/DerivedData/Web-fwpjudnzpysruxaxmvjywphkufup/Build/Intermediates.noindex/GeneratedModuleMaps/MLXNN-Swift.h /Users/mali/Library/Developer/Xcode/DerivedData/Web-fwpjudnzpysruxaxmvjywphkufup/Build/Intermediates.noindex/mlx-swift.build/Debug/MLXNN.build/Objects-normal/arm64/MLXNN-Swift.h (in target 'MLXNN' from project 'mlx-swift')
    cd /Users/mali/Library/Developer/Xcode/DerivedData/Web-fwpjudnzpysruxaxmvjywphkufup/SourcePackages/checkouts/mlx-swift
    builtin-swiftHeaderTool -arch arm64 /Users/mali/Library/Developer/Xcode/DerivedData/Web-fwpjudnzpysruxaxmvjywphkufup/Build/Intermediates.noindex/mlx-swift.build/Debug/MLXNN.build/Objects-normal/arm64/MLXNN-Swift.h -o /Users/mali/Library/Developer/Xcode/DerivedData/Web-fwpjudnzpysruxaxmvjywphkufup/Build/Intermediates.noindex/GeneratedModuleMaps/MLXNN-Swift.h

SwiftDriver MLXOptimizers normal arm64 com.apple.xcode.tools.swift.compiler (in target 'MLXOptimizers' from project 'mlx-swift')
    cd /Users/mali/dev/Web/Web.xcodeproj
    builtin-SwiftDriver -- /Applications/Xcode.app/Contents/Developer/Toolchains/XcodeDefault.xctoolchain/usr/bin/swiftc -module-name MLXOptimizers -Onone -enforce-exclusivity\=checked @/Users/mali/Library/Developer/Xcode/DerivedData/Web-fwpjudnzpysruxaxmvjywphkufup/Build/Intermediates.noindex/mlx-swift.build/Debug/MLXOptimizers.build/Objects-normal/arm64/MLXOptimizers.SwiftFileList -DSWIFT_PACKAGE -DDEBUG -DSWIFT_MODULE_RESOURCE_BUNDLE_UNAVAILABLE -DXcode -enable-experimental-feature StrictConcurrency -plugin-path /Applications/Xcode.app/Contents/Developer/Toolchains/XcodeDefault.xctoolchain/usr/lib/swift/host/plugins/testing -enable-experimental-feature DebugDescriptionMacro -sdk /Applications/Xcode.app/Contents/Developer/Platforms/MacOSX.platform/Developer/SDKs/MacOSX26.1.sdk -target arm64-apple-macos13.3 -g -module-cache-path /Users/mali/Library/Developer/Xcode/DerivedData/ModuleCache.noindex -Xfrontend -serialize-debugging-options -profile-coverage-mapping -profile-generate -enable-testing -suppress-warnings -index-store-path /Users/mali/Library/Developer/Xcode/DerivedData/Web-fwpjudnzpysruxaxmvjywphkufup/Index.noindex/DataStore -Xcc -D_LIBCPP_HARDENING_MODE\=_LIBCPP_HARDENING_MODE_DEBUG -swift-version 5 -I /Users/mali/Library/Developer/Xcode/DerivedData/Web-fwpjudnzpysruxaxmvjywphkufup/Build/Products/Debug -Isystem /Applications/Xcode.app/Contents/Developer/Platforms/MacOSX.platform/Developer/usr/lib -F /Users/mali/Library/Developer/Xcode/DerivedData/Web-fwpjudnzpysruxaxmvjywphkufup/Build/Products/Debug/PackageFrameworks -F /Users/mali/Library/Developer/Xcode/DerivedData/Web-fwpjudnzpysruxaxmvjywphkufup/Build/Products/Debug/PackageFrameworks -F /Users/mali/Library/Developer/Xcode/DerivedData/Web-fwpjudnzpysruxaxmvjywphkufup/Build/Products/Debug/PackageFrameworks -F /Users/mali/Library/Developer/Xcode/DerivedData/Web-fwpjudnzpysruxaxmvjywphkufup/Build/Products/Debug/PackageFrameworks -F /Users/mali/Library/Developer/Xcode/DerivedData/Web-fwpjudnzpysruxaxmvjywphkufup/Build/Products/Debug/PackageFrameworks -F /Users/mali/Library/Developer/Xcode/DerivedData/Web-fwpjudnzpysruxaxmvjywphkufup/Build/Products/Debug/PackageFrameworks -F /Users/mali/Library/Developer/Xcode/DerivedData/Web-fwpjudnzpysruxaxmvjywphkufup/Build/Products/Debug/PackageFrameworks -F /Users/mali/Library/Developer/Xcode/DerivedData/Web-fwpjudnzpysruxaxmvjywphkufup/Build/Products/Debug/PackageFrameworks -F /Users/mali/Library/Developer/Xcode/DerivedData/Web-fwpjudnzpysruxaxmvjywphkufup/Build/Products/Debug/PackageFrameworks -F /Users/mali/Library/Developer/Xcode/DerivedData/Web-fwpjudnzpysruxaxmvjywphkufup/Build/Products/Debug -F /Applications/Xcode.app/Contents/Developer/Platforms/MacOSX.platform/Developer/Library/Frameworks -parse-as-library -c -j8 -enable-batch-mode -incremental -Xcc -ivfsstatcache -Xcc /Users/mali/Library/Developer/Xcode/DerivedData/SDKStatCaches.noindex/macosx26.1-25B74-3885c01c3e6b6a337905948deab2002e3ae1261907bdadc328169391a47051a6.sdkstatcache -output-file-map /Users/mali/Library/Developer/Xcode/DerivedData/Web-fwpjudnzpysruxaxmvjywphkufup/Build/Intermediates.noindex/mlx-swift.build/Debug/MLXOptimizers.build/Objects-normal/arm64/MLXOptimizers-OutputFileMap.json -use-frontend-parseable-output -save-temps -no-color-diagnostics -explicit-module-build -module-cache-path /Users/mali/Library/Developer/Xcode/DerivedData/Web-fwpjudnzpysruxaxmvjywphkufup/Build/Intermediates.noindex/SwiftExplicitPrecompiledModules -clang-scanner-module-cache-path /Users/mali/Library/Developer/Xcode/DerivedData/ModuleCache.noindex -sdk-module-cache-path /Users/mali/Library/Developer/Xcode/DerivedData/ModuleCache.noindex -serialize-diagnostics -emit-dependencies -emit-module -emit-module-path /Users/mali/Library/Developer/Xcode/DerivedData/Web-fwpjudnzpysruxaxmvjywphkufup/Build/Intermediates.noindex/mlx-swift.build/Debug/MLXOptimizers.build/Objects-normal/arm64/MLXOptimizers.swiftmodule -validate-clang-modules-once -clang-build-session-file /Users/mali/Library/Developer/Xcode/DerivedData/ModuleCache.noindex/Session.modulevalidation -package-name mlx_swift -Xcc -I/Users/mali/Library/Developer/Xcode/DerivedData/Web-fwpjudnzpysruxaxmvjywphkufup/Build/Intermediates.noindex/mlx-swift.build/Debug/MLXOptimizers.build/swift-overrides.hmap -emit-const-values -Xfrontend -const-gather-protocols-file -Xfrontend /Users/mali/Library/Developer/Xcode/DerivedData/Web-fwpjudnzpysruxaxmvjywphkufup/Build/Intermediates.noindex/mlx-swift.build/Debug/MLXOptimizers.build/Objects-normal/arm64/MLXOptimizers_const_extract_protocols.json -Xcc -I/Users/mali/Library/Developer/Xcode/DerivedData/Web-fwpjudnzpysruxaxmvjywphkufup/SourcePackages/checkouts/swift-numerics/Sources/_NumericsShims/include -Xcc -I/Users/mali/Library/Developer/Xcode/DerivedData/Web-fwpjudnzpysruxaxmvjywphkufup/SourcePackages/checkouts/mlx-swift/Source/Cmlx/include -Xcc -I/Users/mali/Library/Developer/Xcode/DerivedData/Web-fwpjudnzpysruxaxmvjywphkufup/Build/Products/Debug/include -Xcc -I/Users/mali/Library/Developer/Xcode/DerivedData/Web-fwpjudnzpysruxaxmvjywphkufup/Build/Intermediates.noindex/mlx-swift.build/Debug/MLXOptimizers.build/DerivedSources-normal/arm64 -Xcc -I/Users/mali/Library/Developer/Xcode/DerivedData/Web-fwpjudnzpysruxaxmvjywphkufup/Build/Intermediates.noindex/mlx-swift.build/Debug/MLXOptimizers.build/DerivedSources/arm64 -Xcc -I/Users/mali/Library/Developer/Xcode/DerivedData/Web-fwpjudnzpysruxaxmvjywphkufup/Build/Intermediates.noindex/mlx-swift.build/Debug/MLXOptimizers.build/DerivedSources -Xcc -DSWIFT_PACKAGE -Xcc -DDEBUG\=1 -emit-objc-header -emit-objc-header-path /Users/mali/Library/Developer/Xcode/DerivedData/Web-fwpjudnzpysruxaxmvjywphkufup/Build/Intermediates.noindex/mlx-swift.build/Debug/MLXOptimizers.build/Objects-normal/arm64/MLXOptimizers-Swift.h -working-directory /Users/mali/dev/Web/Web.xcodeproj -experimental-emit-module-separately -disable-cmo

Ld /Users/mali/Library/Developer/Xcode/DerivedData/Web-fwpjudnzpysruxaxmvjywphkufup/Build/Products/Debug/MLXRandom.o normal (in target 'MLXRandom' from project 'mlx-swift')
    cd /Users/mali/Library/Developer/Xcode/DerivedData/Web-fwpjudnzpysruxaxmvjywphkufup/SourcePackages/checkouts/mlx-swift
    /Applications/Xcode.app/Contents/Developer/Toolchains/XcodeDefault.xctoolchain/usr/bin/clang -Xlinker -reproducible -target arm64-apple-macos13.3 -r -isysroot /Applications/Xcode.app/Contents/Developer/Platforms/MacOSX.platform/Developer/SDKs/MacOSX26.1.sdk -O0 -w -L/Users/mali/Library/Developer/Xcode/DerivedData/Web-fwpjudnzpysruxaxmvjywphkufup/Build/Intermediates.noindex/EagerLinkingTBDs/Debug -L/Users/mali/Library/Developer/Xcode/DerivedData/Web-fwpjudnzpysruxaxmvjywphkufup/Build/Products/Debug -L/Applications/Xcode.app/Contents/Developer/Platforms/MacOSX.platform/Developer/usr/lib -F/Users/mali/Library/Developer/Xcode/DerivedData/Web-fwpjudnzpysruxaxmvjywphkufup/Build/Intermediates.noindex/EagerLinkingTBDs/Debug -F/Users/mali/Library/Developer/Xcode/DerivedData/Web-fwpjudnzpysruxaxmvjywphkufup/Build/Products/Debug/PackageFrameworks -F/Users/mali/Library/Developer/Xcode/DerivedData/Web-fwpjudnzpysruxaxmvjywphkufup/Build/Products/Debug/PackageFrameworks -F/Users/mali/Library/Developer/Xcode/DerivedData/Web-fwpjudnzpysruxaxmvjywphkufup/Build/Products/Debug/PackageFrameworks -F/Users/mali/Library/Developer/Xcode/DerivedData/Web-fwpjudnzpysruxaxmvjywphkufup/Build/Products/Debug/PackageFrameworks -F/Users/mali/Library/Developer/Xcode/DerivedData/Web-fwpjudnzpysruxaxmvjywphkufup/Build/Products/Debug/PackageFrameworks -F/Users/mali/Library/Developer/Xcode/DerivedData/Web-fwpjudnzpysruxaxmvjywphkufup/Build/Products/Debug/PackageFrameworks -F/Users/mali/Library/Developer/Xcode/DerivedData/Web-fwpjudnzpysruxaxmvjywphkufup/Build/Products/Debug -iframework /Applications/Xcode.app/Contents/Developer/Platforms/MacOSX.platform/Developer/Library/Frameworks -filelist /Users/mali/Library/Developer/Xcode/DerivedData/Web-fwpjudnzpysruxaxmvjywphkufup/Build/Intermediates.noindex/mlx-swift.build/Debug/MLXRandom.build/Objects-normal/arm64/MLXRandom.LinkFileList -nostdlib -Xlinker -object_path_lto -Xlinker /Users/mali/Library/Developer/Xcode/DerivedData/Web-fwpjudnzpysruxaxmvjywphkufup/Build/Intermediates.noindex/mlx-swift.build/Debug/MLXRandom.build/Objects-normal/arm64/MLXRandom_lto.o -rdynamic -Xlinker -no_deduplicate -Xlinker -debug_variant -Xlinker -dependency_info -Xlinker /Users/mali/Library/Developer/Xcode/DerivedData/Web-fwpjudnzpysruxaxmvjywphkufup/Build/Intermediates.noindex/mlx-swift.build/Debug/MLXRandom.build/Objects-normal/arm64/MLXRandom_dependency_info.dat -fobjc-link-runtime -L/Applications/Xcode.app/Contents/Developer/Toolchains/XcodeDefault.xctoolchain/usr/lib/swift/macosx -L/usr/lib/swift -Xlinker -add_ast_path -Xlinker /Users/mali/Library/Developer/Xcode/DerivedData/Web-fwpjudnzpysruxaxmvjywphkufup/Build/Intermediates.noindex/mlx-swift.build/Debug/MLXRandom.build/Objects-normal/arm64/MLXRandom.swiftmodule @/Users/mali/Library/Developer/Xcode/DerivedData/Web-fwpjudnzpysruxaxmvjywphkufup/Build/Intermediates.noindex/mlx-swift.build/Debug/MLXRandom.build/Objects-normal/arm64/MLXRandom-linker-args.resp -o /Users/mali/Library/Developer/Xcode/DerivedData/Web-fwpjudnzpysruxaxmvjywphkufup/Build/Products/Debug/MLXRandom.o

Ld /Users/mali/Library/Developer/Xcode/DerivedData/Web-fwpjudnzpysruxaxmvjywphkufup/Build/Products/Debug/MLXLinalg.o normal (in target 'MLXLinalg' from project 'mlx-swift')
    cd /Users/mali/Library/Developer/Xcode/DerivedData/Web-fwpjudnzpysruxaxmvjywphkufup/SourcePackages/checkouts/mlx-swift
    /Applications/Xcode.app/Contents/Developer/Toolchains/XcodeDefault.xctoolchain/usr/bin/clang -Xlinker -reproducible -target arm64-apple-macos13.3 -r -isysroot /Applications/Xcode.app/Contents/Developer/Platforms/MacOSX.platform/Developer/SDKs/MacOSX26.1.sdk -O0 -w -L/Users/mali/Library/Developer/Xcode/DerivedData/Web-fwpjudnzpysruxaxmvjywphkufup/Build/Intermediates.noindex/EagerLinkingTBDs/Debug -L/Users/mali/Library/Developer/Xcode/DerivedData/Web-fwpjudnzpysruxaxmvjywphkufup/Build/Products/Debug -L/Applications/Xcode.app/Contents/Developer/Platforms/MacOSX.platform/Developer/usr/lib -F/Users/mali/Library/Developer/Xcode/DerivedData/Web-fwpjudnzpysruxaxmvjywphkufup/Build/Intermediates.noindex/EagerLinkingTBDs/Debug -F/Users/mali/Library/Developer/Xcode/DerivedData/Web-fwpjudnzpysruxaxmvjywphkufup/Build/Products/Debug/PackageFrameworks -F/Users/mali/Library/Developer/Xcode/DerivedData/Web-fwpjudnzpysruxaxmvjywphkufup/Build/Products/Debug/PackageFrameworks -F/Users/mali/Library/Developer/Xcode/DerivedData/Web-fwpjudnzpysruxaxmvjywphkufup/Build/Products/Debug/PackageFrameworks -F/Users/mali/Library/Developer/Xcode/DerivedData/Web-fwpjudnzpysruxaxmvjywphkufup/Build/Products/Debug/PackageFrameworks -F/Users/mali/Library/Developer/Xcode/DerivedData/Web-fwpjudnzpysruxaxmvjywphkufup/Build/Products/Debug/PackageFrameworks -F/Users/mali/Library/Developer/Xcode/DerivedData/Web-fwpjudnzpysruxaxmvjywphkufup/Build/Products/Debug/PackageFrameworks -F/Users/mali/Library/Developer/Xcode/DerivedData/Web-fwpjudnzpysruxaxmvjywphkufup/Build/Products/Debug -iframework /Applications/Xcode.app/Contents/Developer/Platforms/MacOSX.platform/Developer/Library/Frameworks -filelist /Users/mali/Library/Developer/Xcode/DerivedData/Web-fwpjudnzpysruxaxmvjywphkufup/Build/Intermediates.noindex/mlx-swift.build/Debug/MLXLinalg.build/Objects-normal/arm64/MLXLinalg.LinkFileList -nostdlib -Xlinker -object_path_lto -Xlinker /Users/mali/Library/Developer/Xcode/DerivedData/Web-fwpjudnzpysruxaxmvjywphkufup/Build/Intermediates.noindex/mlx-swift.build/Debug/MLXLinalg.build/Objects-normal/arm64/MLXLinalg_lto.o -rdynamic -Xlinker -no_deduplicate -Xlinker -debug_variant -Xlinker -dependency_info -Xlinker /Users/mali/Library/Developer/Xcode/DerivedData/Web-fwpjudnzpysruxaxmvjywphkufup/Build/Intermediates.noindex/mlx-swift.build/Debug/MLXLinalg.build/Objects-normal/arm64/MLXLinalg_dependency_info.dat -fobjc-link-runtime -L/Applications/Xcode.app/Contents/Developer/Toolchains/XcodeDefault.xctoolchain/usr/lib/swift/macosx -L/usr/lib/swift -Xlinker -add_ast_path -Xlinker /Users/mali/Library/Developer/Xcode/DerivedData/Web-fwpjudnzpysruxaxmvjywphkufup/Build/Intermediates.noindex/mlx-swift.build/Debug/MLXLinalg.build/Objects-normal/arm64/MLXLinalg.swiftmodule @/Users/mali/Library/Developer/Xcode/DerivedData/Web-fwpjudnzpysruxaxmvjywphkufup/Build/Intermediates.noindex/mlx-swift.build/Debug/MLXLinalg.build/Objects-normal/arm64/MLXLinalg-linker-args.resp -o /Users/mali/Library/Developer/Xcode/DerivedData/Web-fwpjudnzpysruxaxmvjywphkufup/Build/Products/Debug/MLXLinalg.o

Ld /Users/mali/Library/Developer/Xcode/DerivedData/Web-fwpjudnzpysruxaxmvjywphkufup/Build/Products/Debug/MLXFast.o normal (in target 'MLXFast' from project 'mlx-swift')
    cd /Users/mali/Library/Developer/Xcode/DerivedData/Web-fwpjudnzpysruxaxmvjywphkufup/SourcePackages/checkouts/mlx-swift
    /Applications/Xcode.app/Contents/Developer/Toolchains/XcodeDefault.xctoolchain/usr/bin/clang -Xlinker -reproducible -target arm64-apple-macos13.3 -r -isysroot /Applications/Xcode.app/Contents/Developer/Platforms/MacOSX.platform/Developer/SDKs/MacOSX26.1.sdk -O0 -w -L/Users/mali/Library/Developer/Xcode/DerivedData/Web-fwpjudnzpysruxaxmvjywphkufup/Build/Intermediates.noindex/EagerLinkingTBDs/Debug -L/Users/mali/Library/Developer/Xcode/DerivedData/Web-fwpjudnzpysruxaxmvjywphkufup/Build/Products/Debug -L/Applications/Xcode.app/Contents/Developer/Platforms/MacOSX.platform/Developer/usr/lib -F/Users/mali/Library/Developer/Xcode/DerivedData/Web-fwpjudnzpysruxaxmvjywphkufup/Build/Intermediates.noindex/EagerLinkingTBDs/Debug -F/Users/mali/Library/Developer/Xcode/DerivedData/Web-fwpjudnzpysruxaxmvjywphkufup/Build/Products/Debug/PackageFrameworks -F/Users/mali/Library/Developer/Xcode/DerivedData/Web-fwpjudnzpysruxaxmvjywphkufup/Build/Products/Debug/PackageFrameworks -F/Users/mali/Library/Developer/Xcode/DerivedData/Web-fwpjudnzpysruxaxmvjywphkufup/Build/Products/Debug/PackageFrameworks -F/Users/mali/Library/Developer/Xcode/DerivedData/Web-fwpjudnzpysruxaxmvjywphkufup/Build/Products/Debug/PackageFrameworks -F/Users/mali/Library/Developer/Xcode/DerivedData/Web-fwpjudnzpysruxaxmvjywphkufup/Build/Products/Debug/PackageFrameworks -F/Users/mali/Library/Developer/Xcode/DerivedData/Web-fwpjudnzpysruxaxmvjywphkufup/Build/Products/Debug/PackageFrameworks -F/Users/mali/Library/Developer/Xcode/DerivedData/Web-fwpjudnzpysruxaxmvjywphkufup/Build/Products/Debug -iframework /Applications/Xcode.app/Contents/Developer/Platforms/MacOSX.platform/Developer/Library/Frameworks -filelist /Users/mali/Library/Developer/Xcode/DerivedData/Web-fwpjudnzpysruxaxmvjywphkufup/Build/Intermediates.noindex/mlx-swift.build/Debug/MLXFast.build/Objects-normal/arm64/MLXFast.LinkFileList -nostdlib -Xlinker -object_path_lto -Xlinker /Users/mali/Library/Developer/Xcode/DerivedData/Web-fwpjudnzpysruxaxmvjywphkufup/Build/Intermediates.noindex/mlx-swift.build/Debug/MLXFast.build/Objects-normal/arm64/MLXFast_lto.o -rdynamic -Xlinker -no_deduplicate -Xlinker -debug_variant -Xlinker -dependency_info -Xlinker /Users/mali/Library/Developer/Xcode/DerivedData/Web-fwpjudnzpysruxaxmvjywphkufup/Build/Intermediates.noindex/mlx-swift.build/Debug/MLXFast.build/Objects-normal/arm64/MLXFast_dependency_info.dat -fobjc-link-runtime -L/Applications/Xcode.app/Contents/Developer/Toolchains/XcodeDefault.xctoolchain/usr/lib/swift/macosx -L/usr/lib/swift -Xlinker -add_ast_path -Xlinker /Users/mali/Library/Developer/Xcode/DerivedData/Web-fwpjudnzpysruxaxmvjywphkufup/Build/Intermediates.noindex/mlx-swift.build/Debug/MLXFast.build/Objects-normal/arm64/MLXFast.swiftmodule @/Users/mali/Library/Developer/Xcode/DerivedData/Web-fwpjudnzpysruxaxmvjywphkufup/Build/Intermediates.noindex/mlx-swift.build/Debug/MLXFast.build/Objects-normal/arm64/MLXFast-linker-args.resp -o /Users/mali/Library/Developer/Xcode/DerivedData/Web-fwpjudnzpysruxaxmvjywphkufup/Build/Products/Debug/MLXFast.o

ExtractAppIntentsMetadata (in target 'MLXRandom' from project 'mlx-swift')
    cd /Users/mali/Library/Developer/Xcode/DerivedData/Web-fwpjudnzpysruxaxmvjywphkufup/SourcePackages/checkouts/mlx-swift
    /Applications/Xcode.app/Contents/Developer/Toolchains/XcodeDefault.xctoolchain/usr/bin/appintentsmetadataprocessor --toolchain-dir /var/run/com.apple.security.cryptexd/mnt/com.apple.MobileAsset.MetalToolchain-v17.2.54.0.910oNh/Metal.xctoolchain --module-name MLXRandom --sdk-root /Applications/Xcode.app/Contents/Developer/Platforms/MacOSX.platform/Developer/SDKs/MacOSX26.1.sdk --xcode-version 17B100 --platform-family macOS --deployment-target 13.3 --bundle-identifier mlx-swift.MLXRandom --output /Users/mali/Library/Developer/Xcode/DerivedData/Web-fwpjudnzpysruxaxmvjywphkufup/Build/Products/Debug/MLXRandom.appintents --target-triple arm64-apple-macos13.3 --binary-file /Users/mali/Library/Developer/Xcode/DerivedData/Web-fwpjudnzpysruxaxmvjywphkufup/Build/Products/Debug/MLXRandom.o --dependency-file /Users/mali/Library/Developer/Xcode/DerivedData/Web-fwpjudnzpysruxaxmvjywphkufup/Build/Intermediates.noindex/mlx-swift.build/Debug/MLXRandom.build/Objects-normal/arm64/MLXRandom_dependency_info.dat --stringsdata-file /Users/mali/Library/Developer/Xcode/DerivedData/Web-fwpjudnzpysruxaxmvjywphkufup/Build/Intermediates.noindex/mlx-swift.build/Debug/MLXRandom.build/Objects-normal/arm64/ExtractedAppShortcutsMetadata.stringsdata --source-file-list /Users/mali/Library/Developer/Xcode/DerivedData/Web-fwpjudnzpysruxaxmvjywphkufup/Build/Intermediates.noindex/mlx-swift.build/Debug/MLXRandom.build/Objects-normal/arm64/MLXRandom.SwiftFileList --metadata-file-list /Users/mali/Library/Developer/Xcode/DerivedData/Web-fwpjudnzpysruxaxmvjywphkufup/Build/Intermediates.noindex/mlx-swift.build/Debug/MLXRandom.build/MLXRandom.DependencyMetadataFileList --static-metadata-file-list /Users/mali/Library/Developer/Xcode/DerivedData/Web-fwpjudnzpysruxaxmvjywphkufup/Build/Intermediates.noindex/mlx-swift.build/Debug/MLXRandom.build/MLXRandom.DependencyStaticMetadataFileList --swift-const-vals-list /Users/mali/Library/Developer/Xcode/DerivedData/Web-fwpjudnzpysruxaxmvjywphkufup/Build/Intermediates.noindex/mlx-swift.build/Debug/MLXRandom.build/Objects-normal/arm64/MLXRandom.SwiftConstValuesFileList --force --compile-time-extraction --deployment-aware-processing --validate-assistant-intents --no-app-shortcuts-localization
2026-02-01 04:53:29.899 appintentsmetadataprocessor[19926:1339642] Starting appintentsmetadataprocessor export
2026-02-01 04:53:30.230 appintentsmetadataprocessor[19926:1339642] Extracted no relevant App Intents symbols, skipping writing output

ExtractAppIntentsMetadata (in target 'MLXLinalg' from project 'mlx-swift')
    cd /Users/mali/Library/Developer/Xcode/DerivedData/Web-fwpjudnzpysruxaxmvjywphkufup/SourcePackages/checkouts/mlx-swift
    /Applications/Xcode.app/Contents/Developer/Toolchains/XcodeDefault.xctoolchain/usr/bin/appintentsmetadataprocessor --toolchain-dir /var/run/com.apple.security.cryptexd/mnt/com.apple.MobileAsset.MetalToolchain-v17.2.54.0.910oNh/Metal.xctoolchain --module-name MLXLinalg --sdk-root /Applications/Xcode.app/Contents/Developer/Platforms/MacOSX.platform/Developer/SDKs/MacOSX26.1.sdk --xcode-version 17B100 --platform-family macOS --deployment-target 13.3 --bundle-identifier mlx-swift.MLXLinalg --output /Users/mali/Library/Developer/Xcode/DerivedData/Web-fwpjudnzpysruxaxmvjywphkufup/Build/Products/Debug/MLXLinalg.appintents --target-triple arm64-apple-macos13.3 --binary-file /Users/mali/Library/Developer/Xcode/DerivedData/Web-fwpjudnzpysruxaxmvjywphkufup/Build/Products/Debug/MLXLinalg.o --dependency-file /Users/mali/Library/Developer/Xcode/DerivedData/Web-fwpjudnzpysruxaxmvjywphkufup/Build/Intermediates.noindex/mlx-swift.build/Debug/MLXLinalg.build/Objects-normal/arm64/MLXLinalg_dependency_info.dat --stringsdata-file /Users/mali/Library/Developer/Xcode/DerivedData/Web-fwpjudnzpysruxaxmvjywphkufup/Build/Intermediates.noindex/mlx-swift.build/Debug/MLXLinalg.build/Objects-normal/arm64/ExtractedAppShortcutsMetadata.stringsdata --source-file-list /Users/mali/Library/Developer/Xcode/DerivedData/Web-fwpjudnzpysruxaxmvjywphkufup/Build/Intermediates.noindex/mlx-swift.build/Debug/MLXLinalg.build/Objects-normal/arm64/MLXLinalg.SwiftFileList --metadata-file-list /Users/mali/Library/Developer/Xcode/DerivedData/Web-fwpjudnzpysruxaxmvjywphkufup/Build/Intermediates.noindex/mlx-swift.build/Debug/MLXLinalg.build/MLXLinalg.DependencyMetadataFileList --static-metadata-file-list /Users/mali/Library/Developer/Xcode/DerivedData/Web-fwpjudnzpysruxaxmvjywphkufup/Build/Intermediates.noindex/mlx-swift.build/Debug/MLXLinalg.build/MLXLinalg.DependencyStaticMetadataFileList --swift-const-vals-list /Users/mali/Library/Developer/Xcode/DerivedData/Web-fwpjudnzpysruxaxmvjywphkufup/Build/Intermediates.noindex/mlx-swift.build/Debug/MLXLinalg.build/Objects-normal/arm64/MLXLinalg.SwiftConstValuesFileList --force --compile-time-extraction --deployment-aware-processing --validate-assistant-intents --no-app-shortcuts-localization
2026-02-01 04:53:29.902 appintentsmetadataprocessor[19927:1339651] Starting appintentsmetadataprocessor export
2026-02-01 04:53:30.263 appintentsmetadataprocessor[19927:1339651] Extracted no relevant App Intents symbols, skipping writing output

ExtractAppIntentsMetadata (in target 'MLXFast' from project 'mlx-swift')
    cd /Users/mali/Library/Developer/Xcode/DerivedData/Web-fwpjudnzpysruxaxmvjywphkufup/SourcePackages/checkouts/mlx-swift
    /Applications/Xcode.app/Contents/Developer/Toolchains/XcodeDefault.xctoolchain/usr/bin/appintentsmetadataprocessor --toolchain-dir /var/run/com.apple.security.cryptexd/mnt/com.apple.MobileAsset.MetalToolchain-v17.2.54.0.910oNh/Metal.xctoolchain --module-name MLXFast --sdk-root /Applications/Xcode.app/Contents/Developer/Platforms/MacOSX.platform/Developer/SDKs/MacOSX26.1.sdk --xcode-version 17B100 --platform-family macOS --deployment-target 13.3 --bundle-identifier mlx-swift.MLXFast --output /Users/mali/Library/Developer/Xcode/DerivedData/Web-fwpjudnzpysruxaxmvjywphkufup/Build/Products/Debug/MLXFast.appintents --target-triple arm64-apple-macos13.3 --binary-file /Users/mali/Library/Developer/Xcode/DerivedData/Web-fwpjudnzpysruxaxmvjywphkufup/Build/Products/Debug/MLXFast.o --dependency-file /Users/mali/Library/Developer/Xcode/DerivedData/Web-fwpjudnzpysruxaxmvjywphkufup/Build/Intermediates.noindex/mlx-swift.build/Debug/MLXFast.build/Objects-normal/arm64/MLXFast_dependency_info.dat --stringsdata-file /Users/mali/Library/Developer/Xcode/DerivedData/Web-fwpjudnzpysruxaxmvjywphkufup/Build/Intermediates.noindex/mlx-swift.build/Debug/MLXFast.build/Objects-normal/arm64/ExtractedAppShortcutsMetadata.stringsdata --source-file-list /Users/mali/Library/Developer/Xcode/DerivedData/Web-fwpjudnzpysruxaxmvjywphkufup/Build/Intermediates.noindex/mlx-swift.build/Debug/MLXFast.build/Objects-normal/arm64/MLXFast.SwiftFileList --metadata-file-list /Users/mali/Library/Developer/Xcode/DerivedData/Web-fwpjudnzpysruxaxmvjywphkufup/Build/Intermediates.noindex/mlx-swift.build/Debug/MLXFast.build/MLXFast.DependencyMetadataFileList --static-metadata-file-list /Users/mali/Library/Developer/Xcode/DerivedData/Web-fwpjudnzpysruxaxmvjywphkufup/Build/Intermediates.noindex/mlx-swift.build/Debug/MLXFast.build/MLXFast.DependencyStaticMetadataFileList --swift-const-vals-list /Users/mali/Library/Developer/Xcode/DerivedData/Web-fwpjudnzpysruxaxmvjywphkufup/Build/Intermediates.noindex/mlx-swift.build/Debug/MLXFast.build/Objects-normal/arm64/MLXFast.SwiftConstValuesFileList --force --compile-time-extraction --deployment-aware-processing --validate-assistant-intents --no-app-shortcuts-localization
2026-02-01 04:53:29.902 appintentsmetadataprocessor[19928:1339652] Starting appintentsmetadataprocessor export
2026-02-01 04:53:30.227 appintentsmetadataprocessor[19928:1339652] Extracted no relevant App Intents symbols, skipping writing output

RegisterExecutionPolicyException /Users/mali/Library/Developer/Xcode/DerivedData/Web-fwpjudnzpysruxaxmvjywphkufup/Build/Products/Debug/Tokenizers.o (in target 'Tokenizers' from project 'swift-transformers')
    cd /Users/mali/Library/Developer/Xcode/DerivedData/Web-fwpjudnzpysruxaxmvjywphkufup/SourcePackages/checkouts/swift-transformers
    builtin-RegisterExecutionPolicyException /Users/mali/Library/Developer/Xcode/DerivedData/Web-fwpjudnzpysruxaxmvjywphkufup/Build/Products/Debug/Tokenizers.o

RegisterExecutionPolicyException /Users/mali/Library/Developer/Xcode/DerivedData/Web-fwpjudnzpysruxaxmvjywphkufup/Build/Products/Debug/TensorUtils.o (in target 'TensorUtils' from project 'swift-transformers')
    cd /Users/mali/Library/Developer/Xcode/DerivedData/Web-fwpjudnzpysruxaxmvjywphkufup/SourcePackages/checkouts/swift-transformers
    builtin-RegisterExecutionPolicyException /Users/mali/Library/Developer/Xcode/DerivedData/Web-fwpjudnzpysruxaxmvjywphkufup/Build/Products/Debug/TensorUtils.o

SwiftDriver\ Compilation Generation normal arm64 com.apple.xcode.tools.swift.compiler (in target 'Generation' from project 'swift-transformers')
    cd /Users/mali/dev/Web/Web.xcodeproj
    builtin-Swift-Compilation -- /Applications/Xcode.app/Contents/Developer/Toolchains/XcodeDefault.xctoolchain/usr/bin/swiftc -module-name Generation -Onone -enforce-exclusivity\=checked @/Users/mali/Library/Developer/Xcode/DerivedData/Web-fwpjudnzpysruxaxmvjywphkufup/Build/Intermediates.noindex/swift-transformers.build/Debug/Generation.build/Objects-normal/arm64/Generation.SwiftFileList -DSWIFT_PACKAGE -DDEBUG -DSWIFT_MODULE_RESOURCE_BUNDLE_UNAVAILABLE -DXcode -plugin-path /Applications/Xcode.app/Contents/Developer/Toolchains/XcodeDefault.xctoolchain/usr/lib/swift/host/plugins/testing -enable-experimental-feature DebugDescriptionMacro -sdk /Applications/Xcode.app/Contents/Developer/Platforms/MacOSX.platform/Developer/SDKs/MacOSX26.1.sdk -target arm64-apple-macos13.0 -g -module-cache-path /Users/mali/Library/Developer/Xcode/DerivedData/ModuleCache.noindex -Xfrontend -serialize-debugging-options -profile-coverage-mapping -profile-generate -enable-testing -suppress-warnings -index-store-path /Users/mali/Library/Developer/Xcode/DerivedData/Web-fwpjudnzpysruxaxmvjywphkufup/Index.noindex/DataStore -Xcc -D_LIBCPP_HARDENING_MODE\=_LIBCPP_HARDENING_MODE_DEBUG -swift-version 5 -I /Users/mali/Library/Developer/Xcode/DerivedData/Web-fwpjudnzpysruxaxmvjywphkufup/Build/Products/Debug -Isystem /Applications/Xcode.app/Contents/Developer/Platforms/MacOSX.platform/Developer/usr/lib -F /Users/mali/Library/Developer/Xcode/DerivedData/Web-fwpjudnzpysruxaxmvjywphkufup/Build/Products/Debug/PackageFrameworks -F /Users/mali/Library/Developer/Xcode/DerivedData/Web-fwpjudnzpysruxaxmvjywphkufup/Build/Products/Debug/PackageFrameworks -F /Users/mali/Library/Developer/Xcode/DerivedData/Web-fwpjudnzpysruxaxmvjywphkufup/Build/Products/Debug/PackageFrameworks -F /Users/mali/Library/Developer/Xcode/DerivedData/Web-fwpjudnzpysruxaxmvjywphkufup/Build/Products/Debug/PackageFrameworks -F /Users/mali/Library/Developer/Xcode/DerivedData/Web-fwpjudnzpysruxaxmvjywphkufup/Build/Products/Debug/PackageFrameworks -F /Users/mali/Library/Developer/Xcode/DerivedData/Web-fwpjudnzpysruxaxmvjywphkufup/Build/Products/Debug/PackageFrameworks -F /Users/mali/Library/Developer/Xcode/DerivedData/Web-fwpjudnzpysruxaxmvjywphkufup/Build/Products/Debug -F /Applications/Xcode.app/Contents/Developer/Platforms/MacOSX.platform/Developer/Library/Frameworks -c -j8 -enable-batch-mode -incremental -Xcc -ivfsstatcache -Xcc /Users/mali/Library/Developer/Xcode/DerivedData/SDKStatCaches.noindex/macosx26.1-25B74-3885c01c3e6b6a337905948deab2002e3ae1261907bdadc328169391a47051a6.sdkstatcache -output-file-map /Users/mali/Library/Developer/Xcode/DerivedData/Web-fwpjudnzpysruxaxmvjywphkufup/Build/Intermediates.noindex/swift-transformers.build/Debug/Generation.build/Objects-normal/arm64/Generation-OutputFileMap.json -use-frontend-parseable-output -save-temps -no-color-diagnostics -explicit-module-build -module-cache-path /Users/mali/Library/Developer/Xcode/DerivedData/Web-fwpjudnzpysruxaxmvjywphkufup/Build/Intermediates.noindex/SwiftExplicitPrecompiledModules -clang-scanner-module-cache-path /Users/mali/Library/Developer/Xcode/DerivedData/ModuleCache.noindex -sdk-module-cache-path /Users/mali/Library/Developer/Xcode/DerivedData/ModuleCache.noindex -serialize-diagnostics -emit-dependencies -emit-module -emit-module-path /Users/mali/Library/Developer/Xcode/DerivedData/Web-fwpjudnzpysruxaxmvjywphkufup/Build/Intermediates.noindex/swift-transformers.build/Debug/Generation.build/Objects-normal/arm64/Generation.swiftmodule -validate-clang-modules-once -clang-build-session-file /Users/mali/Library/Developer/Xcode/DerivedData/ModuleCache.noindex/Session.modulevalidation -Xcc -I/Users/mali/Library/Developer/Xcode/DerivedData/Web-fwpjudnzpysruxaxmvjywphkufup/Build/Intermediates.noindex/swift-transformers.build/Debug/Generation.build/swift-overrides.hmap -emit-const-values -Xfrontend -const-gather-protocols-file -Xfrontend /Users/mali/Library/Developer/Xcode/DerivedData/Web-fwpjudnzpysruxaxmvjywphkufup/Build/Intermediates.noindex/swift-transformers.build/Debug/Generation.build/Objects-normal/arm64/Generation_const_extract_protocols.json -Xcc -I/Users/mali/Library/Developer/Xcode/DerivedData/Web-fwpjudnzpysruxaxmvjywphkufup/Build/Products/Debug/include -Xcc -I/Users/mali/Library/Developer/Xcode/DerivedData/Web-fwpjudnzpysruxaxmvjywphkufup/Build/Intermediates.noindex/swift-transformers.build/Debug/Generation.build/DerivedSources-normal/arm64 -Xcc -I/Users/mali/Library/Developer/Xcode/DerivedData/Web-fwpjudnzpysruxaxmvjywphkufup/Build/Intermediates.noindex/swift-transformers.build/Debug/Generation.build/DerivedSources/arm64 -Xcc -I/Users/mali/Library/Developer/Xcode/DerivedData/Web-fwpjudnzpysruxaxmvjywphkufup/Build/Intermediates.noindex/swift-transformers.build/Debug/Generation.build/DerivedSources -Xcc -DSWIFT_PACKAGE -Xcc -DDEBUG\=1 -emit-objc-header -emit-objc-header-path /Users/mali/Library/Developer/Xcode/DerivedData/Web-fwpjudnzpysruxaxmvjywphkufup/Build/Intermediates.noindex/swift-transformers.build/Debug/Generation.build/Objects-normal/arm64/Generation-Swift.h -working-directory /Users/mali/dev/Web/Web.xcodeproj -experimental-emit-module-separately -disable-cmo

SwiftDriver\ Compilation\ Requirements Generation normal arm64 com.apple.xcode.tools.swift.compiler (in target 'Generation' from project 'swift-transformers')
    cd /Users/mali/dev/Web/Web.xcodeproj
    builtin-Swift-Compilation-Requirements -- /Applications/Xcode.app/Contents/Developer/Toolchains/XcodeDefault.xctoolchain/usr/bin/swiftc -module-name Generation -Onone -enforce-exclusivity\=checked @/Users/mali/Library/Developer/Xcode/DerivedData/Web-fwpjudnzpysruxaxmvjywphkufup/Build/Intermediates.noindex/swift-transformers.build/Debug/Generation.build/Objects-normal/arm64/Generation.SwiftFileList -DSWIFT_PACKAGE -DDEBUG -DSWIFT_MODULE_RESOURCE_BUNDLE_UNAVAILABLE -DXcode -plugin-path /Applications/Xcode.app/Contents/Developer/Toolchains/XcodeDefault.xctoolchain/usr/lib/swift/host/plugins/testing -enable-experimental-feature DebugDescriptionMacro -sdk /Applications/Xcode.app/Contents/Developer/Platforms/MacOSX.platform/Developer/SDKs/MacOSX26.1.sdk -target arm64-apple-macos13.0 -g -module-cache-path /Users/mali/Library/Developer/Xcode/DerivedData/ModuleCache.noindex -Xfrontend -serialize-debugging-options -profile-coverage-mapping -profile-generate -enable-testing -suppress-warnings -index-store-path /Users/mali/Library/Developer/Xcode/DerivedData/Web-fwpjudnzpysruxaxmvjywphkufup/Index.noindex/DataStore -Xcc -D_LIBCPP_HARDENING_MODE\=_LIBCPP_HARDENING_MODE_DEBUG -swift-version 5 -I /Users/mali/Library/Developer/Xcode/DerivedData/Web-fwpjudnzpysruxaxmvjywphkufup/Build/Products/Debug -Isystem /Applications/Xcode.app/Contents/Developer/Platforms/MacOSX.platform/Developer/usr/lib -F /Users/mali/Library/Developer/Xcode/DerivedData/Web-fwpjudnzpysruxaxmvjywphkufup/Build/Products/Debug/PackageFrameworks -F /Users/mali/Library/Developer/Xcode/DerivedData/Web-fwpjudnzpysruxaxmvjywphkufup/Build/Products/Debug/PackageFrameworks -F /Users/mali/Library/Developer/Xcode/DerivedData/Web-fwpjudnzpysruxaxmvjywphkufup/Build/Products/Debug/PackageFrameworks -F /Users/mali/Library/Developer/Xcode/DerivedData/Web-fwpjudnzpysruxaxmvjywphkufup/Build/Products/Debug/PackageFrameworks -F /Users/mali/Library/Developer/Xcode/DerivedData/Web-fwpjudnzpysruxaxmvjywphkufup/Build/Products/Debug/PackageFrameworks -F /Users/mali/Library/Developer/Xcode/DerivedData/Web-fwpjudnzpysruxaxmvjywphkufup/Build/Products/Debug/PackageFrameworks -F /Users/mali/Library/Developer/Xcode/DerivedData/Web-fwpjudnzpysruxaxmvjywphkufup/Build/Products/Debug -F /Applications/Xcode.app/Contents/Developer/Platforms/MacOSX.platform/Developer/Library/Frameworks -c -j8 -enable-batch-mode -incremental -Xcc -ivfsstatcache -Xcc /Users/mali/Library/Developer/Xcode/DerivedData/SDKStatCaches.noindex/macosx26.1-25B74-3885c01c3e6b6a337905948deab2002e3ae1261907bdadc328169391a47051a6.sdkstatcache -output-file-map /Users/mali/Library/Developer/Xcode/DerivedData/Web-fwpjudnzpysruxaxmvjywphkufup/Build/Intermediates.noindex/swift-transformers.build/Debug/Generation.build/Objects-normal/arm64/Generation-OutputFileMap.json -use-frontend-parseable-output -save-temps -no-color-diagnostics -explicit-module-build -module-cache-path /Users/mali/Library/Developer/Xcode/DerivedData/Web-fwpjudnzpysruxaxmvjywphkufup/Build/Intermediates.noindex/SwiftExplicitPrecompiledModules -clang-scanner-module-cache-path /Users/mali/Library/Developer/Xcode/DerivedData/ModuleCache.noindex -sdk-module-cache-path /Users/mali/Library/Developer/Xcode/DerivedData/ModuleCache.noindex -serialize-diagnostics -emit-dependencies -emit-module -emit-module-path /Users/mali/Library/Developer/Xcode/DerivedData/Web-fwpjudnzpysruxaxmvjywphkufup/Build/Intermediates.noindex/swift-transformers.build/Debug/Generation.build/Objects-normal/arm64/Generation.swiftmodule -validate-clang-modules-once -clang-build-session-file /Users/mali/Library/Developer/Xcode/DerivedData/ModuleCache.noindex/Session.modulevalidation -Xcc -I/Users/mali/Library/Developer/Xcode/DerivedData/Web-fwpjudnzpysruxaxmvjywphkufup/Build/Intermediates.noindex/swift-transformers.build/Debug/Generation.build/swift-overrides.hmap -emit-const-values -Xfrontend -const-gather-protocols-file -Xfrontend /Users/mali/Library/Developer/Xcode/DerivedData/Web-fwpjudnzpysruxaxmvjywphkufup/Build/Intermediates.noindex/swift-transformers.build/Debug/Generation.build/Objects-normal/arm64/Generation_const_extract_protocols.json -Xcc -I/Users/mali/Library/Developer/Xcode/DerivedData/Web-fwpjudnzpysruxaxmvjywphkufup/Build/Products/Debug/include -Xcc -I/Users/mali/Library/Developer/Xcode/DerivedData/Web-fwpjudnzpysruxaxmvjywphkufup/Build/Intermediates.noindex/swift-transformers.build/Debug/Generation.build/DerivedSources-normal/arm64 -Xcc -I/Users/mali/Library/Developer/Xcode/DerivedData/Web-fwpjudnzpysruxaxmvjywphkufup/Build/Intermediates.noindex/swift-transformers.build/Debug/Generation.build/DerivedSources/arm64 -Xcc -I/Users/mali/Library/Developer/Xcode/DerivedData/Web-fwpjudnzpysruxaxmvjywphkufup/Build/Intermediates.noindex/swift-transformers.build/Debug/Generation.build/DerivedSources -Xcc -DSWIFT_PACKAGE -Xcc -DDEBUG\=1 -emit-objc-header -emit-objc-header-path /Users/mali/Library/Developer/Xcode/DerivedData/Web-fwpjudnzpysruxaxmvjywphkufup/Build/Intermediates.noindex/swift-transformers.build/Debug/Generation.build/Objects-normal/arm64/Generation-Swift.h -working-directory /Users/mali/dev/Web/Web.xcodeproj -experimental-emit-module-separately -disable-cmo

SwiftMergeGeneratedHeaders /Users/mali/Library/Developer/Xcode/DerivedData/Web-fwpjudnzpysruxaxmvjywphkufup/Build/Intermediates.noindex/GeneratedModuleMaps/Generation-Swift.h /Users/mali/Library/Developer/Xcode/DerivedData/Web-fwpjudnzpysruxaxmvjywphkufup/Build/Intermediates.noindex/swift-transformers.build/Debug/Generation.build/Objects-normal/arm64/Generation-Swift.h (in target 'Generation' from project 'swift-transformers')
    cd /Users/mali/Library/Developer/Xcode/DerivedData/Web-fwpjudnzpysruxaxmvjywphkufup/SourcePackages/checkouts/swift-transformers
    builtin-swiftHeaderTool -arch arm64 /Users/mali/Library/Developer/Xcode/DerivedData/Web-fwpjudnzpysruxaxmvjywphkufup/Build/Intermediates.noindex/swift-transformers.build/Debug/Generation.build/Objects-normal/arm64/Generation-Swift.h -o /Users/mali/Library/Developer/Xcode/DerivedData/Web-fwpjudnzpysruxaxmvjywphkufup/Build/Intermediates.noindex/GeneratedModuleMaps/Generation-Swift.h

SwiftDriver Models normal arm64 com.apple.xcode.tools.swift.compiler (in target 'Models' from project 'swift-transformers')
    cd /Users/mali/dev/Web/Web.xcodeproj
    builtin-SwiftDriver -- /Applications/Xcode.app/Contents/Developer/Toolchains/XcodeDefault.xctoolchain/usr/bin/swiftc -module-name Models -Onone -enforce-exclusivity\=checked @/Users/mali/Library/Developer/Xcode/DerivedData/Web-fwpjudnzpysruxaxmvjywphkufup/Build/Intermediates.noindex/swift-transformers.build/Debug/Models.build/Objects-normal/arm64/Models.SwiftFileList -DSWIFT_PACKAGE -DDEBUG -DSWIFT_MODULE_RESOURCE_BUNDLE_UNAVAILABLE -DXcode -plugin-path /Applications/Xcode.app/Contents/Developer/Toolchains/XcodeDefault.xctoolchain/usr/lib/swift/host/plugins/testing -enable-experimental-feature DebugDescriptionMacro -sdk /Applications/Xcode.app/Contents/Developer/Platforms/MacOSX.platform/Developer/SDKs/MacOSX26.1.sdk -target arm64-apple-macos13.0 -g -module-cache-path /Users/mali/Library/Developer/Xcode/DerivedData/ModuleCache.noindex -Xfrontend -serialize-debugging-options -profile-coverage-mapping -profile-generate -enable-testing -suppress-warnings -index-store-path /Users/mali/Library/Developer/Xcode/DerivedData/Web-fwpjudnzpysruxaxmvjywphkufup/Index.noindex/DataStore -Xcc -D_LIBCPP_HARDENING_MODE\=_LIBCPP_HARDENING_MODE_DEBUG -swift-version 5 -I /Users/mali/Library/Developer/Xcode/DerivedData/Web-fwpjudnzpysruxaxmvjywphkufup/Build/Products/Debug -Isystem /Applications/Xcode.app/Contents/Developer/Platforms/MacOSX.platform/Developer/usr/lib -F /Users/mali/Library/Developer/Xcode/DerivedData/Web-fwpjudnzpysruxaxmvjywphkufup/Build/Products/Debug/PackageFrameworks -F /Users/mali/Library/Developer/Xcode/DerivedData/Web-fwpjudnzpysruxaxmvjywphkufup/Build/Products/Debug/PackageFrameworks -F /Users/mali/Library/Developer/Xcode/DerivedData/Web-fwpjudnzpysruxaxmvjywphkufup/Build/Products/Debug/PackageFrameworks -F /Users/mali/Library/Developer/Xcode/DerivedData/Web-fwpjudnzpysruxaxmvjywphkufup/Build/Products/Debug/PackageFrameworks -F /Users/mali/Library/Developer/Xcode/DerivedData/Web-fwpjudnzpysruxaxmvjywphkufup/Build/Products/Debug/PackageFrameworks -F /Users/mali/Library/Developer/Xcode/DerivedData/Web-fwpjudnzpysruxaxmvjywphkufup/Build/Products/Debug/PackageFrameworks -F /Users/mali/Library/Developer/Xcode/DerivedData/Web-fwpjudnzpysruxaxmvjywphkufup/Build/Products/Debug/PackageFrameworks -F /Users/mali/Library/Developer/Xcode/DerivedData/Web-fwpjudnzpysruxaxmvjywphkufup/Build/Products/Debug -F /Applications/Xcode.app/Contents/Developer/Platforms/MacOSX.platform/Developer/Library/Frameworks -c -j8 -enable-batch-mode -incremental -Xcc -ivfsstatcache -Xcc /Users/mali/Library/Developer/Xcode/DerivedData/SDKStatCaches.noindex/macosx26.1-25B74-3885c01c3e6b6a337905948deab2002e3ae1261907bdadc328169391a47051a6.sdkstatcache -output-file-map /Users/mali/Library/Developer/Xcode/DerivedData/Web-fwpjudnzpysruxaxmvjywphkufup/Build/Intermediates.noindex/swift-transformers.build/Debug/Models.build/Objects-normal/arm64/Models-OutputFileMap.json -use-frontend-parseable-output -save-temps -no-color-diagnostics -explicit-module-build -module-cache-path /Users/mali/Library/Developer/Xcode/DerivedData/Web-fwpjudnzpysruxaxmvjywphkufup/Build/Intermediates.noindex/SwiftExplicitPrecompiledModules -clang-scanner-module-cache-path /Users/mali/Library/Developer/Xcode/DerivedData/ModuleCache.noindex -sdk-module-cache-path /Users/mali/Library/Developer/Xcode/DerivedData/ModuleCache.noindex -serialize-diagnostics -emit-dependencies -emit-module -emit-module-path /Users/mali/Library/Developer/Xcode/DerivedData/Web-fwpjudnzpysruxaxmvjywphkufup/Build/Intermediates.noindex/swift-transformers.build/Debug/Models.build/Objects-normal/arm64/Models.swiftmodule -validate-clang-modules-once -clang-build-session-file /Users/mali/Library/Developer/Xcode/DerivedData/ModuleCache.noindex/Session.modulevalidation -Xcc -I/Users/mali/Library/Developer/Xcode/DerivedData/Web-fwpjudnzpysruxaxmvjywphkufup/Build/Intermediates.noindex/swift-transformers.build/Debug/Models.build/swift-overrides.hmap -emit-const-values -Xfrontend -const-gather-protocols-file -Xfrontend /Users/mali/Library/Developer/Xcode/DerivedData/Web-fwpjudnzpysruxaxmvjywphkufup/Build/Intermediates.noindex/swift-transformers.build/Debug/Models.build/Objects-normal/arm64/Models_const_extract_protocols.json -Xcc -I/Users/mali/Library/Developer/Xcode/DerivedData/Web-fwpjudnzpysruxaxmvjywphkufup/Build/Products/Debug/include -Xcc -I/Users/mali/Library/Developer/Xcode/DerivedData/Web-fwpjudnzpysruxaxmvjywphkufup/Build/Intermediates.noindex/swift-transformers.build/Debug/Models.build/DerivedSources-normal/arm64 -Xcc -I/Users/mali/Library/Developer/Xcode/DerivedData/Web-fwpjudnzpysruxaxmvjywphkufup/Build/Intermediates.noindex/swift-transformers.build/Debug/Models.build/DerivedSources/arm64 -Xcc -I/Users/mali/Library/Developer/Xcode/DerivedData/Web-fwpjudnzpysruxaxmvjywphkufup/Build/Intermediates.noindex/swift-transformers.build/Debug/Models.build/DerivedSources -Xcc -DSWIFT_PACKAGE -Xcc -DDEBUG\=1 -emit-objc-header -emit-objc-header-path /Users/mali/Library/Developer/Xcode/DerivedData/Web-fwpjudnzpysruxaxmvjywphkufup/Build/Intermediates.noindex/swift-transformers.build/Debug/Models.build/Objects-normal/arm64/Models-Swift.h -working-directory /Users/mali/dev/Web/Web.xcodeproj -experimental-emit-module-separately -disable-cmo

Ld /Users/mali/Library/Developer/Xcode/DerivedData/Web-fwpjudnzpysruxaxmvjywphkufup/Build/Products/Debug/Generation.o normal (in target 'Generation' from project 'swift-transformers')
    cd /Users/mali/Library/Developer/Xcode/DerivedData/Web-fwpjudnzpysruxaxmvjywphkufup/SourcePackages/checkouts/swift-transformers
    /Applications/Xcode.app/Contents/Developer/Toolchains/XcodeDefault.xctoolchain/usr/bin/clang -Xlinker -reproducible -target arm64-apple-macos13.0 -r -isysroot /Applications/Xcode.app/Contents/Developer/Platforms/MacOSX.platform/Developer/SDKs/MacOSX26.1.sdk -O0 -w -L/Users/mali/Library/Developer/Xcode/DerivedData/Web-fwpjudnzpysruxaxmvjywphkufup/Build/Intermediates.noindex/EagerLinkingTBDs/Debug -L/Users/mali/Library/Developer/Xcode/DerivedData/Web-fwpjudnzpysruxaxmvjywphkufup/Build/Products/Debug -L/Applications/Xcode.app/Contents/Developer/Platforms/MacOSX.platform/Developer/usr/lib -F/Users/mali/Library/Developer/Xcode/DerivedData/Web-fwpjudnzpysruxaxmvjywphkufup/Build/Intermediates.noindex/EagerLinkingTBDs/Debug -F/Users/mali/Library/Developer/Xcode/DerivedData/Web-fwpjudnzpysruxaxmvjywphkufup/Build/Products/Debug/PackageFrameworks -F/Users/mali/Library/Developer/Xcode/DerivedData/Web-fwpjudnzpysruxaxmvjywphkufup/Build/Products/Debug/PackageFrameworks -F/Users/mali/Library/Developer/Xcode/DerivedData/Web-fwpjudnzpysruxaxmvjywphkufup/Build/Products/Debug/PackageFrameworks -F/Users/mali/Library/Developer/Xcode/DerivedData/Web-fwpjudnzpysruxaxmvjywphkufup/Build/Products/Debug/PackageFrameworks -F/Users/mali/Library/Developer/Xcode/DerivedData/Web-fwpjudnzpysruxaxmvjywphkufup/Build/Products/Debug/PackageFrameworks -F/Users/mali/Library/Developer/Xcode/DerivedData/Web-fwpjudnzpysruxaxmvjywphkufup/Build/Products/Debug/PackageFrameworks -F/Users/mali/Library/Developer/Xcode/DerivedData/Web-fwpjudnzpysruxaxmvjywphkufup/Build/Products/Debug -iframework /Applications/Xcode.app/Contents/Developer/Platforms/MacOSX.platform/Developer/Library/Frameworks -filelist /Users/mali/Library/Developer/Xcode/DerivedData/Web-fwpjudnzpysruxaxmvjywphkufup/Build/Intermediates.noindex/swift-transformers.build/Debug/Generation.build/Objects-normal/arm64/Generation.LinkFileList -nostdlib -Xlinker -object_path_lto -Xlinker /Users/mali/Library/Developer/Xcode/DerivedData/Web-fwpjudnzpysruxaxmvjywphkufup/Build/Intermediates.noindex/swift-transformers.build/Debug/Generation.build/Objects-normal/arm64/Generation_lto.o -rdynamic -Xlinker -no_deduplicate -Xlinker -debug_variant -Xlinker -dependency_info -Xlinker /Users/mali/Library/Developer/Xcode/DerivedData/Web-fwpjudnzpysruxaxmvjywphkufup/Build/Intermediates.noindex/swift-transformers.build/Debug/Generation.build/Objects-normal/arm64/Generation_dependency_info.dat -fobjc-link-runtime -L/Applications/Xcode.app/Contents/Developer/Toolchains/XcodeDefault.xctoolchain/usr/lib/swift/macosx -L/usr/lib/swift -Xlinker -add_ast_path -Xlinker /Users/mali/Library/Developer/Xcode/DerivedData/Web-fwpjudnzpysruxaxmvjywphkufup/Build/Intermediates.noindex/swift-transformers.build/Debug/Generation.build/Objects-normal/arm64/Generation.swiftmodule @/Users/mali/Library/Developer/Xcode/DerivedData/Web-fwpjudnzpysruxaxmvjywphkufup/Build/Intermediates.noindex/swift-transformers.build/Debug/Generation.build/Objects-normal/arm64/Generation-linker-args.resp -o /Users/mali/Library/Developer/Xcode/DerivedData/Web-fwpjudnzpysruxaxmvjywphkufup/Build/Products/Debug/Generation.o

ExtractAppIntentsMetadata (in target 'Generation' from project 'swift-transformers')
    cd /Users/mali/Library/Developer/Xcode/DerivedData/Web-fwpjudnzpysruxaxmvjywphkufup/SourcePackages/checkouts/swift-transformers
    /Applications/Xcode.app/Contents/Developer/Toolchains/XcodeDefault.xctoolchain/usr/bin/appintentsmetadataprocessor --toolchain-dir /var/run/com.apple.security.cryptexd/mnt/com.apple.MobileAsset.MetalToolchain-v17.2.54.0.910oNh/Metal.xctoolchain --module-name Generation --sdk-root /Applications/Xcode.app/Contents/Developer/Platforms/MacOSX.platform/Developer/SDKs/MacOSX26.1.sdk --xcode-version 17B100 --platform-family macOS --deployment-target 13.0 --bundle-identifier swift-transformers.Generation --output /Users/mali/Library/Developer/Xcode/DerivedData/Web-fwpjudnzpysruxaxmvjywphkufup/Build/Products/Debug/Generation.appintents --target-triple arm64-apple-macos13.0 --binary-file /Users/mali/Library/Developer/Xcode/DerivedData/Web-fwpjudnzpysruxaxmvjywphkufup/Build/Products/Debug/Generation.o --dependency-file /Users/mali/Library/Developer/Xcode/DerivedData/Web-fwpjudnzpysruxaxmvjywphkufup/Build/Intermediates.noindex/swift-transformers.build/Debug/Generation.build/Objects-normal/arm64/Generation_dependency_info.dat --stringsdata-file /Users/mali/Library/Developer/Xcode/DerivedData/Web-fwpjudnzpysruxaxmvjywphkufup/Build/Intermediates.noindex/swift-transformers.build/Debug/Generation.build/Objects-normal/arm64/ExtractedAppShortcutsMetadata.stringsdata --source-file-list /Users/mali/Library/Developer/Xcode/DerivedData/Web-fwpjudnzpysruxaxmvjywphkufup/Build/Intermediates.noindex/swift-transformers.build/Debug/Generation.build/Objects-normal/arm64/Generation.SwiftFileList --metadata-file-list /Users/mali/Library/Developer/Xcode/DerivedData/Web-fwpjudnzpysruxaxmvjywphkufup/Build/Intermediates.noindex/swift-transformers.build/Debug/Generation.build/Generation.DependencyMetadataFileList --static-metadata-file-list /Users/mali/Library/Developer/Xcode/DerivedData/Web-fwpjudnzpysruxaxmvjywphkufup/Build/Intermediates.noindex/swift-transformers.build/Debug/Generation.build/Generation.DependencyStaticMetadataFileList --swift-const-vals-list /Users/mali/Library/Developer/Xcode/DerivedData/Web-fwpjudnzpysruxaxmvjywphkufup/Build/Intermediates.noindex/swift-transformers.build/Debug/Generation.build/Objects-normal/arm64/Generation.SwiftConstValuesFileList --force --compile-time-extraction --deployment-aware-processing --validate-assistant-intents --no-app-shortcuts-localization
2026-02-01 04:53:30.214 appintentsmetadataprocessor[19931:1339675] Starting appintentsmetadataprocessor export
2026-02-01 04:53:30.510 appintentsmetadataprocessor[19931:1339675] Extracted no relevant App Intents symbols, skipping writing output

SwiftDriver\ Compilation\ Requirements MLXOptimizers normal arm64 com.apple.xcode.tools.swift.compiler (in target 'MLXOptimizers' from project 'mlx-swift')
    cd /Users/mali/dev/Web/Web.xcodeproj
    builtin-Swift-Compilation-Requirements -- /Applications/Xcode.app/Contents/Developer/Toolchains/XcodeDefault.xctoolchain/usr/bin/swiftc -module-name MLXOptimizers -Onone -enforce-exclusivity\=checked @/Users/mali/Library/Developer/Xcode/DerivedData/Web-fwpjudnzpysruxaxmvjywphkufup/Build/Intermediates.noindex/mlx-swift.build/Debug/MLXOptimizers.build/Objects-normal/arm64/MLXOptimizers.SwiftFileList -DSWIFT_PACKAGE -DDEBUG -DSWIFT_MODULE_RESOURCE_BUNDLE_UNAVAILABLE -DXcode -enable-experimental-feature StrictConcurrency -plugin-path /Applications/Xcode.app/Contents/Developer/Toolchains/XcodeDefault.xctoolchain/usr/lib/swift/host/plugins/testing -enable-experimental-feature DebugDescriptionMacro -sdk /Applications/Xcode.app/Contents/Developer/Platforms/MacOSX.platform/Developer/SDKs/MacOSX26.1.sdk -target arm64-apple-macos13.3 -g -module-cache-path /Users/mali/Library/Developer/Xcode/DerivedData/ModuleCache.noindex -Xfrontend -serialize-debugging-options -profile-coverage-mapping -profile-generate -enable-testing -suppress-warnings -index-store-path /Users/mali/Library/Developer/Xcode/DerivedData/Web-fwpjudnzpysruxaxmvjywphkufup/Index.noindex/DataStore -Xcc -D_LIBCPP_HARDENING_MODE\=_LIBCPP_HARDENING_MODE_DEBUG -swift-version 5 -I /Users/mali/Library/Developer/Xcode/DerivedData/Web-fwpjudnzpysruxaxmvjywphkufup/Build/Products/Debug -Isystem /Applications/Xcode.app/Contents/Developer/Platforms/MacOSX.platform/Developer/usr/lib -F /Users/mali/Library/Developer/Xcode/DerivedData/Web-fwpjudnzpysruxaxmvjywphkufup/Build/Products/Debug/PackageFrameworks -F /Users/mali/Library/Developer/Xcode/DerivedData/Web-fwpjudnzpysruxaxmvjywphkufup/Build/Products/Debug/PackageFrameworks -F /Users/mali/Library/Developer/Xcode/DerivedData/Web-fwpjudnzpysruxaxmvjywphkufup/Build/Products/Debug/PackageFrameworks -F /Users/mali/Library/Developer/Xcode/DerivedData/Web-fwpjudnzpysruxaxmvjywphkufup/Build/Products/Debug/PackageFrameworks -F /Users/mali/Library/Developer/Xcode/DerivedData/Web-fwpjudnzpysruxaxmvjywphkufup/Build/Products/Debug/PackageFrameworks -F /Users/mali/Library/Developer/Xcode/DerivedData/Web-fwpjudnzpysruxaxmvjywphkufup/Build/Products/Debug/PackageFrameworks -F /Users/mali/Library/Developer/Xcode/DerivedData/Web-fwpjudnzpysruxaxmvjywphkufup/Build/Products/Debug/PackageFrameworks -F /Users/mali/Library/Developer/Xcode/DerivedData/Web-fwpjudnzpysruxaxmvjywphkufup/Build/Products/Debug/PackageFrameworks -F /Users/mali/Library/Developer/Xcode/DerivedData/Web-fwpjudnzpysruxaxmvjywphkufup/Build/Products/Debug/PackageFrameworks -F /Users/mali/Library/Developer/Xcode/DerivedData/Web-fwpjudnzpysruxaxmvjywphkufup/Build/Products/Debug -F /Applications/Xcode.app/Contents/Developer/Platforms/MacOSX.platform/Developer/Library/Frameworks -parse-as-library -c -j8 -enable-batch-mode -incremental -Xcc -ivfsstatcache -Xcc /Users/mali/Library/Developer/Xcode/DerivedData/SDKStatCaches.noindex/macosx26.1-25B74-3885c01c3e6b6a337905948deab2002e3ae1261907bdadc328169391a47051a6.sdkstatcache -output-file-map /Users/mali/Library/Developer/Xcode/DerivedData/Web-fwpjudnzpysruxaxmvjywphkufup/Build/Intermediates.noindex/mlx-swift.build/Debug/MLXOptimizers.build/Objects-normal/arm64/MLXOptimizers-OutputFileMap.json -use-frontend-parseable-output -save-temps -no-color-diagnostics -explicit-module-build -module-cache-path /Users/mali/Library/Developer/Xcode/DerivedData/Web-fwpjudnzpysruxaxmvjywphkufup/Build/Intermediates.noindex/SwiftExplicitPrecompiledModules -clang-scanner-module-cache-path /Users/mali/Library/Developer/Xcode/DerivedData/ModuleCache.noindex -sdk-module-cache-path /Users/mali/Library/Developer/Xcode/DerivedData/ModuleCache.noindex -serialize-diagnostics -emit-dependencies -emit-module -emit-module-path /Users/mali/Library/Developer/Xcode/DerivedData/Web-fwpjudnzpysruxaxmvjywphkufup/Build/Intermediates.noindex/mlx-swift.build/Debug/MLXOptimizers.build/Objects-normal/arm64/MLXOptimizers.swiftmodule -validate-clang-modules-once -clang-build-session-file /Users/mali/Library/Developer/Xcode/DerivedData/ModuleCache.noindex/Session.modulevalidation -package-name mlx_swift -Xcc -I/Users/mali/Library/Developer/Xcode/DerivedData/Web-fwpjudnzpysruxaxmvjywphkufup/Build/Intermediates.noindex/mlx-swift.build/Debug/MLXOptimizers.build/swift-overrides.hmap -emit-const-values -Xfrontend -const-gather-protocols-file -Xfrontend /Users/mali/Library/Developer/Xcode/DerivedData/Web-fwpjudnzpysruxaxmvjywphkufup/Build/Intermediates.noindex/mlx-swift.build/Debug/MLXOptimizers.build/Objects-normal/arm64/MLXOptimizers_const_extract_protocols.json -Xcc -I/Users/mali/Library/Developer/Xcode/DerivedData/Web-fwpjudnzpysruxaxmvjywphkufup/SourcePackages/checkouts/swift-numerics/Sources/_NumericsShims/include -Xcc -I/Users/mali/Library/Developer/Xcode/DerivedData/Web-fwpjudnzpysruxaxmvjywphkufup/SourcePackages/checkouts/mlx-swift/Source/Cmlx/include -Xcc -I/Users/mali/Library/Developer/Xcode/DerivedData/Web-fwpjudnzpysruxaxmvjywphkufup/Build/Products/Debug/include -Xcc -I/Users/mali/Library/Developer/Xcode/DerivedData/Web-fwpjudnzpysruxaxmvjywphkufup/Build/Intermediates.noindex/mlx-swift.build/Debug/MLXOptimizers.build/DerivedSources-normal/arm64 -Xcc -I/Users/mali/Library/Developer/Xcode/DerivedData/Web-fwpjudnzpysruxaxmvjywphkufup/Build/Intermediates.noindex/mlx-swift.build/Debug/MLXOptimizers.build/DerivedSources/arm64 -Xcc -I/Users/mali/Library/Developer/Xcode/DerivedData/Web-fwpjudnzpysruxaxmvjywphkufup/Build/Intermediates.noindex/mlx-swift.build/Debug/MLXOptimizers.build/DerivedSources -Xcc -DSWIFT_PACKAGE -Xcc -DDEBUG\=1 -emit-objc-header -emit-objc-header-path /Users/mali/Library/Developer/Xcode/DerivedData/Web-fwpjudnzpysruxaxmvjywphkufup/Build/Intermediates.noindex/mlx-swift.build/Debug/MLXOptimizers.build/Objects-normal/arm64/MLXOptimizers-Swift.h -working-directory /Users/mali/dev/Web/Web.xcodeproj -experimental-emit-module-separately -disable-cmo

SwiftDriver\ Compilation MLXOptimizers normal arm64 com.apple.xcode.tools.swift.compiler (in target 'MLXOptimizers' from project 'mlx-swift')
    cd /Users/mali/dev/Web/Web.xcodeproj
    builtin-Swift-Compilation -- /Applications/Xcode.app/Contents/Developer/Toolchains/XcodeDefault.xctoolchain/usr/bin/swiftc -module-name MLXOptimizers -Onone -enforce-exclusivity\=checked @/Users/mali/Library/Developer/Xcode/DerivedData/Web-fwpjudnzpysruxaxmvjywphkufup/Build/Intermediates.noindex/mlx-swift.build/Debug/MLXOptimizers.build/Objects-normal/arm64/MLXOptimizers.SwiftFileList -DSWIFT_PACKAGE -DDEBUG -DSWIFT_MODULE_RESOURCE_BUNDLE_UNAVAILABLE -DXcode -enable-experimental-feature StrictConcurrency -plugin-path /Applications/Xcode.app/Contents/Developer/Toolchains/XcodeDefault.xctoolchain/usr/lib/swift/host/plugins/testing -enable-experimental-feature DebugDescriptionMacro -sdk /Applications/Xcode.app/Contents/Developer/Platforms/MacOSX.platform/Developer/SDKs/MacOSX26.1.sdk -target arm64-apple-macos13.3 -g -module-cache-path /Users/mali/Library/Developer/Xcode/DerivedData/ModuleCache.noindex -Xfrontend -serialize-debugging-options -profile-coverage-mapping -profile-generate -enable-testing -suppress-warnings -index-store-path /Users/mali/Library/Developer/Xcode/DerivedData/Web-fwpjudnzpysruxaxmvjywphkufup/Index.noindex/DataStore -Xcc -D_LIBCPP_HARDENING_MODE\=_LIBCPP_HARDENING_MODE_DEBUG -swift-version 5 -I /Users/mali/Library/Developer/Xcode/DerivedData/Web-fwpjudnzpysruxaxmvjywphkufup/Build/Products/Debug -Isystem /Applications/Xcode.app/Contents/Developer/Platforms/MacOSX.platform/Developer/usr/lib -F /Users/mali/Library/Developer/Xcode/DerivedData/Web-fwpjudnzpysruxaxmvjywphkufup/Build/Products/Debug/PackageFrameworks -F /Users/mali/Library/Developer/Xcode/DerivedData/Web-fwpjudnzpysruxaxmvjywphkufup/Build/Products/Debug/PackageFrameworks -F /Users/mali/Library/Developer/Xcode/DerivedData/Web-fwpjudnzpysruxaxmvjywphkufup/Build/Products/Debug/PackageFrameworks -F /Users/mali/Library/Developer/Xcode/DerivedData/Web-fwpjudnzpysruxaxmvjywphkufup/Build/Products/Debug/PackageFrameworks -F /Users/mali/Library/Developer/Xcode/DerivedData/Web-fwpjudnzpysruxaxmvjywphkufup/Build/Products/Debug/PackageFrameworks -F /Users/mali/Library/Developer/Xcode/DerivedData/Web-fwpjudnzpysruxaxmvjywphkufup/Build/Products/Debug/PackageFrameworks -F /Users/mali/Library/Developer/Xcode/DerivedData/Web-fwpjudnzpysruxaxmvjywphkufup/Build/Products/Debug/PackageFrameworks -F /Users/mali/Library/Developer/Xcode/DerivedData/Web-fwpjudnzpysruxaxmvjywphkufup/Build/Products/Debug/PackageFrameworks -F /Users/mali/Library/Developer/Xcode/DerivedData/Web-fwpjudnzpysruxaxmvjywphkufup/Build/Products/Debug/PackageFrameworks -F /Users/mali/Library/Developer/Xcode/DerivedData/Web-fwpjudnzpysruxaxmvjywphkufup/Build/Products/Debug -F /Applications/Xcode.app/Contents/Developer/Platforms/MacOSX.platform/Developer/Library/Frameworks -parse-as-library -c -j8 -enable-batch-mode -incremental -Xcc -ivfsstatcache -Xcc /Users/mali/Library/Developer/Xcode/DerivedData/SDKStatCaches.noindex/macosx26.1-25B74-3885c01c3e6b6a337905948deab2002e3ae1261907bdadc328169391a47051a6.sdkstatcache -output-file-map /Users/mali/Library/Developer/Xcode/DerivedData/Web-fwpjudnzpysruxaxmvjywphkufup/Build/Intermediates.noindex/mlx-swift.build/Debug/MLXOptimizers.build/Objects-normal/arm64/MLXOptimizers-OutputFileMap.json -use-frontend-parseable-output -save-temps -no-color-diagnostics -explicit-module-build -module-cache-path /Users/mali/Library/Developer/Xcode/DerivedData/Web-fwpjudnzpysruxaxmvjywphkufup/Build/Intermediates.noindex/SwiftExplicitPrecompiledModules -clang-scanner-module-cache-path /Users/mali/Library/Developer/Xcode/DerivedData/ModuleCache.noindex -sdk-module-cache-path /Users/mali/Library/Developer/Xcode/DerivedData/ModuleCache.noindex -serialize-diagnostics -emit-dependencies -emit-module -emit-module-path /Users/mali/Library/Developer/Xcode/DerivedData/Web-fwpjudnzpysruxaxmvjywphkufup/Build/Intermediates.noindex/mlx-swift.build/Debug/MLXOptimizers.build/Objects-normal/arm64/MLXOptimizers.swiftmodule -validate-clang-modules-once -clang-build-session-file /Users/mali/Library/Developer/Xcode/DerivedData/ModuleCache.noindex/Session.modulevalidation -package-name mlx_swift -Xcc -I/Users/mali/Library/Developer/Xcode/DerivedData/Web-fwpjudnzpysruxaxmvjywphkufup/Build/Intermediates.noindex/mlx-swift.build/Debug/MLXOptimizers.build/swift-overrides.hmap -emit-const-values -Xfrontend -const-gather-protocols-file -Xfrontend /Users/mali/Library/Developer/Xcode/DerivedData/Web-fwpjudnzpysruxaxmvjywphkufup/Build/Intermediates.noindex/mlx-swift.build/Debug/MLXOptimizers.build/Objects-normal/arm64/MLXOptimizers_const_extract_protocols.json -Xcc -I/Users/mali/Library/Developer/Xcode/DerivedData/Web-fwpjudnzpysruxaxmvjywphkufup/SourcePackages/checkouts/swift-numerics/Sources/_NumericsShims/include -Xcc -I/Users/mali/Library/Developer/Xcode/DerivedData/Web-fwpjudnzpysruxaxmvjywphkufup/SourcePackages/checkouts/mlx-swift/Source/Cmlx/include -Xcc -I/Users/mali/Library/Developer/Xcode/DerivedData/Web-fwpjudnzpysruxaxmvjywphkufup/Build/Products/Debug/include -Xcc -I/Users/mali/Library/Developer/Xcode/DerivedData/Web-fwpjudnzpysruxaxmvjywphkufup/Build/Intermediates.noindex/mlx-swift.build/Debug/MLXOptimizers.build/DerivedSources-normal/arm64 -Xcc -I/Users/mali/Library/Developer/Xcode/DerivedData/Web-fwpjudnzpysruxaxmvjywphkufup/Build/Intermediates.noindex/mlx-swift.build/Debug/MLXOptimizers.build/DerivedSources/arm64 -Xcc -I/Users/mali/Library/Developer/Xcode/DerivedData/Web-fwpjudnzpysruxaxmvjywphkufup/Build/Intermediates.noindex/mlx-swift.build/Debug/MLXOptimizers.build/DerivedSources -Xcc -DSWIFT_PACKAGE -Xcc -DDEBUG\=1 -emit-objc-header -emit-objc-header-path /Users/mali/Library/Developer/Xcode/DerivedData/Web-fwpjudnzpysruxaxmvjywphkufup/Build/Intermediates.noindex/mlx-swift.build/Debug/MLXOptimizers.build/Objects-normal/arm64/MLXOptimizers-Swift.h -working-directory /Users/mali/dev/Web/Web.xcodeproj -experimental-emit-module-separately -disable-cmo

SwiftMergeGeneratedHeaders /Users/mali/Library/Developer/Xcode/DerivedData/Web-fwpjudnzpysruxaxmvjywphkufup/Build/Intermediates.noindex/GeneratedModuleMaps/MLXOptimizers-Swift.h /Users/mali/Library/Developer/Xcode/DerivedData/Web-fwpjudnzpysruxaxmvjywphkufup/Build/Intermediates.noindex/mlx-swift.build/Debug/MLXOptimizers.build/Objects-normal/arm64/MLXOptimizers-Swift.h (in target 'MLXOptimizers' from project 'mlx-swift')
    cd /Users/mali/Library/Developer/Xcode/DerivedData/Web-fwpjudnzpysruxaxmvjywphkufup/SourcePackages/checkouts/mlx-swift
    builtin-swiftHeaderTool -arch arm64 /Users/mali/Library/Developer/Xcode/DerivedData/Web-fwpjudnzpysruxaxmvjywphkufup/Build/Intermediates.noindex/mlx-swift.build/Debug/MLXOptimizers.build/Objects-normal/arm64/MLXOptimizers-Swift.h -o /Users/mali/Library/Developer/Xcode/DerivedData/Web-fwpjudnzpysruxaxmvjywphkufup/Build/Intermediates.noindex/GeneratedModuleMaps/MLXOptimizers-Swift.h

RegisterExecutionPolicyException /Users/mali/Library/Developer/Xcode/DerivedData/Web-fwpjudnzpysruxaxmvjywphkufup/Build/Products/Debug/MLXFast.o (in target 'MLXFast' from project 'mlx-swift')
    cd /Users/mali/Library/Developer/Xcode/DerivedData/Web-fwpjudnzpysruxaxmvjywphkufup/SourcePackages/checkouts/mlx-swift
    builtin-RegisterExecutionPolicyException /Users/mali/Library/Developer/Xcode/DerivedData/Web-fwpjudnzpysruxaxmvjywphkufup/Build/Products/Debug/MLXFast.o

RegisterExecutionPolicyException /Users/mali/Library/Developer/Xcode/DerivedData/Web-fwpjudnzpysruxaxmvjywphkufup/Build/Products/Debug/MLXRandom.o (in target 'MLXRandom' from project 'mlx-swift')
    cd /Users/mali/Library/Developer/Xcode/DerivedData/Web-fwpjudnzpysruxaxmvjywphkufup/SourcePackages/checkouts/mlx-swift
    builtin-RegisterExecutionPolicyException /Users/mali/Library/Developer/Xcode/DerivedData/Web-fwpjudnzpysruxaxmvjywphkufup/Build/Products/Debug/MLXRandom.o

RegisterExecutionPolicyException /Users/mali/Library/Developer/Xcode/DerivedData/Web-fwpjudnzpysruxaxmvjywphkufup/Build/Products/Debug/MLXLinalg.o (in target 'MLXLinalg' from project 'mlx-swift')
    cd /Users/mali/Library/Developer/Xcode/DerivedData/Web-fwpjudnzpysruxaxmvjywphkufup/SourcePackages/checkouts/mlx-swift
    builtin-RegisterExecutionPolicyException /Users/mali/Library/Developer/Xcode/DerivedData/Web-fwpjudnzpysruxaxmvjywphkufup/Build/Products/Debug/MLXLinalg.o

Ld /Users/mali/Library/Developer/Xcode/DerivedData/Web-fwpjudnzpysruxaxmvjywphkufup/Build/Products/Debug/MLXNN.o normal (in target 'MLXNN' from project 'mlx-swift')
    cd /Users/mali/Library/Developer/Xcode/DerivedData/Web-fwpjudnzpysruxaxmvjywphkufup/SourcePackages/checkouts/mlx-swift
    /Applications/Xcode.app/Contents/Developer/Toolchains/XcodeDefault.xctoolchain/usr/bin/clang -Xlinker -reproducible -target arm64-apple-macos13.3 -r -isysroot /Applications/Xcode.app/Contents/Developer/Platforms/MacOSX.platform/Developer/SDKs/MacOSX26.1.sdk -O0 -w -L/Users/mali/Library/Developer/Xcode/DerivedData/Web-fwpjudnzpysruxaxmvjywphkufup/Build/Intermediates.noindex/EagerLinkingTBDs/Debug -L/Users/mali/Library/Developer/Xcode/DerivedData/Web-fwpjudnzpysruxaxmvjywphkufup/Build/Products/Debug -L/Applications/Xcode.app/Contents/Developer/Platforms/MacOSX.platform/Developer/usr/lib -F/Users/mali/Library/Developer/Xcode/DerivedData/Web-fwpjudnzpysruxaxmvjywphkufup/Build/Intermediates.noindex/EagerLinkingTBDs/Debug -F/Users/mali/Library/Developer/Xcode/DerivedData/Web-fwpjudnzpysruxaxmvjywphkufup/Build/Products/Debug/PackageFrameworks -F/Users/mali/Library/Developer/Xcode/DerivedData/Web-fwpjudnzpysruxaxmvjywphkufup/Build/Products/Debug/PackageFrameworks -F/Users/mali/Library/Developer/Xcode/DerivedData/Web-fwpjudnzpysruxaxmvjywphkufup/Build/Products/Debug/PackageFrameworks -F/Users/mali/Library/Developer/Xcode/DerivedData/Web-fwpjudnzpysruxaxmvjywphkufup/Build/Products/Debug/PackageFrameworks -F/Users/mali/Library/Developer/Xcode/DerivedData/Web-fwpjudnzpysruxaxmvjywphkufup/Build/Products/Debug/PackageFrameworks -F/Users/mali/Library/Developer/Xcode/DerivedData/Web-fwpjudnzpysruxaxmvjywphkufup/Build/Products/Debug/PackageFrameworks -F/Users/mali/Library/Developer/Xcode/DerivedData/Web-fwpjudnzpysruxaxmvjywphkufup/Build/Products/Debug/PackageFrameworks -F/Users/mali/Library/Developer/Xcode/DerivedData/Web-fwpjudnzpysruxaxmvjywphkufup/Build/Products/Debug/PackageFrameworks -F/Users/mali/Library/Developer/Xcode/DerivedData/Web-fwpjudnzpysruxaxmvjywphkufup/Build/Products/Debug -iframework /Applications/Xcode.app/Contents/Developer/Platforms/MacOSX.platform/Developer/Library/Frameworks -filelist /Users/mali/Library/Developer/Xcode/DerivedData/Web-fwpjudnzpysruxaxmvjywphkufup/Build/Intermediates.noindex/mlx-swift.build/Debug/MLXNN.build/Objects-normal/arm64/MLXNN.LinkFileList -nostdlib -Xlinker -object_path_lto -Xlinker /Users/mali/Library/Developer/Xcode/DerivedData/Web-fwpjudnzpysruxaxmvjywphkufup/Build/Intermediates.noindex/mlx-swift.build/Debug/MLXNN.build/Objects-normal/arm64/MLXNN_lto.o -rdynamic -Xlinker -no_deduplicate -Xlinker -debug_variant -Xlinker -dependency_info -Xlinker /Users/mali/Library/Developer/Xcode/DerivedData/Web-fwpjudnzpysruxaxmvjywphkufup/Build/Intermediates.noindex/mlx-swift.build/Debug/MLXNN.build/Objects-normal/arm64/MLXNN_dependency_info.dat -fobjc-link-runtime -L/Applications/Xcode.app/Contents/Developer/Toolchains/XcodeDefault.xctoolchain/usr/lib/swift/macosx -L/usr/lib/swift -Xlinker -add_ast_path -Xlinker /Users/mali/Library/Developer/Xcode/DerivedData/Web-fwpjudnzpysruxaxmvjywphkufup/Build/Intermediates.noindex/mlx-swift.build/Debug/MLXNN.build/Objects-normal/arm64/MLXNN.swiftmodule @/Users/mali/Library/Developer/Xcode/DerivedData/Web-fwpjudnzpysruxaxmvjywphkufup/Build/Intermediates.noindex/mlx-swift.build/Debug/MLXNN.build/Objects-normal/arm64/MLXNN-linker-args.resp -o /Users/mali/Library/Developer/Xcode/DerivedData/Web-fwpjudnzpysruxaxmvjywphkufup/Build/Products/Debug/MLXNN.o

ExtractAppIntentsMetadata (in target 'MLXNN' from project 'mlx-swift')
    cd /Users/mali/Library/Developer/Xcode/DerivedData/Web-fwpjudnzpysruxaxmvjywphkufup/SourcePackages/checkouts/mlx-swift
    /Applications/Xcode.app/Contents/Developer/Toolchains/XcodeDefault.xctoolchain/usr/bin/appintentsmetadataprocessor --toolchain-dir /var/run/com.apple.security.cryptexd/mnt/com.apple.MobileAsset.MetalToolchain-v17.2.54.0.910oNh/Metal.xctoolchain --module-name MLXNN --sdk-root /Applications/Xcode.app/Contents/Developer/Platforms/MacOSX.platform/Developer/SDKs/MacOSX26.1.sdk --xcode-version 17B100 --platform-family macOS --deployment-target 13.3 --bundle-identifier mlx-swift.MLXNN --output /Users/mali/Library/Developer/Xcode/DerivedData/Web-fwpjudnzpysruxaxmvjywphkufup/Build/Products/Debug/MLXNN.appintents --target-triple arm64-apple-macos13.3 --binary-file /Users/mali/Library/Developer/Xcode/DerivedData/Web-fwpjudnzpysruxaxmvjywphkufup/Build/Products/Debug/MLXNN.o --dependency-file /Users/mali/Library/Developer/Xcode/DerivedData/Web-fwpjudnzpysruxaxmvjywphkufup/Build/Intermediates.noindex/mlx-swift.build/Debug/MLXNN.build/Objects-normal/arm64/MLXNN_dependency_info.dat --stringsdata-file /Users/mali/Library/Developer/Xcode/DerivedData/Web-fwpjudnzpysruxaxmvjywphkufup/Build/Intermediates.noindex/mlx-swift.build/Debug/MLXNN.build/Objects-normal/arm64/ExtractedAppShortcutsMetadata.stringsdata --source-file-list /Users/mali/Library/Developer/Xcode/DerivedData/Web-fwpjudnzpysruxaxmvjywphkufup/Build/Intermediates.noindex/mlx-swift.build/Debug/MLXNN.build/Objects-normal/arm64/MLXNN.SwiftFileList --metadata-file-list /Users/mali/Library/Developer/Xcode/DerivedData/Web-fwpjudnzpysruxaxmvjywphkufup/Build/Intermediates.noindex/mlx-swift.build/Debug/MLXNN.build/MLXNN.DependencyMetadataFileList --static-metadata-file-list /Users/mali/Library/Developer/Xcode/DerivedData/Web-fwpjudnzpysruxaxmvjywphkufup/Build/Intermediates.noindex/mlx-swift.build/Debug/MLXNN.build/MLXNN.DependencyStaticMetadataFileList --swift-const-vals-list /Users/mali/Library/Developer/Xcode/DerivedData/Web-fwpjudnzpysruxaxmvjywphkufup/Build/Intermediates.noindex/mlx-swift.build/Debug/MLXNN.build/Objects-normal/arm64/MLXNN.SwiftConstValuesFileList --force --compile-time-extraction --deployment-aware-processing --validate-assistant-intents --no-app-shortcuts-localization
2026-02-01 04:53:30.440 appintentsmetadataprocessor[19934:1339698] Starting appintentsmetadataprocessor export
2026-02-01 04:53:30.609 appintentsmetadataprocessor[19934:1339698] Extracted no relevant App Intents symbols, skipping writing output

RegisterExecutionPolicyException /Users/mali/Library/Developer/Xcode/DerivedData/Web-fwpjudnzpysruxaxmvjywphkufup/Build/Products/Debug/Generation.o (in target 'Generation' from project 'swift-transformers')
    cd /Users/mali/Library/Developer/Xcode/DerivedData/Web-fwpjudnzpysruxaxmvjywphkufup/SourcePackages/checkouts/swift-transformers
    builtin-RegisterExecutionPolicyException /Users/mali/Library/Developer/Xcode/DerivedData/Web-fwpjudnzpysruxaxmvjywphkufup/Build/Products/Debug/Generation.o

SwiftDriver\ Compilation\ Requirements Models normal arm64 com.apple.xcode.tools.swift.compiler (in target 'Models' from project 'swift-transformers')
    cd /Users/mali/dev/Web/Web.xcodeproj
    builtin-Swift-Compilation-Requirements -- /Applications/Xcode.app/Contents/Developer/Toolchains/XcodeDefault.xctoolchain/usr/bin/swiftc -module-name Models -Onone -enforce-exclusivity\=checked @/Users/mali/Library/Developer/Xcode/DerivedData/Web-fwpjudnzpysruxaxmvjywphkufup/Build/Intermediates.noindex/swift-transformers.build/Debug/Models.build/Objects-normal/arm64/Models.SwiftFileList -DSWIFT_PACKAGE -DDEBUG -DSWIFT_MODULE_RESOURCE_BUNDLE_UNAVAILABLE -DXcode -plugin-path /Applications/Xcode.app/Contents/Developer/Toolchains/XcodeDefault.xctoolchain/usr/lib/swift/host/plugins/testing -enable-experimental-feature DebugDescriptionMacro -sdk /Applications/Xcode.app/Contents/Developer/Platforms/MacOSX.platform/Developer/SDKs/MacOSX26.1.sdk -target arm64-apple-macos13.0 -g -module-cache-path /Users/mali/Library/Developer/Xcode/DerivedData/ModuleCache.noindex -Xfrontend -serialize-debugging-options -profile-coverage-mapping -profile-generate -enable-testing -suppress-warnings -index-store-path /Users/mali/Library/Developer/Xcode/DerivedData/Web-fwpjudnzpysruxaxmvjywphkufup/Index.noindex/DataStore -Xcc -D_LIBCPP_HARDENING_MODE\=_LIBCPP_HARDENING_MODE_DEBUG -swift-version 5 -I /Users/mali/Library/Developer/Xcode/DerivedData/Web-fwpjudnzpysruxaxmvjywphkufup/Build/Products/Debug -Isystem /Applications/Xcode.app/Contents/Developer/Platforms/MacOSX.platform/Developer/usr/lib -F /Users/mali/Library/Developer/Xcode/DerivedData/Web-fwpjudnzpysruxaxmvjywphkufup/Build/Products/Debug/PackageFrameworks -F /Users/mali/Library/Developer/Xcode/DerivedData/Web-fwpjudnzpysruxaxmvjywphkufup/Build/Products/Debug/PackageFrameworks -F /Users/mali/Library/Developer/Xcode/DerivedData/Web-fwpjudnzpysruxaxmvjywphkufup/Build/Products/Debug/PackageFrameworks -F /Users/mali/Library/Developer/Xcode/DerivedData/Web-fwpjudnzpysruxaxmvjywphkufup/Build/Products/Debug/PackageFrameworks -F /Users/mali/Library/Developer/Xcode/DerivedData/Web-fwpjudnzpysruxaxmvjywphkufup/Build/Products/Debug/PackageFrameworks -F /Users/mali/Library/Developer/Xcode/DerivedData/Web-fwpjudnzpysruxaxmvjywphkufup/Build/Products/Debug/PackageFrameworks -F /Users/mali/Library/Developer/Xcode/DerivedData/Web-fwpjudnzpysruxaxmvjywphkufup/Build/Products/Debug/PackageFrameworks -F /Users/mali/Library/Developer/Xcode/DerivedData/Web-fwpjudnzpysruxaxmvjywphkufup/Build/Products/Debug -F /Applications/Xcode.app/Contents/Developer/Platforms/MacOSX.platform/Developer/Library/Frameworks -c -j8 -enable-batch-mode -incremental -Xcc -ivfsstatcache -Xcc /Users/mali/Library/Developer/Xcode/DerivedData/SDKStatCaches.noindex/macosx26.1-25B74-3885c01c3e6b6a337905948deab2002e3ae1261907bdadc328169391a47051a6.sdkstatcache -output-file-map /Users/mali/Library/Developer/Xcode/DerivedData/Web-fwpjudnzpysruxaxmvjywphkufup/Build/Intermediates.noindex/swift-transformers.build/Debug/Models.build/Objects-normal/arm64/Models-OutputFileMap.json -use-frontend-parseable-output -save-temps -no-color-diagnostics -explicit-module-build -module-cache-path /Users/mali/Library/Developer/Xcode/DerivedData/Web-fwpjudnzpysruxaxmvjywphkufup/Build/Intermediates.noindex/SwiftExplicitPrecompiledModules -clang-scanner-module-cache-path /Users/mali/Library/Developer/Xcode/DerivedData/ModuleCache.noindex -sdk-module-cache-path /Users/mali/Library/Developer/Xcode/DerivedData/ModuleCache.noindex -serialize-diagnostics -emit-dependencies -emit-module -emit-module-path /Users/mali/Library/Developer/Xcode/DerivedData/Web-fwpjudnzpysruxaxmvjywphkufup/Build/Intermediates.noindex/swift-transformers.build/Debug/Models.build/Objects-normal/arm64/Models.swiftmodule -validate-clang-modules-once -clang-build-session-file /Users/mali/Library/Developer/Xcode/DerivedData/ModuleCache.noindex/Session.modulevalidation -Xcc -I/Users/mali/Library/Developer/Xcode/DerivedData/Web-fwpjudnzpysruxaxmvjywphkufup/Build/Intermediates.noindex/swift-transformers.build/Debug/Models.build/swift-overrides.hmap -emit-const-values -Xfrontend -const-gather-protocols-file -Xfrontend /Users/mali/Library/Developer/Xcode/DerivedData/Web-fwpjudnzpysruxaxmvjywphkufup/Build/Intermediates.noindex/swift-transformers.build/Debug/Models.build/Objects-normal/arm64/Models_const_extract_protocols.json -Xcc -I/Users/mali/Library/Developer/Xcode/DerivedData/Web-fwpjudnzpysruxaxmvjywphkufup/Build/Products/Debug/include -Xcc -I/Users/mali/Library/Developer/Xcode/DerivedData/Web-fwpjudnzpysruxaxmvjywphkufup/Build/Intermediates.noindex/swift-transformers.build/Debug/Models.build/DerivedSources-normal/arm64 -Xcc -I/Users/mali/Library/Developer/Xcode/DerivedData/Web-fwpjudnzpysruxaxmvjywphkufup/Build/Intermediates.noindex/swift-transformers.build/Debug/Models.build/DerivedSources/arm64 -Xcc -I/Users/mali/Library/Developer/Xcode/DerivedData/Web-fwpjudnzpysruxaxmvjywphkufup/Build/Intermediates.noindex/swift-transformers.build/Debug/Models.build/DerivedSources -Xcc -DSWIFT_PACKAGE -Xcc -DDEBUG\=1 -emit-objc-header -emit-objc-header-path /Users/mali/Library/Developer/Xcode/DerivedData/Web-fwpjudnzpysruxaxmvjywphkufup/Build/Intermediates.noindex/swift-transformers.build/Debug/Models.build/Objects-normal/arm64/Models-Swift.h -working-directory /Users/mali/dev/Web/Web.xcodeproj -experimental-emit-module-separately -disable-cmo

SwiftDriver\ Compilation Models normal arm64 com.apple.xcode.tools.swift.compiler (in target 'Models' from project 'swift-transformers')
    cd /Users/mali/dev/Web/Web.xcodeproj
    builtin-Swift-Compilation -- /Applications/Xcode.app/Contents/Developer/Toolchains/XcodeDefault.xctoolchain/usr/bin/swiftc -module-name Models -Onone -enforce-exclusivity\=checked @/Users/mali/Library/Developer/Xcode/DerivedData/Web-fwpjudnzpysruxaxmvjywphkufup/Build/Intermediates.noindex/swift-transformers.build/Debug/Models.build/Objects-normal/arm64/Models.SwiftFileList -DSWIFT_PACKAGE -DDEBUG -DSWIFT_MODULE_RESOURCE_BUNDLE_UNAVAILABLE -DXcode -plugin-path /Applications/Xcode.app/Contents/Developer/Toolchains/XcodeDefault.xctoolchain/usr/lib/swift/host/plugins/testing -enable-experimental-feature DebugDescriptionMacro -sdk /Applications/Xcode.app/Contents/Developer/Platforms/MacOSX.platform/Developer/SDKs/MacOSX26.1.sdk -target arm64-apple-macos13.0 -g -module-cache-path /Users/mali/Library/Developer/Xcode/DerivedData/ModuleCache.noindex -Xfrontend -serialize-debugging-options -profile-coverage-mapping -profile-generate -enable-testing -suppress-warnings -index-store-path /Users/mali/Library/Developer/Xcode/DerivedData/Web-fwpjudnzpysruxaxmvjywphkufup/Index.noindex/DataStore -Xcc -D_LIBCPP_HARDENING_MODE\=_LIBCPP_HARDENING_MODE_DEBUG -swift-version 5 -I /Users/mali/Library/Developer/Xcode/DerivedData/Web-fwpjudnzpysruxaxmvjywphkufup/Build/Products/Debug -Isystem /Applications/Xcode.app/Contents/Developer/Platforms/MacOSX.platform/Developer/usr/lib -F /Users/mali/Library/Developer/Xcode/DerivedData/Web-fwpjudnzpysruxaxmvjywphkufup/Build/Products/Debug/PackageFrameworks -F /Users/mali/Library/Developer/Xcode/DerivedData/Web-fwpjudnzpysruxaxmvjywphkufup/Build/Products/Debug/PackageFrameworks -F /Users/mali/Library/Developer/Xcode/DerivedData/Web-fwpjudnzpysruxaxmvjywphkufup/Build/Products/Debug/PackageFrameworks -F /Users/mali/Library/Developer/Xcode/DerivedData/Web-fwpjudnzpysruxaxmvjywphkufup/Build/Products/Debug/PackageFrameworks -F /Users/mali/Library/Developer/Xcode/DerivedData/Web-fwpjudnzpysruxaxmvjywphkufup/Build/Products/Debug/PackageFrameworks -F /Users/mali/Library/Developer/Xcode/DerivedData/Web-fwpjudnzpysruxaxmvjywphkufup/Build/Products/Debug/PackageFrameworks -F /Users/mali/Library/Developer/Xcode/DerivedData/Web-fwpjudnzpysruxaxmvjywphkufup/Build/Products/Debug/PackageFrameworks -F /Users/mali/Library/Developer/Xcode/DerivedData/Web-fwpjudnzpysruxaxmvjywphkufup/Build/Products/Debug -F /Applications/Xcode.app/Contents/Developer/Platforms/MacOSX.platform/Developer/Library/Frameworks -c -j8 -enable-batch-mode -incremental -Xcc -ivfsstatcache -Xcc /Users/mali/Library/Developer/Xcode/DerivedData/SDKStatCaches.noindex/macosx26.1-25B74-3885c01c3e6b6a337905948deab2002e3ae1261907bdadc328169391a47051a6.sdkstatcache -output-file-map /Users/mali/Library/Developer/Xcode/DerivedData/Web-fwpjudnzpysruxaxmvjywphkufup/Build/Intermediates.noindex/swift-transformers.build/Debug/Models.build/Objects-normal/arm64/Models-OutputFileMap.json -use-frontend-parseable-output -save-temps -no-color-diagnostics -explicit-module-build -module-cache-path /Users/mali/Library/Developer/Xcode/DerivedData/Web-fwpjudnzpysruxaxmvjywphkufup/Build/Intermediates.noindex/SwiftExplicitPrecompiledModules -clang-scanner-module-cache-path /Users/mali/Library/Developer/Xcode/DerivedData/ModuleCache.noindex -sdk-module-cache-path /Users/mali/Library/Developer/Xcode/DerivedData/ModuleCache.noindex -serialize-diagnostics -emit-dependencies -emit-module -emit-module-path /Users/mali/Library/Developer/Xcode/DerivedData/Web-fwpjudnzpysruxaxmvjywphkufup/Build/Intermediates.noindex/swift-transformers.build/Debug/Models.build/Objects-normal/arm64/Models.swiftmodule -validate-clang-modules-once -clang-build-session-file /Users/mali/Library/Developer/Xcode/DerivedData/ModuleCache.noindex/Session.modulevalidation -Xcc -I/Users/mali/Library/Developer/Xcode/DerivedData/Web-fwpjudnzpysruxaxmvjywphkufup/Build/Intermediates.noindex/swift-transformers.build/Debug/Models.build/swift-overrides.hmap -emit-const-values -Xfrontend -const-gather-protocols-file -Xfrontend /Users/mali/Library/Developer/Xcode/DerivedData/Web-fwpjudnzpysruxaxmvjywphkufup/Build/Intermediates.noindex/swift-transformers.build/Debug/Models.build/Objects-normal/arm64/Models_const_extract_protocols.json -Xcc -I/Users/mali/Library/Developer/Xcode/DerivedData/Web-fwpjudnzpysruxaxmvjywphkufup/Build/Products/Debug/include -Xcc -I/Users/mali/Library/Developer/Xcode/DerivedData/Web-fwpjudnzpysruxaxmvjywphkufup/Build/Intermediates.noindex/swift-transformers.build/Debug/Models.build/DerivedSources-normal/arm64 -Xcc -I/Users/mali/Library/Developer/Xcode/DerivedData/Web-fwpjudnzpysruxaxmvjywphkufup/Build/Intermediates.noindex/swift-transformers.build/Debug/Models.build/DerivedSources/arm64 -Xcc -I/Users/mali/Library/Developer/Xcode/DerivedData/Web-fwpjudnzpysruxaxmvjywphkufup/Build/Intermediates.noindex/swift-transformers.build/Debug/Models.build/DerivedSources -Xcc -DSWIFT_PACKAGE -Xcc -DDEBUG\=1 -emit-objc-header -emit-objc-header-path /Users/mali/Library/Developer/Xcode/DerivedData/Web-fwpjudnzpysruxaxmvjywphkufup/Build/Intermediates.noindex/swift-transformers.build/Debug/Models.build/Objects-normal/arm64/Models-Swift.h -working-directory /Users/mali/dev/Web/Web.xcodeproj -experimental-emit-module-separately -disable-cmo

SwiftMergeGeneratedHeaders /Users/mali/Library/Developer/Xcode/DerivedData/Web-fwpjudnzpysruxaxmvjywphkufup/Build/Intermediates.noindex/GeneratedModuleMaps/Models-Swift.h /Users/mali/Library/Developer/Xcode/DerivedData/Web-fwpjudnzpysruxaxmvjywphkufup/Build/Intermediates.noindex/swift-transformers.build/Debug/Models.build/Objects-normal/arm64/Models-Swift.h (in target 'Models' from project 'swift-transformers')
    cd /Users/mali/Library/Developer/Xcode/DerivedData/Web-fwpjudnzpysruxaxmvjywphkufup/SourcePackages/checkouts/swift-transformers
    builtin-swiftHeaderTool -arch arm64 /Users/mali/Library/Developer/Xcode/DerivedData/Web-fwpjudnzpysruxaxmvjywphkufup/Build/Intermediates.noindex/swift-transformers.build/Debug/Models.build/Objects-normal/arm64/Models-Swift.h -o /Users/mali/Library/Developer/Xcode/DerivedData/Web-fwpjudnzpysruxaxmvjywphkufup/Build/Intermediates.noindex/GeneratedModuleMaps/Models-Swift.h

Ld /Users/mali/Library/Developer/Xcode/DerivedData/Web-fwpjudnzpysruxaxmvjywphkufup/Build/Products/Debug/Models.o normal (in target 'Models' from project 'swift-transformers')
    cd /Users/mali/Library/Developer/Xcode/DerivedData/Web-fwpjudnzpysruxaxmvjywphkufup/SourcePackages/checkouts/swift-transformers
    /Applications/Xcode.app/Contents/Developer/Toolchains/XcodeDefault.xctoolchain/usr/bin/clang -Xlinker -reproducible -target arm64-apple-macos13.0 -r -isysroot /Applications/Xcode.app/Contents/Developer/Platforms/MacOSX.platform/Developer/SDKs/MacOSX26.1.sdk -O0 -w -L/Users/mali/Library/Developer/Xcode/DerivedData/Web-fwpjudnzpysruxaxmvjywphkufup/Build/Intermediates.noindex/EagerLinkingTBDs/Debug -L/Users/mali/Library/Developer/Xcode/DerivedData/Web-fwpjudnzpysruxaxmvjywphkufup/Build/Products/Debug -L/Applications/Xcode.app/Contents/Developer/Platforms/MacOSX.platform/Developer/usr/lib -F/Users/mali/Library/Developer/Xcode/DerivedData/Web-fwpjudnzpysruxaxmvjywphkufup/Build/Intermediates.noindex/EagerLinkingTBDs/Debug -F/Users/mali/Library/Developer/Xcode/DerivedData/Web-fwpjudnzpysruxaxmvjywphkufup/Build/Products/Debug/PackageFrameworks -F/Users/mali/Library/Developer/Xcode/DerivedData/Web-fwpjudnzpysruxaxmvjywphkufup/Build/Products/Debug/PackageFrameworks -F/Users/mali/Library/Developer/Xcode/DerivedData/Web-fwpjudnzpysruxaxmvjywphkufup/Build/Products/Debug/PackageFrameworks -F/Users/mali/Library/Developer/Xcode/DerivedData/Web-fwpjudnzpysruxaxmvjywphkufup/Build/Products/Debug/PackageFrameworks -F/Users/mali/Library/Developer/Xcode/DerivedData/Web-fwpjudnzpysruxaxmvjywphkufup/Build/Products/Debug/PackageFrameworks -F/Users/mali/Library/Developer/Xcode/DerivedData/Web-fwpjudnzpysruxaxmvjywphkufup/Build/Products/Debug/PackageFrameworks -F/Users/mali/Library/Developer/Xcode/DerivedData/Web-fwpjudnzpysruxaxmvjywphkufup/Build/Products/Debug/PackageFrameworks -F/Users/mali/Library/Developer/Xcode/DerivedData/Web-fwpjudnzpysruxaxmvjywphkufup/Build/Products/Debug -iframework /Applications/Xcode.app/Contents/Developer/Platforms/MacOSX.platform/Developer/Library/Frameworks -filelist /Users/mali/Library/Developer/Xcode/DerivedData/Web-fwpjudnzpysruxaxmvjywphkufup/Build/Intermediates.noindex/swift-transformers.build/Debug/Models.build/Objects-normal/arm64/Models.LinkFileList -nostdlib -Xlinker -object_path_lto -Xlinker /Users/mali/Library/Developer/Xcode/DerivedData/Web-fwpjudnzpysruxaxmvjywphkufup/Build/Intermediates.noindex/swift-transformers.build/Debug/Models.build/Objects-normal/arm64/Models_lto.o -rdynamic -Xlinker -no_deduplicate -Xlinker -debug_variant -Xlinker -dependency_info -Xlinker /Users/mali/Library/Developer/Xcode/DerivedData/Web-fwpjudnzpysruxaxmvjywphkufup/Build/Intermediates.noindex/swift-transformers.build/Debug/Models.build/Objects-normal/arm64/Models_dependency_info.dat -fobjc-link-runtime -L/Applications/Xcode.app/Contents/Developer/Toolchains/XcodeDefault.xctoolchain/usr/lib/swift/macosx -L/usr/lib/swift -Xlinker -add_ast_path -Xlinker /Users/mali/Library/Developer/Xcode/DerivedData/Web-fwpjudnzpysruxaxmvjywphkufup/Build/Intermediates.noindex/swift-transformers.build/Debug/Models.build/Objects-normal/arm64/Models.swiftmodule @/Users/mali/Library/Developer/Xcode/DerivedData/Web-fwpjudnzpysruxaxmvjywphkufup/Build/Intermediates.noindex/swift-transformers.build/Debug/Models.build/Objects-normal/arm64/Models-linker-args.resp -o /Users/mali/Library/Developer/Xcode/DerivedData/Web-fwpjudnzpysruxaxmvjywphkufup/Build/Products/Debug/Models.o

SwiftDriver MLXLMCommon normal arm64 com.apple.xcode.tools.swift.compiler (in target 'MLXLMCommon' from project 'mlx-libraries')
    cd /Users/mali/dev/Web/Web.xcodeproj
    builtin-SwiftDriver -- /Applications/Xcode.app/Contents/Developer/Toolchains/XcodeDefault.xctoolchain/usr/bin/swiftc -module-name MLXLMCommon -Onone -enforce-exclusivity\=checked @/Users/mali/Library/Developer/Xcode/DerivedData/Web-fwpjudnzpysruxaxmvjywphkufup/Build/Intermediates.noindex/mlx-libraries.build/Debug/MLXLMCommon.build/Objects-normal/arm64/MLXLMCommon.SwiftFileList -DSWIFT_PACKAGE -DDEBUG -DSWIFT_MODULE_RESOURCE_BUNDLE_UNAVAILABLE -DXcode -enable-experimental-feature StrictConcurrency -plugin-path /Applications/Xcode.app/Contents/Developer/Toolchains/XcodeDefault.xctoolchain/usr/lib/swift/host/plugins/testing -enable-experimental-feature DebugDescriptionMacro -sdk /Applications/Xcode.app/Contents/Developer/Platforms/MacOSX.platform/Developer/SDKs/MacOSX26.1.sdk -target arm64-apple-macos14.0 -g -module-cache-path /Users/mali/Library/Developer/Xcode/DerivedData/ModuleCache.noindex -Xfrontend -serialize-debugging-options -profile-coverage-mapping -profile-generate -enable-testing -suppress-warnings -index-store-path /Users/mali/Library/Developer/Xcode/DerivedData/Web-fwpjudnzpysruxaxmvjywphkufup/Index.noindex/DataStore -Xcc -D_LIBCPP_HARDENING_MODE\=_LIBCPP_HARDENING_MODE_DEBUG -swift-version 5 -I /Users/mali/Library/Developer/Xcode/DerivedData/Web-fwpjudnzpysruxaxmvjywphkufup/Build/Products/Debug -Isystem /Applications/Xcode.app/Contents/Developer/Platforms/MacOSX.platform/Developer/usr/lib -F /Users/mali/Library/Developer/Xcode/DerivedData/Web-fwpjudnzpysruxaxmvjywphkufup/Build/Products/Debug/PackageFrameworks -F /Users/mali/Library/Developer/Xcode/DerivedData/Web-fwpjudnzpysruxaxmvjywphkufup/Build/Products/Debug/PackageFrameworks -F /Users/mali/Library/Developer/Xcode/DerivedData/Web-fwpjudnzpysruxaxmvjywphkufup/Build/Products/Debug/PackageFrameworks -F /Users/mali/Library/Developer/Xcode/DerivedData/Web-fwpjudnzpysruxaxmvjywphkufup/Build/Products/Debug/PackageFrameworks -F /Users/mali/Library/Developer/Xcode/DerivedData/Web-fwpjudnzpysruxaxmvjywphkufup/Build/Products/Debug/PackageFrameworks -F /Users/mali/Library/Developer/Xcode/DerivedData/Web-fwpjudnzpysruxaxmvjywphkufup/Build/Products/Debug/PackageFrameworks -F /Users/mali/Library/Developer/Xcode/DerivedData/Web-fwpjudnzpysruxaxmvjywphkufup/Build/Products/Debug/PackageFrameworks -F /Users/mali/Library/Developer/Xcode/DerivedData/Web-fwpjudnzpysruxaxmvjywphkufup/Build/Products/Debug/PackageFrameworks -F /Users/mali/Library/Developer/Xcode/DerivedData/Web-fwpjudnzpysruxaxmvjywphkufup/Build/Products/Debug/PackageFrameworks -F /Users/mali/Library/Developer/Xcode/DerivedData/Web-fwpjudnzpysruxaxmvjywphkufup/Build/Products/Debug/PackageFrameworks -F /Users/mali/Library/Developer/Xcode/DerivedData/Web-fwpjudnzpysruxaxmvjywphkufup/Build/Products/Debug/PackageFrameworks -F /Users/mali/Library/Developer/Xcode/DerivedData/Web-fwpjudnzpysruxaxmvjywphkufup/Build/Products/Debug/PackageFrameworks -F /Users/mali/Library/Developer/Xcode/DerivedData/Web-fwpjudnzpysruxaxmvjywphkufup/Build/Products/Debug/PackageFrameworks -F /Users/mali/Library/Developer/Xcode/DerivedData/Web-fwpjudnzpysruxaxmvjywphkufup/Build/Products/Debug/PackageFrameworks -F /Users/mali/Library/Developer/Xcode/DerivedData/Web-fwpjudnzpysruxaxmvjywphkufup/Build/Products/Debug/PackageFrameworks -F /Users/mali/Library/Developer/Xcode/DerivedData/Web-fwpjudnzpysruxaxmvjywphkufup/Build/Products/Debug/PackageFrameworks -F /Users/mali/Library/Developer/Xcode/DerivedData/Web-fwpjudnzpysruxaxmvjywphkufup/Build/Products/Debug/PackageFrameworks -F /Users/mali/Library/Developer/Xcode/DerivedData/Web-fwpjudnzpysruxaxmvjywphkufup/Build/Products/Debug/PackageFrameworks -F /Users/mali/Library/Developer/Xcode/DerivedData/Web-fwpjudnzpysruxaxmvjywphkufup/Build/Products/Debug/PackageFrameworks -F /Users/mali/Library/Developer/Xcode/DerivedData/Web-fwpjudnzpysruxaxmvjywphkufup/Build/Products/Debug -F /Applications/Xcode.app/Contents/Developer/Platforms/MacOSX.platform/Developer/Library/Frameworks -c -j8 -enable-batch-mode -incremental -Xcc -ivfsstatcache -Xcc /Users/mali/Library/Developer/Xcode/DerivedData/SDKStatCaches.noindex/macosx26.1-25B74-3885c01c3e6b6a337905948deab2002e3ae1261907bdadc328169391a47051a6.sdkstatcache -output-file-map /Users/mali/Library/Developer/Xcode/DerivedData/Web-fwpjudnzpysruxaxmvjywphkufup/Build/Intermediates.noindex/mlx-libraries.build/Debug/MLXLMCommon.build/Objects-normal/arm64/MLXLMCommon-OutputFileMap.json -use-frontend-parseable-output -save-temps -no-color-diagnostics -explicit-module-build -module-cache-path /Users/mali/Library/Developer/Xcode/DerivedData/Web-fwpjudnzpysruxaxmvjywphkufup/Build/Intermediates.noindex/SwiftExplicitPrecompiledModules -clang-scanner-module-cache-path /Users/mali/Library/Developer/Xcode/DerivedData/ModuleCache.noindex -sdk-module-cache-path /Users/mali/Library/Developer/Xcode/DerivedData/ModuleCache.noindex -serialize-diagnostics -emit-dependencies -emit-module -emit-module-path /Users/mali/Library/Developer/Xcode/DerivedData/Web-fwpjudnzpysruxaxmvjywphkufup/Build/Intermediates.noindex/mlx-libraries.build/Debug/MLXLMCommon.build/Objects-normal/arm64/MLXLMCommon.swiftmodule -validate-clang-modules-once -clang-build-session-file /Users/mali/Library/Developer/Xcode/DerivedData/ModuleCache.noindex/Session.modulevalidation -package-name mlx_swift_examples -Xcc -I/Users/mali/Library/Developer/Xcode/DerivedData/Web-fwpjudnzpysruxaxmvjywphkufup/Build/Intermediates.noindex/mlx-libraries.build/Debug/MLXLMCommon.build/swift-overrides.hmap -emit-const-values -Xfrontend -const-gather-protocols-file -Xfrontend /Users/mali/Library/Developer/Xcode/DerivedData/Web-fwpjudnzpysruxaxmvjywphkufup/Build/Intermediates.noindex/mlx-libraries.build/Debug/MLXLMCommon.build/Objects-normal/arm64/MLXLMCommon_const_extract_protocols.json -Xcc -I/Users/mali/Library/Developer/Xcode/DerivedData/Web-fwpjudnzpysruxaxmvjywphkufup/SourcePackages/checkouts/swift-numerics/Sources/_NumericsShims/include -Xcc -I/Users/mali/Library/Developer/Xcode/DerivedData/Web-fwpjudnzpysruxaxmvjywphkufup/SourcePackages/checkouts/mlx-swift/Source/Cmlx/include -Xcc -I/Users/mali/Library/Developer/Xcode/DerivedData/Web-fwpjudnzpysruxaxmvjywphkufup/Build/Products/Debug/include -Xcc -I/Users/mali/Library/Developer/Xcode/DerivedData/Web-fwpjudnzpysruxaxmvjywphkufup/Build/Intermediates.noindex/mlx-libraries.build/Debug/MLXLMCommon.build/DerivedSources-normal/arm64 -Xcc -I/Users/mali/Library/Developer/Xcode/DerivedData/Web-fwpjudnzpysruxaxmvjywphkufup/Build/Intermediates.noindex/mlx-libraries.build/Debug/MLXLMCommon.build/DerivedSources/arm64 -Xcc -I/Users/mali/Library/Developer/Xcode/DerivedData/Web-fwpjudnzpysruxaxmvjywphkufup/Build/Intermediates.noindex/mlx-libraries.build/Debug/MLXLMCommon.build/DerivedSources -Xcc -DSWIFT_PACKAGE -Xcc -DDEBUG\=1 -emit-objc-header -emit-objc-header-path /Users/mali/Library/Developer/Xcode/DerivedData/Web-fwpjudnzpysruxaxmvjywphkufup/Build/Intermediates.noindex/mlx-libraries.build/Debug/MLXLMCommon.build/Objects-normal/arm64/MLXLMCommon-Swift.h -working-directory /Users/mali/dev/Web/Web.xcodeproj -experimental-emit-module-separately -disable-cmo

RegisterExecutionPolicyException /Users/mali/Library/Developer/Xcode/DerivedData/Web-fwpjudnzpysruxaxmvjywphkufup/Build/Products/Debug/MLXNN.o (in target 'MLXNN' from project 'mlx-swift')
    cd /Users/mali/Library/Developer/Xcode/DerivedData/Web-fwpjudnzpysruxaxmvjywphkufup/SourcePackages/checkouts/mlx-swift
    builtin-RegisterExecutionPolicyException /Users/mali/Library/Developer/Xcode/DerivedData/Web-fwpjudnzpysruxaxmvjywphkufup/Build/Products/Debug/MLXNN.o

ExtractAppIntentsMetadata (in target 'Models' from project 'swift-transformers')
    cd /Users/mali/Library/Developer/Xcode/DerivedData/Web-fwpjudnzpysruxaxmvjywphkufup/SourcePackages/checkouts/swift-transformers
    /Applications/Xcode.app/Contents/Developer/Toolchains/XcodeDefault.xctoolchain/usr/bin/appintentsmetadataprocessor --toolchain-dir /var/run/com.apple.security.cryptexd/mnt/com.apple.MobileAsset.MetalToolchain-v17.2.54.0.910oNh/Metal.xctoolchain --module-name Models --sdk-root /Applications/Xcode.app/Contents/Developer/Platforms/MacOSX.platform/Developer/SDKs/MacOSX26.1.sdk --xcode-version 17B100 --platform-family macOS --deployment-target 13.0 --bundle-identifier swift-transformers.Models --output /Users/mali/Library/Developer/Xcode/DerivedData/Web-fwpjudnzpysruxaxmvjywphkufup/Build/Products/Debug/Models.appintents --target-triple arm64-apple-macos13.0 --binary-file /Users/mali/Library/Developer/Xcode/DerivedData/Web-fwpjudnzpysruxaxmvjywphkufup/Build/Products/Debug/Models.o --dependency-file /Users/mali/Library/Developer/Xcode/DerivedData/Web-fwpjudnzpysruxaxmvjywphkufup/Build/Intermediates.noindex/swift-transformers.build/Debug/Models.build/Objects-normal/arm64/Models_dependency_info.dat --stringsdata-file /Users/mali/Library/Developer/Xcode/DerivedData/Web-fwpjudnzpysruxaxmvjywphkufup/Build/Intermediates.noindex/swift-transformers.build/Debug/Models.build/Objects-normal/arm64/ExtractedAppShortcutsMetadata.stringsdata --source-file-list /Users/mali/Library/Developer/Xcode/DerivedData/Web-fwpjudnzpysruxaxmvjywphkufup/Build/Intermediates.noindex/swift-transformers.build/Debug/Models.build/Objects-normal/arm64/Models.SwiftFileList --metadata-file-list /Users/mali/Library/Developer/Xcode/DerivedData/Web-fwpjudnzpysruxaxmvjywphkufup/Build/Intermediates.noindex/swift-transformers.build/Debug/Models.build/Models.DependencyMetadataFileList --static-metadata-file-list /Users/mali/Library/Developer/Xcode/DerivedData/Web-fwpjudnzpysruxaxmvjywphkufup/Build/Intermediates.noindex/swift-transformers.build/Debug/Models.build/Models.DependencyStaticMetadataFileList --swift-const-vals-list /Users/mali/Library/Developer/Xcode/DerivedData/Web-fwpjudnzpysruxaxmvjywphkufup/Build/Intermediates.noindex/swift-transformers.build/Debug/Models.build/Objects-normal/arm64/Models.SwiftConstValuesFileList --force --compile-time-extraction --deployment-aware-processing --validate-assistant-intents --no-app-shortcuts-localization
2026-02-01 04:53:30.641 appintentsmetadataprocessor[19938:1339716] Starting appintentsmetadataprocessor export
2026-02-01 04:53:30.964 appintentsmetadataprocessor[19938:1339716] Extracted no relevant App Intents symbols, skipping writing output

Ld /Users/mali/Library/Developer/Xcode/DerivedData/Web-fwpjudnzpysruxaxmvjywphkufup/Build/Products/Debug/MLXOptimizers.o normal (in target 'MLXOptimizers' from project 'mlx-swift')
    cd /Users/mali/Library/Developer/Xcode/DerivedData/Web-fwpjudnzpysruxaxmvjywphkufup/SourcePackages/checkouts/mlx-swift
    /Applications/Xcode.app/Contents/Developer/Toolchains/XcodeDefault.xctoolchain/usr/bin/clang -Xlinker -reproducible -target arm64-apple-macos13.3 -r -isysroot /Applications/Xcode.app/Contents/Developer/Platforms/MacOSX.platform/Developer/SDKs/MacOSX26.1.sdk -O0 -w -L/Users/mali/Library/Developer/Xcode/DerivedData/Web-fwpjudnzpysruxaxmvjywphkufup/Build/Intermediates.noindex/EagerLinkingTBDs/Debug -L/Users/mali/Library/Developer/Xcode/DerivedData/Web-fwpjudnzpysruxaxmvjywphkufup/Build/Products/Debug -L/Applications/Xcode.app/Contents/Developer/Platforms/MacOSX.platform/Developer/usr/lib -F/Users/mali/Library/Developer/Xcode/DerivedData/Web-fwpjudnzpysruxaxmvjywphkufup/Build/Intermediates.noindex/EagerLinkingTBDs/Debug -F/Users/mali/Library/Developer/Xcode/DerivedData/Web-fwpjudnzpysruxaxmvjywphkufup/Build/Products/Debug/PackageFrameworks -F/Users/mali/Library/Developer/Xcode/DerivedData/Web-fwpjudnzpysruxaxmvjywphkufup/Build/Products/Debug/PackageFrameworks -F/Users/mali/Library/Developer/Xcode/DerivedData/Web-fwpjudnzpysruxaxmvjywphkufup/Build/Products/Debug/PackageFrameworks -F/Users/mali/Library/Developer/Xcode/DerivedData/Web-fwpjudnzpysruxaxmvjywphkufup/Build/Products/Debug/PackageFrameworks -F/Users/mali/Library/Developer/Xcode/DerivedData/Web-fwpjudnzpysruxaxmvjywphkufup/Build/Products/Debug/PackageFrameworks -F/Users/mali/Library/Developer/Xcode/DerivedData/Web-fwpjudnzpysruxaxmvjywphkufup/Build/Products/Debug/PackageFrameworks -F/Users/mali/Library/Developer/Xcode/DerivedData/Web-fwpjudnzpysruxaxmvjywphkufup/Build/Products/Debug/PackageFrameworks -F/Users/mali/Library/Developer/Xcode/DerivedData/Web-fwpjudnzpysruxaxmvjywphkufup/Build/Products/Debug/PackageFrameworks -F/Users/mali/Library/Developer/Xcode/DerivedData/Web-fwpjudnzpysruxaxmvjywphkufup/Build/Products/Debug/PackageFrameworks -F/Users/mali/Library/Developer/Xcode/DerivedData/Web-fwpjudnzpysruxaxmvjywphkufup/Build/Products/Debug -iframework /Applications/Xcode.app/Contents/Developer/Platforms/MacOSX.platform/Developer/Library/Frameworks -filelist /Users/mali/Library/Developer/Xcode/DerivedData/Web-fwpjudnzpysruxaxmvjywphkufup/Build/Intermediates.noindex/mlx-swift.build/Debug/MLXOptimizers.build/Objects-normal/arm64/MLXOptimizers.LinkFileList -nostdlib -Xlinker -object_path_lto -Xlinker /Users/mali/Library/Developer/Xcode/DerivedData/Web-fwpjudnzpysruxaxmvjywphkufup/Build/Intermediates.noindex/mlx-swift.build/Debug/MLXOptimizers.build/Objects-normal/arm64/MLXOptimizers_lto.o -rdynamic -Xlinker -no_deduplicate -Xlinker -debug_variant -Xlinker -dependency_info -Xlinker /Users/mali/Library/Developer/Xcode/DerivedData/Web-fwpjudnzpysruxaxmvjywphkufup/Build/Intermediates.noindex/mlx-swift.build/Debug/MLXOptimizers.build/Objects-normal/arm64/MLXOptimizers_dependency_info.dat -fobjc-link-runtime -L/Applications/Xcode.app/Contents/Developer/Toolchains/XcodeDefault.xctoolchain/usr/lib/swift/macosx -L/usr/lib/swift -Xlinker -add_ast_path -Xlinker /Users/mali/Library/Developer/Xcode/DerivedData/Web-fwpjudnzpysruxaxmvjywphkufup/Build/Intermediates.noindex/mlx-swift.build/Debug/MLXOptimizers.build/Objects-normal/arm64/MLXOptimizers.swiftmodule @/Users/mali/Library/Developer/Xcode/DerivedData/Web-fwpjudnzpysruxaxmvjywphkufup/Build/Intermediates.noindex/mlx-swift.build/Debug/MLXOptimizers.build/Objects-normal/arm64/MLXOptimizers-linker-args.resp -o /Users/mali/Library/Developer/Xcode/DerivedData/Web-fwpjudnzpysruxaxmvjywphkufup/Build/Products/Debug/MLXOptimizers.o

ExtractAppIntentsMetadata (in target 'MLXOptimizers' from project 'mlx-swift')
    cd /Users/mali/Library/Developer/Xcode/DerivedData/Web-fwpjudnzpysruxaxmvjywphkufup/SourcePackages/checkouts/mlx-swift
    /Applications/Xcode.app/Contents/Developer/Toolchains/XcodeDefault.xctoolchain/usr/bin/appintentsmetadataprocessor --toolchain-dir /var/run/com.apple.security.cryptexd/mnt/com.apple.MobileAsset.MetalToolchain-v17.2.54.0.910oNh/Metal.xctoolchain --module-name MLXOptimizers --sdk-root /Applications/Xcode.app/Contents/Developer/Platforms/MacOSX.platform/Developer/SDKs/MacOSX26.1.sdk --xcode-version 17B100 --platform-family macOS --deployment-target 13.3 --bundle-identifier mlx-swift.MLXOptimizers --output /Users/mali/Library/Developer/Xcode/DerivedData/Web-fwpjudnzpysruxaxmvjywphkufup/Build/Products/Debug/MLXOptimizers.appintents --target-triple arm64-apple-macos13.3 --binary-file /Users/mali/Library/Developer/Xcode/DerivedData/Web-fwpjudnzpysruxaxmvjywphkufup/Build/Products/Debug/MLXOptimizers.o --dependency-file /Users/mali/Library/Developer/Xcode/DerivedData/Web-fwpjudnzpysruxaxmvjywphkufup/Build/Intermediates.noindex/mlx-swift.build/Debug/MLXOptimizers.build/Objects-normal/arm64/MLXOptimizers_dependency_info.dat --stringsdata-file /Users/mali/Library/Developer/Xcode/DerivedData/Web-fwpjudnzpysruxaxmvjywphkufup/Build/Intermediates.noindex/mlx-swift.build/Debug/MLXOptimizers.build/Objects-normal/arm64/ExtractedAppShortcutsMetadata.stringsdata --source-file-list /Users/mali/Library/Developer/Xcode/DerivedData/Web-fwpjudnzpysruxaxmvjywphkufup/Build/Intermediates.noindex/mlx-swift.build/Debug/MLXOptimizers.build/Objects-normal/arm64/MLXOptimizers.SwiftFileList --metadata-file-list /Users/mali/Library/Developer/Xcode/DerivedData/Web-fwpjudnzpysruxaxmvjywphkufup/Build/Intermediates.noindex/mlx-swift.build/Debug/MLXOptimizers.build/MLXOptimizers.DependencyMetadataFileList --static-metadata-file-list /Users/mali/Library/Developer/Xcode/DerivedData/Web-fwpjudnzpysruxaxmvjywphkufup/Build/Intermediates.noindex/mlx-swift.build/Debug/MLXOptimizers.build/MLXOptimizers.DependencyStaticMetadataFileList --swift-const-vals-list /Users/mali/Library/Developer/Xcode/DerivedData/Web-fwpjudnzpysruxaxmvjywphkufup/Build/Intermediates.noindex/mlx-swift.build/Debug/MLXOptimizers.build/Objects-normal/arm64/MLXOptimizers.SwiftConstValuesFileList --force --compile-time-extraction --deployment-aware-processing --validate-assistant-intents --no-app-shortcuts-localization
2026-02-01 04:53:30.687 appintentsmetadataprocessor[19942:1339732] Starting appintentsmetadataprocessor export
2026-02-01 04:53:31.007 appintentsmetadataprocessor[19942:1339732] Extracted no relevant App Intents symbols, skipping writing output

RegisterExecutionPolicyException /Users/mali/Library/Developer/Xcode/DerivedData/Web-fwpjudnzpysruxaxmvjywphkufup/Build/Products/Debug/Models.o (in target 'Models' from project 'swift-transformers')
    cd /Users/mali/Library/Developer/Xcode/DerivedData/Web-fwpjudnzpysruxaxmvjywphkufup/SourcePackages/checkouts/swift-transformers
    builtin-RegisterExecutionPolicyException /Users/mali/Library/Developer/Xcode/DerivedData/Web-fwpjudnzpysruxaxmvjywphkufup/Build/Products/Debug/Models.o

RegisterExecutionPolicyException /Users/mali/Library/Developer/Xcode/DerivedData/Web-fwpjudnzpysruxaxmvjywphkufup/Build/Products/Debug/MLXOptimizers.o (in target 'MLXOptimizers' from project 'mlx-swift')
    cd /Users/mali/Library/Developer/Xcode/DerivedData/Web-fwpjudnzpysruxaxmvjywphkufup/SourcePackages/checkouts/mlx-swift
    builtin-RegisterExecutionPolicyException /Users/mali/Library/Developer/Xcode/DerivedData/Web-fwpjudnzpysruxaxmvjywphkufup/Build/Products/Debug/MLXOptimizers.o

SwiftDriver\ Compilation\ Requirements MLXLMCommon normal arm64 com.apple.xcode.tools.swift.compiler (in target 'MLXLMCommon' from project 'mlx-libraries')
    cd /Users/mali/dev/Web/Web.xcodeproj
    builtin-Swift-Compilation-Requirements -- /Applications/Xcode.app/Contents/Developer/Toolchains/XcodeDefault.xctoolchain/usr/bin/swiftc -module-name MLXLMCommon -Onone -enforce-exclusivity\=checked @/Users/mali/Library/Developer/Xcode/DerivedData/Web-fwpjudnzpysruxaxmvjywphkufup/Build/Intermediates.noindex/mlx-libraries.build/Debug/MLXLMCommon.build/Objects-normal/arm64/MLXLMCommon.SwiftFileList -DSWIFT_PACKAGE -DDEBUG -DSWIFT_MODULE_RESOURCE_BUNDLE_UNAVAILABLE -DXcode -enable-experimental-feature StrictConcurrency -plugin-path /Applications/Xcode.app/Contents/Developer/Toolchains/XcodeDefault.xctoolchain/usr/lib/swift/host/plugins/testing -enable-experimental-feature DebugDescriptionMacro -sdk /Applications/Xcode.app/Contents/Developer/Platforms/MacOSX.platform/Developer/SDKs/MacOSX26.1.sdk -target arm64-apple-macos14.0 -g -module-cache-path /Users/mali/Library/Developer/Xcode/DerivedData/ModuleCache.noindex -Xfrontend -serialize-debugging-options -profile-coverage-mapping -profile-generate -enable-testing -suppress-warnings -index-store-path /Users/mali/Library/Developer/Xcode/DerivedData/Web-fwpjudnzpysruxaxmvjywphkufup/Index.noindex/DataStore -Xcc -D_LIBCPP_HARDENING_MODE\=_LIBCPP_HARDENING_MODE_DEBUG -swift-version 5 -I /Users/mali/Library/Developer/Xcode/DerivedData/Web-fwpjudnzpysruxaxmvjywphkufup/Build/Products/Debug -Isystem /Applications/Xcode.app/Contents/Developer/Platforms/MacOSX.platform/Developer/usr/lib -F /Users/mali/Library/Developer/Xcode/DerivedData/Web-fwpjudnzpysruxaxmvjywphkufup/Build/Products/Debug/PackageFrameworks -F /Users/mali/Library/Developer/Xcode/DerivedData/Web-fwpjudnzpysruxaxmvjywphkufup/Build/Products/Debug/PackageFrameworks -F /Users/mali/Library/Developer/Xcode/DerivedData/Web-fwpjudnzpysruxaxmvjywphkufup/Build/Products/Debug/PackageFrameworks -F /Users/mali/Library/Developer/Xcode/DerivedData/Web-fwpjudnzpysruxaxmvjywphkufup/Build/Products/Debug/PackageFrameworks -F /Users/mali/Library/Developer/Xcode/DerivedData/Web-fwpjudnzpysruxaxmvjywphkufup/Build/Products/Debug/PackageFrameworks -F /Users/mali/Library/Developer/Xcode/DerivedData/Web-fwpjudnzpysruxaxmvjywphkufup/Build/Products/Debug/PackageFrameworks -F /Users/mali/Library/Developer/Xcode/DerivedData/Web-fwpjudnzpysruxaxmvjywphkufup/Build/Products/Debug/PackageFrameworks -F /Users/mali/Library/Developer/Xcode/DerivedData/Web-fwpjudnzpysruxaxmvjywphkufup/Build/Products/Debug/PackageFrameworks -F /Users/mali/Library/Developer/Xcode/DerivedData/Web-fwpjudnzpysruxaxmvjywphkufup/Build/Products/Debug/PackageFrameworks -F /Users/mali/Library/Developer/Xcode/DerivedData/Web-fwpjudnzpysruxaxmvjywphkufup/Build/Products/Debug/PackageFrameworks -F /Users/mali/Library/Developer/Xcode/DerivedData/Web-fwpjudnzpysruxaxmvjywphkufup/Build/Products/Debug/PackageFrameworks -F /Users/mali/Library/Developer/Xcode/DerivedData/Web-fwpjudnzpysruxaxmvjywphkufup/Build/Products/Debug/PackageFrameworks -F /Users/mali/Library/Developer/Xcode/DerivedData/Web-fwpjudnzpysruxaxmvjywphkufup/Build/Products/Debug/PackageFrameworks -F /Users/mali/Library/Developer/Xcode/DerivedData/Web-fwpjudnzpysruxaxmvjywphkufup/Build/Products/Debug/PackageFrameworks -F /Users/mali/Library/Developer/Xcode/DerivedData/Web-fwpjudnzpysruxaxmvjywphkufup/Build/Products/Debug/PackageFrameworks -F /Users/mali/Library/Developer/Xcode/DerivedData/Web-fwpjudnzpysruxaxmvjywphkufup/Build/Products/Debug/PackageFrameworks -F /Users/mali/Library/Developer/Xcode/DerivedData/Web-fwpjudnzpysruxaxmvjywphkufup/Build/Products/Debug/PackageFrameworks -F /Users/mali/Library/Developer/Xcode/DerivedData/Web-fwpjudnzpysruxaxmvjywphkufup/Build/Products/Debug/PackageFrameworks -F /Users/mali/Library/Developer/Xcode/DerivedData/Web-fwpjudnzpysruxaxmvjywphkufup/Build/Products/Debug/PackageFrameworks -F /Users/mali/Library/Developer/Xcode/DerivedData/Web-fwpjudnzpysruxaxmvjywphkufup/Build/Products/Debug -F /Applications/Xcode.app/Contents/Developer/Platforms/MacOSX.platform/Developer/Library/Frameworks -c -j8 -enable-batch-mode -incremental -Xcc -ivfsstatcache -Xcc /Users/mali/Library/Developer/Xcode/DerivedData/SDKStatCaches.noindex/macosx26.1-25B74-3885c01c3e6b6a337905948deab2002e3ae1261907bdadc328169391a47051a6.sdkstatcache -output-file-map /Users/mali/Library/Developer/Xcode/DerivedData/Web-fwpjudnzpysruxaxmvjywphkufup/Build/Intermediates.noindex/mlx-libraries.build/Debug/MLXLMCommon.build/Objects-normal/arm64/MLXLMCommon-OutputFileMap.json -use-frontend-parseable-output -save-temps -no-color-diagnostics -explicit-module-build -module-cache-path /Users/mali/Library/Developer/Xcode/DerivedData/Web-fwpjudnzpysruxaxmvjywphkufup/Build/Intermediates.noindex/SwiftExplicitPrecompiledModules -clang-scanner-module-cache-path /Users/mali/Library/Developer/Xcode/DerivedData/ModuleCache.noindex -sdk-module-cache-path /Users/mali/Library/Developer/Xcode/DerivedData/ModuleCache.noindex -serialize-diagnostics -emit-dependencies -emit-module -emit-module-path /Users/mali/Library/Developer/Xcode/DerivedData/Web-fwpjudnzpysruxaxmvjywphkufup/Build/Intermediates.noindex/mlx-libraries.build/Debug/MLXLMCommon.build/Objects-normal/arm64/MLXLMCommon.swiftmodule -validate-clang-modules-once -clang-build-session-file /Users/mali/Library/Developer/Xcode/DerivedData/ModuleCache.noindex/Session.modulevalidation -package-name mlx_swift_examples -Xcc -I/Users/mali/Library/Developer/Xcode/DerivedData/Web-fwpjudnzpysruxaxmvjywphkufup/Build/Intermediates.noindex/mlx-libraries.build/Debug/MLXLMCommon.build/swift-overrides.hmap -emit-const-values -Xfrontend -const-gather-protocols-file -Xfrontend /Users/mali/Library/Developer/Xcode/DerivedData/Web-fwpjudnzpysruxaxmvjywphkufup/Build/Intermediates.noindex/mlx-libraries.build/Debug/MLXLMCommon.build/Objects-normal/arm64/MLXLMCommon_const_extract_protocols.json -Xcc -I/Users/mali/Library/Developer/Xcode/DerivedData/Web-fwpjudnzpysruxaxmvjywphkufup/SourcePackages/checkouts/swift-numerics/Sources/_NumericsShims/include -Xcc -I/Users/mali/Library/Developer/Xcode/DerivedData/Web-fwpjudnzpysruxaxmvjywphkufup/SourcePackages/checkouts/mlx-swift/Source/Cmlx/include -Xcc -I/Users/mali/Library/Developer/Xcode/DerivedData/Web-fwpjudnzpysruxaxmvjywphkufup/Build/Products/Debug/include -Xcc -I/Users/mali/Library/Developer/Xcode/DerivedData/Web-fwpjudnzpysruxaxmvjywphkufup/Build/Intermediates.noindex/mlx-libraries.build/Debug/MLXLMCommon.build/DerivedSources-normal/arm64 -Xcc -I/Users/mali/Library/Developer/Xcode/DerivedData/Web-fwpjudnzpysruxaxmvjywphkufup/Build/Intermediates.noindex/mlx-libraries.build/Debug/MLXLMCommon.build/DerivedSources/arm64 -Xcc -I/Users/mali/Library/Developer/Xcode/DerivedData/Web-fwpjudnzpysruxaxmvjywphkufup/Build/Intermediates.noindex/mlx-libraries.build/Debug/MLXLMCommon.build/DerivedSources -Xcc -DSWIFT_PACKAGE -Xcc -DDEBUG\=1 -emit-objc-header -emit-objc-header-path /Users/mali/Library/Developer/Xcode/DerivedData/Web-fwpjudnzpysruxaxmvjywphkufup/Build/Intermediates.noindex/mlx-libraries.build/Debug/MLXLMCommon.build/Objects-normal/arm64/MLXLMCommon-Swift.h -working-directory /Users/mali/dev/Web/Web.xcodeproj -experimental-emit-module-separately -disable-cmo

SwiftDriver\ Compilation MLXLMCommon normal arm64 com.apple.xcode.tools.swift.compiler (in target 'MLXLMCommon' from project 'mlx-libraries')
    cd /Users/mali/dev/Web/Web.xcodeproj
    builtin-Swift-Compilation -- /Applications/Xcode.app/Contents/Developer/Toolchains/XcodeDefault.xctoolchain/usr/bin/swiftc -module-name MLXLMCommon -Onone -enforce-exclusivity\=checked @/Users/mali/Library/Developer/Xcode/DerivedData/Web-fwpjudnzpysruxaxmvjywphkufup/Build/Intermediates.noindex/mlx-libraries.build/Debug/MLXLMCommon.build/Objects-normal/arm64/MLXLMCommon.SwiftFileList -DSWIFT_PACKAGE -DDEBUG -DSWIFT_MODULE_RESOURCE_BUNDLE_UNAVAILABLE -DXcode -enable-experimental-feature StrictConcurrency -plugin-path /Applications/Xcode.app/Contents/Developer/Toolchains/XcodeDefault.xctoolchain/usr/lib/swift/host/plugins/testing -enable-experimental-feature DebugDescriptionMacro -sdk /Applications/Xcode.app/Contents/Developer/Platforms/MacOSX.platform/Developer/SDKs/MacOSX26.1.sdk -target arm64-apple-macos14.0 -g -module-cache-path /Users/mali/Library/Developer/Xcode/DerivedData/ModuleCache.noindex -Xfrontend -serialize-debugging-options -profile-coverage-mapping -profile-generate -enable-testing -suppress-warnings -index-store-path /Users/mali/Library/Developer/Xcode/DerivedData/Web-fwpjudnzpysruxaxmvjywphkufup/Index.noindex/DataStore -Xcc -D_LIBCPP_HARDENING_MODE\=_LIBCPP_HARDENING_MODE_DEBUG -swift-version 5 -I /Users/mali/Library/Developer/Xcode/DerivedData/Web-fwpjudnzpysruxaxmvjywphkufup/Build/Products/Debug -Isystem /Applications/Xcode.app/Contents/Developer/Platforms/MacOSX.platform/Developer/usr/lib -F /Users/mali/Library/Developer/Xcode/DerivedData/Web-fwpjudnzpysruxaxmvjywphkufup/Build/Products/Debug/PackageFrameworks -F /Users/mali/Library/Developer/Xcode/DerivedData/Web-fwpjudnzpysruxaxmvjywphkufup/Build/Products/Debug/PackageFrameworks -F /Users/mali/Library/Developer/Xcode/DerivedData/Web-fwpjudnzpysruxaxmvjywphkufup/Build/Products/Debug/PackageFrameworks -F /Users/mali/Library/Developer/Xcode/DerivedData/Web-fwpjudnzpysruxaxmvjywphkufup/Build/Products/Debug/PackageFrameworks -F /Users/mali/Library/Developer/Xcode/DerivedData/Web-fwpjudnzpysruxaxmvjywphkufup/Build/Products/Debug/PackageFrameworks -F /Users/mali/Library/Developer/Xcode/DerivedData/Web-fwpjudnzpysruxaxmvjywphkufup/Build/Products/Debug/PackageFrameworks -F /Users/mali/Library/Developer/Xcode/DerivedData/Web-fwpjudnzpysruxaxmvjywphkufup/Build/Products/Debug/PackageFrameworks -F /Users/mali/Library/Developer/Xcode/DerivedData/Web-fwpjudnzpysruxaxmvjywphkufup/Build/Products/Debug/PackageFrameworks -F /Users/mali/Library/Developer/Xcode/DerivedData/Web-fwpjudnzpysruxaxmvjywphkufup/Build/Products/Debug/PackageFrameworks -F /Users/mali/Library/Developer/Xcode/DerivedData/Web-fwpjudnzpysruxaxmvjywphkufup/Build/Products/Debug/PackageFrameworks -F /Users/mali/Library/Developer/Xcode/DerivedData/Web-fwpjudnzpysruxaxmvjywphkufup/Build/Products/Debug/PackageFrameworks -F /Users/mali/Library/Developer/Xcode/DerivedData/Web-fwpjudnzpysruxaxmvjywphkufup/Build/Products/Debug/PackageFrameworks -F /Users/mali/Library/Developer/Xcode/DerivedData/Web-fwpjudnzpysruxaxmvjywphkufup/Build/Products/Debug/PackageFrameworks -F /Users/mali/Library/Developer/Xcode/DerivedData/Web-fwpjudnzpysruxaxmvjywphkufup/Build/Products/Debug/PackageFrameworks -F /Users/mali/Library/Developer/Xcode/DerivedData/Web-fwpjudnzpysruxaxmvjywphkufup/Build/Products/Debug/PackageFrameworks -F /Users/mali/Library/Developer/Xcode/DerivedData/Web-fwpjudnzpysruxaxmvjywphkufup/Build/Products/Debug/PackageFrameworks -F /Users/mali/Library/Developer/Xcode/DerivedData/Web-fwpjudnzpysruxaxmvjywphkufup/Build/Products/Debug/PackageFrameworks -F /Users/mali/Library/Developer/Xcode/DerivedData/Web-fwpjudnzpysruxaxmvjywphkufup/Build/Products/Debug/PackageFrameworks -F /Users/mali/Library/Developer/Xcode/DerivedData/Web-fwpjudnzpysruxaxmvjywphkufup/Build/Products/Debug/PackageFrameworks -F /Users/mali/Library/Developer/Xcode/DerivedData/Web-fwpjudnzpysruxaxmvjywphkufup/Build/Products/Debug -F /Applications/Xcode.app/Contents/Developer/Platforms/MacOSX.platform/Developer/Library/Frameworks -c -j8 -enable-batch-mode -incremental -Xcc -ivfsstatcache -Xcc /Users/mali/Library/Developer/Xcode/DerivedData/SDKStatCaches.noindex/macosx26.1-25B74-3885c01c3e6b6a337905948deab2002e3ae1261907bdadc328169391a47051a6.sdkstatcache -output-file-map /Users/mali/Library/Developer/Xcode/DerivedData/Web-fwpjudnzpysruxaxmvjywphkufup/Build/Intermediates.noindex/mlx-libraries.build/Debug/MLXLMCommon.build/Objects-normal/arm64/MLXLMCommon-OutputFileMap.json -use-frontend-parseable-output -save-temps -no-color-diagnostics -explicit-module-build -module-cache-path /Users/mali/Library/Developer/Xcode/DerivedData/Web-fwpjudnzpysruxaxmvjywphkufup/Build/Intermediates.noindex/SwiftExplicitPrecompiledModules -clang-scanner-module-cache-path /Users/mali/Library/Developer/Xcode/DerivedData/ModuleCache.noindex -sdk-module-cache-path /Users/mali/Library/Developer/Xcode/DerivedData/ModuleCache.noindex -serialize-diagnostics -emit-dependencies -emit-module -emit-module-path /Users/mali/Library/Developer/Xcode/DerivedData/Web-fwpjudnzpysruxaxmvjywphkufup/Build/Intermediates.noindex/mlx-libraries.build/Debug/MLXLMCommon.build/Objects-normal/arm64/MLXLMCommon.swiftmodule -validate-clang-modules-once -clang-build-session-file /Users/mali/Library/Developer/Xcode/DerivedData/ModuleCache.noindex/Session.modulevalidation -package-name mlx_swift_examples -Xcc -I/Users/mali/Library/Developer/Xcode/DerivedData/Web-fwpjudnzpysruxaxmvjywphkufup/Build/Intermediates.noindex/mlx-libraries.build/Debug/MLXLMCommon.build/swift-overrides.hmap -emit-const-values -Xfrontend -const-gather-protocols-file -Xfrontend /Users/mali/Library/Developer/Xcode/DerivedData/Web-fwpjudnzpysruxaxmvjywphkufup/Build/Intermediates.noindex/mlx-libraries.build/Debug/MLXLMCommon.build/Objects-normal/arm64/MLXLMCommon_const_extract_protocols.json -Xcc -I/Users/mali/Library/Developer/Xcode/DerivedData/Web-fwpjudnzpysruxaxmvjywphkufup/SourcePackages/checkouts/swift-numerics/Sources/_NumericsShims/include -Xcc -I/Users/mali/Library/Developer/Xcode/DerivedData/Web-fwpjudnzpysruxaxmvjywphkufup/SourcePackages/checkouts/mlx-swift/Source/Cmlx/include -Xcc -I/Users/mali/Library/Developer/Xcode/DerivedData/Web-fwpjudnzpysruxaxmvjywphkufup/Build/Products/Debug/include -Xcc -I/Users/mali/Library/Developer/Xcode/DerivedData/Web-fwpjudnzpysruxaxmvjywphkufup/Build/Intermediates.noindex/mlx-libraries.build/Debug/MLXLMCommon.build/DerivedSources-normal/arm64 -Xcc -I/Users/mali/Library/Developer/Xcode/DerivedData/Web-fwpjudnzpysruxaxmvjywphkufup/Build/Intermediates.noindex/mlx-libraries.build/Debug/MLXLMCommon.build/DerivedSources/arm64 -Xcc -I/Users/mali/Library/Developer/Xcode/DerivedData/Web-fwpjudnzpysruxaxmvjywphkufup/Build/Intermediates.noindex/mlx-libraries.build/Debug/MLXLMCommon.build/DerivedSources -Xcc -DSWIFT_PACKAGE -Xcc -DDEBUG\=1 -emit-objc-header -emit-objc-header-path /Users/mali/Library/Developer/Xcode/DerivedData/Web-fwpjudnzpysruxaxmvjywphkufup/Build/Intermediates.noindex/mlx-libraries.build/Debug/MLXLMCommon.build/Objects-normal/arm64/MLXLMCommon-Swift.h -working-directory /Users/mali/dev/Web/Web.xcodeproj -experimental-emit-module-separately -disable-cmo

SwiftMergeGeneratedHeaders /Users/mali/Library/Developer/Xcode/DerivedData/Web-fwpjudnzpysruxaxmvjywphkufup/Build/Intermediates.noindex/GeneratedModuleMaps/MLXLMCommon-Swift.h /Users/mali/Library/Developer/Xcode/DerivedData/Web-fwpjudnzpysruxaxmvjywphkufup/Build/Intermediates.noindex/mlx-libraries.build/Debug/MLXLMCommon.build/Objects-normal/arm64/MLXLMCommon-Swift.h (in target 'MLXLMCommon' from project 'mlx-libraries')
    cd /Users/mali/Library/Developer/Xcode/DerivedData/Web-fwpjudnzpysruxaxmvjywphkufup/SourcePackages/checkouts/mlx-swift-examples
    builtin-swiftHeaderTool -arch arm64 /Users/mali/Library/Developer/Xcode/DerivedData/Web-fwpjudnzpysruxaxmvjywphkufup/Build/Intermediates.noindex/mlx-libraries.build/Debug/MLXLMCommon.build/Objects-normal/arm64/MLXLMCommon-Swift.h -o /Users/mali/Library/Developer/Xcode/DerivedData/Web-fwpjudnzpysruxaxmvjywphkufup/Build/Intermediates.noindex/GeneratedModuleMaps/MLXLMCommon-Swift.h

SwiftDriver MLXLLM normal arm64 com.apple.xcode.tools.swift.compiler (in target 'MLXLLM' from project 'mlx-libraries')
    cd /Users/mali/dev/Web/Web.xcodeproj
    builtin-SwiftDriver -- /Applications/Xcode.app/Contents/Developer/Toolchains/XcodeDefault.xctoolchain/usr/bin/swiftc -module-name MLXLLM -Onone -enforce-exclusivity\=checked @/Users/mali/Library/Developer/Xcode/DerivedData/Web-fwpjudnzpysruxaxmvjywphkufup/Build/Intermediates.noindex/mlx-libraries.build/Debug/MLXLLM.build/Objects-normal/arm64/MLXLLM.SwiftFileList -DSWIFT_PACKAGE -DDEBUG -DSWIFT_MODULE_RESOURCE_BUNDLE_UNAVAILABLE -DXcode -enable-experimental-feature StrictConcurrency -plugin-path /Applications/Xcode.app/Contents/Developer/Toolchains/XcodeDefault.xctoolchain/usr/lib/swift/host/plugins/testing -enable-experimental-feature DebugDescriptionMacro -sdk /Applications/Xcode.app/Contents/Developer/Platforms/MacOSX.platform/Developer/SDKs/MacOSX26.1.sdk -target arm64-apple-macos14.0 -g -module-cache-path /Users/mali/Library/Developer/Xcode/DerivedData/ModuleCache.noindex -Xfrontend -serialize-debugging-options -profile-coverage-mapping -profile-generate -enable-testing -suppress-warnings -index-store-path /Users/mali/Library/Developer/Xcode/DerivedData/Web-fwpjudnzpysruxaxmvjywphkufup/Index.noindex/DataStore -Xcc -D_LIBCPP_HARDENING_MODE\=_LIBCPP_HARDENING_MODE_DEBUG -swift-version 5 -I /Users/mali/Library/Developer/Xcode/DerivedData/Web-fwpjudnzpysruxaxmvjywphkufup/Build/Products/Debug -Isystem /Applications/Xcode.app/Contents/Developer/Platforms/MacOSX.platform/Developer/usr/lib -F /Users/mali/Library/Developer/Xcode/DerivedData/Web-fwpjudnzpysruxaxmvjywphkufup/Build/Products/Debug/PackageFrameworks -F /Users/mali/Library/Developer/Xcode/DerivedData/Web-fwpjudnzpysruxaxmvjywphkufup/Build/Products/Debug/PackageFrameworks -F /Users/mali/Library/Developer/Xcode/DerivedData/Web-fwpjudnzpysruxaxmvjywphkufup/Build/Products/Debug/PackageFrameworks -F /Users/mali/Library/Developer/Xcode/DerivedData/Web-fwpjudnzpysruxaxmvjywphkufup/Build/Products/Debug/PackageFrameworks -F /Users/mali/Library/Developer/Xcode/DerivedData/Web-fwpjudnzpysruxaxmvjywphkufup/Build/Products/Debug/PackageFrameworks -F /Users/mali/Library/Developer/Xcode/DerivedData/Web-fwpjudnzpysruxaxmvjywphkufup/Build/Products/Debug/PackageFrameworks -F /Users/mali/Library/Developer/Xcode/DerivedData/Web-fwpjudnzpysruxaxmvjywphkufup/Build/Products/Debug/PackageFrameworks -F /Users/mali/Library/Developer/Xcode/DerivedData/Web-fwpjudnzpysruxaxmvjywphkufup/Build/Products/Debug/PackageFrameworks -F /Users/mali/Library/Developer/Xcode/DerivedData/Web-fwpjudnzpysruxaxmvjywphkufup/Build/Products/Debug/PackageFrameworks -F /Users/mali/Library/Developer/Xcode/DerivedData/Web-fwpjudnzpysruxaxmvjywphkufup/Build/Products/Debug/PackageFrameworks -F /Users/mali/Library/Developer/Xcode/DerivedData/Web-fwpjudnzpysruxaxmvjywphkufup/Build/Products/Debug/PackageFrameworks -F /Users/mali/Library/Developer/Xcode/DerivedData/Web-fwpjudnzpysruxaxmvjywphkufup/Build/Products/Debug/PackageFrameworks -F /Users/mali/Library/Developer/Xcode/DerivedData/Web-fwpjudnzpysruxaxmvjywphkufup/Build/Products/Debug/PackageFrameworks -F /Users/mali/Library/Developer/Xcode/DerivedData/Web-fwpjudnzpysruxaxmvjywphkufup/Build/Products/Debug/PackageFrameworks -F /Users/mali/Library/Developer/Xcode/DerivedData/Web-fwpjudnzpysruxaxmvjywphkufup/Build/Products/Debug/PackageFrameworks -F /Users/mali/Library/Developer/Xcode/DerivedData/Web-fwpjudnzpysruxaxmvjywphkufup/Build/Products/Debug/PackageFrameworks -F /Users/mali/Library/Developer/Xcode/DerivedData/Web-fwpjudnzpysruxaxmvjywphkufup/Build/Products/Debug/PackageFrameworks -F /Users/mali/Library/Developer/Xcode/DerivedData/Web-fwpjudnzpysruxaxmvjywphkufup/Build/Products/Debug/PackageFrameworks -F /Users/mali/Library/Developer/Xcode/DerivedData/Web-fwpjudnzpysruxaxmvjywphkufup/Build/Products/Debug/PackageFrameworks -F /Users/mali/Library/Developer/Xcode/DerivedData/Web-fwpjudnzpysruxaxmvjywphkufup/Build/Products/Debug/PackageFrameworks -F /Users/mali/Library/Developer/Xcode/DerivedData/Web-fwpjudnzpysruxaxmvjywphkufup/Build/Products/Debug -F /Applications/Xcode.app/Contents/Developer/Platforms/MacOSX.platform/Developer/Library/Frameworks -c -j8 -enable-batch-mode -incremental -Xcc -ivfsstatcache -Xcc /Users/mali/Library/Developer/Xcode/DerivedData/SDKStatCaches.noindex/macosx26.1-25B74-3885c01c3e6b6a337905948deab2002e3ae1261907bdadc328169391a47051a6.sdkstatcache -output-file-map /Users/mali/Library/Developer/Xcode/DerivedData/Web-fwpjudnzpysruxaxmvjywphkufup/Build/Intermediates.noindex/mlx-libraries.build/Debug/MLXLLM.build/Objects-normal/arm64/MLXLLM-OutputFileMap.json -use-frontend-parseable-output -save-temps -no-color-diagnostics -explicit-module-build -module-cache-path /Users/mali/Library/Developer/Xcode/DerivedData/Web-fwpjudnzpysruxaxmvjywphkufup/Build/Intermediates.noindex/SwiftExplicitPrecompiledModules -clang-scanner-module-cache-path /Users/mali/Library/Developer/Xcode/DerivedData/ModuleCache.noindex -sdk-module-cache-path /Users/mali/Library/Developer/Xcode/DerivedData/ModuleCache.noindex -serialize-diagnostics -emit-dependencies -emit-module -emit-module-path /Users/mali/Library/Developer/Xcode/DerivedData/Web-fwpjudnzpysruxaxmvjywphkufup/Build/Intermediates.noindex/mlx-libraries.build/Debug/MLXLLM.build/Objects-normal/arm64/MLXLLM.swiftmodule -validate-clang-modules-once -clang-build-session-file /Users/mali/Library/Developer/Xcode/DerivedData/ModuleCache.noindex/Session.modulevalidation -package-name mlx_swift_examples -Xcc -I/Users/mali/Library/Developer/Xcode/DerivedData/Web-fwpjudnzpysruxaxmvjywphkufup/Build/Intermediates.noindex/mlx-libraries.build/Debug/MLXLLM.build/swift-overrides.hmap -emit-const-values -Xfrontend -const-gather-protocols-file -Xfrontend /Users/mali/Library/Developer/Xcode/DerivedData/Web-fwpjudnzpysruxaxmvjywphkufup/Build/Intermediates.noindex/mlx-libraries.build/Debug/MLXLLM.build/Objects-normal/arm64/MLXLLM_const_extract_protocols.json -Xcc -I/Users/mali/Library/Developer/Xcode/DerivedData/Web-fwpjudnzpysruxaxmvjywphkufup/SourcePackages/checkouts/swift-numerics/Sources/_NumericsShims/include -Xcc -I/Users/mali/Library/Developer/Xcode/DerivedData/Web-fwpjudnzpysruxaxmvjywphkufup/SourcePackages/checkouts/mlx-swift/Source/Cmlx/include -Xcc -I/Users/mali/Library/Developer/Xcode/DerivedData/Web-fwpjudnzpysruxaxmvjywphkufup/Build/Products/Debug/include -Xcc -I/Users/mali/Library/Developer/Xcode/DerivedData/Web-fwpjudnzpysruxaxmvjywphkufup/Build/Intermediates.noindex/mlx-libraries.build/Debug/MLXLLM.build/DerivedSources-normal/arm64 -Xcc -I/Users/mali/Library/Developer/Xcode/DerivedData/Web-fwpjudnzpysruxaxmvjywphkufup/Build/Intermediates.noindex/mlx-libraries.build/Debug/MLXLLM.build/DerivedSources/arm64 -Xcc -I/Users/mali/Library/Developer/Xcode/DerivedData/Web-fwpjudnzpysruxaxmvjywphkufup/Build/Intermediates.noindex/mlx-libraries.build/Debug/MLXLLM.build/DerivedSources -Xcc -DSWIFT_PACKAGE -Xcc -DDEBUG\=1 -emit-objc-header -emit-objc-header-path /Users/mali/Library/Developer/Xcode/DerivedData/Web-fwpjudnzpysruxaxmvjywphkufup/Build/Intermediates.noindex/mlx-libraries.build/Debug/MLXLLM.build/Objects-normal/arm64/MLXLLM-Swift.h -working-directory /Users/mali/dev/Web/Web.xcodeproj -experimental-emit-module-separately -disable-cmo

Ld /Users/mali/Library/Developer/Xcode/DerivedData/Web-fwpjudnzpysruxaxmvjywphkufup/Build/Products/Debug/MLXLMCommon.o normal (in target 'MLXLMCommon' from project 'mlx-libraries')
    cd /Users/mali/Library/Developer/Xcode/DerivedData/Web-fwpjudnzpysruxaxmvjywphkufup/SourcePackages/checkouts/mlx-swift-examples
    /Applications/Xcode.app/Contents/Developer/Toolchains/XcodeDefault.xctoolchain/usr/bin/clang -Xlinker -reproducible -target arm64-apple-macos14.0 -r -isysroot /Applications/Xcode.app/Contents/Developer/Platforms/MacOSX.platform/Developer/SDKs/MacOSX26.1.sdk -O0 -w -L/Users/mali/Library/Developer/Xcode/DerivedData/Web-fwpjudnzpysruxaxmvjywphkufup/Build/Intermediates.noindex/EagerLinkingTBDs/Debug -L/Users/mali/Library/Developer/Xcode/DerivedData/Web-fwpjudnzpysruxaxmvjywphkufup/Build/Products/Debug -L/Applications/Xcode.app/Contents/Developer/Platforms/MacOSX.platform/Developer/usr/lib -F/Users/mali/Library/Developer/Xcode/DerivedData/Web-fwpjudnzpysruxaxmvjywphkufup/Build/Intermediates.noindex/EagerLinkingTBDs/Debug -F/Users/mali/Library/Developer/Xcode/DerivedData/Web-fwpjudnzpysruxaxmvjywphkufup/Build/Products/Debug/PackageFrameworks -F/Users/mali/Library/Developer/Xcode/DerivedData/Web-fwpjudnzpysruxaxmvjywphkufup/Build/Products/Debug/PackageFrameworks -F/Users/mali/Library/Developer/Xcode/DerivedData/Web-fwpjudnzpysruxaxmvjywphkufup/Build/Products/Debug/PackageFrameworks -F/Users/mali/Library/Developer/Xcode/DerivedData/Web-fwpjudnzpysruxaxmvjywphkufup/Build/Products/Debug/PackageFrameworks -F/Users/mali/Library/Developer/Xcode/DerivedData/Web-fwpjudnzpysruxaxmvjywphkufup/Build/Products/Debug/PackageFrameworks -F/Users/mali/Library/Developer/Xcode/DerivedData/Web-fwpjudnzpysruxaxmvjywphkufup/Build/Products/Debug/PackageFrameworks -F/Users/mali/Library/Developer/Xcode/DerivedData/Web-fwpjudnzpysruxaxmvjywphkufup/Build/Products/Debug/PackageFrameworks -F/Users/mali/Library/Developer/Xcode/DerivedData/Web-fwpjudnzpysruxaxmvjywphkufup/Build/Products/Debug/PackageFrameworks -F/Users/mali/Library/Developer/Xcode/DerivedData/Web-fwpjudnzpysruxaxmvjywphkufup/Build/Products/Debug/PackageFrameworks -F/Users/mali/Library/Developer/Xcode/DerivedData/Web-fwpjudnzpysruxaxmvjywphkufup/Build/Products/Debug/PackageFrameworks -F/Users/mali/Library/Developer/Xcode/DerivedData/Web-fwpjudnzpysruxaxmvjywphkufup/Build/Products/Debug/PackageFrameworks -F/Users/mali/Library/Developer/Xcode/DerivedData/Web-fwpjudnzpysruxaxmvjywphkufup/Build/Products/Debug/PackageFrameworks -F/Users/mali/Library/Developer/Xcode/DerivedData/Web-fwpjudnzpysruxaxmvjywphkufup/Build/Products/Debug/PackageFrameworks -F/Users/mali/Library/Developer/Xcode/DerivedData/Web-fwpjudnzpysruxaxmvjywphkufup/Build/Products/Debug/PackageFrameworks -F/Users/mali/Library/Developer/Xcode/DerivedData/Web-fwpjudnzpysruxaxmvjywphkufup/Build/Products/Debug/PackageFrameworks -F/Users/mali/Library/Developer/Xcode/DerivedData/Web-fwpjudnzpysruxaxmvjywphkufup/Build/Products/Debug/PackageFrameworks -F/Users/mali/Library/Developer/Xcode/DerivedData/Web-fwpjudnzpysruxaxmvjywphkufup/Build/Products/Debug/PackageFrameworks -F/Users/mali/Library/Developer/Xcode/DerivedData/Web-fwpjudnzpysruxaxmvjywphkufup/Build/Products/Debug/PackageFrameworks -F/Users/mali/Library/Developer/Xcode/DerivedData/Web-fwpjudnzpysruxaxmvjywphkufup/Build/Products/Debug/PackageFrameworks -F/Users/mali/Library/Developer/Xcode/DerivedData/Web-fwpjudnzpysruxaxmvjywphkufup/Build/Products/Debug -iframework /Applications/Xcode.app/Contents/Developer/Platforms/MacOSX.platform/Developer/Library/Frameworks -filelist /Users/mali/Library/Developer/Xcode/DerivedData/Web-fwpjudnzpysruxaxmvjywphkufup/Build/Intermediates.noindex/mlx-libraries.build/Debug/MLXLMCommon.build/Objects-normal/arm64/MLXLMCommon.LinkFileList -nostdlib -Xlinker -object_path_lto -Xlinker /Users/mali/Library/Developer/Xcode/DerivedData/Web-fwpjudnzpysruxaxmvjywphkufup/Build/Intermediates.noindex/mlx-libraries.build/Debug/MLXLMCommon.build/Objects-normal/arm64/MLXLMCommon_lto.o -rdynamic -Xlinker -no_deduplicate -Xlinker -debug_variant -Xlinker -dependency_info -Xlinker /Users/mali/Library/Developer/Xcode/DerivedData/Web-fwpjudnzpysruxaxmvjywphkufup/Build/Intermediates.noindex/mlx-libraries.build/Debug/MLXLMCommon.build/Objects-normal/arm64/MLXLMCommon_dependency_info.dat -fobjc-link-runtime -L/Applications/Xcode.app/Contents/Developer/Toolchains/XcodeDefault.xctoolchain/usr/lib/swift/macosx -L/usr/lib/swift -Xlinker -add_ast_path -Xlinker /Users/mali/Library/Developer/Xcode/DerivedData/Web-fwpjudnzpysruxaxmvjywphkufup/Build/Intermediates.noindex/mlx-libraries.build/Debug/MLXLMCommon.build/Objects-normal/arm64/MLXLMCommon.swiftmodule @/Users/mali/Library/Developer/Xcode/DerivedData/Web-fwpjudnzpysruxaxmvjywphkufup/Build/Intermediates.noindex/mlx-libraries.build/Debug/MLXLMCommon.build/Objects-normal/arm64/MLXLMCommon-linker-args.resp -o /Users/mali/Library/Developer/Xcode/DerivedData/Web-fwpjudnzpysruxaxmvjywphkufup/Build/Products/Debug/MLXLMCommon.o

ExtractAppIntentsMetadata (in target 'MLXLMCommon' from project 'mlx-libraries')
    cd /Users/mali/Library/Developer/Xcode/DerivedData/Web-fwpjudnzpysruxaxmvjywphkufup/SourcePackages/checkouts/mlx-swift-examples
    /Applications/Xcode.app/Contents/Developer/Toolchains/XcodeDefault.xctoolchain/usr/bin/appintentsmetadataprocessor --toolchain-dir /var/run/com.apple.security.cryptexd/mnt/com.apple.MobileAsset.MetalToolchain-v17.2.54.0.910oNh/Metal.xctoolchain --module-name MLXLMCommon --sdk-root /Applications/Xcode.app/Contents/Developer/Platforms/MacOSX.platform/Developer/SDKs/MacOSX26.1.sdk --xcode-version 17B100 --platform-family macOS --deployment-target 14.0 --bundle-identifier mlx-swift-examples.MLXLMCommon --output /Users/mali/Library/Developer/Xcode/DerivedData/Web-fwpjudnzpysruxaxmvjywphkufup/Build/Products/Debug/MLXLMCommon.appintents --target-triple arm64-apple-macos14.0 --binary-file /Users/mali/Library/Developer/Xcode/DerivedData/Web-fwpjudnzpysruxaxmvjywphkufup/Build/Products/Debug/MLXLMCommon.o --dependency-file /Users/mali/Library/Developer/Xcode/DerivedData/Web-fwpjudnzpysruxaxmvjywphkufup/Build/Intermediates.noindex/mlx-libraries.build/Debug/MLXLMCommon.build/Objects-normal/arm64/MLXLMCommon_dependency_info.dat --stringsdata-file /Users/mali/Library/Developer/Xcode/DerivedData/Web-fwpjudnzpysruxaxmvjywphkufup/Build/Intermediates.noindex/mlx-libraries.build/Debug/MLXLMCommon.build/Objects-normal/arm64/ExtractedAppShortcutsMetadata.stringsdata --source-file-list /Users/mali/Library/Developer/Xcode/DerivedData/Web-fwpjudnzpysruxaxmvjywphkufup/Build/Intermediates.noindex/mlx-libraries.build/Debug/MLXLMCommon.build/Objects-normal/arm64/MLXLMCommon.SwiftFileList --metadata-file-list /Users/mali/Library/Developer/Xcode/DerivedData/Web-fwpjudnzpysruxaxmvjywphkufup/Build/Intermediates.noindex/mlx-libraries.build/Debug/MLXLMCommon.build/MLXLMCommon.DependencyMetadataFileList --static-metadata-file-list /Users/mali/Library/Developer/Xcode/DerivedData/Web-fwpjudnzpysruxaxmvjywphkufup/Build/Intermediates.noindex/mlx-libraries.build/Debug/MLXLMCommon.build/MLXLMCommon.DependencyStaticMetadataFileList --swift-const-vals-list /Users/mali/Library/Developer/Xcode/DerivedData/Web-fwpjudnzpysruxaxmvjywphkufup/Build/Intermediates.noindex/mlx-libraries.build/Debug/MLXLMCommon.build/Objects-normal/arm64/MLXLMCommon.SwiftConstValuesFileList --force --compile-time-extraction --deployment-aware-processing --validate-assistant-intents --no-app-shortcuts-localization
2026-02-01 04:53:31.242 appintentsmetadataprocessor[19948:1339770] Starting appintentsmetadataprocessor export
2026-02-01 04:53:31.489 appintentsmetadataprocessor[19948:1339770] Extracted no relevant App Intents symbols, skipping writing output

RegisterExecutionPolicyException /Users/mali/Library/Developer/Xcode/DerivedData/Web-fwpjudnzpysruxaxmvjywphkufup/Build/Products/Debug/MLXLMCommon.o (in target 'MLXLMCommon' from project 'mlx-libraries')
    cd /Users/mali/Library/Developer/Xcode/DerivedData/Web-fwpjudnzpysruxaxmvjywphkufup/SourcePackages/checkouts/mlx-swift-examples
    builtin-RegisterExecutionPolicyException /Users/mali/Library/Developer/Xcode/DerivedData/Web-fwpjudnzpysruxaxmvjywphkufup/Build/Products/Debug/MLXLMCommon.o

SwiftDriver\ Compilation\ Requirements MLXLLM normal arm64 com.apple.xcode.tools.swift.compiler (in target 'MLXLLM' from project 'mlx-libraries')
    cd /Users/mali/dev/Web/Web.xcodeproj
    builtin-Swift-Compilation-Requirements -- /Applications/Xcode.app/Contents/Developer/Toolchains/XcodeDefault.xctoolchain/usr/bin/swiftc -module-name MLXLLM -Onone -enforce-exclusivity\=checked @/Users/mali/Library/Developer/Xcode/DerivedData/Web-fwpjudnzpysruxaxmvjywphkufup/Build/Intermediates.noindex/mlx-libraries.build/Debug/MLXLLM.build/Objects-normal/arm64/MLXLLM.SwiftFileList -DSWIFT_PACKAGE -DDEBUG -DSWIFT_MODULE_RESOURCE_BUNDLE_UNAVAILABLE -DXcode -enable-experimental-feature StrictConcurrency -plugin-path /Applications/Xcode.app/Contents/Developer/Toolchains/XcodeDefault.xctoolchain/usr/lib/swift/host/plugins/testing -enable-experimental-feature DebugDescriptionMacro -sdk /Applications/Xcode.app/Contents/Developer/Platforms/MacOSX.platform/Developer/SDKs/MacOSX26.1.sdk -target arm64-apple-macos14.0 -g -module-cache-path /Users/mali/Library/Developer/Xcode/DerivedData/ModuleCache.noindex -Xfrontend -serialize-debugging-options -profile-coverage-mapping -profile-generate -enable-testing -suppress-warnings -index-store-path /Users/mali/Library/Developer/Xcode/DerivedData/Web-fwpjudnzpysruxaxmvjywphkufup/Index.noindex/DataStore -Xcc -D_LIBCPP_HARDENING_MODE\=_LIBCPP_HARDENING_MODE_DEBUG -swift-version 5 -I /Users/mali/Library/Developer/Xcode/DerivedData/Web-fwpjudnzpysruxaxmvjywphkufup/Build/Products/Debug -Isystem /Applications/Xcode.app/Contents/Developer/Platforms/MacOSX.platform/Developer/usr/lib -F /Users/mali/Library/Developer/Xcode/DerivedData/Web-fwpjudnzpysruxaxmvjywphkufup/Build/Products/Debug/PackageFrameworks -F /Users/mali/Library/Developer/Xcode/DerivedData/Web-fwpjudnzpysruxaxmvjywphkufup/Build/Products/Debug/PackageFrameworks -F /Users/mali/Library/Developer/Xcode/DerivedData/Web-fwpjudnzpysruxaxmvjywphkufup/Build/Products/Debug/PackageFrameworks -F /Users/mali/Library/Developer/Xcode/DerivedData/Web-fwpjudnzpysruxaxmvjywphkufup/Build/Products/Debug/PackageFrameworks -F /Users/mali/Library/Developer/Xcode/DerivedData/Web-fwpjudnzpysruxaxmvjywphkufup/Build/Products/Debug/PackageFrameworks -F /Users/mali/Library/Developer/Xcode/DerivedData/Web-fwpjudnzpysruxaxmvjywphkufup/Build/Products/Debug/PackageFrameworks -F /Users/mali/Library/Developer/Xcode/DerivedData/Web-fwpjudnzpysruxaxmvjywphkufup/Build/Products/Debug/PackageFrameworks -F /Users/mali/Library/Developer/Xcode/DerivedData/Web-fwpjudnzpysruxaxmvjywphkufup/Build/Products/Debug/PackageFrameworks -F /Users/mali/Library/Developer/Xcode/DerivedData/Web-fwpjudnzpysruxaxmvjywphkufup/Build/Products/Debug/PackageFrameworks -F /Users/mali/Library/Developer/Xcode/DerivedData/Web-fwpjudnzpysruxaxmvjywphkufup/Build/Products/Debug/PackageFrameworks -F /Users/mali/Library/Developer/Xcode/DerivedData/Web-fwpjudnzpysruxaxmvjywphkufup/Build/Products/Debug/PackageFrameworks -F /Users/mali/Library/Developer/Xcode/DerivedData/Web-fwpjudnzpysruxaxmvjywphkufup/Build/Products/Debug/PackageFrameworks -F /Users/mali/Library/Developer/Xcode/DerivedData/Web-fwpjudnzpysruxaxmvjywphkufup/Build/Products/Debug/PackageFrameworks -F /Users/mali/Library/Developer/Xcode/DerivedData/Web-fwpjudnzpysruxaxmvjywphkufup/Build/Products/Debug/PackageFrameworks -F /Users/mali/Library/Developer/Xcode/DerivedData/Web-fwpjudnzpysruxaxmvjywphkufup/Build/Products/Debug/PackageFrameworks -F /Users/mali/Library/Developer/Xcode/DerivedData/Web-fwpjudnzpysruxaxmvjywphkufup/Build/Products/Debug/PackageFrameworks -F /Users/mali/Library/Developer/Xcode/DerivedData/Web-fwpjudnzpysruxaxmvjywphkufup/Build/Products/Debug/PackageFrameworks -F /Users/mali/Library/Developer/Xcode/DerivedData/Web-fwpjudnzpysruxaxmvjywphkufup/Build/Products/Debug/PackageFrameworks -F /Users/mali/Library/Developer/Xcode/DerivedData/Web-fwpjudnzpysruxaxmvjywphkufup/Build/Products/Debug/PackageFrameworks -F /Users/mali/Library/Developer/Xcode/DerivedData/Web-fwpjudnzpysruxaxmvjywphkufup/Build/Products/Debug/PackageFrameworks -F /Users/mali/Library/Developer/Xcode/DerivedData/Web-fwpjudnzpysruxaxmvjywphkufup/Build/Products/Debug -F /Applications/Xcode.app/Contents/Developer/Platforms/MacOSX.platform/Developer/Library/Frameworks -c -j8 -enable-batch-mode -incremental -Xcc -ivfsstatcache -Xcc /Users/mali/Library/Developer/Xcode/DerivedData/SDKStatCaches.noindex/macosx26.1-25B74-3885c01c3e6b6a337905948deab2002e3ae1261907bdadc328169391a47051a6.sdkstatcache -output-file-map /Users/mali/Library/Developer/Xcode/DerivedData/Web-fwpjudnzpysruxaxmvjywphkufup/Build/Intermediates.noindex/mlx-libraries.build/Debug/MLXLLM.build/Objects-normal/arm64/MLXLLM-OutputFileMap.json -use-frontend-parseable-output -save-temps -no-color-diagnostics -explicit-module-build -module-cache-path /Users/mali/Library/Developer/Xcode/DerivedData/Web-fwpjudnzpysruxaxmvjywphkufup/Build/Intermediates.noindex/SwiftExplicitPrecompiledModules -clang-scanner-module-cache-path /Users/mali/Library/Developer/Xcode/DerivedData/ModuleCache.noindex -sdk-module-cache-path /Users/mali/Library/Developer/Xcode/DerivedData/ModuleCache.noindex -serialize-diagnostics -emit-dependencies -emit-module -emit-module-path /Users/mali/Library/Developer/Xcode/DerivedData/Web-fwpjudnzpysruxaxmvjywphkufup/Build/Intermediates.noindex/mlx-libraries.build/Debug/MLXLLM.build/Objects-normal/arm64/MLXLLM.swiftmodule -validate-clang-modules-once -clang-build-session-file /Users/mali/Library/Developer/Xcode/DerivedData/ModuleCache.noindex/Session.modulevalidation -package-name mlx_swift_examples -Xcc -I/Users/mali/Library/Developer/Xcode/DerivedData/Web-fwpjudnzpysruxaxmvjywphkufup/Build/Intermediates.noindex/mlx-libraries.build/Debug/MLXLLM.build/swift-overrides.hmap -emit-const-values -Xfrontend -const-gather-protocols-file -Xfrontend /Users/mali/Library/Developer/Xcode/DerivedData/Web-fwpjudnzpysruxaxmvjywphkufup/Build/Intermediates.noindex/mlx-libraries.build/Debug/MLXLLM.build/Objects-normal/arm64/MLXLLM_const_extract_protocols.json -Xcc -I/Users/mali/Library/Developer/Xcode/DerivedData/Web-fwpjudnzpysruxaxmvjywphkufup/SourcePackages/checkouts/swift-numerics/Sources/_NumericsShims/include -Xcc -I/Users/mali/Library/Developer/Xcode/DerivedData/Web-fwpjudnzpysruxaxmvjywphkufup/SourcePackages/checkouts/mlx-swift/Source/Cmlx/include -Xcc -I/Users/mali/Library/Developer/Xcode/DerivedData/Web-fwpjudnzpysruxaxmvjywphkufup/Build/Products/Debug/include -Xcc -I/Users/mali/Library/Developer/Xcode/DerivedData/Web-fwpjudnzpysruxaxmvjywphkufup/Build/Intermediates.noindex/mlx-libraries.build/Debug/MLXLLM.build/DerivedSources-normal/arm64 -Xcc -I/Users/mali/Library/Developer/Xcode/DerivedData/Web-fwpjudnzpysruxaxmvjywphkufup/Build/Intermediates.noindex/mlx-libraries.build/Debug/MLXLLM.build/DerivedSources/arm64 -Xcc -I/Users/mali/Library/Developer/Xcode/DerivedData/Web-fwpjudnzpysruxaxmvjywphkufup/Build/Intermediates.noindex/mlx-libraries.build/Debug/MLXLLM.build/DerivedSources -Xcc -DSWIFT_PACKAGE -Xcc -DDEBUG\=1 -emit-objc-header -emit-objc-header-path /Users/mali/Library/Developer/Xcode/DerivedData/Web-fwpjudnzpysruxaxmvjywphkufup/Build/Intermediates.noindex/mlx-libraries.build/Debug/MLXLLM.build/Objects-normal/arm64/MLXLLM-Swift.h -working-directory /Users/mali/dev/Web/Web.xcodeproj -experimental-emit-module-separately -disable-cmo

SwiftDriver\ Compilation MLXLLM normal arm64 com.apple.xcode.tools.swift.compiler (in target 'MLXLLM' from project 'mlx-libraries')
    cd /Users/mali/dev/Web/Web.xcodeproj
    builtin-Swift-Compilation -- /Applications/Xcode.app/Contents/Developer/Toolchains/XcodeDefault.xctoolchain/usr/bin/swiftc -module-name MLXLLM -Onone -enforce-exclusivity\=checked @/Users/mali/Library/Developer/Xcode/DerivedData/Web-fwpjudnzpysruxaxmvjywphkufup/Build/Intermediates.noindex/mlx-libraries.build/Debug/MLXLLM.build/Objects-normal/arm64/MLXLLM.SwiftFileList -DSWIFT_PACKAGE -DDEBUG -DSWIFT_MODULE_RESOURCE_BUNDLE_UNAVAILABLE -DXcode -enable-experimental-feature StrictConcurrency -plugin-path /Applications/Xcode.app/Contents/Developer/Toolchains/XcodeDefault.xctoolchain/usr/lib/swift/host/plugins/testing -enable-experimental-feature DebugDescriptionMacro -sdk /Applications/Xcode.app/Contents/Developer/Platforms/MacOSX.platform/Developer/SDKs/MacOSX26.1.sdk -target arm64-apple-macos14.0 -g -module-cache-path /Users/mali/Library/Developer/Xcode/DerivedData/ModuleCache.noindex -Xfrontend -serialize-debugging-options -profile-coverage-mapping -profile-generate -enable-testing -suppress-warnings -index-store-path /Users/mali/Library/Developer/Xcode/DerivedData/Web-fwpjudnzpysruxaxmvjywphkufup/Index.noindex/DataStore -Xcc -D_LIBCPP_HARDENING_MODE\=_LIBCPP_HARDENING_MODE_DEBUG -swift-version 5 -I /Users/mali/Library/Developer/Xcode/DerivedData/Web-fwpjudnzpysruxaxmvjywphkufup/Build/Products/Debug -Isystem /Applications/Xcode.app/Contents/Developer/Platforms/MacOSX.platform/Developer/usr/lib -F /Users/mali/Library/Developer/Xcode/DerivedData/Web-fwpjudnzpysruxaxmvjywphkufup/Build/Products/Debug/PackageFrameworks -F /Users/mali/Library/Developer/Xcode/DerivedData/Web-fwpjudnzpysruxaxmvjywphkufup/Build/Products/Debug/PackageFrameworks -F /Users/mali/Library/Developer/Xcode/DerivedData/Web-fwpjudnzpysruxaxmvjywphkufup/Build/Products/Debug/PackageFrameworks -F /Users/mali/Library/Developer/Xcode/DerivedData/Web-fwpjudnzpysruxaxmvjywphkufup/Build/Products/Debug/PackageFrameworks -F /Users/mali/Library/Developer/Xcode/DerivedData/Web-fwpjudnzpysruxaxmvjywphkufup/Build/Products/Debug/PackageFrameworks -F /Users/mali/Library/Developer/Xcode/DerivedData/Web-fwpjudnzpysruxaxmvjywphkufup/Build/Products/Debug/PackageFrameworks -F /Users/mali/Library/Developer/Xcode/DerivedData/Web-fwpjudnzpysruxaxmvjywphkufup/Build/Products/Debug/PackageFrameworks -F /Users/mali/Library/Developer/Xcode/DerivedData/Web-fwpjudnzpysruxaxmvjywphkufup/Build/Products/Debug/PackageFrameworks -F /Users/mali/Library/Developer/Xcode/DerivedData/Web-fwpjudnzpysruxaxmvjywphkufup/Build/Products/Debug/PackageFrameworks -F /Users/mali/Library/Developer/Xcode/DerivedData/Web-fwpjudnzpysruxaxmvjywphkufup/Build/Products/Debug/PackageFrameworks -F /Users/mali/Library/Developer/Xcode/DerivedData/Web-fwpjudnzpysruxaxmvjywphkufup/Build/Products/Debug/PackageFrameworks -F /Users/mali/Library/Developer/Xcode/DerivedData/Web-fwpjudnzpysruxaxmvjywphkufup/Build/Products/Debug/PackageFrameworks -F /Users/mali/Library/Developer/Xcode/DerivedData/Web-fwpjudnzpysruxaxmvjywphkufup/Build/Products/Debug/PackageFrameworks -F /Users/mali/Library/Developer/Xcode/DerivedData/Web-fwpjudnzpysruxaxmvjywphkufup/Build/Products/Debug/PackageFrameworks -F /Users/mali/Library/Developer/Xcode/DerivedData/Web-fwpjudnzpysruxaxmvjywphkufup/Build/Products/Debug/PackageFrameworks -F /Users/mali/Library/Developer/Xcode/DerivedData/Web-fwpjudnzpysruxaxmvjywphkufup/Build/Products/Debug/PackageFrameworks -F /Users/mali/Library/Developer/Xcode/DerivedData/Web-fwpjudnzpysruxaxmvjywphkufup/Build/Products/Debug/PackageFrameworks -F /Users/mali/Library/Developer/Xcode/DerivedData/Web-fwpjudnzpysruxaxmvjywphkufup/Build/Products/Debug/PackageFrameworks -F /Users/mali/Library/Developer/Xcode/DerivedData/Web-fwpjudnzpysruxaxmvjywphkufup/Build/Products/Debug/PackageFrameworks -F /Users/mali/Library/Developer/Xcode/DerivedData/Web-fwpjudnzpysruxaxmvjywphkufup/Build/Products/Debug/PackageFrameworks -F /Users/mali/Library/Developer/Xcode/DerivedData/Web-fwpjudnzpysruxaxmvjywphkufup/Build/Products/Debug -F /Applications/Xcode.app/Contents/Developer/Platforms/MacOSX.platform/Developer/Library/Frameworks -c -j8 -enable-batch-mode -incremental -Xcc -ivfsstatcache -Xcc /Users/mali/Library/Developer/Xcode/DerivedData/SDKStatCaches.noindex/macosx26.1-25B74-3885c01c3e6b6a337905948deab2002e3ae1261907bdadc328169391a47051a6.sdkstatcache -output-file-map /Users/mali/Library/Developer/Xcode/DerivedData/Web-fwpjudnzpysruxaxmvjywphkufup/Build/Intermediates.noindex/mlx-libraries.build/Debug/MLXLLM.build/Objects-normal/arm64/MLXLLM-OutputFileMap.json -use-frontend-parseable-output -save-temps -no-color-diagnostics -explicit-module-build -module-cache-path /Users/mali/Library/Developer/Xcode/DerivedData/Web-fwpjudnzpysruxaxmvjywphkufup/Build/Intermediates.noindex/SwiftExplicitPrecompiledModules -clang-scanner-module-cache-path /Users/mali/Library/Developer/Xcode/DerivedData/ModuleCache.noindex -sdk-module-cache-path /Users/mali/Library/Developer/Xcode/DerivedData/ModuleCache.noindex -serialize-diagnostics -emit-dependencies -emit-module -emit-module-path /Users/mali/Library/Developer/Xcode/DerivedData/Web-fwpjudnzpysruxaxmvjywphkufup/Build/Intermediates.noindex/mlx-libraries.build/Debug/MLXLLM.build/Objects-normal/arm64/MLXLLM.swiftmodule -validate-clang-modules-once -clang-build-session-file /Users/mali/Library/Developer/Xcode/DerivedData/ModuleCache.noindex/Session.modulevalidation -package-name mlx_swift_examples -Xcc -I/Users/mali/Library/Developer/Xcode/DerivedData/Web-fwpjudnzpysruxaxmvjywphkufup/Build/Intermediates.noindex/mlx-libraries.build/Debug/MLXLLM.build/swift-overrides.hmap -emit-const-values -Xfrontend -const-gather-protocols-file -Xfrontend /Users/mali/Library/Developer/Xcode/DerivedData/Web-fwpjudnzpysruxaxmvjywphkufup/Build/Intermediates.noindex/mlx-libraries.build/Debug/MLXLLM.build/Objects-normal/arm64/MLXLLM_const_extract_protocols.json -Xcc -I/Users/mali/Library/Developer/Xcode/DerivedData/Web-fwpjudnzpysruxaxmvjywphkufup/SourcePackages/checkouts/swift-numerics/Sources/_NumericsShims/include -Xcc -I/Users/mali/Library/Developer/Xcode/DerivedData/Web-fwpjudnzpysruxaxmvjywphkufup/SourcePackages/checkouts/mlx-swift/Source/Cmlx/include -Xcc -I/Users/mali/Library/Developer/Xcode/DerivedData/Web-fwpjudnzpysruxaxmvjywphkufup/Build/Products/Debug/include -Xcc -I/Users/mali/Library/Developer/Xcode/DerivedData/Web-fwpjudnzpysruxaxmvjywphkufup/Build/Intermediates.noindex/mlx-libraries.build/Debug/MLXLLM.build/DerivedSources-normal/arm64 -Xcc -I/Users/mali/Library/Developer/Xcode/DerivedData/Web-fwpjudnzpysruxaxmvjywphkufup/Build/Intermediates.noindex/mlx-libraries.build/Debug/MLXLLM.build/DerivedSources/arm64 -Xcc -I/Users/mali/Library/Developer/Xcode/DerivedData/Web-fwpjudnzpysruxaxmvjywphkufup/Build/Intermediates.noindex/mlx-libraries.build/Debug/MLXLLM.build/DerivedSources -Xcc -DSWIFT_PACKAGE -Xcc -DDEBUG\=1 -emit-objc-header -emit-objc-header-path /Users/mali/Library/Developer/Xcode/DerivedData/Web-fwpjudnzpysruxaxmvjywphkufup/Build/Intermediates.noindex/mlx-libraries.build/Debug/MLXLLM.build/Objects-normal/arm64/MLXLLM-Swift.h -working-directory /Users/mali/dev/Web/Web.xcodeproj -experimental-emit-module-separately -disable-cmo

SwiftMergeGeneratedHeaders /Users/mali/Library/Developer/Xcode/DerivedData/Web-fwpjudnzpysruxaxmvjywphkufup/Build/Intermediates.noindex/GeneratedModuleMaps/MLXLLM-Swift.h /Users/mali/Library/Developer/Xcode/DerivedData/Web-fwpjudnzpysruxaxmvjywphkufup/Build/Intermediates.noindex/mlx-libraries.build/Debug/MLXLLM.build/Objects-normal/arm64/MLXLLM-Swift.h (in target 'MLXLLM' from project 'mlx-libraries')
    cd /Users/mali/Library/Developer/Xcode/DerivedData/Web-fwpjudnzpysruxaxmvjywphkufup/SourcePackages/checkouts/mlx-swift-examples
    builtin-swiftHeaderTool -arch arm64 /Users/mali/Library/Developer/Xcode/DerivedData/Web-fwpjudnzpysruxaxmvjywphkufup/Build/Intermediates.noindex/mlx-libraries.build/Debug/MLXLLM.build/Objects-normal/arm64/MLXLLM-Swift.h -o /Users/mali/Library/Developer/Xcode/DerivedData/Web-fwpjudnzpysruxaxmvjywphkufup/Build/Intermediates.noindex/GeneratedModuleMaps/MLXLLM-Swift.h

ProcessProductPackaging "" /Users/mali/Library/Developer/Xcode/DerivedData/Web-fwpjudnzpysruxaxmvjywphkufup/Build/Intermediates.noindex/Web.build/Debug/Web.build/Web.app.xcent (in target 'Web' from project 'Web')
    cd /Users/mali/dev/Web
    
    Entitlements:
    
    {
    "com.apple.security.get-task-allow" = 1;
}
    
    builtin-productPackagingUtility -entitlements -format xml -o /Users/mali/Library/Developer/Xcode/DerivedData/Web-fwpjudnzpysruxaxmvjywphkufup/Build/Intermediates.noindex/Web.build/Debug/Web.build/Web.app.xcent

ProcessProductPackagingDER /Users/mali/Library/Developer/Xcode/DerivedData/Web-fwpjudnzpysruxaxmvjywphkufup/Build/Intermediates.noindex/Web.build/Debug/Web.build/Web.app.xcent /Users/mali/Library/Developer/Xcode/DerivedData/Web-fwpjudnzpysruxaxmvjywphkufup/Build/Intermediates.noindex/Web.build/Debug/Web.build/Web.app.xcent.der (in target 'Web' from project 'Web')
    cd /Users/mali/dev/Web
    /usr/bin/derq query -f xml -i /Users/mali/Library/Developer/Xcode/DerivedData/Web-fwpjudnzpysruxaxmvjywphkufup/Build/Intermediates.noindex/Web.build/Debug/Web.build/Web.app.xcent -o /Users/mali/Library/Developer/Xcode/DerivedData/Web-fwpjudnzpysruxaxmvjywphkufup/Build/Intermediates.noindex/Web.build/Debug/Web.build/Web.app.xcent.der --raw

SwiftDriver Web normal arm64 com.apple.xcode.tools.swift.compiler (in target 'Web' from project 'Web')
    cd /Users/mali/dev/Web
    builtin-SwiftDriver -- /Applications/Xcode.app/Contents/Developer/Toolchains/XcodeDefault.xctoolchain/usr/bin/swiftc -module-name Web -Onone -enforce-exclusivity\=checked @/Users/mali/Library/Developer/Xcode/DerivedData/Web-fwpjudnzpysruxaxmvjywphkufup/Build/Intermediates.noindex/Web.build/Debug/Web.build/Objects-normal/arm64/Web.SwiftFileList -DDEBUG -enable-bare-slash-regex -enable-experimental-feature DebugDescriptionMacro -sdk /Applications/Xcode.app/Contents/Developer/Platforms/MacOSX.platform/Developer/SDKs/MacOSX26.1.sdk -target arm64-apple-macos14.6 -g -module-cache-path /Users/mali/Library/Developer/Xcode/DerivedData/ModuleCache.noindex -Xfrontend -serialize-debugging-options -profile-coverage-mapping -profile-generate -enable-testing -index-store-path /Users/mali/Library/Developer/Xcode/DerivedData/Web-fwpjudnzpysruxaxmvjywphkufup/Index.noindex/DataStore -Xcc -D_LIBCPP_HARDENING_MODE\=_LIBCPP_HARDENING_MODE_DEBUG -swift-version 5 -I /Users/mali/Library/Developer/Xcode/DerivedData/Web-fwpjudnzpysruxaxmvjywphkufup/Build/Products/Debug -F /Users/mali/Library/Developer/Xcode/DerivedData/Web-fwpjudnzpysruxaxmvjywphkufup/Build/Products/Debug/PackageFrameworks -F /Users/mali/Library/Developer/Xcode/DerivedData/Web-fwpjudnzpysruxaxmvjywphkufup/Build/Products/Debug/PackageFrameworks -F /Users/mali/Library/Developer/Xcode/DerivedData/Web-fwpjudnzpysruxaxmvjywphkufup/Build/Products/Debug/PackageFrameworks -F /Users/mali/Library/Developer/Xcode/DerivedData/Web-fwpjudnzpysruxaxmvjywphkufup/Build/Products/Debug/PackageFrameworks -F /Users/mali/Library/Developer/Xcode/DerivedData/Web-fwpjudnzpysruxaxmvjywphkufup/Build/Products/Debug/PackageFrameworks -F /Users/mali/Library/Developer/Xcode/DerivedData/Web-fwpjudnzpysruxaxmvjywphkufup/Build/Products/Debug/PackageFrameworks -F /Users/mali/Library/Developer/Xcode/DerivedData/Web-fwpjudnzpysruxaxmvjywphkufup/Build/Products/Debug/PackageFrameworks -F /Users/mali/Library/Developer/Xcode/DerivedData/Web-fwpjudnzpysruxaxmvjywphkufup/Build/Products/Debug/PackageFrameworks -F /Users/mali/Library/Developer/Xcode/DerivedData/Web-fwpjudnzpysruxaxmvjywphkufup/Build/Products/Debug/PackageFrameworks -F /Users/mali/Library/Developer/Xcode/DerivedData/Web-fwpjudnzpysruxaxmvjywphkufup/Build/Products/Debug/PackageFrameworks -F /Users/mali/Library/Developer/Xcode/DerivedData/Web-fwpjudnzpysruxaxmvjywphkufup/Build/Products/Debug/PackageFrameworks -F /Users/mali/Library/Developer/Xcode/DerivedData/Web-fwpjudnzpysruxaxmvjywphkufup/Build/Products/Debug/PackageFrameworks -F /Users/mali/Library/Developer/Xcode/DerivedData/Web-fwpjudnzpysruxaxmvjywphkufup/Build/Products/Debug/PackageFrameworks -F /Users/mali/Library/Developer/Xcode/DerivedData/Web-fwpjudnzpysruxaxmvjywphkufup/Build/Products/Debug/PackageFrameworks -F /Users/mali/Library/Developer/Xcode/DerivedData/Web-fwpjudnzpysruxaxmvjywphkufup/Build/Products/Debug/PackageFrameworks -F /Users/mali/Library/Developer/Xcode/DerivedData/Web-fwpjudnzpysruxaxmvjywphkufup/Build/Products/Debug/PackageFrameworks -F /Users/mali/Library/Developer/Xcode/DerivedData/Web-fwpjudnzpysruxaxmvjywphkufup/Build/Products/Debug/PackageFrameworks -F /Users/mali/Library/Developer/Xcode/DerivedData/Web-fwpjudnzpysruxaxmvjywphkufup/Build/Products/Debug/PackageFrameworks -F /Users/mali/Library/Developer/Xcode/DerivedData/Web-fwpjudnzpysruxaxmvjywphkufup/Build/Products/Debug/PackageFrameworks -F /Users/mali/Library/Developer/Xcode/DerivedData/Web-fwpjudnzpysruxaxmvjywphkufup/Build/Products/Debug/PackageFrameworks -F /Users/mali/Library/Developer/Xcode/DerivedData/Web-fwpjudnzpysruxaxmvjywphkufup/Build/Products/Debug/PackageFrameworks -F /Users/mali/Library/Developer/Xcode/DerivedData/Web-fwpjudnzpysruxaxmvjywphkufup/Build/Products/Debug -emit-localized-strings -emit-localized-strings-path /Users/mali/Library/Developer/Xcode/DerivedData/Web-fwpjudnzpysruxaxmvjywphkufup/Build/Intermediates.noindex/Web.build/Debug/Web.build/Objects-normal/arm64 -c -j8 -enable-batch-mode -incremental -Xcc -ivfsstatcache -Xcc /Users/mali/Library/Developer/Xcode/DerivedData/SDKStatCaches.noindex/macosx26.1-25B74-3885c01c3e6b6a337905948deab2002e3ae1261907bdadc328169391a47051a6.sdkstatcache -output-file-map /Users/mali/Library/Developer/Xcode/DerivedData/Web-fwpjudnzpysruxaxmvjywphkufup/Build/Intermediates.noindex/Web.build/Debug/Web.build/Objects-normal/arm64/Web-OutputFileMap.json -use-frontend-parseable-output -save-temps -no-color-diagnostics -explicit-module-build -module-cache-path /Users/mali/Library/Developer/Xcode/DerivedData/Web-fwpjudnzpysruxaxmvjywphkufup/Build/Intermediates.noindex/SwiftExplicitPrecompiledModules -clang-scanner-module-cache-path /Users/mali/Library/Developer/Xcode/DerivedData/ModuleCache.noindex -sdk-module-cache-path /Users/mali/Library/Developer/Xcode/DerivedData/ModuleCache.noindex -serialize-diagnostics -emit-dependencies -emit-module -emit-module-path /Users/mali/Library/Developer/Xcode/DerivedData/Web-fwpjudnzpysruxaxmvjywphkufup/Build/Intermediates.noindex/Web.build/Debug/Web.build/Objects-normal/arm64/Web.swiftmodule -validate-clang-modules-once -clang-build-session-file /Users/mali/Library/Developer/Xcode/DerivedData/ModuleCache.noindex/Session.modulevalidation -Xcc -I/Users/mali/Library/Developer/Xcode/DerivedData/Web-fwpjudnzpysruxaxmvjywphkufup/Build/Intermediates.noindex/Web.build/Debug/Web.build/swift-overrides.hmap -emit-const-values -Xfrontend -const-gather-protocols-file -Xfrontend /Users/mali/Library/Developer/Xcode/DerivedData/Web-fwpjudnzpysruxaxmvjywphkufup/Build/Intermediates.noindex/Web.build/Debug/Web.build/Objects-normal/arm64/Web_const_extract_protocols.json -Xcc -iquote -Xcc /Users/mali/Library/Developer/Xcode/DerivedData/Web-fwpjudnzpysruxaxmvjywphkufup/Build/Intermediates.noindex/Web.build/Debug/Web.build/Web-generated-files.hmap -Xcc -I/Users/mali/Library/Developer/Xcode/DerivedData/Web-fwpjudnzpysruxaxmvjywphkufup/Build/Intermediates.noindex/Web.build/Debug/Web.build/Web-own-target-headers.hmap -Xcc -I/Users/mali/Library/Developer/Xcode/DerivedData/Web-fwpjudnzpysruxaxmvjywphkufup/Build/Intermediates.noindex/Web.build/Debug/Web.build/Web-all-non-framework-target-headers.hmap -Xcc -ivfsoverlay -Xcc /Users/mali/Library/Developer/Xcode/DerivedData/Web-fwpjudnzpysruxaxmvjywphkufup/Build/Intermediates.noindex/Web.build/Debug/Web-ce0b52347b7eeee77cc49c6de1a204cb-VFS/all-product-headers.yaml -Xcc -iquote -Xcc /Users/mali/Library/Developer/Xcode/DerivedData/Web-fwpjudnzpysruxaxmvjywphkufup/Build/Intermediates.noindex/Web.build/Debug/Web.build/Web-project-headers.hmap -Xcc -I/Users/mali/Library/Developer/Xcode/DerivedData/Web-fwpjudnzpysruxaxmvjywphkufup/SourcePackages/checkouts/swift-numerics/Sources/_NumericsShims/include -Xcc -I/Users/mali/Library/Developer/Xcode/DerivedData/Web-fwpjudnzpysruxaxmvjywphkufup/SourcePackages/checkouts/mlx-swift/Source/Cmlx/include -Xcc -I/Users/mali/Library/Developer/Xcode/DerivedData/Web-fwpjudnzpysruxaxmvjywphkufup/Build/Products/Debug/include -Xcc -I/Users/mali/Library/Developer/Xcode/DerivedData/Web-fwpjudnzpysruxaxmvjywphkufup/Build/Intermediates.noindex/Web.build/Debug/Web.build/DerivedSources-normal/arm64 -Xcc -I/Users/mali/Library/Developer/Xcode/DerivedData/Web-fwpjudnzpysruxaxmvjywphkufup/Build/Intermediates.noindex/Web.build/Debug/Web.build/DerivedSources/arm64 -Xcc -I/Users/mali/Library/Developer/Xcode/DerivedData/Web-fwpjudnzpysruxaxmvjywphkufup/Build/Intermediates.noindex/Web.build/Debug/Web.build/DerivedSources -Xcc -DDEBUG\=1 -emit-objc-header -emit-objc-header-path /Users/mali/Library/Developer/Xcode/DerivedData/Web-fwpjudnzpysruxaxmvjywphkufup/Build/Intermediates.noindex/Web.build/Debug/Web.build/Objects-normal/arm64/Web-Swift.h -working-directory /Users/mali/dev/Web -experimental-emit-module-separately -disable-cmo

Ld /Users/mali/Library/Developer/Xcode/DerivedData/Web-fwpjudnzpysruxaxmvjywphkufup/Build/Products/Debug/MLXLLM.o normal (in target 'MLXLLM' from project 'mlx-libraries')
    cd /Users/mali/Library/Developer/Xcode/DerivedData/Web-fwpjudnzpysruxaxmvjywphkufup/SourcePackages/checkouts/mlx-swift-examples
    /Applications/Xcode.app/Contents/Developer/Toolchains/XcodeDefault.xctoolchain/usr/bin/clang -Xlinker -reproducible -target arm64-apple-macos14.0 -r -isysroot /Applications/Xcode.app/Contents/Developer/Platforms/MacOSX.platform/Developer/SDKs/MacOSX26.1.sdk -O0 -w -L/Users/mali/Library/Developer/Xcode/DerivedData/Web-fwpjudnzpysruxaxmvjywphkufup/Build/Intermediates.noindex/EagerLinkingTBDs/Debug -L/Users/mali/Library/Developer/Xcode/DerivedData/Web-fwpjudnzpysruxaxmvjywphkufup/Build/Products/Debug -L/Applications/Xcode.app/Contents/Developer/Platforms/MacOSX.platform/Developer/usr/lib -F/Users/mali/Library/Developer/Xcode/DerivedData/Web-fwpjudnzpysruxaxmvjywphkufup/Build/Intermediates.noindex/EagerLinkingTBDs/Debug -F/Users/mali/Library/Developer/Xcode/DerivedData/Web-fwpjudnzpysruxaxmvjywphkufup/Build/Products/Debug/PackageFrameworks -F/Users/mali/Library/Developer/Xcode/DerivedData/Web-fwpjudnzpysruxaxmvjywphkufup/Build/Products/Debug/PackageFrameworks -F/Users/mali/Library/Developer/Xcode/DerivedData/Web-fwpjudnzpysruxaxmvjywphkufup/Build/Products/Debug/PackageFrameworks -F/Users/mali/Library/Developer/Xcode/DerivedData/Web-fwpjudnzpysruxaxmvjywphkufup/Build/Products/Debug/PackageFrameworks -F/Users/mali/Library/Developer/Xcode/DerivedData/Web-fwpjudnzpysruxaxmvjywphkufup/Build/Products/Debug/PackageFrameworks -F/Users/mali/Library/Developer/Xcode/DerivedData/Web-fwpjudnzpysruxaxmvjywphkufup/Build/Products/Debug/PackageFrameworks -F/Users/mali/Library/Developer/Xcode/DerivedData/Web-fwpjudnzpysruxaxmvjywphkufup/Build/Products/Debug/PackageFrameworks -F/Users/mali/Library/Developer/Xcode/DerivedData/Web-fwpjudnzpysruxaxmvjywphkufup/Build/Products/Debug/PackageFrameworks -F/Users/mali/Library/Developer/Xcode/DerivedData/Web-fwpjudnzpysruxaxmvjywphkufup/Build/Products/Debug/PackageFrameworks -F/Users/mali/Library/Developer/Xcode/DerivedData/Web-fwpjudnzpysruxaxmvjywphkufup/Build/Products/Debug/PackageFrameworks -F/Users/mali/Library/Developer/Xcode/DerivedData/Web-fwpjudnzpysruxaxmvjywphkufup/Build/Products/Debug/PackageFrameworks -F/Users/mali/Library/Developer/Xcode/DerivedData/Web-fwpjudnzpysruxaxmvjywphkufup/Build/Products/Debug/PackageFrameworks -F/Users/mali/Library/Developer/Xcode/DerivedData/Web-fwpjudnzpysruxaxmvjywphkufup/Build/Products/Debug/PackageFrameworks -F/Users/mali/Library/Developer/Xcode/DerivedData/Web-fwpjudnzpysruxaxmvjywphkufup/Build/Products/Debug/PackageFrameworks -F/Users/mali/Library/Developer/Xcode/DerivedData/Web-fwpjudnzpysruxaxmvjywphkufup/Build/Products/Debug/PackageFrameworks -F/Users/mali/Library/Developer/Xcode/DerivedData/Web-fwpjudnzpysruxaxmvjywphkufup/Build/Products/Debug/PackageFrameworks -F/Users/mali/Library/Developer/Xcode/DerivedData/Web-fwpjudnzpysruxaxmvjywphkufup/Build/Products/Debug/PackageFrameworks -F/Users/mali/Library/Developer/Xcode/DerivedData/Web-fwpjudnzpysruxaxmvjywphkufup/Build/Products/Debug/PackageFrameworks -F/Users/mali/Library/Developer/Xcode/DerivedData/Web-fwpjudnzpysruxaxmvjywphkufup/Build/Products/Debug/PackageFrameworks -F/Users/mali/Library/Developer/Xcode/DerivedData/Web-fwpjudnzpysruxaxmvjywphkufup/Build/Products/Debug/PackageFrameworks -F/Users/mali/Library/Developer/Xcode/DerivedData/Web-fwpjudnzpysruxaxmvjywphkufup/Build/Products/Debug -iframework /Applications/Xcode.app/Contents/Developer/Platforms/MacOSX.platform/Developer/Library/Frameworks -filelist /Users/mali/Library/Developer/Xcode/DerivedData/Web-fwpjudnzpysruxaxmvjywphkufup/Build/Intermediates.noindex/mlx-libraries.build/Debug/MLXLLM.build/Objects-normal/arm64/MLXLLM.LinkFileList -nostdlib -Xlinker -object_path_lto -Xlinker /Users/mali/Library/Developer/Xcode/DerivedData/Web-fwpjudnzpysruxaxmvjywphkufup/Build/Intermediates.noindex/mlx-libraries.build/Debug/MLXLLM.build/Objects-normal/arm64/MLXLLM_lto.o -rdynamic -Xlinker -no_deduplicate -Xlinker -debug_variant -Xlinker -dependency_info -Xlinker /Users/mali/Library/Developer/Xcode/DerivedData/Web-fwpjudnzpysruxaxmvjywphkufup/Build/Intermediates.noindex/mlx-libraries.build/Debug/MLXLLM.build/Objects-normal/arm64/MLXLLM_dependency_info.dat -fobjc-link-runtime -L/Applications/Xcode.app/Contents/Developer/Toolchains/XcodeDefault.xctoolchain/usr/lib/swift/macosx -L/usr/lib/swift -Xlinker -add_ast_path -Xlinker /Users/mali/Library/Developer/Xcode/DerivedData/Web-fwpjudnzpysruxaxmvjywphkufup/Build/Intermediates.noindex/mlx-libraries.build/Debug/MLXLLM.build/Objects-normal/arm64/MLXLLM.swiftmodule @/Users/mali/Library/Developer/Xcode/DerivedData/Web-fwpjudnzpysruxaxmvjywphkufup/Build/Intermediates.noindex/mlx-libraries.build/Debug/MLXLLM.build/Objects-normal/arm64/MLXLLM-linker-args.resp -o /Users/mali/Library/Developer/Xcode/DerivedData/Web-fwpjudnzpysruxaxmvjywphkufup/Build/Products/Debug/MLXLLM.o

ExtractAppIntentsMetadata (in target 'MLXLLM' from project 'mlx-libraries')
    cd /Users/mali/Library/Developer/Xcode/DerivedData/Web-fwpjudnzpysruxaxmvjywphkufup/SourcePackages/checkouts/mlx-swift-examples
    /Applications/Xcode.app/Contents/Developer/Toolchains/XcodeDefault.xctoolchain/usr/bin/appintentsmetadataprocessor --toolchain-dir /var/run/com.apple.security.cryptexd/mnt/com.apple.MobileAsset.MetalToolchain-v17.2.54.0.910oNh/Metal.xctoolchain --module-name MLXLLM --sdk-root /Applications/Xcode.app/Contents/Developer/Platforms/MacOSX.platform/Developer/SDKs/MacOSX26.1.sdk --xcode-version 17B100 --platform-family macOS --deployment-target 14.0 --bundle-identifier mlx-swift-examples.MLXLLM --output /Users/mali/Library/Developer/Xcode/DerivedData/Web-fwpjudnzpysruxaxmvjywphkufup/Build/Products/Debug/MLXLLM.appintents --target-triple arm64-apple-macos14.0 --binary-file /Users/mali/Library/Developer/Xcode/DerivedData/Web-fwpjudnzpysruxaxmvjywphkufup/Build/Products/Debug/MLXLLM.o --dependency-file /Users/mali/Library/Developer/Xcode/DerivedData/Web-fwpjudnzpysruxaxmvjywphkufup/Build/Intermediates.noindex/mlx-libraries.build/Debug/MLXLLM.build/Objects-normal/arm64/MLXLLM_dependency_info.dat --stringsdata-file /Users/mali/Library/Developer/Xcode/DerivedData/Web-fwpjudnzpysruxaxmvjywphkufup/Build/Intermediates.noindex/mlx-libraries.build/Debug/MLXLLM.build/Objects-normal/arm64/ExtractedAppShortcutsMetadata.stringsdata --source-file-list /Users/mali/Library/Developer/Xcode/DerivedData/Web-fwpjudnzpysruxaxmvjywphkufup/Build/Intermediates.noindex/mlx-libraries.build/Debug/MLXLLM.build/Objects-normal/arm64/MLXLLM.SwiftFileList --metadata-file-list /Users/mali/Library/Developer/Xcode/DerivedData/Web-fwpjudnzpysruxaxmvjywphkufup/Build/Intermediates.noindex/mlx-libraries.build/Debug/MLXLLM.build/MLXLLM.DependencyMetadataFileList --static-metadata-file-list /Users/mali/Library/Developer/Xcode/DerivedData/Web-fwpjudnzpysruxaxmvjywphkufup/Build/Intermediates.noindex/mlx-libraries.build/Debug/MLXLLM.build/MLXLLM.DependencyStaticMetadataFileList --swift-const-vals-list /Users/mali/Library/Developer/Xcode/DerivedData/Web-fwpjudnzpysruxaxmvjywphkufup/Build/Intermediates.noindex/mlx-libraries.build/Debug/MLXLLM.build/Objects-normal/arm64/MLXLLM.SwiftConstValuesFileList --force --compile-time-extraction --deployment-aware-processing --validate-assistant-intents --no-app-shortcuts-localization
2026-02-01 04:53:31.755 appintentsmetadataprocessor[19953:1339805] Starting appintentsmetadataprocessor export
2026-02-01 04:53:31.904 appintentsmetadataprocessor[19953:1339805] Extracted no relevant App Intents symbols, skipping writing output

RegisterExecutionPolicyException /Users/mali/Library/Developer/Xcode/DerivedData/Web-fwpjudnzpysruxaxmvjywphkufup/Build/Products/Debug/MLXLLM.o (in target 'MLXLLM' from project 'mlx-libraries')
    cd /Users/mali/Library/Developer/Xcode/DerivedData/Web-fwpjudnzpysruxaxmvjywphkufup/SourcePackages/checkouts/mlx-swift-examples
    builtin-RegisterExecutionPolicyException /Users/mali/Library/Developer/Xcode/DerivedData/Web-fwpjudnzpysruxaxmvjywphkufup/Build/Products/Debug/MLXLLM.o

Copy /Users/mali/Library/Developer/Xcode/DerivedData/Web-fwpjudnzpysruxaxmvjywphkufup/Build/Products/Debug/Web.app/Contents/Resources/mlx-swift_Cmlx.bundle /Users/mali/Library/Developer/Xcode/DerivedData/Web-fwpjudnzpysruxaxmvjywphkufup/Build/Products/Debug/mlx-swift_Cmlx.bundle (in target 'Web' from project 'Web')
    cd /Users/mali/dev/Web
    builtin-copy -exclude .DS_Store -exclude CVS -exclude .svn -exclude .git -exclude .hg -resolve-src-symlinks /Users/mali/Library/Developer/Xcode/DerivedData/Web-fwpjudnzpysruxaxmvjywphkufup/Build/Products/Debug/mlx-swift_Cmlx.bundle /Users/mali/Library/Developer/Xcode/DerivedData/Web-fwpjudnzpysruxaxmvjywphkufup/Build/Products/Debug/Web.app/Contents/Resources

Ld /Users/mali/Library/Developer/Xcode/DerivedData/Web-fwpjudnzpysruxaxmvjywphkufup/Build/Products/Debug/Web.app/Contents/MacOS/__preview.dylib normal (in target 'Web' from project 'Web')
    cd /Users/mali/dev/Web
    /Applications/Xcode.app/Contents/Developer/Toolchains/XcodeDefault.xctoolchain/usr/bin/clang -Xlinker -reproducible -target arm64-apple-macos14.6 -dynamiclib -isysroot /Applications/Xcode.app/Contents/Developer/Platforms/MacOSX.platform/Developer/SDKs/MacOSX26.1.sdk -O0 -L/Users/mali/Library/Developer/Xcode/DerivedData/Web-fwpjudnzpysruxaxmvjywphkufup/Build/Products/Debug -F/Users/mali/Library/Developer/Xcode/DerivedData/Web-fwpjudnzpysruxaxmvjywphkufup/Build/Products/Debug/PackageFrameworks -F/Users/mali/Library/Developer/Xcode/DerivedData/Web-fwpjudnzpysruxaxmvjywphkufup/Build/Products/Debug/PackageFrameworks -F/Users/mali/Library/Developer/Xcode/DerivedData/Web-fwpjudnzpysruxaxmvjywphkufup/Build/Products/Debug/PackageFrameworks -F/Users/mali/Library/Developer/Xcode/DerivedData/Web-fwpjudnzpysruxaxmvjywphkufup/Build/Products/Debug/PackageFrameworks -F/Users/mali/Library/Developer/Xcode/DerivedData/Web-fwpjudnzpysruxaxmvjywphkufup/Build/Products/Debug/PackageFrameworks -F/Users/mali/Library/Developer/Xcode/DerivedData/Web-fwpjudnzpysruxaxmvjywphkufup/Build/Products/Debug/PackageFrameworks -F/Users/mali/Library/Developer/Xcode/DerivedData/Web-fwpjudnzpysruxaxmvjywphkufup/Build/Products/Debug/PackageFrameworks -F/Users/mali/Library/Developer/Xcode/DerivedData/Web-fwpjudnzpysruxaxmvjywphkufup/Build/Products/Debug/PackageFrameworks -F/Users/mali/Library/Developer/Xcode/DerivedData/Web-fwpjudnzpysruxaxmvjywphkufup/Build/Products/Debug/PackageFrameworks -F/Users/mali/Library/Developer/Xcode/DerivedData/Web-fwpjudnzpysruxaxmvjywphkufup/Build/Products/Debug/PackageFrameworks -F/Users/mali/Library/Developer/Xcode/DerivedData/Web-fwpjudnzpysruxaxmvjywphkufup/Build/Products/Debug/PackageFrameworks -F/Users/mali/Library/Developer/Xcode/DerivedData/Web-fwpjudnzpysruxaxmvjywphkufup/Build/Products/Debug/PackageFrameworks -F/Users/mali/Library/Developer/Xcode/DerivedData/Web-fwpjudnzpysruxaxmvjywphkufup/Build/Products/Debug/PackageFrameworks -F/Users/mali/Library/Developer/Xcode/DerivedData/Web-fwpjudnzpysruxaxmvjywphkufup/Build/Products/Debug/PackageFrameworks -F/Users/mali/Library/Developer/Xcode/DerivedData/Web-fwpjudnzpysruxaxmvjywphkufup/Build/Products/Debug/PackageFrameworks -F/Users/mali/Library/Developer/Xcode/DerivedData/Web-fwpjudnzpysruxaxmvjywphkufup/Build/Products/Debug/PackageFrameworks -F/Users/mali/Library/Developer/Xcode/DerivedData/Web-fwpjudnzpysruxaxmvjywphkufup/Build/Products/Debug/PackageFrameworks -F/Users/mali/Library/Developer/Xcode/DerivedData/Web-fwpjudnzpysruxaxmvjywphkufup/Build/Products/Debug/PackageFrameworks -F/Users/mali/Library/Developer/Xcode/DerivedData/Web-fwpjudnzpysruxaxmvjywphkufup/Build/Products/Debug/PackageFrameworks -F/Users/mali/Library/Developer/Xcode/DerivedData/Web-fwpjudnzpysruxaxmvjywphkufup/Build/Products/Debug/PackageFrameworks -F/Users/mali/Library/Developer/Xcode/DerivedData/Web-fwpjudnzpysruxaxmvjywphkufup/Build/Products/Debug/PackageFrameworks -F/Users/mali/Library/Developer/Xcode/DerivedData/Web-fwpjudnzpysruxaxmvjywphkufup/Build/Products/Debug -install_name @rpath/Web.debug.dylib -rdynamic -Xlinker -no_deduplicate -Xlinker -debug_variant -Xlinker -dependency_info -Xlinker /Users/mali/Library/Developer/Xcode/DerivedData/Web-fwpjudnzpysruxaxmvjywphkufup/Build/Intermediates.noindex/Web.build/Debug/Web.build/Objects-normal/arm64/Web_dependency_info.dat -Xlinker -no_adhoc_codesign -o /Users/mali/Library/Developer/Xcode/DerivedData/Web-fwpjudnzpysruxaxmvjywphkufup/Build/Products/Debug/Web.app/Contents/MacOS/__preview.dylib

Copy /Users/mali/Library/Developer/Xcode/DerivedData/Web-fwpjudnzpysruxaxmvjywphkufup/Build/Products/Debug/Web.app/Contents/Resources/swift-transformers_Hub.bundle /Users/mali/Library/Developer/Xcode/DerivedData/Web-fwpjudnzpysruxaxmvjywphkufup/Build/Products/Debug/swift-transformers_Hub.bundle (in target 'Web' from project 'Web')
    cd /Users/mali/dev/Web
    builtin-copy -exclude .DS_Store -exclude CVS -exclude .svn -exclude .git -exclude .hg -resolve-src-symlinks /Users/mali/Library/Developer/Xcode/DerivedData/Web-fwpjudnzpysruxaxmvjywphkufup/Build/Products/Debug/swift-transformers_Hub.bundle /Users/mali/Library/Developer/Xcode/DerivedData/Web-fwpjudnzpysruxaxmvjywphkufup/Build/Products/Debug/Web.app/Contents/Resources

ProcessInfoPlistFile /Users/mali/Library/Developer/Xcode/DerivedData/Web-fwpjudnzpysruxaxmvjywphkufup/Build/Products/Debug/Web.app/Contents/Info.plist /Users/mali/dev/Web/Web/Info.plist (in target 'Web' from project 'Web')
    cd /Users/mali/dev/Web
    builtin-infoPlistUtility /Users/mali/dev/Web/Web/Info.plist -producttype com.apple.product-type.application -genpkginfo /Users/mali/Library/Developer/Xcode/DerivedData/Web-fwpjudnzpysruxaxmvjywphkufup/Build/Products/Debug/Web.app/Contents/PkgInfo -expandbuildsettings -platform macosx -additionalcontentfile /Users/mali/Library/Developer/Xcode/DerivedData/Web-fwpjudnzpysruxaxmvjywphkufup/Build/Intermediates.noindex/Web.build/Debug/Web.build/assetcatalog_generated_info.plist -scanforprivacyfile /Users/mali/Library/Developer/Xcode/DerivedData/Web-fwpjudnzpysruxaxmvjywphkufup/Build/Products/Debug/Web.app/Contents/Resources/mlx-swift_Cmlx.bundle -scanforprivacyfile /Users/mali/Library/Developer/Xcode/DerivedData/Web-fwpjudnzpysruxaxmvjywphkufup/Build/Products/Debug/Web.app/Contents/Resources/swift-transformers_Hub.bundle -o /Users/mali/Library/Developer/Xcode/DerivedData/Web-fwpjudnzpysruxaxmvjywphkufup/Build/Products/Debug/Web.app/Contents/Info.plist

SwiftEmitModule normal arm64 Emitting\ module\ for\ Web (in target 'Web' from project 'Web')

EmitSwiftModule normal arm64 (in target 'Web' from project 'Web')
    cd /Users/mali/dev/Web
    

SwiftCompile normal arm64 Compiling\ WebApp.swift /Users/mali/dev/Web/Web/WebApp.swift (in target 'Web' from project 'Web')

SwiftCompile normal arm64 /Users/mali/dev/Web/Web/WebApp.swift (in target 'Web' from project 'Web')
    cd /Users/mali/dev/Web
    

SwiftCompile normal arm64 Compiling\ TabDisplayView.swift /Users/mali/dev/Web/Web/Views/Components/TabDisplayView.swift (in target 'Web' from project 'Web')

SwiftCompile normal arm64 /Users/mali/dev/Web/Web/Views/Components/TabDisplayView.swift (in target 'Web' from project 'Web')
    cd /Users/mali/dev/Web
    

SwiftCompile normal arm64 Compiling\ SharedDataManager.swift /Users/mali/dev/Web/Web/Services/SharedDataManager.swift (in target 'Web' from project 'Web')
Failed frontend command:
/Applications/Xcode.app/Contents/Developer/Toolchains/XcodeDefault.xctoolchain/usr/bin/swift-frontend -frontend -c -filelist /Users/mali/Library/Developer/Xcode/DerivedData/Web-fwpjudnzpysruxaxmvjywphkufup/Build/Intermediates.noindex/Web.build/Debug/Web.build/Objects-normal/arm64/sources-1 -primary-file /Users/mali/dev/Web/Web/Services/SharedDataManager.swift -emit-dependencies-path /Users/mali/Library/Developer/Xcode/DerivedData/Web-fwpjudnzpysruxaxmvjywphkufup/Build/Intermediates.noindex/Web.build/Debug/Web.build/Objects-normal/arm64/SharedDataManager.d -emit-const-values-path /Users/mali/Library/Developer/Xcode/DerivedData/Web-fwpjudnzpysruxaxmvjywphkufup/Build/Intermediates.noindex/Web.build/Debug/Web.build/Objects-normal/arm64/SharedDataManager.swiftconstvalues -emit-reference-dependencies-path /Users/mali/Library/Developer/Xcode/DerivedData/Web-fwpjudnzpysruxaxmvjywphkufup/Build/Intermediates.noindex/Web.build/Debug/Web.build/Objects-normal/arm64/SharedDataManager.swiftdeps -serialize-diagnostics-path /Users/mali/Library/Developer/Xcode/DerivedData/Web-fwpjudnzpysruxaxmvjywphkufup/Build/Intermediates.noindex/Web.build/Debug/Web.build/Objects-normal/arm64/SharedDataManager.dia -emit-localized-strings -emit-localized-strings-path /Users/mali/Library/Developer/Xcode/DerivedData/Web-fwpjudnzpysruxaxmvjywphkufup/Build/Intermediates.noindex/Web.build/Debug/Web.build/Objects-normal/arm64 -target arm64-apple-macos14.6 -module-can-import-version AppKit 2685.20.119 2685.20.119 -module-can-import-version DeveloperToolsSupport 23.0.4 23.0.4 -module-can-import-version SwiftUI 7.1.13.1 7.1.13 -disable-cross-import-overlay-search -swift-module-cross-import AuthenticationServices /Applications/Xcode.app/Contents/Developer/Platforms/MacOSX.platform/Developer/SDKs/MacOSX.sdk/System/Cryptexes/OS/System/Library/Frameworks/AuthenticationServices.framework/Modules/AuthenticationServices.swiftcrossimport/SwiftUI.swiftoverlay -swift-module-cross-import AuthenticationServices /Applications/Xcode.app/Contents/Developer/Platforms/MacOSX.platform/Developer/SDKs/MacOSX26.1.sdk/System/Library/Frameworks/AuthenticationServices.framework/Modules/AuthenticationServices.swiftcrossimport/SwiftUI.swiftoverlay -swift-module-cross-import CoreData /Applications/Xcode.app/Contents/Developer/Platforms/MacOSX.platform/Developer/SDKs/MacOSX.sdk/System/Library/Frameworks/CoreData.framework/Modules/CoreData.swiftcrossimport/CloudKit.swiftoverlay -swift-module-cross-import CoreData /Applications/Xcode.app/Contents/Developer/Platforms/MacOSX.platform/Developer/SDKs/MacOSX26.1.sdk/System/Library/Frameworks/CoreData.framework/Modules/CoreData.swiftcrossimport/CloudKit.swiftoverlay -swift-module-cross-import LocalAuthentication /Applications/Xcode.app/Contents/Developer/Platforms/MacOSX.platform/Developer/SDKs/MacOSX.sdk/System/Library/Frameworks/LocalAuthentication.framework/Modules/LocalAuthentication.swiftcrossimport/SwiftUI.swiftoverlay -swift-module-cross-import LocalAuthentication /Applications/Xcode.app/Contents/Developer/Platforms/MacOSX.platform/Developer/SDKs/MacOSX26.1.sdk/System/Library/Frameworks/LocalAuthentication.framework/Modules/LocalAuthentication.swiftcrossimport/SwiftUI.swiftoverlay -swift-module-cross-import WebKit /Applications/Xcode.app/Contents/Developer/Platforms/MacOSX.platform/Developer/SDKs/MacOSX.sdk/System/Cryptexes/OS/System/Library/Frameworks/WebKit.framework/Modules/WebKit.swiftcrossimport/SwiftUI.swiftoverlay -swift-module-cross-import WebKit /Applications/Xcode.app/Contents/Developer/Platforms/MacOSX.platform/Developer/SDKs/MacOSX26.1.sdk/System/Library/Frameworks/WebKit.framework/Modules/WebKit.swiftcrossimport/SwiftUI.swiftoverlay -load-resolved-plugin /Applications/Xcode.app/Contents/Developer/Platforms/MacOSX.platform/Developer/usr/lib/swift/host/plugins/libFoundationMacros.dylib\#/Applications/Xcode.app/Contents/Developer/Platforms/MacOSX.platform/Developer/usr/bin/swift-plugin-server\#FoundationMacros -load-resolved-plugin /Applications/Xcode.app/Contents/Developer/Platforms/MacOSX.platform/Developer/usr/lib/swift/host/plugins/libObservationMacros.dylib\#/Applications/Xcode.app/Contents/Developer/Platforms/MacOSX.platform/Developer/usr/bin/swift-plugin-server\#ObservationMacros -load-resolved-plugin /Applications/Xcode.app/Contents/Developer/Platforms/MacOSX.platform/Developer/usr/lib/swift/host/plugins/libPreviewsMacros.dylib\#/Applications/Xcode.app/Contents/Developer/Platforms/MacOSX.platform/Developer/usr/bin/swift-plugin-server\#PreviewsMacros -load-resolved-plugin /Applications/Xcode.app/Contents/Developer/Platforms/MacOSX.platform/Developer/usr/lib/swift/host/plugins/libSwiftMacros.dylib\#/Applications/Xcode.app/Contents/Developer/Platforms/MacOSX.platform/Developer/usr/bin/swift-plugin-server\#SwiftMacros -load-resolved-plugin /Applications/Xcode.app/Contents/Developer/Platforms/MacOSX.platform/Developer/usr/lib/swift/host/plugins/libSwiftUIMacros.dylib\#/Applications/Xcode.app/Contents/Developer/Platforms/MacOSX.platform/Developer/usr/bin/swift-plugin-server\#SwiftUIMacros -disable-implicit-swift-modules -Xcc -fno-implicit-modules -Xcc -fno-implicit-module-maps -explicit-swift-module-map-file /Users/mali/Library/Developer/Xcode/DerivedData/Web-fwpjudnzpysruxaxmvjywphkufup/Build/Intermediates.noindex/Web.build/Debug/Web.build/Objects-normal/arm64/Web-dependencies-1.json -Xllvm -aarch64-use-tbi -enable-objc-interop -stack-check -sdk /Applications/Xcode.app/Contents/Developer/Platforms/MacOSX.platform/Developer/SDKs/MacOSX26.1.sdk -I /Users/mali/Library/Developer/Xcode/DerivedData/Web-fwpjudnzpysruxaxmvjywphkufup/Build/Products/Debug -F /Users/mali/Library/Developer/Xcode/DerivedData/Web-fwpjudnzpysruxaxmvjywphkufup/Build/Products/Debug/PackageFrameworks -F /Users/mali/Library/Developer/Xcode/DerivedData/Web-fwpjudnzpysruxaxmvjywphkufup/Build/Products/Debug/PackageFrameworks -F /Users/mali/Library/Developer/Xcode/DerivedData/Web-fwpjudnzpysruxaxmvjywphkufup/Build/Products/Debug/PackageFrameworks -F /Users/mali/Library/Developer/Xcode/DerivedData/Web-fwpjudnzpysruxaxmvjywphkufup/Build/Products/Debug/PackageFrameworks -F /Users/mali/Library/Developer/Xcode/DerivedData/Web-fwpjudnzpysruxaxmvjywphkufup/Build/Products/Debug/PackageFrameworks -F /Users/mali/Library/Developer/Xcode/DerivedData/Web-fwpjudnzpysruxaxmvjywphkufup/Build/Products/Debug/PackageFrameworks -F /Users/mali/Library/Developer/Xcode/DerivedData/Web-fwpjudnzpysruxaxmvjywphkufup/Build/Products/Debug/PackageFrameworks -F /Users/mali/Library/Developer/Xcode/DerivedData/Web-fwpjudnzpysruxaxmvjywphkufup/Build/Products/Debug/PackageFrameworks -F /Users/mali/Library/Developer/Xcode/DerivedData/Web-fwpjudnzpysruxaxmvjywphkufup/Build/Products/Debug/PackageFrameworks -F /Users/mali/Library/Developer/Xcode/DerivedData/Web-fwpjudnzpysruxaxmvjywphkufup/Build/Products/Debug/PackageFrameworks -F /Users/mali/Library/Developer/Xcode/DerivedData/Web-fwpjudnzpysruxaxmvjywphkufup/Build/Products/Debug/PackageFrameworks -F /Users/mali/Library/Developer/Xcode/DerivedData/Web-fwpjudnzpysruxaxmvjywphkufup/Build/Products/Debug/PackageFrameworks -F /Users/mali/Library/Developer/Xcode/DerivedData/Web-fwpjudnzpysruxaxmvjywphkufup/Build/Products/Debug/PackageFrameworks -F /Users/mali/Library/Developer/Xcode/DerivedData/Web-fwpjudnzpysruxaxmvjywphkufup/Build/Products/Debug/PackageFrameworks -F /Users/mali/Library/Developer/Xcode/DerivedData/Web-fwpjudnzpysruxaxmvjywphkufup/Build/Products/Debug/PackageFrameworks -F /Users/mali/Library/Developer/Xcode/DerivedData/Web-fwpjudnzpysruxaxmvjywphkufup/Build/Products/Debug/PackageFrameworks -F /Users/mali/Library/Developer/Xcode/DerivedData/Web-fwpjudnzpysruxaxmvjywphkufup/Build/Products/Debug/PackageFrameworks -F /Users/mali/Library/Developer/Xcode/DerivedData/Web-fwpjudnzpysruxaxmvjywphkufup/Build/Products/Debug/PackageFrameworks -F /Users/mali/Library/Developer/Xcode/DerivedData/Web-fwpjudnzpysruxaxmvjywphkufup/Build/Products/Debug/PackageFrameworks -F /Users/mali/Library/Developer/Xcode/DerivedData/Web-fwpjudnzpysruxaxmvjywphkufup/Build/Products/Debug/PackageFrameworks -F /Users/mali/Library/Developer/Xcode/DerivedData/Web-fwpjudnzpysruxaxmvjywphkufup/Build/Products/Debug/PackageFrameworks -F /Users/mali/Library/Developer/Xcode/DerivedData/Web-fwpjudnzpysruxaxmvjywphkufup/Build/Products/Debug -no-color-diagnostics -Xcc -fno-color-diagnostics -enable-testing -g -debug-info-format\=dwarf -dwarf-version\=4 -module-cache-path /Users/mali/Library/Developer/Xcode/DerivedData/Web-fwpjudnzpysruxaxmvjywphkufup/Build/Intermediates.noindex/SwiftExplicitPrecompiledModules -profile-generate -profile-coverage-mapping -swift-version 5 -enforce-exclusivity\=checked -Onone -D DEBUG -serialize-debugging-options -const-gather-protocols-file /Users/mali/Library/Developer/Xcode/DerivedData/Web-fwpjudnzpysruxaxmvjywphkufup/Build/Intermediates.noindex/Web.build/Debug/Web.build/Objects-normal/arm64/Web_const_extract_protocols.json -enable-experimental-feature DebugDescriptionMacro -enable-bare-slash-regex -empty-abi-descriptor -validate-clang-modules-once -clang-build-session-file /Users/mali/Library/Developer/Xcode/DerivedData/ModuleCache.noindex/Session.modulevalidation -Xcc -working-directory -Xcc /Users/mali/dev/Web -enable-anonymous-context-mangled-names -file-compilation-dir /Users/mali/dev/Web -Xcc -D_LIBCPP_HARDENING_MODE\=_LIBCPP_HARDENING_MODE_DEBUG -Xcc -ivfsstatcache -Xcc /Users/mali/Library/Developer/Xcode/DerivedData/SDKStatCaches.noindex/macosx26.1-25B74-3885c01c3e6b6a337905948deab2002e3ae1261907bdadc328169391a47051a6.sdkstatcache -Xcc -I/Users/mali/Library/Developer/Xcode/DerivedData/Web-fwpjudnzpysruxaxmvjywphkufup/Build/Intermediates.noindex/Web.build/Debug/Web.build/swift-overrides.hmap -Xcc -iquote -Xcc /Users/mali/Library/Developer/Xcode/DerivedData/Web-fwpjudnzpysruxaxmvjywphkufup/Build/Intermediates.noindex/Web.build/Debug/Web.build/Web-generated-files.hmap -Xcc -I/Users/mali/Library/Developer/Xcode/DerivedData/Web-fwpjudnzpysruxaxmvjywphkufup/Build/Intermediates.noindex/Web.build/Debug/Web.build/Web-own-target-headers.hmap -Xcc -I/Users/mali/Library/Developer/Xcode/DerivedData/Web-fwpjudnzpysruxaxmvjywphkufup/Build/Intermediates.noindex/Web.build/Debug/Web.build/Web-all-non-framework-target-headers.hmap -Xcc -ivfsoverlay -Xcc /Users/mali/Library/Developer/Xcode/DerivedData/Web-fwpjudnzpysruxaxmvjywphkufup/Build/Intermediates.noindex/Web.build/Debug/Web-ce0b52347b7eeee77cc49c6de1a204cb-VFS/all-product-headers.yaml -Xcc -iquote -Xcc /Users/mali/Library/Developer/Xcode/DerivedData/Web-fwpjudnzpysruxaxmvjywphkufup/Build/Intermediates.noindex/Web.build/Debug/Web.build/Web-project-headers.hmap -Xcc -I/Users/mali/Library/Developer/Xcode/DerivedData/Web-fwpjudnzpysruxaxmvjywphkufup/SourcePackages/checkouts/swift-numerics/Sources/_NumericsShims/include -Xcc -I/Users/mali/Library/Developer/Xcode/DerivedData/Web-fwpjudnzpysruxaxmvjywphkufup/SourcePackages/checkouts/mlx-swift/Source/Cmlx/include -Xcc -I/Users/mali/Library/Developer/Xcode/DerivedData/Web-fwpjudnzpysruxaxmvjywphkufup/Build/Products/Debug/include -Xcc -I/Users/mali/Library/Developer/Xcode/DerivedData/Web-fwpjudnzpysruxaxmvjywphkufup/Build/Intermediates.noindex/Web.build/Debug/Web.build/DerivedSources-normal/arm64 -Xcc -I/Users/mali/Library/Developer/Xcode/DerivedData/Web-fwpjudnzpysruxaxmvjywphkufup/Build/Intermediates.noindex/Web.build/Debug/Web.build/DerivedSources/arm64 -Xcc -I/Users/mali/Library/Developer/Xcode/DerivedData/Web-fwpjudnzpysruxaxmvjywphkufup/Build/Intermediates.noindex/Web.build/Debug/Web.build/DerivedSources -Xcc -DDEBUG\=1 -no-auto-bridging-header-chaining -module-name Web -frontend-parseable-output -disable-clang-spi -target-sdk-version 26.1 -target-sdk-name macosx26.1 -clang-target arm64-apple-macos26.1 -in-process-plugin-server-path /Applications/Xcode.app/Contents/Developer/Toolchains/XcodeDefault.xctoolchain/usr/lib/swift/host/libSwiftInProcPluginServer.dylib -o /Users/mali/Library/Developer/Xcode/DerivedData/Web-fwpjudnzpysruxaxmvjywphkufup/Build/Intermediates.noindex/Web.build/Debug/Web.build/Objects-normal/arm64/SharedDataManager.o -index-unit-output-path /Web.build/Debug/Web.build/Objects-normal/arm64/SharedDataManager.o -index-store-path /Users/mali/Library/Developer/Xcode/DerivedData/Web-fwpjudnzpysruxaxmvjywphkufup/Index.noindex/DataStore -index-system-modules

SwiftCompile normal arm64 /Users/mali/dev/Web/Web/Services/SharedDataManager.swift (in target 'Web' from project 'Web')
    cd /Users/mali/dev/Web
    
/Users/mali/dev/Web/Web/Services/SharedDataManager.swift:64:14: error: invalid redeclaration of 'AppLog'
private enum AppLog {
             ^
/Users/mali/dev/Web/Web/Utils/AppLog.swift:8:6: note: 'AppLog' previously declared here
enum AppLog {
     ^
/Users/mali/dev/Web/Web/Utils/AppLog.swift:8:6: note: 'AppLog' previously declared here
enum AppLog {
     ^

SwiftCompile normal arm64 Compiling\ SidebarTabView.swift /Users/mali/dev/Web/Web/Views/Components/SidebarTabView.swift (in target 'Web' from project 'Web')

SwiftCompile normal arm64 /Users/mali/dev/Web/Web/Views/Components/SidebarTabView.swift (in target 'Web' from project 'Web')
    cd /Users/mali/dev/Web
    

SwiftCompile normal arm64 Compiling\ CommandPalette.swift /Users/mali/dev/Web/Web/Views/Components/CommandPalette.swift (in target 'Web' from project 'Web')

SwiftCompile normal arm64 /Users/mali/dev/Web/Web/Views/Components/CommandPalette.swift (in target 'Web' from project 'Web')
    cd /Users/mali/dev/Web
    

** BUILD FAILED **


The following build commands failed:
	SwiftCompile normal arm64 Compiling\ SharedDataManager.swift /Users/mali/dev/Web/Web/Services/SharedDataManager.swift (in target 'Web' from project 'Web')
	SwiftCompile normal arm64 /Users/mali/dev/Web/Web/Services/SharedDataManager.swift (in target 'Web' from project 'Web')
	Building project Web with scheme Web and configuration Debug
(3 failures)
