2026-02-01 06:43:18.799 xcodebuild[56696:1504339] [MT] IDERunDestination: Supported platforms for the buildables in the current scheme is empty.
--- xcodebuild: WARNING: Using the first of multiple matching destinations:
{ platform:macOS, arch:arm64, id:00008103-001C05400179001E, name:My Mac }
{ platform:macOS, arch:x86_64, id:00008103-001C05400179001E, name:My Mac }
{ platform:macOS, name:Any Mac }
** BUILD FAILED **


The following build commands failed:
	CompileSwift normal arm64 (in target 'Web' from project 'Web')
	SwiftCompile normal arm64 Compiling\ AgentAuditLog.swift,\ AgentOverlayController.swift,\ AgentPermissionManager.swift,\ PageAction.swift,\ PageAgent.swift,\ SmartLocator.swift,\ ToolRegistry.swift,\ ExtractCitationsTool.swift,\ ScrapeTool.swift,\ SearchTool.swift,\ AgentTool.swift,\ AIAssistant.swift,\ AIResponse.swift,\ ConversationHistory.swift,\ ResearchOrchestrator.swift,\ ResearchPlanner.swift,\ ResearchResult.swift,\ ResearchSynthesis.swift,\ AIProvider.swift,\ AIUsageStore.swift,\ AnthropicProvider.swift,\ GeminiProvider.swift,\ OpenAIProvider.swift,\ PrivacyManager.swift,\ SecureKeyStorage.swift,\ UsageBudgetManager.swift,\ Box.swift,\ HardwareDetector.swift,\ SystemMemoryMonitor.swift,\ AgentModeTogglePill.swift,\ AgentTimeline.swift,\ AIPrivacySettings.swift,\ AISidebar.swift,\ ChatBubbleView.swift,\ LoadingDotsView.swift,\ TLDRCard.swift,\ AutofillSuggestion.swift,\ Bookmark.swift,\ BookmarkFolder.swift,\ HistoryItem.swift,\ Tab.swift,\ AdBlockService.swift,\ ApplicationStateObserver.swift,\ AuthStateManager.swift,\ AutofillService.swift,\ BackgroundResourceManager.swift,\ BookmarkService.swift,\ CertificateManager.swift,\ ContextManager.swift,\ CoreDataStack.swift,\ CSPManager.swift,\ DNSOverHTTPSService.swift,\ DownloadManager.swift,\ FileSecurityValidator.swift,\ HistoryService.swift,\ IncognitoSession.swift,\ JWTValidator.swift,\ KeyboardShortcutHandler.swift,\ MalwareScanner.swift,\ MemoryMonitor.swift,\ MixedContentManager.swift,\ NetworkConnectivityMonitor.swift,\ OAuthManager.swift,\ PasswordManager.swift,\ QuarantineManager.swift,\ RuntimeSecurityMonitor.swift,\ SafeBrowsingKeyManager.swift,\ SafeBrowsingManager.swift,\ SecurityMonitor.swift,\ SecurityMonitor+Authentication.swift,\ SharedDataManager.swift,\ TabHibernationManager.swift,\ TokenManager.swift,\ UpdateService.swift,\ URLSynchronizer.swift,\ WebKitManager.swift,\ WebKitSecurityValidator.swift,\ Notifications+Names.swift,\ AppLog.swift,\ DarkGlassDesign.swift,\ FocusCoordinator.swift,\ KeyableBorderlessWindow.swift,\ SafeNumericConversions.swift,\ WindowClipGuard.swift,\ WindowDragArea.swift,\ BookmarkViewModel.swift,\ HistoryViewModel.swift,\ TabManager.swift,\ AboutView.swift,\ BookmarkView.swift,\ CommandPalette.swift,\ CompactWindowControls.swift,\ DownloadSecurityWarningView.swift,\ FaviconView.swift,\ HoverableURLBar.swift,\ MixedContentWarningView.swift,\ NavigationControls.swift,\ NoInternetConnectionView.swift,\ PanelManager.swift,\ SafeBrowsingWarningView.swift,\ SecurityWarningView.swift,\ SharedTabComponents.swift,\ SidebarTabView.swift,\ SimpleWebView.swift,\ SmartStatusBar.swift,\ TabDisplayView.swift,\ TopBarTabView.swift,\ URLBar.swift,\ WebContentView.swift,\ WebLogo.swift,\ WebView.swift,\ WindowConfigurator.swift,\ HistoryView.swift,\ BrowserView.swift,\ NewTabView.swift,\ AIProviderSettingsView.swift,\ AuthenticationSettingsView.swift,\ CSPSecuritySettingsView.swift,\ DownloadSecuritySettingsView.swift,\ PrivacySettingsView.swift,\ SafeBrowsingSettingsView.swift,\ SecuritySettingsView.swift,\ SettingsView.swift,\ UsageBillingView.swift,\ ContentView.swift,\ WebApp.swift,\ GeneratedAssetSymbols.swift /Users/mali/dev/Web/Web/AI/Agent/AgentAuditLog.swift /Users/mali/dev/Web/Web/AI/Agent/AgentOverlayController.swift /Users/mali/dev/Web/Web/AI/Agent/AgentPermissionManager.swift /Users/mali/dev/Web/Web/AI/Agent/PageAction.swift /Users/mali/dev/Web/Web/AI/Agent/PageAgent.swift /Users/mali/dev/Web/Web/AI/Agent/SmartLocator.swift /Users/mali/dev/Web/Web/AI/Agent/ToolRegistry.swift /Users/mali/dev/Web/Web/AI/Agents/Tools/ExtractCitationsTool.swift /Users/mali/dev/Web/Web/AI/Agents/Tools/ScrapeTool.swift /Users/mali/dev/Web/Web/AI/Agents/Tools/SearchTool.swift /Users/mali/dev/Web/Web/AI/Agents/AgentTool.swift /Users/mali/dev/Web/Web/AI/Models/AIAssistant.swift /Users/mali/dev/Web/Web/AI/Models/AIResponse.swift /Users/mali/dev/Web/Web/AI/Models/ConversationHistory.swift /Users/mali/dev/Web/Web/AI/Research/ResearchOrchestrator.swift /Users/mali/dev/Web/Web/AI/Research/ResearchPlanner.swift /Users/mali/dev/Web/Web/AI/Research/ResearchResult.swift /Users/mali/dev/Web/Web/AI/Research/ResearchSynthesis.swift /Users/mali/dev/Web/Web/AI/Services/AIProvider.swift /Users/mali/dev/Web/Web/AI/Services/AIUsageStore.swift /Users/mali/dev/Web/Web/AI/Services/AnthropicProvider.swift /Users/mali/dev/Web/Web/AI/Services/GeminiProvider.swift /Users/mali/dev/Web/Web/AI/Services/OpenAIProvider.swift /Users/mali/dev/Web/Web/AI/Services/PrivacyManager.swift /Users/mali/dev/Web/Web/AI/Services/SecureKeyStorage.swift /Users/mali/dev/Web/Web/AI/Services/UsageBudgetManager.swift /Users/mali/dev/Web/Web/AI/Utils/Box.swift /Users/mali/dev/Web/Web/AI/Utils/HardwareDetector.swift /Users/mali/dev/Web/Web/AI/Utils/SystemMemoryMonitor.swift /Users/mali/dev/Web/Web/AI/Views/Components/AgentModeTogglePill.swift /Users/mali/dev/Web/Web/AI/Views/Components/AgentTimeline.swift /Users/mali/dev/Web/Web/AI/Views/AIPrivacySettings.swift /Users/mali/dev/Web/Web/AI/Views/AISidebar.swift /Users/mali/dev/Web/Web/AI/Views/ChatBubbleView.swift /Users/mali/dev/Web/Web/AI/Views/LoadingDotsView.swift /Users/mali/dev/Web/Web/AI/Views/TLDRCard.swift /Users/mali/dev/Web/Web/Models/AutofillSuggestion.swift /Users/mali/dev/Web/Web/Models/Bookmark.swift /Users/mali/dev/Web/Web/Models/BookmarkFolder.swift /Users/mali/dev/Web/Web/Models/HistoryItem.swift /Users/mali/dev/Web/Web/Models/Tab.swift /Users/mali/dev/Web/Web/Services/AdBlockService.swift /Users/mali/dev/Web/Web/Services/ApplicationStateObserver.swift /Users/mali/dev/Web/Web/Services/AuthStateManager.swift /Users/mali/dev/Web/Web/Services/AutofillService.swift /Users/mali/dev/Web/Web/Services/BackgroundResourceManager.swift /Users/mali/dev/Web/Web/Services/BookmarkService.swift /Users/mali/dev/Web/Web/Services/CertificateManager.swift /Users/mali/dev/Web/Web/Services/ContextManager.swift /Users/mali/dev/Web/Web/Services/CoreDataStack.swift /Users/mali/dev/Web/Web/Services/CSPManager.swift /Users/mali/dev/Web/Web/Services/DNSOverHTTPSService.swift /Users/mali/dev/Web/Web/Services/DownloadManager.swift /Users/mali/dev/Web/Web/Services/FileSecurityValidator.swift /Users/mali/dev/Web/Web/Services/HistoryService.swift /Users/mali/dev/Web/Web/Services/IncognitoSession.swift /Users/mali/dev/Web/Web/Services/JWTValidator.swift /Users/mali/dev/Web/Web/Services/KeyboardShortcutHandler.swift /Users/mali/dev/Web/Web/Services/MalwareScanner.swift /Users/mali/dev/Web/Web/Services/MemoryMonitor.swift /Users/mali/dev/Web/Web/Services/MixedContentManager.swift /Users/mali/dev/Web/Web/Services/NetworkConnectivityMonitor.swift /Users/mali/dev/Web/Web/Services/OAuthManager.swift /Users/mali/dev/Web/Web/Services/PasswordManager.swift /Users/mali/dev/Web/Web/Services/QuarantineManager.swift /Users/mali/dev/Web/Web/Services/RuntimeSecurityMonitor.swift /Users/mali/dev/Web/Web/Services/SafeBrowsingKeyManager.swift /Users/mali/dev/Web/Web/Services/SafeBrowsingManager.swift /Users/mali/dev/Web/Web/Services/SecurityMonitor.swift /Users/mali/dev/Web/Web/Services/SecurityMonitor+Authentication.swift /Users/mali/dev/Web/Web/Services/SharedDataManager.swift /Users/mali/dev/Web/Web/Services/TabHibernationManager.swift /Users/mali/dev/Web/Web/Services/TokenManager.swift /Users/mali/dev/Web/Web/Services/UpdateService.swift /Users/mali/dev/Web/Web/Services/URLSynchronizer.swift /Users/mali/dev/Web/Web/Services/WebKitManager.swift /Users/mali/dev/Web/Web/Services/WebKitSecurityValidator.swift /Users/mali/dev/Web/Web/Utils/Extensions/Notifications+Names.swift /Users/mali/dev/Web/Web/Utils/AppLog.swift /Users/mali/dev/Web/Web/Utils/DarkGlassDesign.swift /Users/mali/dev/Web/Web/Utils/FocusCoordinator.swift /Users/mali/dev/Web/Web/Utils/KeyableBorderlessWindow.swift /Users/mali/dev/Web/Web/Utils/SafeNumericConversions.swift /Users/mali/dev/Web/Web/Utils/WindowClipGuard.swift /Users/mali/dev/Web/Web/Utils/WindowDragArea.swift /Users/mali/dev/Web/Web/ViewModels/BookmarkViewModel.swift /Users/mali/dev/Web/Web/ViewModels/HistoryViewModel.swift /Users/mali/dev/Web/Web/ViewModels/TabManager.swift /Users/mali/dev/Web/Web/Views/About/AboutView.swift /Users/mali/dev/Web/Web/Views/Bookmarks/BookmarkView.swift /Users/mali/dev/Web/Web/Views/Components/CommandPalette.swift /Users/mali/dev/Web/Web/Views/Components/CompactWindowControls.swift /Users/mali/dev/Web/Web/Views/Components/DownloadSecurityWarningView.swift /Users/mali/dev/Web/Web/Views/Components/FaviconView.swift /Users/mali/dev/Web/Web/Views/Components/HoverableURLBar.swift /Users/mali/dev/Web/Web/Views/Components/MixedContentWarningView.swift /Users/mali/dev/Web/Web/Views/Components/NavigationControls.swift /Users/mali/dev/Web/Web/Views/Components/NoInternetConnectionView.swift /Users/mali/dev/Web/Web/Views/Components/PanelManager.swift /Users/mali/dev/Web/Web/Views/Components/SafeBrowsingWarningView.swift /Users/mali/dev/Web/Web/Views/Components/SecurityWarningView.swift /Users/mali/dev/Web/Web/Views/Components/SharedTabComponents.swift /Users/mali/dev/Web/Web/Views/Components/SidebarTabView.swift /Users/mali/dev/Web/Web/Views/Components/SimpleWebView.swift /Users/mali/dev/Web/Web/Views/Components/SmartStatusBar.swift /Users/mali/dev/Web/Web/Views/Components/TabDisplayView.swift /Users/mali/dev/Web/Web/Views/Components/TopBarTabView.swift /Users/mali/dev/Web/Web/Views/Components/URLBar.swift /Users/mali/dev/Web/Web/Views/Components/WebContentView.swift /Users/mali/dev/Web/Web/Views/Components/WebLogo.swift /Users/mali/dev/Web/Web/Views/Components/WebView.swift /Users/mali/dev/Web/Web/Views/Components/WindowConfigurator.swift /Users/mali/dev/Web/Web/Views/History/HistoryView.swift /Users/mali/dev/Web/Web/Views/MainWindow/BrowserView.swift /Users/mali/dev/Web/Web/Views/NewTab/NewTabView.swift /Users/mali/dev/Web/Web/Views/Settings/AIProviderSettingsView.swift /Users/mali/dev/Web/Web/Views/Settings/AuthenticationSettingsView.swift /Users/mali/dev/Web/Web/Views/Settings/CSPSecuritySettingsView.swift /Users/mali/dev/Web/Web/Views/Settings/DownloadSecuritySettingsView.swift /Users/mali/dev/Web/Web/Views/Settings/PrivacySettingsView.swift /Users/mali/dev/Web/Web/Views/Settings/SafeBrowsingSettingsView.swift /Users/mali/dev/Web/Web/Views/Settings/SecuritySettingsView.swift /Users/mali/dev/Web/Web/Views/Settings/SettingsView.swift /Users/mali/dev/Web/Web/Views/Settings/UsageBillingView.swift /Users/mali/dev/Web/Web/ContentView.swift /Users/mali/dev/Web/Web/WebApp.swift /Users/mali/Library/Developer/Xcode/DerivedData/Web-fwpjudnzpysruxaxmvjywphkufup/Build/Intermediates.noindex/Web.build/Release/Web.build/DerivedSources/GeneratedAssetSymbols.swift /Applications/Xcode.app/Contents/Developer/Toolchains/XcodeDefault.xctoolchain/usr/lib/swift/macosx/prebuilt-modules/26.1/Network.swiftmodule/arm64e-apple-macos.swiftmodule /Applications/Xcode.app/Contents/Developer/Toolchains/XcodeDefault.xctoolchain/usr/lib/swift/macosx/prebuilt-modules/26.1/AuthenticationServices.swiftmodule/arm64e-apple-macos.swiftmodule /Applications/Xcode.app/Contents/Developer/Toolchains/XcodeDefault.xctoolchain/usr/lib/swift/macosx/prebuilt-modules/26.1/System.swiftmodule/arm64e-apple-macos.swiftmodule /Applications/Xcode.app/Contents/Developer/Toolchains/XcodeDefault.xctoolchain/usr/lib/swift/macosx/prebuilt-modules/26.1/_Concurrency.swiftmodule/arm64e-apple-macos.swiftmodule /Applications/Xcode.app/Contents/Developer/Toolchains/XcodeDefault.xctoolchain/usr/lib/swift/macosx/prebuilt-modules/26.1/Dispatch.swiftmodule/arm64e-apple-macos.swiftmodule /Applications/Xcode.app/Contents/Developer/Toolchains/XcodeDefault.xctoolchain/usr/lib/swift/macosx/prebuilt-modules/26.1/CryptoKit.swiftmodule/arm64e-apple-macos.swiftmodule /Applications/Xcode.app/Contents/Developer/Toolchains/XcodeDefault.xctoolchain/usr/lib/swift/macosx/prebuilt-modules/26.1/simd.swiftmodule/arm64e-apple-macos.swiftmodule /Applications/Xcode.app/Contents/Developer/Toolchains/XcodeDefault.xctoolchain/usr/lib/swift/macosx/prebuilt-modules/26.1/Observation.swiftmodule/arm64e-apple-macos.swiftmodule /Applications/Xcode.app/Contents/Developer/Toolchains/XcodeDefault.xctoolchain/usr/lib/swift/macosx/prebuilt-modules/26.1/Darwin.swiftmodule/arm64e-apple-macos.swiftmodule /Applications/Xcode.app/Contents/Developer/Toolchains/XcodeDefault.xctoolchain/usr/lib/swift/macosx/prebuilt-modules/26.1/AppKit.swiftmodule/arm64e-apple-macos.swiftmodule /Applications/Xcode.app/Contents/Developer/Toolchains/XcodeDefault.xctoolchain/usr/lib/swift/macosx/prebuilt-modules/26.1/CoreText.swiftmodule/arm64e-apple-macos.swiftmodule /Applications/Xcode.app/Contents/Developer/Toolchains/XcodeDefault.xctoolchain/usr/lib/swift/macosx/prebuilt-modules/26.1/_DarwinFoundation2.swiftmodule/arm64e-apple-macos.swiftmodule /Applications/Xcode.app/Contents/Developer/Toolchains/XcodeDefault.xctoolchain/usr/lib/swift/macosx/prebuilt-modules/26.1/os.swiftmodule/arm64e-apple-macos.swiftmodule /Applications/Xcode.app/Contents/Developer/Toolchains/XcodeDefault.xctoolchain/usr/lib/swift/macosx/prebuilt-modules/26.1/Metal.swiftmodule/arm64e-apple-macos.swiftmodule /Applications/Xcode.app/Contents/Developer/Toolchains/XcodeDefault.xctoolchain/usr/lib/swift/macosx/prebuilt-modules/26.1/_Builtin_float.swiftmodule/arm64e-apple-macos.swiftmodule /Applications/Xcode.app/Contents/Developer/Toolchains/XcodeDefault.xctoolchain/usr/lib/swift/macosx/prebuilt-modules/26.1/Spatial.swiftmodule/arm64e-apple-macos.swiftmodule /Applications/Xcode.app/Contents/Developer/Toolchains/XcodeDefault.xctoolchain/usr/lib/swift/macosx/prebuilt-modules/26.1/CoreGraphics.swiftmodule/arm64e-apple-macos.swiftmodule /Applications/Xcode.app/Contents/Developer/Toolchains/XcodeDefault.xctoolchain/usr/lib/swift/macosx/prebuilt-modules/26.1/LocalAuthentication.swiftmodule/arm64e-apple-macos.swiftmodule /Applications/Xcode.app/Contents/Developer/Toolchains/XcodeDefault.xctoolchain/usr/lib/swift/macosx/prebuilt-modules/26.1/CoreImage.swiftmodule/arm64e-apple-macos.swiftmodule /Applications/Xcode.app/Contents/Developer/Toolchains/XcodeDefault.xctoolchain/usr/lib/swift/macosx/prebuilt-modules/26.1/CoreData.swiftmodule/arm64e-apple-macos.swiftmodule /Applications/Xcode.app/Contents/Developer/Toolchains/XcodeDefault.xctoolchain/usr/lib/swift/macosx/prebuilt-modules/26.1/Symbols.swiftmodule/arm64e-apple-macos.swiftmodule /Applications/Xcode.app/Contents/Developer/Toolchains/XcodeDefault.xctoolchain/usr/lib/swift/macosx/prebuilt-modules/26.1/_WebKit_SwiftUI.swiftmodule/arm64e-apple-macos.swiftmodule /Applications/Xcode.app/Contents/Developer/Toolchains/XcodeDefault.xctoolchain/usr/lib/swift/macosx/prebuilt-modules/26.1/DataDetection.swiftmodule/arm64e-apple-macos.swiftmodule /Applications/Xcode.app/Contents/Developer/Toolchains/XcodeDefault.xctoolchain/usr/lib/swift/macosx/prebuilt-modules/26.1/QuartzCore.swiftmodule/arm64e-apple-macos.swiftmodule /Applications/Xcode.app/Contents/Developer/Toolchains/XcodeDefault.xctoolchain/usr/lib/swift/macosx/prebuilt-modules/26.1/SwiftUI.swiftmodule/arm64e-apple-macos.swiftmodule /Applications/Xcode.app/Contents/Developer/Toolchains/XcodeDefault.xctoolchain/usr/lib/swift/macosx/prebuilt-modules/26.1/_StringProcessing.swiftmodule/arm64e-apple-macos.swiftmodule /Applications/Xcode.app/Contents/Developer/Toolchains/XcodeDefault.xctoolchain/usr/lib/swift/macosx/prebuilt-modules/26.1/Swift.swiftmodule/arm64e-apple-macos.swiftmodule /Applications/Xcode.app/Contents/Developer/Toolchains/XcodeDefault.xctoolchain/usr/lib/swift/macosx/prebuilt-modules/26.1/CoreVideo.swiftmodule/arm64e-apple-macos.swiftmodule /Applications/Xcode.app/Contents/Developer/Toolchains/XcodeDefault.xctoolchain/usr/lib/swift/macosx/prebuilt-modules/26.1/CoreTransferable.swiftmodule/arm64e-apple-macos.swiftmodule /Applications/Xcode.app/Contents/Developer/Toolchains/XcodeDefault.xctoolchain/usr/lib/swift/macosx/prebuilt-modules/26.1/XPC.swiftmodule/arm64e-apple-macos.swiftmodule /Applications/Xcode.app/Contents/Developer/Toolchains/XcodeDefault.xctoolchain/usr/lib/swift/macosx/prebuilt-modules/26.1/IOKit.swiftmodule/arm64e-apple-macos.swiftmodule /Applications/Xcode.app/Contents/Developer/Toolchains/XcodeDefault.xctoolchain/usr/lib/swift/macosx/prebuilt-modules/26.1/_DarwinFoundation1.swiftmodule/arm64e-apple-macos.swiftmodule /Applications/Xcode.app/Contents/Developer/Toolchains/XcodeDefault.xctoolchain/usr/lib/swift/macosx/prebuilt-modules/26.1/Accessibility.swiftmodule/arm64e-apple-macos.swiftmodule /Applications/Xcode.app/Contents/Developer/Toolchains/XcodeDefault.xctoolchain/usr/lib/swift/macosx/prebuilt-modules/26.1/UniformTypeIdentifiers.swiftmodule/arm64e-apple-macos.swiftmodule /Applications/Xcode.app/Contents/Developer/Toolchains/XcodeDefault.xctoolchain/usr/lib/swift/macosx/prebuilt-modules/26.1/_DarwinFoundation3.swiftmodule/arm64e-apple-macos.swiftmodule /Applications/Xcode.app/Contents/Developer/Toolchains/XcodeDefault.xctoolchain/usr/lib/swift/macosx/prebuilt-modules/26.1/OSLog.swiftmodule/arm64e-apple-macos.swiftmodule /Applications/Xcode.app/Contents/Developer/Toolchains/XcodeDefault.xctoolchain/usr/lib/swift/macosx/prebuilt-modules/26.1/Foundation.swiftmodule/arm64e-apple-macos.swiftmodule /Applications/Xcode.app/Contents/Developer/Toolchains/XcodeDefault.xctoolchain/usr/lib/swift/macosx/prebuilt-modules/26.1/DeveloperToolsSupport.swiftmodule/arm64e-apple-macos.swiftmodule /Applications/Xcode.app/Contents/Developer/Toolchains/XcodeDefault.xctoolchain/usr/lib/swift/macosx/prebuilt-modules/26.1/CoreFoundation.swiftmodule/arm64e-apple-macos.swiftmodule /Applications/Xcode.app/Contents/Developer/Toolchains/XcodeDefault.xctoolchain/usr/lib/swift/macosx/prebuilt-modules/26.1/ObjectiveC.swiftmodule/arm64e-apple-macos.swiftmodule /Applications/Xcode.app/Contents/Developer/Toolchains/XcodeDefault.xctoolchain/usr/lib/swift/macosx/prebuilt-modules/26.1/Combine.swiftmodule/arm64e-apple-macos.swiftmodule /Applications/Xcode.app/Contents/Developer/Toolchains/XcodeDefault.xctoolchain/usr/lib/swift/macosx/prebuilt-modules/26.1/Distributed.swiftmodule/arm64e-apple-macos.swiftmodule /Applications/Xcode.app/Contents/Developer/Toolchains/XcodeDefault.xctoolchain/usr/lib/swift/macosx/prebuilt-modules/26.1/WebKit.swiftmodule/arm64e-apple-macos.swiftmodule /Applications/Xcode.app/Contents/Developer/Toolchains/XcodeDefault.xctoolchain/usr/lib/swift/macosx/prebuilt-modules/26.1/SwiftUICore.swiftmodule/arm64e-apple-macos.swiftmodule /Users/mali/Library/Developer/Xcode/DerivedData/ModuleCache.noindex/CoreVideo-14EOGM8IONA2IZS0LIV8YMT39.pcm /Users/mali/Library/Developer/Xcode/DerivedData/ModuleCache.noindex/Spatial-9OT4HVWG74TRCUAVL0IZMRD74.pcm /Users/mali/Library/Developer/Xcode/DerivedData/ModuleCache.noindex/AppKit-DTNNXMY62BCX0S66BNRONKL6M.pcm /Users/mali/Library/Developer/Xcode/DerivedData/ModuleCache.noindex/ApplicationServices-8F2SFMNQXOULYQIYXKQ8LBXJO.pcm /Users/mali/Library/Developer/Xcode/DerivedData/ModuleCache.noindex/MachO-2L3U5CU95DO1B45ID9MM07YU9.pcm /Users/mali/Library/Developer/Xcode/DerivedData/ModuleCache.noindex/_Builtin_tgmath-UZ7N4CXEXM9LNGV7BW7DAEGP.pcm /Users/mali/Library/Developer/Xcode/DerivedData/ModuleCache.noindex/Darwin-2YV4HBIODSW7OFU7IWTU8CH15.pcm /Users/mali/Library/Developer/Xcode/DerivedData/ModuleCache.noindex/CUPS-2T26R7W98UMS2WA7GVCAKT9TG.pcm /Users/mali/Library/Developer/Xcode/DerivedData/ModuleCache.noindex/AuthenticationServices-46KD74FZW9PPVERKH51D6L0Z2.pcm /Users/mali/Library/Developer/Xcode/DerivedData/ModuleCache.noindex/SwiftShims-8TZ4CJQ3PH165852HITLDKO0.pcm /Users/mali/Library/Developer/Xcode/DerivedData/ModuleCache.noindex/_Builtin_limits-8238QRMLVWJPHK6DPZ7ZXZ13L.pcm /Users/mali/Library/Developer/Xcode/DerivedData/ModuleCache.noindex/Symbols-3VLGG0XVH82IY3O0G782L4N5V.pcm /Users/mali/Library/Developer/Xcode/DerivedData/ModuleCache.noindex/_Builtin_stdbool-9SODKPS8QHT9O0BXMS4HCW619.pcm /Users/mali/Library/Developer/Xcode/DerivedData/ModuleCache.noindex/OSLog-5Z27LEHQ3U200FYY3QZP7S20N.pcm /Users/mali/Library/Developer/Xcode/DerivedData/ModuleCache.noindex/DiskArbitration-2JXBVB76YA1HSX9DP70M9W96L.pcm /Users/mali/Library/Developer/Xcode/DerivedData/ModuleCache.noindex/UserNotifications-CDBH5CTL1G2F2YMH44QY2VMI.pcm /Users/mali/Library/Developer/Xcode/DerivedData/ModuleCache.noindex/Foundation-5US00ZPIGBF9VTK2J10RGBLBK.pcm /Users/mali/Library/Developer/Xcode/DerivedData/ModuleCache.noindex/Metal-7K0BO6J9ABSNBNJW7GCQFTNGU.pcm /Users/mali/Library/Developer/Xcode/DerivedData/ModuleCache.noindex/ImageIO-9XIKGNXC5FGHGE5ZE1TUUZAS7.pcm /Users/mali/Library/Developer/Xcode/DerivedData/ModuleCache.noindex/ColorSync-YC334C6DLO2DGMV4WYS60H9V.pcm /Users/mali/Library/Developer/Xcode/DerivedData/ModuleCache.noindex/CommonCrypto-AF69F750FLNSQ4H5LIY9FQ6MJ.pcm /Users/mali/Library/Developer/Xcode/DerivedData/ModuleCache.noindex/_Builtin_float-6FQACR6ZHT2SQ5XQZP07IMK11.pcm /Users/mali/Library/Developer/Xcode/DerivedData/ModuleCache.noindex/Network-8J7O63ZGXCLFM6JE9E3N2TR3M.pcm /Users/mali/Library/Developer/Xcode/DerivedData/ModuleCache.noindex/WebKit-4YQJ5WV6TM765GLQ30OPIOD6R.pcm /Users/mali/Library/Developer/Xcode/DerivedData/ModuleCache.noindex/LocalAuthentication-7R69TG2P4OJOA4CT8PMDAZT46.pcm /Users/mali/Library/Developer/Xcode/DerivedData/ModuleCache.noindex/Dispatch-F5808H1CWUGN5F3QTF2KZCEB6.pcm /Users/mali/Library/Developer/Xcode/DerivedData/ModuleCache.noindex/_Builtin_inttypes-46A1WAYWNV3M6MXYFT5Y6X32B.pcm /Users/mali/Library/Developer/Xcode/DerivedData/ModuleCache.noindex/_Builtin_intrinsics-5HVEH4LLXPJHHW9XK0TPFX5TT.pcm /Users/mali/Library/Developer/Xcode/DerivedData/ModuleCache.noindex/CoreFoundation-BBAJOENHLLYNNWSQIJHBFDEAA.pcm /Users/mali/Library/Developer/Xcode/DerivedData/ModuleCache.noindex/CoreServices-10CNDPJJ0NKGSTD6EBR3C8MLR.pcm /Users/mali/Library/Developer/Xcode/DerivedData/ModuleCache.noindex/_Builtin_stdarg-3A8U57Z0E05N708I11TF2XFRW.pcm /Users/mali/Library/Developer/Xcode/DerivedData/ModuleCache.noindex/dnssd-AFX0ST9Z1VE1LNYIC9XN36GO4.pcm /Users/mali/Library/Developer/Xcode/DerivedData/ModuleCache.noindex/QuartzCore-3JNMFJ28SXIUM2ECHRS19JFZ0.pcm /Users/mali/Library/Developer/Xcode/DerivedData/ModuleCache.noindex/CoreImage-791QKVECC59VHO80RJ22EH68M.pcm /Users/mali/Library/Developer/Xcode/DerivedData/ModuleCache.noindex/DataDetection-AZUNOYEBR76X240RVPL3YB9AU.pcm /Users/mali/Library/Developer/Xcode/DerivedData/ModuleCache.noindex/_Builtin_stdatomic-DAKHEMX7ND46BF8XVFQMAOVU7.pcm /Users/mali/Library/Developer/Xcode/DerivedData/ModuleCache.noindex/Accessibility-QXPEN0MYWFLWBXMFLUGKECLC.pcm /Users/mali/Library/Developer/Xcode/DerivedData/ModuleCache.noindex/os_object-CYZ6S9AG1YWJUGZ9VMDY4KCUV.pcm /Users/mali/Library/Developer/Xcode/DerivedData/ModuleCache.noindex/UniformTypeIdentifiers-86PQ3GK5X389RVZ7VWV66XB6S.pcm /Users/mali/Library/Developer/Xcode/DerivedData/ModuleCache.noindex/IOKit-A37RWCK3M7RDNXEVIKR52LDG8.pcm /Users/mali/Library/Developer/Xcode/DerivedData/ModuleCache.noindex/simd-8UUREVM8PYSVN9V1AC72CHFDT.pcm /Users/mali/Library/Developer/Xcode/DerivedData/ModuleCache.noindex/SwiftUICore-AI6TO699GGQ840CZ5U7Z3WWJ7.pcm /Users/mali/Library/Developer/Xcode/DerivedData/ModuleCache.noindex/_DarwinFoundation2-4MLLGDG3X97U94EYF9FSDRU1W.pcm /Users/mali/Library/Developer/Xcode/DerivedData/ModuleCache.noindex/os-4I0QIWSIOT86NMXW9V5DAMGGP.pcm /Users/mali/Library/Developer/Xcode/DerivedData/ModuleCache.noindex/CoreGraphics-E4EPNTJNSCYQ66TRL1DDOZUHL.pcm /Users/mali/Library/Developer/Xcode/DerivedData/ModuleCache.noindex/Security-15P143RN98Y9WF9DGINI4USZX.pcm /Users/mali/Library/Developer/Xcode/DerivedData/ModuleCache.noindex/OpenGL-1C6ES4ERM0M2SOP1393KANYPM.pcm /Users/mali/Library/Developer/Xcode/DerivedData/ModuleCache.noindex/os_workgroup-6DIG1YB5E8PUZ5D97DZTQK5VJ.pcm /Users/mali/Library/Developer/Xcode/DerivedData/ModuleCache.noindex/libDER-AEPG88WBXE6VGY6Z5O1HN4HZN.pcm /Users/mali/Library/Developer/Xcode/DerivedData/ModuleCache.noindex/sys_types-LWGTSC10WGOEYUOSS25WSUEI.pcm /Users/mali/Library/Developer/Xcode/DerivedData/ModuleCache.noindex/JavaScriptCore-50JBKF63FGRL5WFHC0WB3S80T.pcm /Users/mali/Library/Developer/Xcode/DerivedData/ModuleCache.noindex/ObjectiveC-8DF9QR3HN5IBKEK3HD640A7O4.pcm /Users/mali/Library/Developer/Xcode/DerivedData/ModuleCache.noindex/libkern-59ZB7YE6H0RS6FR7FIOOR406O.pcm /Users/mali/Library/Developer/Xcode/DerivedData/ModuleCache.noindex/CoreTransferable-2UXYVK5JYAZBA9WTBFI7TSYK5.pcm /Users/mali/Library/Developer/Xcode/DerivedData/ModuleCache.noindex/CFNetwork-DFUXJ0AFPHOE84J1ZYGWAXM4M.pcm /Users/mali/Library/Developer/Xcode/DerivedData/ModuleCache.noindex/CoreData-8OP1AH97JZNOD2LFZHJUFNSDV.pcm /Users/mali/Library/Developer/Xcode/DerivedData/ModuleCache.noindex/_SwiftConcurrencyShims-7V849NCCUVZERW2N08LL5FX2V.pcm /Users/mali/Library/Developer/Xcode/DerivedData/ModuleCache.noindex/_AvailabilityInternal-5U6WV5817BL5JRLNX5HWQA3L6.pcm /Users/mali/Library/Developer/Xcode/DerivedData/ModuleCache.noindex/XPC-6IJMZDD7RF5HUTC4J4WNNC9YY.pcm /Users/mali/Library/Developer/Xcode/DerivedData/ModuleCache.noindex/_DarwinFoundation3-5TK4A44GQSR93DB9ILE2M07A9.pcm /Users/mali/Library/Developer/Xcode/DerivedData/ModuleCache.noindex/ptrauth-7P74P735I5B30H9KE145G6PAU.pcm /Users/mali/Library/Developer/Xcode/DerivedData/ModuleCache.noindex/DeveloperToolsSupport-74B9B3FBGXORHAGDR7NUEEJDG.pcm /Users/mali/Library/Developer/Xcode/DerivedData/ModuleCache.noindex/_Builtin_stdint-257W2CYFKB2SX29D6CGMQN8JF.pcm /Users/mali/Library/Developer/Xcode/DerivedData/ModuleCache.noindex/CoreText-19L0SRVQ5FI46K4P04TDEUDJD.pcm /Users/mali/Library/Developer/Xcode/DerivedData/ModuleCache.noindex/IOSurface-E01O1LIV2ZBXZ5V6OGTH6YQJY.pcm /Users/mali/Library/Developer/Xcode/DerivedData/ModuleCache.noindex/_Builtin_stddef-EZV27T1QY4H1GS9STKRP91R62.pcm /Users/mali/Library/Developer/Xcode/DerivedData/ModuleCache.noindex/ptrcheck-40Y11KSKE6CGZTROWUQ9QIOOI.pcm /Users/mali/Library/Developer/Xcode/DerivedData/ModuleCache.noindex/SwiftUI-YAD67PKQR81G51J1HFG3MLS6.pcm /Users/mali/Library/Developer/Xcode/DerivedData/ModuleCache.noindex/launch-WCSY7KC4LH0AWRP1RO7HV9LY.pcm /Users/mali/Library/Developer/Xcode/DerivedData/ModuleCache.noindex/_DarwinFoundation1-3QOSYDE0TTX0XJXYVHTYBC5J3.pcm /Users/mali/Library/Developer/Xcode/DerivedData/Web-fwpjudnzpysruxaxmvjywphkufup/Build/Intermediates.noindex/Web.build/Release/Web.build/Objects-normal/arm64/Web-dependencies-1.json (in target 'Web' from project 'Web')
	Building project Web with scheme Web and configuration Release
(3 failures)
